Java HotSpot(TM) 64-Bit Server VM (25.172-b11) for windows-amd64 JRE (1.8.0_172-b11), built on Mar 28 2018 21:21:52 by "java_re" with MS VC++ 10.0 (VS2010)
Memory: 4k page, physical 12495180k(4317924k free), swap 26126668k(7147520k free)
CommandLine flags: -XX:+HeapDumpOnOutOfMemoryError -XX:HeapDumpPath=./ -XX:InitialHeapSize=10485760 -XX:MaxHeapSize=10485760 -XX:MaxNewSize=3497984 -XX:MaxTenuringThreshold=6 -XX:NewSize=3497984 -XX:OldPLABSize=16 -XX:OldSize=6987776 -XX:+PrintGC -XX:+PrintGCDetails -XX:+PrintGCTimeStamps -XX:+UseCompressedClassPointers -XX:+UseCompressedOops -XX:+UseConcMarkSweepGC -XX:-UseLargePagesIndividualAllocation -XX:+UseParNewGC 
0.518: [GC (Allocation Failure) 0.519: [ParNew: 2752K->318K(3072K), 0.0035951 secs] 2752K->1004K(9920K), 0.0046419 secs] [Times: user=0.00 sys=0.00, real=0.00 secs] 
3.162: [GC (Allocation Failure) 3.162: [ParNew: 3070K->320K(3072K), 0.0024941 secs] 3756K->1365K(9920K), 0.0025907 secs] [Times: user=0.00 sys=0.00, real=0.00 secs] 
3.330: [GC (Allocation Failure) 3.330: [ParNew: 3072K->320K(3072K), 0.0015221 secs] 4117K->1557K(9920K), 0.0016238 secs] [Times: user=0.00 sys=0.00, real=0.00 secs] 
3.455: [GC (Allocation Failure) 3.455: [ParNew: 3072K->320K(3072K), 0.0016825 secs] 4309K->1801K(9920K), 0.0017716 secs] [Times: user=0.00 sys=0.00, real=0.00 secs] 
3.588: [GC (Allocation Failure) 3.588: [ParNew: 3072K->320K(3072K), 0.0017157 secs] 4553K->2080K(9920K), 0.0018005 secs] [Times: user=0.00 sys=0.00, real=0.00 secs] 
3.803: [GC (Allocation Failure) 3.803: [ParNew: 3072K->280K(3072K), 0.0018447 secs] 4832K->2428K(9920K), 0.0019454 secs] [Times: user=0.00 sys=0.00, real=0.00 secs] 
3.980: [GC (Allocation Failure) 3.980: [ParNew: 3032K->318K(3072K), 0.0042744 secs] 5180K->2955K(9920K), 0.0043621 secs] [Times: user=0.03 sys=0.00, real=0.00 secs] 
4.314: [GC (Allocation Failure) 4.314: [ParNew: 3070K->184K(3072K), 0.0015871 secs] 5707K->3099K(9920K), 0.0016758 secs] [Times: user=0.00 sys=0.00, real=0.00 secs] 
4.579: [GC (Allocation Failure) 4.580: [ParNew: 2936K->174K(3072K), 0.0025086 secs] 5851K->3763K(9920K), 0.0026030 secs] [Times: user=0.00 sys=0.00, real=0.00 secs] 
4.582: [GC (CMS Initial Mark) [1 CMS-initial-mark: 3589K(6848K)] 3818K(9920K), 0.0002492 secs] [Times: user=0.00 sys=0.00, real=0.00 secs] 
4.583: [CMS-concurrent-mark-start]
4.588: [CMS-concurrent-mark: 0.006/0.006 secs] [Times: user=0.00 sys=0.00, real=0.01 secs] 
4.589: [CMS-concurrent-preclean-start]
4.589: [CMS-concurrent-preclean: 0.000/0.000 secs] [Times: user=0.00 sys=0.00, real=0.00 secs] 
4.590: [GC (CMS Final Remark) [YG occupancy: 338 K (3072 K)]4.590: [Rescan (parallel) , 0.0005630 secs]4.590: [weak refs processing, 0.0001519 secs]4.591: [class unloading, 0.0005780 secs]4.591: [scrub symbol table, 0.0011232 secs]4.592: [scrub string table, 0.0002595 secs][1 CMS-remark: 3589K(6848K)] 3928K(9920K), 0.0028966 secs] [Times: user=0.02 sys=0.00, real=0.00 secs] 
4.594: [CMS-concurrent-sweep-start]
4.597: [CMS-concurrent-sweep: 0.002/0.002 secs] [Times: user=0.00 sys=0.00, real=0.00 secs] 
4.597: [CMS-concurrent-reset-start]
4.597: [CMS-concurrent-reset: 0.000/0.000 secs] [Times: user=0.00 sys=0.00, real=0.00 secs] 
4.929: [GC (Allocation Failure) 4.929: [ParNew: 2926K->320K(3072K), 0.0039493 secs] 6007K->3401K(9920K), 0.0040483 secs] [Times: user=0.00 sys=0.00, real=0.00 secs] 
5.196: [GC (Allocation Failure) 5.196: [ParNew: 3072K->274K(3072K), 0.0061421 secs] 6153K->3832K(9920K), 0.0062244 secs] [Times: user=0.05 sys=0.00, real=0.01 secs] 
5.424: [GC (Allocation Failure) 5.424: [ParNew: 2420K->148K(3072K), 0.0039054 secs] 5978K->3963K(9920K), 0.0039956 secs] [Times: user=0.00 sys=0.00, real=0.00 secs] 
5.770: [GC (Allocation Failure) 5.770: [ParNew: 2900K->320K(3072K), 0.0031911 secs] 6715K->4761K(9920K), 0.0032730 secs] [Times: user=0.00 sys=0.00, real=0.00 secs] 
5.884: [GC (Allocation Failure) 5.884: [ParNew: 3072K->320K(3072K), 0.0053045 secs] 7513K->5022K(9920K), 0.0053856 secs] [Times: user=0.03 sys=0.00, real=0.01 secs] 
6.079: [GC (Allocation Failure) 6.079: [ParNew: 3072K->318K(3072K), 0.0050567 secs] 7774K->5227K(9920K), 0.0051880 secs] [Times: user=0.00 sys=0.00, real=0.00 secs] 
6.231: [GC (Allocation Failure) 6.231: [ParNew: 3070K->213K(3072K), 0.0053703 secs] 7979K->5565K(9920K), 0.0054652 secs] [Times: user=0.05 sys=0.00, real=0.01 secs] 
6.469: [GC (Allocation Failure) 6.469: [ParNew: 2965K->250K(3072K), 0.0053112 secs] 8317K->5860K(9920K), 0.0054129 secs] [Times: user=0.00 sys=0.00, real=0.01 secs] 
6.579: [GC (Allocation Failure) 6.579: [ParNew (promotion failed): 3002K->2975K(3072K), 0.0035237 secs]6.582: [CMS: 5609K->5729K(6848K), 0.0264835 secs] 8612K->5729K(9920K), [Metaspace: 4016K->4016K(1056768K)], 0.0305134 secs] [Times: user=0.03 sys=0.00, real=0.03 secs] 
7.011: [GC (Allocation Failure) 7.011: [ParNew: 2752K->196K(3072K), 0.0022721 secs] 8481K->5925K(9920K), 0.0023570 secs] [Times: user=0.00 sys=0.00, real=0.00 secs] 
7.407: [GC (Allocation Failure) 7.407: [ParNew: 2948K->224K(3072K), 0.0117099 secs] 8677K->6297K(9920K), 0.0117903 secs] [Times: user=0.00 sys=0.00, real=0.01 secs] 
7.501: [GC (Allocation Failure) 7.501: [ParNew: 2976K->207K(3072K), 0.0038219 secs] 9049K->6628K(9920K), 0.0039072 secs] [Times: user=0.00 sys=0.00, real=0.00 secs] 
7.505: [GC (CMS Initial Mark) [1 CMS-initial-mark: 6420K(6848K)] 6628K(9920K), 0.0002243 secs] [Times: user=0.00 sys=0.00, real=0.00 secs] 
7.505: [CMS-concurrent-mark-start]
7.516: [CMS-concurrent-mark: 0.011/0.011 secs] [Times: user=0.02 sys=0.02, real=0.01 secs] 
7.516: [CMS-concurrent-preclean-start]
7.516: [CMS-concurrent-preclean: 0.000/0.000 secs] [Times: user=0.00 sys=0.00, real=0.00 secs] 
7.516: [GC (CMS Final Remark) [YG occupancy: 427 K (3072 K)]7.516: [Rescan (parallel) , 0.0003050 secs]7.517: [weak refs processing, 0.0001032 secs]7.517: [class unloading, 0.0004806 secs]7.517: [scrub symbol table, 0.0010773 secs]7.518: [scrub string table, 0.0002183 secs][1 CMS-remark: 6420K(6848K)] 6848K(9920K), 0.0023431 secs] [Times: user=0.00 sys=0.00, real=0.00 secs] 
7.519: [CMS-concurrent-sweep-start]
7.524: [CMS-concurrent-sweep: 0.005/0.005 secs] [Times: user=0.00 sys=0.00, real=0.00 secs] 
7.524: [CMS-concurrent-reset-start]
7.524: [CMS-concurrent-reset: 0.000/0.000 secs] [Times: user=0.00 sys=0.00, real=0.00 secs] 
7.650: [GC (Allocation Failure) 7.651: [ParNew: 2959K->2959K(3072K), 0.0001022 secs]7.651: [CMS: 6419K->6757K(6848K), 0.0349754 secs] 9379K->6757K(9920K), [Metaspace: 4016K->4016K(1056768K)], 0.0352457 secs] [Times: user=0.05 sys=0.00, real=0.03 secs] 
7.686: [GC (CMS Initial Mark) [1 CMS-initial-mark: 6757K(6848K)] 6812K(9920K), 0.0001540 secs] [Times: user=0.00 sys=0.00, real=0.00 secs] 
7.686: [CMS-concurrent-mark-start]
7.698: [CMS-concurrent-mark: 0.012/0.012 secs] [Times: user=0.00 sys=0.00, real=0.01 secs] 
7.698: [CMS-concurrent-preclean-start]
7.698: [CMS-concurrent-preclean: 0.000/0.000 secs] [Times: user=0.00 sys=0.00, real=0.00 secs] 
7.700: [GC (CMS Final Remark) [YG occupancy: 164 K (3072 K)]7.700: [Rescan (parallel) , 0.0002239 secs]7.701: [weak refs processing, 0.0000894 secs]7.701: [class unloading, 0.0004522 secs]7.701: [scrub symbol table, 0.0007050 secs]7.702: [scrub string table, 0.0002223 secs][1 CMS-remark: 6757K(6848K)] 6922K(9920K), 0.0018282 secs] [Times: user=0.02 sys=0.00, real=0.00 secs] 
7.702: [CMS-concurrent-sweep-start]
7.708: [CMS-concurrent-sweep: 0.006/0.006 secs] [Times: user=0.00 sys=0.00, real=0.01 secs] 
7.708: [CMS-concurrent-reset-start]
7.708: [CMS-concurrent-reset: 0.000/0.000 secs] [Times: user=0.00 sys=0.00, real=0.00 secs] 
7.869: [GC (Allocation Failure) 7.869: [ParNew: 2752K->2752K(3072K), 0.0000441 secs]7.869: [CMS: 6757K->6847K(6848K), 0.0301981 secs] 9509K->6959K(9920K), [Metaspace: 4016K->4016K(1056768K)], 0.0303638 secs] [Times: user=0.03 sys=0.00, real=0.03 secs] 
7.900: [GC (CMS Initial Mark) [1 CMS-initial-mark: 6847K(6848K)] 6959K(9920K), 0.0003422 secs] [Times: user=0.00 sys=0.00, real=0.00 secs] 
7.900: [CMS-concurrent-mark-start]
7.913: [CMS-concurrent-mark: 0.013/0.013 secs] [Times: user=0.03 sys=0.00, real=0.01 secs] 
7.913: [CMS-concurrent-preclean-start]
7.925: [CMS-concurrent-preclean: 0.012/0.012 secs] [Times: user=0.02 sys=0.02, real=0.01 secs] 
7.925: [GC (CMS Final Remark) [YG occupancy: 991 K (3072 K)]7.925: [Rescan (parallel) , 0.0003692 secs]7.926: [weak refs processing, 0.0000828 secs]7.926: [class unloading, 0.0004638 secs]7.926: [scrub symbol table, 0.0007599 secs]7.927: [scrub string table, 0.0002081 secs][1 CMS-remark: 6847K(6848K)] 7839K(9920K), 0.0020403 secs] [Times: user=0.00 sys=0.00, real=0.00 secs] 
7.928: [CMS-concurrent-sweep-start]
7.933: [CMS-concurrent-sweep: 0.006/0.006 secs] [Times: user=0.00 sys=0.00, real=0.01 secs] 
7.933: [CMS-concurrent-reset-start]
7.933: [CMS-concurrent-reset: 0.000/0.000 secs] [Times: user=0.00 sys=0.00, real=0.00 secs] 
8.022: [GC (Allocation Failure) 8.022: [ParNew: 3072K->3072K(3072K), 0.0000316 secs]8.022: [CMS: 6847K->6847K(6848K), 0.0278793 secs] 9919K->7144K(9920K), [Metaspace: 4016K->4016K(1056768K)], 0.0280055 secs] [Times: user=0.03 sys=0.00, real=0.03 secs] 
8.050: [GC (CMS Initial Mark) [1 CMS-initial-mark: 6847K(6848K)] 7144K(9920K), 0.0006847 secs] [Times: user=0.00 sys=0.00, real=0.00 secs] 
8.051: [CMS-concurrent-mark-start]
8.064: [CMS-concurrent-mark: 0.013/0.013 secs] [Times: user=0.01 sys=0.01, real=0.01 secs] 
8.064: [CMS-concurrent-preclean-start]
8.076: [CMS-concurrent-preclean: 0.012/0.012 secs] [Times: user=0.00 sys=0.00, real=0.01 secs] 
8.076: [GC (CMS Final Remark) [YG occupancy: 1011 K (3072 K)]8.076: [Rescan (parallel) , 0.0005684 secs]8.076: [weak refs processing, 0.0000946 secs]8.076: [class unloading, 0.0004802 secs]8.077: [scrub symbol table, 0.0007023 secs]8.078: [scrub string table, 0.0002187 secs][1 CMS-remark: 6847K(6848K)] 7859K(9920K), 0.0021900 secs] [Times: user=0.06 sys=0.00, real=0.00 secs] 
8.078: [CMS-concurrent-sweep-start]
8.084: [CMS-concurrent-sweep: 0.006/0.006 secs] [Times: user=0.00 sys=0.00, real=0.01 secs] 
8.084: [CMS-concurrent-reset-start]
8.084: [CMS-concurrent-reset: 0.000/0.000 secs] [Times: user=0.00 sys=0.00, real=0.00 secs] 
8.138: [GC (Allocation Failure) 8.139: [ParNew: 2057K->2057K(3072K), 0.0000300 secs]8.139: [CMS: 6847K->6847K(6848K), 0.0340523 secs] 8905K->7251K(9920K), [Metaspace: 4016K->4016K(1056768K)], 0.0341895 secs] [Times: user=0.03 sys=0.00, real=0.03 secs] 
8.173: [GC (CMS Initial Mark) [1 CMS-initial-mark: 6847K(6848K)] 8658K(9920K), 0.0025718 secs] [Times: user=0.00 sys=0.00, real=0.00 secs] 
8.176: [CMS-concurrent-mark-start]
8.188: [CMS-concurrent-mark: 0.012/0.012 secs] [Times: user=0.02 sys=0.00, real=0.01 secs] 
8.188: [CMS-concurrent-preclean-start]
8.200: [CMS-concurrent-preclean: 0.012/0.012 secs] [Times: user=0.00 sys=0.00, real=0.01 secs] 
8.200: [GC (CMS Final Remark) [YG occupancy: 2017 K (3072 K)]8.200: [Rescan (parallel) , 0.0041503 secs]8.205: [weak refs processing, 0.0001011 secs]8.205: [class unloading, 0.0004949 secs]8.205: [scrub symbol table, 0.0010985 secs]8.206: [scrub string table, 0.0001429 secs][1 CMS-remark: 6847K(6848K)] 8865K(9920K), 0.0061462 secs] [Times: user=0.03 sys=0.00, real=0.01 secs] 
8.207: [CMS-concurrent-sweep-start]
8.212: [CMS-concurrent-sweep: 0.006/0.006 secs] [Times: user=0.00 sys=0.00, real=0.01 secs] 
8.212: [CMS-concurrent-reset-start]
8.212: [CMS-concurrent-reset: 0.000/0.000 secs] [Times: user=0.00 sys=0.00, real=0.00 secs] 
8.441: [GC (Allocation Failure) 8.441: [ParNew: 3072K->3072K(3072K), 0.0000293 secs]8.441: [CMS: 6847K->6516K(6848K), 0.0373692 secs] 9919K->8001K(9920K), [Metaspace: 4016K->4016K(1056768K)], 0.0375134 secs] [Times: user=0.03 sys=0.00, real=0.04 secs] 
8.479: [GC (CMS Initial Mark) [1 CMS-initial-mark: 6516K(6848K)] 8054K(9920K), 0.0065054 secs] [Times: user=0.02 sys=0.00, real=0.01 secs] 
8.486: [CMS-concurrent-mark-start]
8.504: [CMS-concurrent-mark: 0.018/0.018 secs] [Times: user=0.02 sys=0.02, real=0.02 secs] 
8.504: [CMS-concurrent-preclean-start]
8.515: [CMS-concurrent-preclean: 0.012/0.012 secs] [Times: user=0.02 sys=0.00, real=0.01 secs] 
8.516: [GC (CMS Final Remark) [YG occupancy: 1642 K (3072 K)]8.516: [Rescan (parallel) , 0.0037133 secs]8.519: [weak refs processing, 0.0001174 secs]8.519: [class unloading, 0.0006033 secs]8.520: [scrub symbol table, 0.0011931 secs]8.521: [scrub string table, 0.0002634 secs][1 CMS-remark: 6516K(6848K)] 8159K(9920K), 0.0061530 secs] [Times: user=0.00 sys=0.00, real=0.01 secs] 
8.522: [CMS-concurrent-sweep-start]
8.528: [CMS-concurrent-sweep: 0.006/0.006 secs] [Times: user=0.00 sys=0.00, real=0.01 secs] 
8.528: [CMS-concurrent-reset-start]
8.528: [CMS-concurrent-reset: 0.000/0.000 secs] [Times: user=0.00 sys=0.00, real=0.00 secs] 
8.875: [GC (Allocation Failure) 8.875: [ParNew (promotion failed): 2752K->2965K(3072K), 0.0046805 secs]8.879: [CMS: 6518K->6516K(6848K), 0.0352538 secs] 9268K->8080K(9920K), [Metaspace: 4016K->4016K(1056768K)], 0.0400711 secs] [Times: user=0.03 sys=0.00, real=0.04 secs] 
8.915: [GC (CMS Initial Mark) [1 CMS-initial-mark: 6516K(6848K)] 8080K(9920K), 0.0061020 secs] [Times: user=0.02 sys=0.00, real=0.01 secs] 
8.921: [CMS-concurrent-mark-start]
8.937: [CMS-concurrent-mark: 0.016/0.016 secs] [Times: user=0.02 sys=0.00, real=0.02 secs] 
8.937: [CMS-concurrent-preclean-start]
8.948: [CMS-concurrent-preclean: 0.011/0.011 secs] [Times: user=0.00 sys=0.00, real=0.01 secs] 
8.948: [GC (CMS Final Remark) [YG occupancy: 1822 K (3072 K)]8.948: [Rescan (parallel) , 0.0040775 secs]8.952: [weak refs processing, 0.0001161 secs]8.952: [class unloading, 0.0005287 secs]8.953: [scrub symbol table, 0.0011393 secs]8.954: [scrub string table, 0.0002708 secs][1 CMS-remark: 6516K(6848K)] 8338K(9920K), 0.0063527 secs] [Times: user=0.05 sys=0.00, real=0.01 secs] 
8.955: [CMS-concurrent-sweep-start]
8.961: [CMS-concurrent-sweep: 0.006/0.006 secs] [Times: user=0.00 sys=0.00, real=0.01 secs] 
8.961: [CMS-concurrent-reset-start]
8.961: [CMS-concurrent-reset: 0.000/0.000 secs] [Times: user=0.00 sys=0.00, real=0.00 secs] 
9.026: [GC (Allocation Failure) 9.026: [ParNew (promotion failed): 2752K->2993K(3072K), 0.0052433 secs]9.031: [CMS: 6518K->6516K(6848K), 0.0354626 secs] 9268K->8155K(9920K), [Metaspace: 4016K->4016K(1056768K)], 0.0409440 secs] [Times: user=0.08 sys=0.00, real=0.04 secs] 
9.067: [GC (CMS Initial Mark) [1 CMS-initial-mark: 6516K(6848K)] 8191K(9920K), 0.0065124 secs] [Times: user=0.00 sys=0.00, real=0.01 secs] 
9.074: [CMS-concurrent-mark-start]
9.090: [CMS-concurrent-mark: 0.016/0.016 secs] [Times: user=0.02 sys=0.00, real=0.02 secs] 
9.090: [CMS-concurrent-preclean-start]
9.100: [CMS-concurrent-preclean: 0.011/0.011 secs] [Times: user=0.02 sys=0.00, real=0.01 secs] 
9.101: [GC (CMS Final Remark) [YG occupancy: 1892 K (3072 K)]9.101: [Rescan (parallel) , 0.0040464 secs]9.105: [weak refs processing, 0.0000888 secs]9.105: [class unloading, 0.0005436 secs]9.105: [scrub symbol table, 0.0009347 secs]9.106: [scrub string table, 0.0002213 secs][1 CMS-remark: 6516K(6848K)] 8408K(9920K), 0.0060056 secs] [Times: user=0.02 sys=0.00, real=0.01 secs] 
9.107: [CMS-concurrent-sweep-start]
9.113: [CMS-concurrent-sweep: 0.006/0.006 secs] [Times: user=0.00 sys=0.00, real=0.01 secs] 
9.113: [CMS-concurrent-reset-start]
9.113: [CMS-concurrent-reset: 0.000/0.000 secs] [Times: user=0.00 sys=0.00, real=0.00 secs] 
9.163: [GC (Allocation Failure) 9.163: [ParNew (promotion failed): 2752K->3072K(3072K), 0.0056102 secs]9.169: [CMS: 6518K->6516K(6848K), 0.0360221 secs] 9268K->8224K(9920K), [Metaspace: 4016K->4016K(1056768K)], 0.0417434 secs] [Times: user=0.05 sys=0.00, real=0.04 secs] 
9.205: [GC (CMS Initial Mark) [1 CMS-initial-mark: 6516K(6848K)] 8224K(9920K), 0.0063094 secs] [Times: user=0.00 sys=0.00, real=0.01 secs] 
9.211: [CMS-concurrent-mark-start]
9.228: [CMS-concurrent-mark: 0.016/0.016 secs] [Times: user=0.02 sys=0.02, real=0.02 secs] 
9.228: [CMS-concurrent-preclean-start]
9.239: [CMS-concurrent-preclean: 0.012/0.012 secs] [Times: user=0.02 sys=0.01, real=0.01 secs] 
9.239: [CMS-concurrent-abortable-preclean-start]
9.245: [GC (Allocation Failure) 9.245: [ParNew (promotion failed): 2752K->3072K(3072K), 0.0065535 secs]9.252: [CMS9.252: [CMS-concurrent-abortable-preclean: 0.000/0.013 secs] [Times: user=0.05 sys=0.02, real=0.01 secs] 
 (concurrent mode failure): 6518K->6516K(6848K), 0.0287842 secs] 9268K->8289K(9920K), [Metaspace: 4016K->4016K(1056768K)], 0.0354618 secs] [Times: user=0.08 sys=0.02, real=0.04 secs] 
9.349: [GC (Allocation Failure) 9.349: [ParNew (promotion failed): 2752K->3072K(3072K), 0.0078555 secs]9.356: [CMS: 6518K->6516K(6848K), 0.0344381 secs] 9268K->8350K(9920K), [Metaspace: 4016K->4016K(1056768K)], 0.0423981 secs] [Times: user=0.05 sys=0.00, real=0.04 secs] 
9.391: [GC (CMS Initial Mark) [1 CMS-initial-mark: 6516K(6848K)] 8350K(9920K), 0.0056436 secs] [Times: user=0.00 sys=0.00, real=0.01 secs] 
9.397: [CMS-concurrent-mark-start]
9.412: [CMS-concurrent-mark: 0.016/0.016 secs] [Times: user=0.02 sys=0.02, real=0.02 secs] 
9.412: [CMS-concurrent-preclean-start]
9.423: [CMS-concurrent-preclean: 0.011/0.011 secs] [Times: user=0.01 sys=0.00, real=0.01 secs] 
9.423: [CMS-concurrent-abortable-preclean-start]
9.462: [GC (Allocation Failure) 9.462: [ParNew (promotion failed): 2752K->3072K(3072K), 0.0077765 secs]9.470: [CMS9.470: [CMS-concurrent-abortable-preclean: 0.000/0.047 secs] [Times: user=0.08 sys=0.00, real=0.05 secs] 
 (concurrent mode failure): 6518K->6516K(6848K), 0.0339180 secs] 9268K->8408K(9920K), [Metaspace: 4016K->4016K(1056768K)], 0.0418162 secs] [Times: user=0.09 sys=0.00, real=0.04 secs] 
9.541: [GC (Allocation Failure) 9.542: [ParNew (promotion failed): 2752K->3072K(3072K), 0.0090358 secs]9.551: [CMS: 6518K->6516K(6848K), 0.0327865 secs] 9268K->8461K(9920K), [Metaspace: 4016K->4016K(1056768K)], 0.0420702 secs] [Times: user=0.08 sys=0.00, real=0.04 secs] 
9.584: [GC (CMS Initial Mark) [1 CMS-initial-mark: 6516K(6848K)] 8461K(9920K), 0.0068150 secs] [Times: user=0.00 sys=0.00, real=0.01 secs] 
9.591: [CMS-concurrent-mark-start]
9.607: [CMS-concurrent-mark: 0.016/0.016 secs] [Times: user=0.02 sys=0.00, real=0.02 secs] 
9.607: [CMS-concurrent-preclean-start]
9.617: [CMS-concurrent-preclean: 0.010/0.010 secs] [Times: user=0.02 sys=0.00, real=0.01 secs] 
9.618: [CMS-concurrent-abortable-preclean-start]
9.650: [GC (Allocation Failure) 9.650: [ParNew (promotion failed): 2752K->3072K(3072K), 0.0089938 secs]9.659: [CMS9.659: [CMS-concurrent-abortable-preclean: 0.000/0.042 secs] [Times: user=0.06 sys=0.02, real=0.04 secs] 
 (concurrent mode failure): 6518K->6516K(6848K), 0.0272773 secs] 9268K->8512K(9920K), [Metaspace: 4016K->4016K(1056768K)], 0.0363940 secs] [Times: user=0.08 sys=0.00, real=0.04 secs] 
9.707: [GC (Allocation Failure) 9.707: [ParNew (promotion failed): 2752K->3072K(3072K), 0.0097195 secs]9.717: [CMS: 6518K->6516K(6848K), 0.0366191 secs] 9268K->8559K(9920K), [Metaspace: 4016K->4016K(1056768K)], 0.0464698 secs] [Times: user=0.05 sys=0.00, real=0.05 secs] 
9.754: [GC (CMS Initial Mark) [1 CMS-initial-mark: 6516K(6848K)] 8559K(9920K), 0.0070714 secs] [Times: user=0.00 sys=0.00, real=0.01 secs] 
9.761: [CMS-concurrent-mark-start]
9.776: [CMS-concurrent-mark: 0.015/0.015 secs] [Times: user=0.01 sys=0.00, real=0.02 secs] 
9.776: [CMS-concurrent-preclean-start]
9.786: [CMS-concurrent-preclean: 0.010/0.010 secs] [Times: user=0.02 sys=0.00, real=0.01 secs] 
9.786: [CMS-concurrent-abortable-preclean-start]
9.814: [GC (Allocation Failure) 9.814: [ParNew (promotion failed): 2751K->3071K(3072K), 0.0106737 secs]9.825: [CMS9.825: [CMS-concurrent-abortable-preclean: 0.000/0.039 secs] [Times: user=0.01 sys=0.01, real=0.04 secs] 
 (concurrent mode failure): 6518K->6516K(6848K), 0.0269591 secs] 9268K->8603K(9920K), [Metaspace: 4016K->4016K(1056768K)], 0.0377679 secs] [Times: user=0.03 sys=0.00, real=0.04 secs] 
9.869: [GC (Allocation Failure) 9.869: [ParNew (promotion failed): 2752K->3072K(3072K), 0.0102245 secs]9.879: [CMS: 6518K->6516K(6848K), 0.0250505 secs] 9268K->8644K(9920K), [Metaspace: 4016K->4016K(1056768K)], 0.0353843 secs] [Times: user=0.09 sys=0.00, real=0.04 secs] 
9.905: [GC (CMS Initial Mark) [1 CMS-initial-mark: 6516K(6848K)] 8660K(9920K), 0.0054780 secs] [Times: user=0.00 sys=0.00, real=0.00 secs] 
9.910: [CMS-concurrent-mark-start]
9.924: [CMS-concurrent-mark: 0.014/0.014 secs] [Times: user=0.02 sys=0.01, real=0.01 secs] 
9.924: [CMS-concurrent-preclean-start]
9.925: [GC (Allocation Failure) 9.925: [ParNew (promotion failed): 2752K->3072K(3072K), 0.0113549 secs]9.936: [CMS9.942: [CMS-concurrent-preclean: 0.007/0.018 secs] [Times: user=0.06 sys=0.00, real=0.02 secs] 
 (concurrent mode failure): 6518K->6516K(6848K), 0.0289009 secs] 9268K->8683K(9920K), [Metaspace: 4016K->4016K(1056768K)], 0.0403633 secs] [Times: user=0.08 sys=0.00, real=0.04 secs] 
9.978: [GC (Allocation Failure) 9.978: [ParNew (promotion failed): 2752K->3072K(3072K), 0.0114207 secs]9.990: [CMS: 6518K->6516K(6848K), 0.0270650 secs] 9268K->8720K(9920K), [Metaspace: 4016K->4016K(1056768K)], 0.0385955 secs] [Times: user=0.08 sys=0.00, real=0.04 secs] 
10.017: [GC (CMS Initial Mark) [1 CMS-initial-mark: 6516K(6848K)] 8733K(9920K), 0.0075037 secs] [Times: user=0.00 sys=0.00, real=0.01 secs] 
10.024: [CMS-concurrent-mark-start]
10.040: [CMS-concurrent-mark: 0.016/0.016 secs] [Times: user=0.02 sys=0.00, real=0.02 secs] 
10.041: [CMS-concurrent-preclean-start]
10.052: [CMS-concurrent-preclean: 0.011/0.011 secs] [Times: user=0.01 sys=0.00, real=0.01 secs] 
10.052: [CMS-concurrent-abortable-preclean-start]
10.055: [GC (Allocation Failure) 10.055: [ParNew (promotion failed): 2752K->3072K(3072K), 0.0123624 secs]10.067: [CMS10.067: [CMS-concurrent-abortable-preclean: 0.000/0.016 secs] [Times: user=0.06 sys=0.00, real=0.02 secs] 
 (concurrent mode failure): 6518K->6516K(6848K), 0.0238515 secs] 9268K->8754K(9920K), [Metaspace: 4016K->4016K(1056768K)], 0.0363325 secs] [Times: user=0.09 sys=0.00, real=0.04 secs] 
10.103: [GC (Allocation Failure) 10.103: [ParNew (promotion failed): 2752K->3072K(3072K), 0.0122103 secs]10.115: [CMS: 6518K->6516K(6848K), 0.0237254 secs] 9268K->8786K(9920K), [Metaspace: 4016K->4016K(1056768K)], 0.0360369 secs] [Times: user=0.09 sys=0.00, real=0.04 secs] 
10.139: [GC (CMS Initial Mark) [1 CMS-initial-mark: 6516K(6848K)] 8786K(9920K), 0.0049751 secs] [Times: user=0.00 sys=0.00, real=0.01 secs] 
10.144: [CMS-concurrent-mark-start]
10.155: [CMS-concurrent-mark: 0.011/0.011 secs] [Times: user=0.03 sys=0.00, real=0.01 secs] 
10.155: [CMS-concurrent-preclean-start]
10.156: [GC (Allocation Failure) 10.156: [ParNew (promotion failed): 2752K->3072K(3072K), 0.0125385 secs]10.169: [CMS10.174: [CMS-concurrent-preclean: 0.006/0.019 secs] [Times: user=0.02 sys=0.00, real=0.02 secs] 
 (concurrent mode failure): 6518K->6516K(6848K), 0.0318264 secs] 9268K->8816K(9920K), [Metaspace: 4016K->4016K(1056768K)], 0.0444594 secs] [Times: user=0.03 sys=0.00, real=0.04 secs] 
10.212: [GC (Allocation Failure) 10.212: [ParNew (promotion failed): 2752K->3071K(3072K), 0.0132109 secs]10.225: [CMS: 6518K->6516K(6848K), 0.0419909 secs] 9268K->8844K(9920K), [Metaspace: 4016K->4016K(1056768K)], 0.0553403 secs] [Times: user=0.09 sys=0.00, real=0.06 secs] 
10.267: [GC (CMS Initial Mark) [1 CMS-initial-mark: 6516K(6848K)] 8854K(9920K), 0.0068093 secs] [Times: user=0.00 sys=0.00, real=0.01 secs] 
10.274: [CMS-concurrent-mark-start]
10.283: [GC (Allocation Failure) 10.283: [ParNew (promotion failed): 2752K->3072K(3072K), 0.0140460 secs]10.297: [CMS10.302: [CMS-concurrent-mark: 0.014/0.028 secs] [Times: user=0.06 sys=0.03, real=0.03 secs] 
 (concurrent mode failure): 6518K->6516K(6848K), 0.0321886 secs] 9268K->8870K(9920K), [Metaspace: 4016K->4016K(1056768K)], 0.0463444 secs] [Times: user=0.08 sys=0.02, real=0.05 secs] 
10.339: [GC (Allocation Failure) 10.339: [ParNew (promotion failed): 2752K->3072K(3072K), 0.0133586 secs]10.352: [CMS: 6518K->6516K(6848K), 0.0347203 secs] 9268K->8895K(9920K), [Metaspace: 4016K->4016K(1056768K)], 0.0482099 secs] [Times: user=0.09 sys=0.00, real=0.05 secs] 
10.387: [GC (CMS Initial Mark) [1 CMS-initial-mark: 6516K(6848K)] 8895K(9920K), 0.0052238 secs] [Times: user=0.02 sys=0.00, real=0.01 secs] 
10.392: [CMS-concurrent-mark-start]
10.406: [GC (Allocation Failure) 10.406: [ParNew (promotion failed): 2751K->3071K(3072K), 0.0136982 secs]10.420: [CMS10.423: [CMS-concurrent-mark: 0.017/0.031 secs] [Times: user=0.03 sys=0.00, real=0.03 secs] 
 (concurrent mode failure): 6518K->6516K(6848K), 0.0280437 secs] 9268K->8918K(9920K), [Metaspace: 4016K->4016K(1056768K)], 0.0418942 secs] [Times: user=0.03 sys=0.00, real=0.04 secs] 
10.463: [GC (Allocation Failure) 10.463: [ParNew (promotion failed): 2752K->3072K(3072K), 0.0152648 secs]10.478: [CMS: 6518K->6516K(6848K), 0.0256673 secs] 9268K->8940K(9920K), [Metaspace: 4016K->4016K(1056768K)], 0.0410530 secs] [Times: user=0.09 sys=0.00, real=0.04 secs] 
10.504: [GC (CMS Initial Mark) [1 CMS-initial-mark: 6516K(6848K)] 8948K(9920K), 0.0055558 secs] [Times: user=0.00 sys=0.00, real=0.01 secs] 
10.510: [CMS-concurrent-mark-start]
10.518: [GC (Allocation Failure) 10.518: [ParNew (promotion failed): 2751K->3071K(3072K), 0.0143383 secs]10.532: [CMS10.538: [CMS-concurrent-mark: 0.013/0.028 secs] [Times: user=0.08 sys=0.02, real=0.03 secs] 
 (concurrent mode failure): 6518K->6516K(6848K), 0.0304439 secs] 9268K->8961K(9920K), [Metaspace: 4016K->4016K(1056768K)], 0.0449091 secs] [Times: user=0.09 sys=0.00, real=0.04 secs] 
10.570: [GC (Allocation Failure) 10.570: [ParNew (promotion failed): 2752K->3072K(3072K), 0.0144242 secs]10.585: [CMS: 6518K->6516K(6848K), 0.0234233 secs] 9268K->8980K(9920K), [Metaspace: 4016K->4016K(1056768K)], 0.0379556 secs] [Times: user=0.09 sys=0.00, real=0.04 secs] 
10.609: [GC (CMS Initial Mark) [1 CMS-initial-mark: 6516K(6848K)] 8987K(9920K), 0.0053055 secs] [Times: user=0.00 sys=0.00, real=0.00 secs] 
10.614: [CMS-concurrent-mark-start]
10.621: [GC (Allocation Failure) 10.621: [ParNew (promotion failed): 2752K->3072K(3072K), 0.0150196 secs]10.636: [CMS10.641: [CMS-concurrent-mark: 0.012/0.028 secs] [Times: user=0.08 sys=0.00, real=0.03 secs] 
 (concurrent mode failure): 6518K->6516K(6848K), 0.0356220 secs] 9268K->8998K(9920K), [Metaspace: 4016K->4016K(1056768K)], 0.0507753 secs] [Times: user=0.11 sys=0.00, real=0.05 secs] 
10.691: [GC (Allocation Failure) 10.691: [ParNew (promotion failed): 2752K->3072K(3072K), 0.0188535 secs]10.710: [CMS: 6518K->6516K(6848K), 0.0384540 secs] 9268K->9014K(9920K), [Metaspace: 4016K->4016K(1056768K)], 0.0574457 secs] [Times: user=0.06 sys=0.00, real=0.06 secs] 
10.749: [GC (CMS Initial Mark) [1 CMS-initial-mark: 6516K(6848K)] 9014K(9920K), 0.0078967 secs] [Times: user=0.00 sys=0.00, real=0.01 secs] 
10.757: [CMS-concurrent-mark-start]
10.773: [GC (Allocation Failure) 10.773: [ParNew (promotion failed): 2752K->3072K(3072K), 0.0168754 secs]10.790: [CMS10.791: [CMS-concurrent-mark: 0.016/0.033 secs] [Times: user=0.06 sys=0.00, real=0.03 secs] 
 (concurrent mode failure): 6518K->6516K(6848K), 0.0386472 secs] 9268K->9030K(9920K), [Metaspace: 4016K->4016K(1056768K)], 0.0556521 secs] [Times: user=0.09 sys=0.00, real=0.06 secs] 
10.838: [GC (Allocation Failure) 10.838: [ParNew (promotion failed): 2752K->3072K(3072K), 0.0148727 secs]10.853: [CMS: 6518K->6516K(6848K), 0.0317310 secs] 9268K->9045K(9920K), [Metaspace: 4016K->4016K(1056768K)], 0.0467396 secs] [Times: user=0.08 sys=0.00, real=0.05 secs] 
10.885: [GC (CMS Initial Mark) [1 CMS-initial-mark: 6516K(6848K)] 9050K(9920K), 0.0084452 secs] [Times: user=0.01 sys=0.00, real=0.01 secs] 
10.894: [CMS-concurrent-mark-start]
10.910: [CMS-concurrent-mark: 0.017/0.017 secs] [Times: user=0.02 sys=0.00, real=0.02 secs] 
10.911: [CMS-concurrent-preclean-start]
10.921: [CMS-concurrent-preclean: 0.011/0.011 secs] [Times: user=0.02 sys=0.00, real=0.01 secs] 
10.921: [CMS-concurrent-abortable-preclean-start]
10.922: [GC (Allocation Failure) 10.922: [ParNew (promotion failed): 2752K->3072K(3072K), 0.0167752 secs]10.939: [CMS10.939: [CMS-concurrent-abortable-preclean: 0.000/0.017 secs] [Times: user=0.02 sys=0.00, real=0.02 secs] 
 (concurrent mode failure): 6518K->6516K(6848K), 0.0332393 secs] 9268K->9059K(9920K), [Metaspace: 4016K->4016K(1056768K)], 0.0501569 secs] [Times: user=0.05 sys=0.00, real=0.05 secs] 
10.977: [GC (Allocation Failure) 10.977: [ParNew (promotion failed): 2752K->3072K(3072K), 0.0156483 secs]10.993: [CMS: 6518K->6516K(6848K), 0.0296522 secs] 9268K->9072K(9920K), [Metaspace: 4016K->4016K(1056768K)], 0.0454248 secs] [Times: user=0.08 sys=0.00, real=0.05 secs] 
11.023: [GC (CMS Initial Mark) [1 CMS-initial-mark: 6516K(6848K)] 9072K(9920K), 0.0078088 secs] [Times: user=0.02 sys=0.00, real=0.01 secs] 
11.031: [CMS-concurrent-mark-start]
11.038: [GC (Allocation Failure) 11.038: [ParNew (promotion failed): 2752K->3072K(3072K), 0.0153551 secs]11.054: [CMS11.060: [CMS-concurrent-mark: 0.014/0.029 secs] [Times: user=0.08 sys=0.00, real=0.03 secs] 
 (concurrent mode failure): 6518K->6516K(6848K), 0.0325082 secs] 9268K->9084K(9920K), [Metaspace: 4016K->4016K(1056768K)], 0.0479927 secs] [Times: user=0.09 sys=0.00, real=0.05 secs] 
11.092: [GC (Allocation Failure) 11.092: [ParNew (promotion failed): 2752K->3072K(3072K), 0.0284233 secs]11.121: [CMS: 6518K->6516K(6848K), 0.0405483 secs] 9268K->9095K(9920K), [Metaspace: 4016K->4016K(1056768K)], 0.0691439 secs] [Times: user=0.05 sys=0.00, real=0.07 secs] 
11.162: [GC (CMS Initial Mark) [1 CMS-initial-mark: 6516K(6848K)] 9095K(9920K), 0.0078333 secs] [Times: user=0.00 sys=0.00, real=0.01 secs] 
11.170: [CMS-concurrent-mark-start]
11.186: [CMS-concurrent-mark: 0.016/0.016 secs] [Times: user=0.03 sys=0.00, real=0.02 secs] 
11.186: [CMS-concurrent-preclean-start]
11.197: [CMS-concurrent-preclean: 0.011/0.011 secs] [Times: user=0.00 sys=0.00, real=0.01 secs] 
11.197: [CMS-concurrent-abortable-preclean-start]
11.208: [GC (Allocation Failure) 11.208: [ParNew (promotion failed): 2752K->3072K(3072K), 0.0171920 secs]11.226: [CMS11.226: [CMS-concurrent-abortable-preclean: 0.000/0.029 secs] [Times: user=0.03 sys=0.00, real=0.03 secs] 
 (concurrent mode failure): 6518K->6516K(6848K), 0.0396672 secs] 9268K->9106K(9920K), [Metaspace: 4016K->4016K(1056768K)], 0.0570107 secs] [Times: user=0.08 sys=0.00, real=0.06 secs] 
11.272: [GC (Allocation Failure) 11.272: [ParNew (promotion failed): 2752K->3072K(3072K), 0.0160325 secs]11.288: [CMS: 6518K->6516K(6848K), 0.0321502 secs] 9268K->9116K(9920K), [Metaspace: 4016K->4016K(1056768K)], 0.0483203 secs] [Times: user=0.09 sys=0.00, real=0.05 secs] 
11.321: [GC (CMS Initial Mark) [1 CMS-initial-mark: 6516K(6848K)] 9120K(9920K), 0.0075350 secs] [Times: user=0.02 sys=0.00, real=0.01 secs] 
11.328: [CMS-concurrent-mark-start]
11.333: [GC (Allocation Failure) 11.333: [ParNew (promotion failed): 2752K->3072K(3072K), 0.0165598 secs]11.350: [CMS11.361: [CMS-concurrent-mark: 0.016/0.032 secs] [Times: user=0.08 sys=0.00, real=0.03 secs] 
 (concurrent mode failure): 6518K->6516K(6848K), 0.0454361 secs] 9268K->9125K(9920K), [Metaspace: 4016K->4016K(1056768K)], 0.0621025 secs] [Times: user=0.11 sys=0.00, real=0.06 secs] 
11.405: [GC (Allocation Failure) 11.406: [ParNew (promotion failed): 2752K->3072K(3072K), 0.0172394 secs]11.423: [CMS: 6518K->6516K(6848K), 0.0321988 secs] 9268K->9134K(9920K), [Metaspace: 4016K->4016K(1056768K)], 0.0495586 secs] [Times: user=0.09 sys=0.00, real=0.05 secs] 
11.455: [GC (CMS Initial Mark) [1 CMS-initial-mark: 6516K(6848K)] 9134K(9920K), 0.0068742 secs] [Times: user=0.00 sys=0.00, real=0.01 secs] 
11.462: [CMS-concurrent-mark-start]
11.466: [GC (Allocation Failure) 11.466: [ParNew (promotion failed): 2752K->3072K(3072K), 0.0176475 secs]11.484: [CMS11.495: [CMS-concurrent-mark: 0.015/0.033 secs] [Times: user=0.09 sys=0.00, real=0.03 secs] 
 (concurrent mode failure): 6518K->6516K(6848K), 0.0451269 secs] 9268K->9142K(9920K), [Metaspace: 4016K->4016K(1056768K)], 0.0629778 secs] [Times: user=0.13 sys=0.02, real=0.06 secs] 
11.532: [GC (Allocation Failure) 11.532: [ParNew (promotion failed): 2752K->3071K(3072K), 0.0170719 secs]11.549: [CMS: 6518K->6516K(6848K), 0.0319713 secs] 9268K->9150K(9920K), [Metaspace: 4016K->4016K(1056768K)], 0.0491375 secs] [Times: user=0.05 sys=0.00, real=0.05 secs] 
11.581: [GC (CMS Initial Mark) [1 CMS-initial-mark: 6516K(6848K)] 9153K(9920K), 0.0063311 secs] [Times: user=0.00 sys=0.00, real=0.01 secs] 
11.587: [CMS-concurrent-mark-start]
11.591: [GC (Allocation Failure) 11.591: [ParNew (promotion failed): 2752K->3071K(3072K), 0.0164356 secs]11.608: [CMS11.620: [CMS-concurrent-mark: 0.016/0.033 secs] [Times: user=0.08 sys=0.00, real=0.03 secs] 
 (concurrent mode failure): 6518K->6516K(6848K), 0.0471054 secs] 9268K->9157K(9920K), [Metaspace: 4016K->4016K(1056768K)], 0.0637754 secs] [Times: user=0.13 sys=0.00, real=0.06 secs] 
11.659: [GC (Allocation Failure) 11.659: [ParNew (promotion failed): 2752K->3071K(3072K), 0.0186645 secs]11.678: [CMS: 6518K->6516K(6848K), 0.0412690 secs] 9268K->9164K(9920K), [Metaspace: 4016K->4016K(1056768K)], 0.0600670 secs] [Times: user=0.09 sys=0.00, real=0.06 secs] 
11.719: [GC (CMS Initial Mark) [1 CMS-initial-mark: 6516K(6848K)] 9167K(9920K), 0.0077672 secs] [Times: user=0.00 sys=0.00, real=0.01 secs] 
11.727: [CMS-concurrent-mark-start]
11.744: [CMS-concurrent-mark: 0.017/0.017 secs] [Times: user=0.02 sys=0.00, real=0.02 secs] 
11.744: [CMS-concurrent-preclean-start]
11.746: [GC (Allocation Failure) 11.746: [ParNew (promotion failed): 2752K->3072K(3072K), 0.0193510 secs]11.765: [CMS11.774: [CMS-concurrent-preclean: 0.011/0.030 secs] [Times: user=0.03 sys=0.00, real=0.03 secs] 
 (concurrent mode failure): 6518K->6516K(6848K), 0.0436310 secs] 9268K->9171K(9920K), [Metaspace: 4016K->4016K(1056768K)], 0.0631131 secs] [Times: user=0.06 sys=0.00, real=0.06 secs] 
11.812: [GC (Allocation Failure) 11.812: [ParNew (promotion failed): 2752K->3072K(3072K), 0.0176137 secs]11.829: [CMS: 6518K->6516K(6848K), 0.0280628 secs] 9268K->9177K(9920K), [Metaspace: 4016K->4016K(1056768K)], 0.0457767 secs] [Times: user=0.08 sys=0.02, real=0.04 secs] 
11.858: [GC (CMS Initial Mark) [1 CMS-initial-mark: 6516K(6848K)] 9177K(9920K), 0.0058760 secs] [Times: user=0.00 sys=0.00, real=0.00 secs] 
11.864: [CMS-concurrent-mark-start]
11.872: [GC (Allocation Failure) 11.872: [ParNew (promotion failed): 2751K->3071K(3072K), 0.0167584 secs]11.889: [CMS11.896: [CMS-concurrent-mark: 0.016/0.033 secs] [Times: user=0.06 sys=0.00, real=0.03 secs] 
 (concurrent mode failure): 6518K->6516K(6848K), 0.0366457 secs] 9268K->9182K(9920K), [Metaspace: 4016K->4016K(1056768K)], 0.0535223 secs] [Times: user=0.09 sys=0.00, real=0.05 secs] 
11.928: [GC (Allocation Failure) 11.928: [ParNew (promotion failed): 2752K->3072K(3072K), 0.0171105 secs]11.945: [CMS: 6518K->6516K(6848K), 0.0285557 secs] 9268K->9187K(9920K), [Metaspace: 4016K->4016K(1056768K)], 0.0457632 secs] [Times: user=0.06 sys=0.00, real=0.05 secs] 
11.974: [GC (CMS Initial Mark) [1 CMS-initial-mark: 6516K(6848K)] 9187K(9920K), 0.0057455 secs] [Times: user=0.00 sys=0.00, real=0.00 secs] 
11.979: [CMS-concurrent-mark-start]
11.982: [GC (Allocation Failure) 11.982: [ParNew (promotion failed): 2752K->3072K(3072K), 0.0171634 secs]11.999: [CMS12.008: [CMS-concurrent-mark: 0.011/0.029 secs] [Times: user=0.08 sys=0.01, real=0.03 secs] 
 (concurrent mode failure): 6518K->6516K(6848K), 0.0344752 secs] 9268K->9192K(9920K), [Metaspace: 4016K->4016K(1056768K)], 0.0519302 secs] [Times: user=0.09 sys=0.00, real=0.05 secs] 
12.036: [GC (Allocation Failure) 12.036: [ParNew (promotion failed): 2752K->3072K(3072K), 0.0179448 secs]12.054: [CMS: 6518K->6516K(6848K), 0.0250149 secs] 9268K->9197K(9920K), [Metaspace: 4016K->4016K(1056768K)], 0.0430680 secs] [Times: user=0.09 sys=0.00, real=0.04 secs] 
12.079: [GC (CMS Initial Mark) [1 CMS-initial-mark: 6516K(6848K)] 9197K(9920K), 0.0059721 secs] [Times: user=0.00 sys=0.00, real=0.01 secs] 
12.086: [CMS-concurrent-mark-start]
12.089: [GC (Allocation Failure) 12.089: [ParNew (promotion failed): 2752K->3072K(3072K), 0.0185265 secs]12.108: [CMS12.115: [CMS-concurrent-mark: 0.011/0.030 secs] [Times: user=0.06 sys=0.00, real=0.03 secs] 
 (concurrent mode failure): 6518K->6516K(6848K), 0.0354307 secs] 9268K->9201K(9920K), [Metaspace: 4016K->4016K(1056768K)], 0.0541036 secs] [Times: user=0.09 sys=0.00, real=0.05 secs] 
12.145: [GC (Allocation Failure) 12.145: [ParNew (promotion failed): 2752K->3072K(3072K), 0.0172105 secs]12.162: [CMS: 6518K->6516K(6848K), 0.0278457 secs] 9268K->9206K(9920K), [Metaspace: 4016K->4016K(1056768K)], 0.0451541 secs] [Times: user=0.08 sys=0.00, real=0.05 secs] 
12.190: [GC (CMS Initial Mark) [1 CMS-initial-mark: 6516K(6848K)] 9206K(9920K), 0.0055457 secs] [Times: user=0.00 sys=0.00, real=0.01 secs] 
12.196: [CMS-concurrent-mark-start]
12.199: [GC (Allocation Failure) 12.199: [ParNew (promotion failed): 2752K->3071K(3072K), 0.0171268 secs]12.216: [CMS12.223: [CMS-concurrent-mark: 0.010/0.028 secs] [Times: user=0.06 sys=0.00, real=0.03 secs] 
 (concurrent mode failure): 6518K->6516K(6848K), 0.0329171 secs] 9268K->9209K(9920K), [Metaspace: 4016K->4016K(1056768K)], 0.0501551 secs] [Times: user=0.09 sys=0.00, real=0.05 secs] 
12.251: [GC (Allocation Failure) 12.251: [ParNew (promotion failed): 2752K->3072K(3072K), 0.0173535 secs]12.268: [CMS: 6518K->6516K(6848K), 0.0259679 secs] 9268K->9213K(9920K), [Metaspace: 4016K->4016K(1056768K)], 0.0434475 secs] [Times: user=0.06 sys=0.02, real=0.04 secs] 
12.294: [GC (CMS Initial Mark) [1 CMS-initial-mark: 6516K(6848K)] 9215K(9920K), 0.0077757 secs] [Times: user=0.01 sys=0.00, real=0.01 secs] 
12.302: [CMS-concurrent-mark-start]
12.304: [GC (Allocation Failure) 12.304: [ParNew (promotion failed): 2752K->3072K(3072K), 0.0173321 secs]12.321: [CMS12.331: [CMS-concurrent-mark: 0.011/0.028 secs] [Times: user=0.03 sys=0.00, real=0.03 secs] 
 (concurrent mode failure): 6518K->6516K(6848K), 0.0382745 secs] 9268K->9216K(9920K), [Metaspace: 4016K->4016K(1056768K)], 0.0557262 secs] [Times: user=0.06 sys=0.00, real=0.06 secs] 
12.363: [GC (Allocation Failure) 12.363: [ParNew (promotion failed): 2752K->3072K(3072K), 0.0176231 secs]12.380: [CMS: 6518K->6516K(6848K), 0.0279817 secs] 9268K->9220K(9920K), [Metaspace: 4016K->4016K(1056768K)], 0.0457160 secs] [Times: user=0.09 sys=0.00, real=0.05 secs] 
12.408: [GC (CMS Initial Mark) [1 CMS-initial-mark: 6516K(6848K)] 9222K(9920K), 0.0054311 secs] [Times: user=0.00 sys=0.00, real=0.01 secs] 
12.414: [CMS-concurrent-mark-start]
12.415: [GC (Allocation Failure) 12.415: [ParNew (promotion failed): 2752K->3072K(3072K), 0.0176449 secs]12.433: [CMS12.442: [CMS-concurrent-mark: 0.010/0.028 secs] [Times: user=0.08 sys=0.00, real=0.03 secs] 
 (concurrent mode failure): 6518K->6516K(6848K), 0.0337438 secs] 9268K->9223K(9920K), [Metaspace: 4016K->4016K(1056768K)], 0.0515637 secs] [Times: user=0.11 sys=0.00, real=0.05 secs] 
12.468: [GC (Allocation Failure) 12.468: [ParNew (promotion failed): 2752K->3072K(3072K), 0.0184161 secs]12.487: [CMS: 6518K->6516K(6848K), 0.0251229 secs] 9268K->9225K(9920K), [Metaspace: 4016K->4016K(1056768K)], 0.0436382 secs] [Times: user=0.08 sys=0.00, real=0.04 secs] 
12.512: [GC (CMS Initial Mark) [1 CMS-initial-mark: 6516K(6848K)] 9225K(9920K), 0.0070930 secs] [Times: user=0.02 sys=0.00, real=0.01 secs] 
12.519: [CMS-concurrent-mark-start]
12.523: [GC (Allocation Failure) 12.523: [ParNew (promotion failed): 2752K->3072K(3072K), 0.0188394 secs]12.541: [CMS12.551: [CMS-concurrent-mark: 0.013/0.032 secs] [Times: user=0.06 sys=0.00, real=0.03 secs] 
 (concurrent mode failure): 6518K->6516K(6848K), 0.0351769 secs] 9268K->9228K(9920K), [Metaspace: 4016K->4016K(1056768K)], 0.0541354 secs] [Times: user=0.08 sys=0.02, real=0.05 secs] 
12.578: [GC (Allocation Failure) 12.578: [ParNew (promotion failed): 2752K->3072K(3072K), 0.0173512 secs]12.596: [CMS: 6518K->6516K(6848K), 0.0288685 secs] 9268K->9230K(9920K), [Metaspace: 4016K->4016K(1056768K)], 0.0463422 secs] [Times: user=0.08 sys=0.02, real=0.05 secs] 
12.625: [GC (CMS Initial Mark) [1 CMS-initial-mark: 6516K(6848K)] 9230K(9920K), 0.0055079 secs] [Times: user=0.00 sys=0.00, real=0.01 secs] 
12.630: [CMS-concurrent-mark-start]
12.631: [GC (Allocation Failure) 12.631: [ParNew (promotion failed): 2752K->3071K(3072K), 0.0177632 secs]12.649: [CMS12.661: [CMS-concurrent-mark: 0.013/0.031 secs] [Times: user=0.08 sys=0.00, real=0.03 secs] 
 (concurrent mode failure): 6518K->6516K(6848K), 0.0478952 secs] 9268K->9233K(9920K), [Metaspace: 4016K->4016K(1056768K)], 0.0657640 secs] [Times: user=0.11 sys=0.00, real=0.07 secs] 
12.698: [GC (Allocation Failure) 12.698: [ParNew (promotion failed): 2752K->3071K(3072K), 0.0175577 secs]12.716: [CMS: 6518K->6516K(6848K), 0.0392084 secs] 9268K->9235K(9920K), [Metaspace: 4016K->4016K(1056768K)], 0.0568855 secs] [Times: user=0.09 sys=0.00, real=0.06 secs] 
12.755: [GC (CMS Initial Mark) [1 CMS-initial-mark: 6516K(6848K)] 9235K(9920K), 0.0080759 secs] [Times: user=0.00 sys=0.00, real=0.01 secs] 
12.763: [CMS-concurrent-mark-start]
12.773: [GC (Allocation Failure) 12.773: [ParNew (promotion failed): 2752K->3071K(3072K), 0.0202806 secs]12.793: [CMS12.797: [CMS-concurrent-mark: 0.013/0.034 secs] [Times: user=0.06 sys=0.03, real=0.03 secs] 
 (concurrent mode failure): 6518K->6516K(6848K), 0.0328496 secs] 9268K->9237K(9920K), [Metaspace: 4016K->4016K(1056768K)], 0.0532726 secs] [Times: user=0.09 sys=0.00, real=0.05 secs] 
12.827: [GC (Allocation Failure) 12.827: [ParNew (promotion failed): 2752K->3071K(3072K), 0.0187295 secs]12.846: [CMS: 6518K->6516K(6848K), 0.0254609 secs] 9268K->9239K(9920K), [Metaspace: 4016K->4016K(1056768K)], 0.0443282 secs] [Times: user=0.08 sys=0.00, real=0.05 secs] 
12.872: [GC (CMS Initial Mark) [1 CMS-initial-mark: 6516K(6848K)] 9241K(9920K), 0.0055797 secs] [Times: user=0.02 sys=0.00, real=0.00 secs] 
12.877: [CMS-concurrent-mark-start]
12.878: [GC (Allocation Failure) 12.878: [ParNew (promotion failed): 2752K->3071K(3072K), 0.0184167 secs]12.896: [CMS12.906: [CMS-concurrent-mark: 0.010/0.029 secs] [Times: user=0.08 sys=0.00, real=0.03 secs] 
 (concurrent mode failure): 6518K->6516K(6848K), 0.0352992 secs] 9268K->9241K(9920K), [Metaspace: 4016K->4016K(1056768K)], 0.0538078 secs] [Times: user=0.09 sys=0.00, real=0.05 secs] 
12.933: [GC (Allocation Failure) 12.933: [ParNew (promotion failed): 2752K->3071K(3072K), 0.0173081 secs]12.950: [CMS: 6518K->6516K(6848K), 0.0260536 secs] 9268K->9242K(9920K), [Metaspace: 4016K->4016K(1056768K)], 0.0434625 secs] [Times: user=0.09 sys=0.00, real=0.04 secs] 
12.976: [GC (CMS Initial Mark) [1 CMS-initial-mark: 6516K(6848K)] 9244K(9920K), 0.0057675 secs] [Times: user=0.00 sys=0.00, real=0.01 secs] 
12.982: [CMS-concurrent-mark-start]
12.983: [GC (Allocation Failure) 12.983: [ParNew (promotion failed): 2752K->3071K(3072K), 0.0186262 secs]13.002: [CMS13.011: [CMS-concurrent-mark: 0.010/0.029 secs] [Times: user=0.08 sys=0.00, real=0.03 secs] 
 (concurrent mode failure): 6518K->6516K(6848K), 0.0380642 secs] 9268K->9244K(9920K), [Metaspace: 4016K->4016K(1056768K)], 0.0568422 secs] [Times: user=0.09 sys=0.00, real=0.06 secs] 
13.042: [GC (Allocation Failure) 13.042: [ParNew (promotion failed): 2752K->3071K(3072K), 0.0176947 secs]13.060: [CMS: 6518K->6516K(6848K), 0.0301785 secs] 9268K->9245K(9920K), [Metaspace: 4016K->4016K(1056768K)], 0.0479792 secs] [Times: user=0.08 sys=0.00, real=0.05 secs] 
13.090: [GC (CMS Initial Mark) [1 CMS-initial-mark: 6516K(6848K)] 9247K(9920K), 0.0054916 secs] [Times: user=0.02 sys=0.00, real=0.01 secs] 
13.096: [CMS-concurrent-mark-start]
13.097: [GC (Allocation Failure) 13.097: [ParNew (promotion failed): 2752K->3072K(3072K), 0.0175369 secs]13.114: [CMS13.123: [CMS-concurrent-mark: 0.009/0.027 secs] [Times: user=0.05 sys=0.00, real=0.03 secs] 
 (concurrent mode failure): 6518K->6516K(6848K), 0.0341361 secs] 9268K->9247K(9920K), [Metaspace: 4016K->4016K(1056768K)], 0.0517784 secs] [Times: user=0.06 sys=0.00, real=0.05 secs] 
13.149: [GC (Allocation Failure) 13.149: [ParNew (promotion failed): 2752K->3072K(3072K), 0.0175303 secs]13.166: [CMS: 6518K->6516K(6848K), 0.0244443 secs] 9268K->9248K(9920K), [Metaspace: 4016K->4016K(1056768K)], 0.0420817 secs] [Times: user=0.09 sys=0.00, real=0.04 secs] 
13.191: [GC (CMS Initial Mark) [1 CMS-initial-mark: 6516K(6848K)] 9250K(9920K), 0.0054811 secs] [Times: user=0.00 sys=0.00, real=0.01 secs] 
13.197: [CMS-concurrent-mark-start]
13.197: [GC (Allocation Failure) 13.197: [ParNew (promotion failed): 2752K->3072K(3072K), 0.0182909 secs]13.216: [CMS13.225: [CMS-concurrent-mark: 0.010/0.028 secs] [Times: user=0.06 sys=0.00, real=0.03 secs] 
 (concurrent mode failure): 6518K->6516K(6848K), 0.0359691 secs] 9268K->9249K(9920K), [Metaspace: 4016K->4016K(1056768K)], 0.0543661 secs] [Times: user=0.09 sys=0.00, real=0.05 secs] 
13.252: [GC (Allocation Failure) 13.252: [ParNew (promotion failed): 2752K->3071K(3072K), 0.0180748 secs]13.270: [CMS: 6518K->6516K(6848K), 0.0397768 secs] 9268K->9250K(9920K), [Metaspace: 4016K->4016K(1056768K)], 0.0579695 secs] [Times: user=0.08 sys=0.01, real=0.06 secs] 
13.310: [GC (CMS Initial Mark) [1 CMS-initial-mark: 6516K(6848K)] 9252K(9920K), 0.0055948 secs] [Times: user=0.00 sys=0.00, real=0.01 secs] 
13.316: [CMS-concurrent-mark-start]
13.318: [GC (Allocation Failure) 13.318: [ParNew (promotion failed): 2752K->3072K(3072K), 0.0186621 secs]13.337: [CMS13.345: [CMS-concurrent-mark: 0.010/0.029 secs] [Times: user=0.08 sys=0.00, real=0.03 secs] 
 (concurrent mode failure): 6518K->6516K(6848K), 0.0328350 secs] 9268K->9251K(9920K), [Metaspace: 4016K->4016K(1056768K)], 0.0516201 secs] [Times: user=0.09 sys=0.00, real=0.05 secs] 
13.371: [GC (Allocation Failure) 13.371: [ParNew (promotion failed): 2752K->3072K(3072K), 0.0184750 secs]13.389: [CMS: 6518K->6516K(6848K), 0.0304377 secs] 9268K->9252K(9920K), [Metaspace: 4016K->4016K(1056768K)], 0.0490032 secs] [Times: user=0.11 sys=0.00, real=0.05 secs] 
13.420: [GC (CMS Initial Mark) [1 CMS-initial-mark: 6516K(6848K)] 9252K(9920K), 0.0056055 secs] [Times: user=0.00 sys=0.00, real=0.01 secs] 
13.425: [CMS-concurrent-mark-start]
13.426: [GC (Allocation Failure) 13.426: [ParNew (promotion failed): 2752K->3072K(3072K), 0.0181247 secs]13.444: [CMS13.455: [CMS-concurrent-mark: 0.012/0.030 secs] [Times: user=0.05 sys=0.02, real=0.03 secs] 
 (concurrent mode failure): 6518K->6516K(6848K), 0.0401063 secs] 9268K->9253K(9920K), [Metaspace: 4016K->4016K(1056768K)], 0.0583569 secs] [Times: user=0.08 sys=0.02, real=0.06 secs] 
13.485: [GC (Allocation Failure) 13.485: [ParNew (promotion failed): 2752K->3072K(3072K), 0.0176460 secs]13.502: [CMS: 6518K->6516K(6848K), 0.0253064 secs] 9268K->9254K(9920K), [Metaspace: 4016K->4016K(1056768K)], 0.0430402 secs] [Times: user=0.03 sys=0.00, real=0.04 secs] 
13.528: [GC (CMS Initial Mark) [1 CMS-initial-mark: 6516K(6848K)] 9254K(9920K), 0.0065026 secs] [Times: user=0.02 sys=0.00, real=0.01 secs] 
13.534: [CMS-concurrent-mark-start]
13.535: [GC (Allocation Failure) 13.535: [ParNew (promotion failed): 2752K->3072K(3072K), 0.0186905 secs]13.554: [CMS13.563: [CMS-concurrent-mark: 0.009/0.028 secs] [Times: user=0.08 sys=0.00, real=0.03 secs] 
 (concurrent mode failure): 6518K->6516K(6848K), 0.0355227 secs] 9268K->9255K(9920K), [Metaspace: 4016K->4016K(1056768K)], 0.0543226 secs] [Times: user=0.09 sys=0.00, real=0.06 secs] 
13.590: [GC (Allocation Failure) 13.590: [ParNew (promotion failed): 2752K->3072K(3072K), 0.0174664 secs]13.607: [CMS: 6518K->6516K(6848K), 0.0286362 secs] 9268K->9256K(9920K), [Metaspace: 4016K->4016K(1056768K)], 0.0462077 secs] [Times: user=0.08 sys=0.01, real=0.05 secs] 
13.636: [GC (CMS Initial Mark) [1 CMS-initial-mark: 6516K(6848K)] 9258K(9920K), 0.0064479 secs] [Times: user=0.02 sys=0.00, real=0.01 secs] 
13.642: [CMS-concurrent-mark-start]
13.643: [GC (Allocation Failure) 13.643: [ParNew (promotion failed): 2752K->3071K(3072K), 0.0194133 secs]13.662: [CMS13.678: [CMS-concurrent-mark: 0.016/0.036 secs] [Times: user=0.08 sys=0.00, real=0.04 secs] 
 (concurrent mode failure): 6518K->6516K(6848K), 0.0502650 secs] 9268K->9257K(9920K), [Metaspace: 4016K->4016K(1056768K)], 0.0698283 secs] [Times: user=0.11 sys=0.00, real=0.07 secs] 
13.713: [GC (Allocation Failure) 13.713: [ParNew (promotion failed): 2752K->3072K(3072K), 0.0197640 secs]13.733: [CMS: 6518K->6516K(6848K), 0.0353753 secs] 9268K->9257K(9920K), [Metaspace: 4016K->4016K(1056768K)], 0.0552542 secs] [Times: user=0.08 sys=0.00, real=0.06 secs] 
13.769: [GC (CMS Initial Mark) [1 CMS-initial-mark: 6516K(6848K)] 9259K(9920K), 0.0064198 secs] [Times: user=0.00 sys=0.00, real=0.01 secs] 
13.775: [CMS-concurrent-mark-start]
13.776: [GC (Allocation Failure) 13.776: [ParNew (promotion failed): 2751K->3071K(3072K), 0.0182599 secs]13.794: [CMS13.803: [CMS-concurrent-mark: 0.010/0.028 secs] [Times: user=0.06 sys=0.00, real=0.03 secs] 
 (concurrent mode failure): 6518K->6516K(6848K), 0.0345214 secs] 9268K->9258K(9920K), [Metaspace: 4016K->4016K(1056768K)], 0.0528949 secs] [Times: user=0.09 sys=0.00, real=0.05 secs] 
13.829: [GC (Allocation Failure) 13.829: [ParNew (promotion failed): 2752K->3072K(3072K), 0.0185533 secs]13.847: [CMS: 6518K->6516K(6848K), 0.0273595 secs] 9268K->9259K(9920K), [Metaspace: 4016K->4016K(1056768K)], 0.0460025 secs] [Times: user=0.08 sys=0.02, real=0.05 secs] 
13.875: [GC (CMS Initial Mark) [1 CMS-initial-mark: 6516K(6848K)] 9259K(9920K), 0.0054220 secs] [Times: user=0.00 sys=0.00, real=0.01 secs] 
13.880: [CMS-concurrent-mark-start]
13.881: [GC (Allocation Failure) 13.881: [ParNew (promotion failed): 2752K->3072K(3072K), 0.0186419 secs]13.899: [CMS13.911: [CMS-concurrent-mark: 0.012/0.031 secs] [Times: user=0.05 sys=0.02, real=0.03 secs] 
 (concurrent mode failure): 6518K->6516K(6848K), 0.0442798 secs] 9268K->9259K(9920K), [Metaspace: 4016K->4016K(1056768K)], 0.0630279 secs] [Times: user=0.08 sys=0.02, real=0.06 secs] 
13.945: [GC (Allocation Failure) 13.945: [ParNew (promotion failed): 2752K->3072K(3072K), 0.0193260 secs]13.964: [CMS: 6518K->6516K(6848K), 0.0302366 secs] 9268K->9260K(9920K), [Metaspace: 4016K->4016K(1056768K)], 0.0496759 secs] [Times: user=0.08 sys=0.00, real=0.05 secs] 
13.995: [GC (CMS Initial Mark) [1 CMS-initial-mark: 6516K(6848K)] 9260K(9920K), 0.0061195 secs] [Times: user=0.02 sys=0.00, real=0.01 secs] 
14.001: [CMS-concurrent-mark-start]
14.001: [GC (Allocation Failure) 14.001: [ParNew (promotion failed): 2752K->3072K(3072K), 0.0188938 secs]14.020: [CMS14.030: [CMS-concurrent-mark: 0.010/0.029 secs] [Times: user=0.08 sys=0.00, real=0.03 secs] 
 (concurrent mode failure): 6518K->6516K(6848K), 0.0394411 secs] 9268K->9260K(9920K), [Metaspace: 4016K->4016K(1056768K)], 0.0584421 secs] [Times: user=0.09 sys=0.00, real=0.06 secs] 
14.060: [GC (Allocation Failure) 14.060: [ParNew (promotion failed): 2752K->3072K(3072K), 0.0178228 secs]14.078: [CMS: 6518K->6516K(6848K), 0.0432001 secs] 9268K->9261K(9920K), [Metaspace: 4016K->4016K(1056768K)], 0.0611398 secs] [Times: user=0.09 sys=0.00, real=0.06 secs] 
14.122: [GC (CMS Initial Mark) [1 CMS-initial-mark: 6516K(6848K)] 9263K(9920K), 0.0066490 secs] [Times: user=0.02 sys=0.00, real=0.01 secs] 
14.128: [CMS-concurrent-mark-start]
14.129: [GC (Allocation Failure) 14.129: [ParNew (promotion failed): 2752K->3071K(3072K), 0.0186783 secs]14.147: [CMS14.166: [CMS-concurrent-mark: 0.019/0.038 secs] [Times: user=0.06 sys=0.00, real=0.04 secs] 
 (concurrent mode failure): 6518K->6516K(6848K), 0.0711082 secs] 9268K->9261K(9920K), [Metaspace: 4016K->4016K(1056768K)], 0.0899241 secs] [Times: user=0.13 sys=0.00, real=0.09 secs] 
14.219: [GC (Allocation Failure) 14.220: [ParNew (promotion failed): 2752K->3071K(3072K), 0.0176553 secs]14.237: [CMS: 6518K->6516K(6848K), 0.0469953 secs] 9268K->9261K(9920K), [Metaspace: 4016K->4016K(1056768K)], 0.0647940 secs] [Times: user=0.11 sys=0.00, real=0.07 secs] 
14.284: [GC (CMS Initial Mark) [1 CMS-initial-mark: 6516K(6848K)] 9264K(9920K), 0.0073505 secs] [Times: user=0.00 sys=0.00, real=0.01 secs] 
14.292: [CMS-concurrent-mark-start]
14.292: [GC (Allocation Failure) 14.292: [ParNew (promotion failed): 2752K->3072K(3072K), 0.0192076 secs]14.311: [CMS14.322: [CMS-concurrent-mark: 0.011/0.030 secs] [Times: user=0.05 sys=0.00, real=0.03 secs] 
 (concurrent mode failure): 6518K->6516K(6848K), 0.0421494 secs] 9268K->9262K(9920K), [Metaspace: 4016K->4016K(1056768K)], 0.0615076 secs] [Times: user=0.06 sys=0.02, real=0.06 secs] 
14.354: [GC (Allocation Failure) 14.354: [ParNew (promotion failed): 2752K->3072K(3072K), 0.0185427 secs]14.373: [CMS: 6518K->6516K(6848K), 0.0364305 secs] 9268K->9262K(9920K), [Metaspace: 4016K->4016K(1056768K)], 0.0550938 secs] [Times: user=0.08 sys=0.02, real=0.06 secs] 
14.409: [GC (CMS Initial Mark) [1 CMS-initial-mark: 6516K(6848K)] 9262K(9920K), 0.0060923 secs] [Times: user=0.00 sys=0.00, real=0.01 secs] 
14.416: [CMS-concurrent-mark-start]
14.416: [GC (Allocation Failure) 14.416: [ParNew (promotion failed): 2752K->3072K(3072K), 0.0195275 secs]14.436: [CMS14.446: [CMS-concurrent-mark: 0.011/0.031 secs] [Times: user=0.05 sys=0.00, real=0.03 secs] 
 (concurrent mode failure): 6518K->6516K(6848K), 0.0364974 secs] 9268K->9263K(9920K), [Metaspace: 4016K->4016K(1056768K)], 0.0561636 secs] [Times: user=0.08 sys=0.00, real=0.06 secs] 
14.472: [GC (Allocation Failure) 14.472: [ParNew (promotion failed): 2752K->3072K(3072K), 0.0177780 secs]14.490: [CMS: 6518K->6516K(6848K), 0.0256564 secs] 9268K->9263K(9920K), [Metaspace: 4016K->4016K(1056768K)], 0.0435251 secs] [Times: user=0.09 sys=0.00, real=0.04 secs] 
14.516: [GC (CMS Initial Mark) [1 CMS-initial-mark: 6516K(6848K)] 9263K(9920K), 0.0062008 secs] [Times: user=0.00 sys=0.00, real=0.01 secs] 
14.522: [CMS-concurrent-mark-start]
14.523: [GC (Allocation Failure) 14.523: [ParNew (promotion failed): 2752K->3071K(3072K), 0.0182114 secs]14.541: [CMS14.550: [CMS-concurrent-mark: 0.009/0.027 secs] [Times: user=0.08 sys=0.00, real=0.03 secs] 
 (concurrent mode failure): 6518K->6516K(6848K), 0.0374681 secs] 9268K->9263K(9920K), [Metaspace: 4016K->4016K(1056768K)], 0.0557771 secs] [Times: user=0.11 sys=0.00, real=0.06 secs] 
14.579: [GC (Allocation Failure) 14.579: [ParNew (promotion failed): 2752K->3071K(3072K), 0.0178364 secs]14.597: [CMS: 6518K->6516K(6848K), 0.0287308 secs] 9268K->9263K(9920K), [Metaspace: 4016K->4016K(1056768K)], 0.0466708 secs] [Times: user=0.09 sys=0.00, real=0.05 secs] 
14.625: [GC (CMS Initial Mark) [1 CMS-initial-mark: 6516K(6848K)] 9266K(9920K), 0.0056361 secs] [Times: user=0.00 sys=0.00, real=0.01 secs] 
14.631: [CMS-concurrent-mark-start]
14.632: [GC (Allocation Failure) 14.632: [ParNew (promotion failed): 2752K->3071K(3072K), 0.0204724 secs]14.652: [CMS14.668: [CMS-concurrent-mark: 0.017/0.037 secs] [Times: user=0.08 sys=0.00, real=0.04 secs] 
 (concurrent mode failure): 6518K->6516K(6848K), 0.0595471 secs] 9268K->9264K(9920K), [Metaspace: 4016K->4016K(1056768K)], 0.0801556 secs] [Times: user=0.13 sys=0.00, real=0.08 secs] 
14.712: [GC (Allocation Failure) 14.712: [ParNew (promotion failed): 2752K->3072K(3072K), 0.0183848 secs]14.731: [CMS: 6518K->6516K(6848K), 0.0413056 secs] 9268K->9264K(9920K), [Metaspace: 4016K->4016K(1056768K)], 0.0598037 secs] [Times: user=0.08 sys=0.00, real=0.06 secs] 
14.773: [GC (CMS Initial Mark) [1 CMS-initial-mark: 6516K(6848K)] 9266K(9920K), 0.0084837 secs] [Times: user=0.02 sys=0.00, real=0.01 secs] 
14.781: [CMS-concurrent-mark-start]
14.783: [GC (Allocation Failure) 14.783: [ParNew (promotion failed): 2752K->3072K(3072K), 0.0213025 secs]14.804: [CMS14.818: [CMS-concurrent-mark: 0.016/0.037 secs] [Times: user=0.05 sys=0.00, real=0.04 secs] 
 (concurrent mode failure): 6518K->6516K(6848K), 0.0671742 secs] 9268K->9264K(9920K), [Metaspace: 4016K->4016K(1056768K)], 0.0886319 secs] [Times: user=0.09 sys=0.00, real=0.09 secs] 
14.872: [GC (Allocation Failure) 14.872: [ParNew (promotion failed): 2752K->3070K(3072K), 0.0179187 secs]14.890: [CMS: 6518K->6516K(6848K), 0.0486079 secs] 9268K->9264K(9920K), [Metaspace: 4016K->4016K(1056768K)], 0.0666523 secs] [Times: user=0.11 sys=0.00, real=0.07 secs] 
14.939: [GC (CMS Initial Mark) [1 CMS-initial-mark: 6516K(6848K)] 9266K(9920K), 0.0092225 secs] [Times: user=0.00 sys=0.00, real=0.01 secs] 
14.948: [CMS-concurrent-mark-start]
14.948: [GC (Allocation Failure) 14.948: [ParNew (promotion failed): 2752K->3070K(3072K), 0.0194156 secs]14.968: [CMS14.987: [CMS-concurrent-mark: 0.019/0.039 secs] [Times: user=0.08 sys=0.00, real=0.04 secs] 
 (concurrent mode failure): 6518K->6516K(6848K), 0.0621895 secs] 9268K->9265K(9920K), [Metaspace: 4016K->4016K(1056768K)], 0.0817218 secs] [Times: user=0.13 sys=0.00, real=0.08 secs] 
15.031: [GC (Allocation Failure) 15.031: [ParNew (promotion failed): 2752K->3072K(3072K), 0.0220901 secs]15.053: [CMS: 6518K->6516K(6848K), 0.0490227 secs] 9268K->9265K(9920K), [Metaspace: 4016K->4016K(1056768K)], 0.0712424 secs] [Times: user=0.09 sys=0.00, real=0.07 secs] 
15.102: [GC (CMS Initial Mark) [1 CMS-initial-mark: 6516K(6848K)] 9267K(9920K), 0.0082292 secs] [Times: user=0.02 sys=0.00, real=0.01 secs] 
15.110: [CMS-concurrent-mark-start]
15.111: [GC (Allocation Failure) 15.112: [ParNew (promotion failed): 2752K->3072K(3072K), 0.0191510 secs]15.131: [CMS15.146: [CMS-concurrent-mark: 0.016/0.035 secs] [Times: user=0.08 sys=0.00, real=0.04 secs] 
 (concurrent mode failure): 6518K->6516K(6848K), 0.0615454 secs] 9268K->9265K(9920K), [Metaspace: 4016K->4016K(1056768K)], 0.0808186 secs] [Times: user=0.13 sys=0.00, real=0.08 secs] 
15.193: [GC (Allocation Failure) 15.193: [ParNew (promotion failed): 2752K->3072K(3072K), 0.0190766 secs]15.212: [CMS: 6518K->6516K(6848K), 0.0315254 secs] 9268K->9265K(9920K), [Metaspace: 4016K->4016K(1056768K)], 0.0507316 secs] [Times: user=0.08 sys=0.00, real=0.05 secs] 
15.244: [GC (CMS Initial Mark) [1 CMS-initial-mark: 6516K(6848K)] 9267K(9920K), 0.0072706 secs] [Times: user=0.02 sys=0.00, real=0.01 secs] 
15.251: [CMS-concurrent-mark-start]
15.252: [GC (Allocation Failure) 15.252: [ParNew (promotion failed): 2752K->3072K(3072K), 0.0171886 secs]15.269: [CMS15.281: [CMS-concurrent-mark: 0.012/0.029 secs] [Times: user=0.08 sys=0.00, real=0.03 secs] 
 (concurrent mode failure): 6518K->6516K(6848K), 0.0472484 secs] 9268K->9265K(9920K), [Metaspace: 4016K->4016K(1056768K)], 0.0645523 secs] [Times: user=0.11 sys=0.00, real=0.06 secs] 
15.317: [GC (Allocation Failure) 15.317: [ParNew (promotion failed): 2752K->3072K(3072K), 0.0184903 secs]15.335: [CMS: 6518K->6516K(6848K), 0.0391727 secs] 9268K->9265K(9920K), [Metaspace: 4016K->4016K(1056768K)], 0.0577860 secs] [Times: user=0.09 sys=0.00, real=0.06 secs] 
15.374: [GC (CMS Initial Mark) [1 CMS-initial-mark: 6516K(6848K)] 9265K(9920K), 0.0077393 secs] [Times: user=0.00 sys=0.00, real=0.01 secs] 
15.382: [CMS-concurrent-mark-start]
15.385: [GC (Allocation Failure) 15.385: [ParNew (promotion failed): 2752K->3072K(3072K), 0.0196227 secs]15.404: [CMS15.419: [CMS-concurrent-mark: 0.017/0.037 secs] [Times: user=0.03 sys=0.00, real=0.04 secs] 
 (concurrent mode failure): 6518K->6516K(6848K), 0.0515613 secs] 9268K->9266K(9920K), [Metaspace: 4016K->4016K(1056768K)], 0.0713085 secs] [Times: user=0.08 sys=0.00, real=0.07 secs] 
15.456: [GC (Allocation Failure) 15.456: [ParNew (promotion failed): 2752K->3072K(3072K), 0.0186259 secs]15.475: [CMS: 6518K->6516K(6848K), 0.0333682 secs] 9268K->9266K(9920K), [Metaspace: 4016K->4016K(1056768K)], 0.0520945 secs] [Times: user=0.08 sys=0.00, real=0.05 secs] 
15.508: [GC (CMS Initial Mark) [1 CMS-initial-mark: 6516K(6848K)] 9266K(9920K), 0.0070381 secs] [Times: user=0.02 sys=0.00, real=0.01 secs] 
15.516: [CMS-concurrent-mark-start]
15.517: [GC (Allocation Failure) 15.517: [ParNew (promotion failed): 2752K->3072K(3072K), 0.0185697 secs]15.536: [CMS15.550: [CMS-concurrent-mark: 0.016/0.034 secs] [Times: user=0.08 sys=0.00, real=0.03 secs] 
 (concurrent mode failure): 6518K->6516K(6848K), 0.0467704 secs] 9268K->9266K(9920K), [Metaspace: 4016K->4016K(1056768K)], 0.0654606 secs] [Times: user=0.11 sys=0.00, real=0.07 secs] 
15.583: [GC (Allocation Failure) 15.583: [ParNew (promotion failed): 2752K->3072K(3072K), 0.0178601 secs]15.601: [CMS: 6518K->6516K(6848K), 0.0395898 secs] 9268K->9266K(9920K), [Metaspace: 4016K->4016K(1056768K)], 0.0575504 secs] [Times: user=0.09 sys=0.00, real=0.06 secs] 
15.640: [GC (CMS Initial Mark) [1 CMS-initial-mark: 6516K(6848K)] 9266K(9920K), 0.0077156 secs] [Times: user=0.00 sys=0.00, real=0.01 secs] 
15.648: [CMS-concurrent-mark-start]
15.648: [GC (Allocation Failure) 15.648: [ParNew (promotion failed): 2752K->3071K(3072K), 0.0206413 secs]15.669: [CMS15.686: [CMS-concurrent-mark: 0.017/0.038 secs] [Times: user=0.08 sys=0.00, real=0.04 secs] 
 (concurrent mode failure): 6518K->6516K(6848K), 0.0571294 secs] 9268K->9266K(9920K), [Metaspace: 4016K->4016K(1056768K)], 0.0778871 secs] [Times: user=0.11 sys=0.00, real=0.08 secs] 
15.727: [GC (Allocation Failure) 15.727: [ParNew (promotion failed): 2752K->3072K(3072K), 0.0190055 secs]15.746: [CMS: 6518K->6516K(6848K), 0.0383596 secs] 9268K->9266K(9920K), [Metaspace: 4016K->4016K(1056768K)], 0.0574868 secs] [Times: user=0.08 sys=0.02, real=0.06 secs] 
15.784: [GC (CMS Initial Mark) [1 CMS-initial-mark: 6516K(6848K)] 9266K(9920K), 0.0084290 secs] [Times: user=0.00 sys=0.00, real=0.01 secs] 
15.793: [CMS-concurrent-mark-start]
15.793: [GC (Allocation Failure) 15.793: [ParNew (promotion failed): 2752K->3072K(3072K), 0.0180471 secs]15.812: [CMS15.826: [CMS-concurrent-mark: 0.016/0.034 secs] [Times: user=0.08 sys=0.00, real=0.03 secs] 
 (concurrent mode failure): 6518K->6516K(6848K), 0.0456324 secs] 9268K->9266K(9920K), [Metaspace: 4016K->4016K(1056768K)], 0.0637960 secs] [Times: user=0.09 sys=0.00, real=0.06 secs] 
15.857: [GC (Allocation Failure) 15.858: [ParNew (promotion failed): 2752K->3072K(3072K), 0.0186908 secs]15.876: [CMS: 6518K->6516K(6848K), 0.0352376 secs] 9268K->9266K(9920K), [Metaspace: 4016K->4016K(1056768K)], 0.0540390 secs] [Times: user=0.06 sys=0.00, real=0.05 secs] 
15.912: [GC (CMS Initial Mark) [1 CMS-initial-mark: 6516K(6848K)] 9266K(9920K), 0.0081865 secs] [Times: user=0.01 sys=0.00, real=0.01 secs] 
15.920: [CMS-concurrent-mark-start]
15.920: [GC (Allocation Failure) 15.920: [ParNew (promotion failed): 2752K->3072K(3072K), 0.0186837 secs]15.939: [CMS15.955: [CMS-concurrent-mark: 0.016/0.035 secs] [Times: user=0.08 sys=0.00, real=0.04 secs] 
 (concurrent mode failure): 6518K->6516K(6848K), 0.0469080 secs] 9268K->9266K(9920K), [Metaspace: 4016K->4016K(1056768K)], 0.0657127 secs] [Times: user=0.11 sys=0.00, real=0.07 secs] 
15.986: [GC (Allocation Failure) 15.986: [ParNew (promotion failed): 2752K->3072K(3072K), 0.0184471 secs]16.005: [CMS: 6518K->6516K(6848K), 0.0349644 secs] 9268K->9266K(9920K), [Metaspace: 4016K->4016K(1056768K)], 0.0535102 secs] [Times: user=0.09 sys=0.00, real=0.05 secs] 
16.040: [GC (CMS Initial Mark) [1 CMS-initial-mark: 6516K(6848K)] 9266K(9920K), 0.0056848 secs] [Times: user=0.02 sys=0.00, real=0.01 secs] 
16.046: [CMS-concurrent-mark-start]
16.046: [GC (Allocation Failure) 16.046: [ParNew (promotion failed): 2752K->3072K(3072K), 0.0175000 secs]16.063: [CMS16.074: [CMS-concurrent-mark: 0.011/0.029 secs] [Times: user=0.06 sys=0.00, real=0.03 secs] 
 (concurrent mode failure): 6518K->6516K(6848K), 0.0363398 secs] 9268K->9266K(9920K), [Metaspace: 4016K->4016K(1056768K)], 0.0542914 secs] [Times: user=0.09 sys=0.00, real=0.05 secs] 
16.102: [GC (Allocation Failure) 16.102: [ParNew (promotion failed): 2752K->3072K(3072K), 0.0184176 secs]16.120: [CMS: 6518K->6516K(6848K), 0.0261971 secs] 9268K->9267K(9920K), [Metaspace: 4016K->4016K(1056768K)], 0.0447513 secs] [Times: user=0.08 sys=0.00, real=0.04 secs] 
16.146: [GC (CMS Initial Mark) [1 CMS-initial-mark: 6516K(6848K)] 9267K(9920K), 0.0070048 secs] [Times: user=0.00 sys=0.00, real=0.01 secs] 
16.153: [CMS-concurrent-mark-start]
16.154: [GC (Allocation Failure) 16.154: [ParNew (promotion failed): 2752K->3072K(3072K), 0.0187172 secs]16.172: [CMS16.186: [CMS-concurrent-mark: 0.013/0.032 secs] [Times: user=0.11 sys=0.00, real=0.03 secs] 
 (concurrent mode failure): 6518K->6516K(6848K), 0.0431965 secs] 9268K->9267K(9920K), [Metaspace: 4016K->4016K(1056768K)], 0.0620140 secs] [Times: user=0.13 sys=0.00, real=0.06 secs] 
16.216: [GC (Allocation Failure) 16.216: [ParNew (promotion failed): 2752K->3072K(3072K), 0.0197618 secs]16.236: [CMS: 6518K->6516K(6848K), 0.0319111 secs] 9268K->9267K(9920K), [Metaspace: 4016K->4016K(1056768K)], 0.0517866 secs] [Times: user=0.09 sys=0.00, real=0.05 secs] 
16.268: [GC (CMS Initial Mark) [1 CMS-initial-mark: 6516K(6848K)] 9268K(9920K), 0.0054258 secs] [Times: user=0.00 sys=0.00, real=0.01 secs] 
16.273: [CMS-concurrent-mark-start]
16.274: [GC (Allocation Failure) 16.274: [ParNew (promotion failed): 2752K->3072K(3072K), 0.0185726 secs]16.292: [CMS16.301: [CMS-concurrent-mark: 0.009/0.028 secs] [Times: user=0.08 sys=0.00, real=0.03 secs] 
 (concurrent mode failure): 6518K->6516K(6848K), 0.0441037 secs] 9268K->9267K(9920K), [Metaspace: 4016K->4016K(1056768K)], 0.0627638 secs] [Times: user=0.11 sys=0.00, real=0.06 secs] 
16.337: [GC (Allocation Failure) 16.337: [ParNew (promotion failed): 2752K->3072K(3072K), 0.0188812 secs]16.356: [CMS: 6518K->6516K(6848K), 0.0326873 secs] 9268K->9267K(9920K), [Metaspace: 4016K->4016K(1056768K)], 0.0517022 secs] [Times: user=0.09 sys=0.00, real=0.05 secs] 
16.388: [GC (CMS Initial Mark) [1 CMS-initial-mark: 6516K(6848K)] 9268K(9920K), 0.0072378 secs] [Times: user=0.00 sys=0.00, real=0.01 secs] 
16.396: [CMS-concurrent-mark-start]
16.396: [GC (Allocation Failure) 16.396: [ParNew (promotion failed): 2752K->3072K(3072K), 0.0177234 secs]16.414: [CMS16.424: [CMS-concurrent-mark: 0.011/0.028 secs] [Times: user=0.08 sys=0.00, real=0.03 secs] 
 (concurrent mode failure): 6518K->6516K(6848K), 0.0385146 secs] 9268K->9267K(9920K), [Metaspace: 4016K->4016K(1056768K)], 0.0563423 secs] [Times: user=0.11 sys=0.00, real=0.06 secs] 
16.452: [GC (Allocation Failure) 16.452: [ParNew (promotion failed): 2752K->3072K(3072K), 0.0180915 secs]16.471: [CMS: 6518K->6516K(6848K), 0.0337958 secs] 9268K->9267K(9920K), [Metaspace: 4016K->4016K(1056768K)], 0.0519887 secs] [Times: user=0.08 sys=0.00, real=0.05 secs] 
16.505: [GC (CMS Initial Mark) [1 CMS-initial-mark: 6516K(6848K)] 9268K(9920K), 0.0074083 secs] [Times: user=0.00 sys=0.00, real=0.01 secs] 
16.512: [CMS-concurrent-mark-start]
16.520: [GC (Allocation Failure) 16.520: [ParNew (promotion failed): 2752K->3072K(3072K), 0.0177660 secs]16.538: [CMS16.545: [CMS-concurrent-mark: 0.015/0.033 secs] [Times: user=0.09 sys=0.00, real=0.03 secs] 
 (concurrent mode failure): 6518K->6516K(6848K), 0.1154284 secs] 9268K->9267K(9920K), [Metaspace: 4016K->4016K(1056768K)], 0.1333356 secs] [Times: user=0.11 sys=0.00, real=0.13 secs] 
16.695: [GC (Allocation Failure) 16.695: [ParNew (promotion failed): 2752K->3072K(3072K), 0.0214350 secs]16.717: [CMS: 6518K->6516K(6848K), 0.0391829 secs] 9268K->9267K(9920K), [Metaspace: 4016K->4016K(1056768K)], 0.0607542 secs] [Times: user=0.08 sys=0.00, real=0.06 secs] 
16.757: [GC (CMS Initial Mark) [1 CMS-initial-mark: 6516K(6848K)] 9267K(9920K), 0.0075060 secs] [Times: user=0.02 sys=0.00, real=0.01 secs] 
16.764: [CMS-concurrent-mark-start]
16.766: [GC (Allocation Failure) 16.766: [ParNew (promotion failed): 2752K->3072K(3072K), 0.0195879 secs]16.785: [CMS16.799: [CMS-concurrent-mark: 0.015/0.035 secs] [Times: user=0.06 sys=0.00, real=0.04 secs] 
 (concurrent mode failure): 6518K->6516K(6848K), 0.0406595 secs] 9268K->9267K(9920K), [Metaspace: 4016K->4016K(1056768K)], 0.0603593 secs] [Times: user=0.09 sys=0.00, real=0.06 secs] 
16.826: [GC (Allocation Failure) 16.826: [ParNew (promotion failed): 2752K->3072K(3072K), 0.0184424 secs]16.845: [CMS: 6518K->6516K(6848K), 0.0264679 secs] 9268K->9267K(9920K), [Metaspace: 4016K->4016K(1056768K)], 0.0450042 secs] [Times: user=0.06 sys=0.00, real=0.05 secs] 
16.871: [GC (CMS Initial Mark) [1 CMS-initial-mark: 6516K(6848K)] 9267K(9920K), 0.0057261 secs] [Times: user=0.02 sys=0.00, real=0.01 secs] 
16.877: [CMS-concurrent-mark-start]
16.877: [GC (Allocation Failure) 16.877: [ParNew (promotion failed): 2752K->3072K(3072K), 0.0179190 secs]16.895: [CMS16.908: [CMS-concurrent-mark: 0.013/0.031 secs] [Times: user=0.08 sys=0.00, real=0.03 secs] 
 (concurrent mode failure): 6518K->6516K(6848K), 0.0499128 secs] 9268K->9267K(9920K), [Metaspace: 4016K->4016K(1056768K)], 0.0679246 secs] [Times: user=0.11 sys=0.00, real=0.07 secs] 
16.946: [GC (Allocation Failure) 16.946: [ParNew (promotion failed): 2752K->3072K(3072K), 0.0180582 secs]16.964: [CMS: 6518K->6516K(6848K), 0.0393200 secs] 9268K->9267K(9920K), [Metaspace: 4016K->4016K(1056768K)], 0.0574819 secs] [Times: user=0.08 sys=0.00, real=0.06 secs] 
17.003: [GC (CMS Initial Mark) [1 CMS-initial-mark: 6516K(6848K)] 9267K(9920K), 0.0055013 secs] [Times: user=0.00 sys=0.00, real=0.00 secs] 
17.009: [CMS-concurrent-mark-start]
17.009: [GC (Allocation Failure) 17.009: [ParNew (promotion failed): 2752K->3071K(3072K), 0.0175398 secs]17.026: [CMS17.037: [CMS-concurrent-mark: 0.011/0.028 secs] [Times: user=0.06 sys=0.00, real=0.03 secs] 
 (concurrent mode failure): 6518K->6516K(6848K), 0.0373281 secs] 9268K->9267K(9920K), [Metaspace: 4016K->4016K(1056768K)], 0.0549707 secs] [Times: user=0.09 sys=0.00, real=0.06 secs] 
17.064: [GC (Allocation Failure) 17.064: [ParNew (promotion failed): 2752K->3071K(3072K), 0.0187966 secs]17.083: [CMS: 6518K->6516K(6848K), 0.0308690 secs] 9268K->9267K(9920K), [Metaspace: 4016K->4016K(1056768K)], 0.0497693 secs] [Times: user=0.09 sys=0.00, real=0.05 secs] 
17.114: [GC (CMS Initial Mark) [1 CMS-initial-mark: 6516K(6848K)] 9268K(9920K), 0.0061717 secs] [Times: user=0.00 sys=0.00, real=0.01 secs] 
17.120: [CMS-concurrent-mark-start]
17.120: [GC (Allocation Failure) 17.120: [ParNew (promotion failed): 2752K->3071K(3072K), 0.0178080 secs]17.138: [CMS17.148: [CMS-concurrent-mark: 0.010/0.028 secs] [Times: user=0.05 sys=0.01, real=0.03 secs] 
 (concurrent mode failure): 6518K->6516K(6848K), 0.0462302 secs] 9268K->9267K(9920K), [Metaspace: 4016K->4016K(1056768K)], 0.0641489 secs] [Times: user=0.08 sys=0.01, real=0.06 secs] 
17.185: [GC (Allocation Failure) 17.185: [ParNew (promotion failed): 2752K->3072K(3072K), 0.0186309 secs]17.203: [CMS: 6518K->6516K(6848K), 0.0293613 secs] 9268K->9267K(9920K), [Metaspace: 4016K->4016K(1056768K)], 0.0481172 secs] [Times: user=0.11 sys=0.00, real=0.05 secs] 
17.233: [GC (CMS Initial Mark) [1 CMS-initial-mark: 6516K(6848K)] 9267K(9920K), 0.0084948 secs] [Times: user=0.00 sys=0.00, real=0.01 secs] 
17.242: [CMS-concurrent-mark-start]
17.242: [GC (Allocation Failure) 17.242: [ParNew (promotion failed): 2752K->3072K(3072K), 0.0178552 secs]17.260: [CMS17.276: [CMS-concurrent-mark: 0.016/0.034 secs] [Times: user=0.08 sys=0.00, real=0.04 secs] 
 (concurrent mode failure): 6518K->6516K(6848K), 0.0533178 secs] 9268K->9267K(9920K), [Metaspace: 4016K->4016K(1056768K)], 0.0712829 secs] [Times: user=0.13 sys=0.00, real=0.07 secs] 
17.313: [GC (Allocation Failure) 17.313: [ParNew (promotion failed): 2752K->3072K(3072K), 0.0182230 secs]17.332: [CMS: 6518K->6516K(6848K), 0.0365158 secs] 9268K->9267K(9920K), [Metaspace: 4016K->4016K(1056768K)], 0.0548687 secs] [Times: user=0.09 sys=0.00, real=0.05 secs] 
17.368: [GC (CMS Initial Mark) [1 CMS-initial-mark: 6516K(6848K)] 9267K(9920K), 0.0079739 secs] [Times: user=0.02 sys=0.00, real=0.01 secs] 
17.376: [CMS-concurrent-mark-start]
17.377: [GC (Allocation Failure) 17.377: [ParNew (promotion failed): 2752K->3071K(3072K), 0.0185481 secs]17.395: [CMS17.411: [CMS-concurrent-mark: 0.016/0.035 secs] [Times: user=0.06 sys=0.00, real=0.04 secs] 
 (concurrent mode failure): 6518K->6516K(6848K), 0.0492014 secs] 9268K->9267K(9920K), [Metaspace: 4016K->4016K(1056768K)], 0.0678526 secs] [Times: user=0.09 sys=0.00, real=0.07 secs] 
17.445: [GC (Allocation Failure) 17.445: [ParNew (promotion failed): 2752K->3071K(3072K), 0.0176319 secs]17.462: [CMS: 6518K->6516K(6848K), 0.0284419 secs] 9268K->9267K(9920K), [Metaspace: 4016K->4016K(1056768K)], 0.0461857 secs] [Times: user=0.06 sys=0.02, real=0.05 secs] 
17.491: [GC (CMS Initial Mark) [1 CMS-initial-mark: 6516K(6848K)] 9268K(9920K), 0.0069394 secs] [Times: user=0.02 sys=0.00, real=0.01 secs] 
17.498: [CMS-concurrent-mark-start]
17.498: [GC (Allocation Failure) 17.498: [ParNew (promotion failed): 2752K->3072K(3072K), 0.0186741 secs]17.517: [CMS17.527: [CMS-concurrent-mark: 0.010/0.029 secs] [Times: user=0.05 sys=0.00, real=0.03 secs] 
 (concurrent mode failure): 6518K->6516K(6848K), 0.0458857 secs] 9268K->9267K(9920K), [Metaspace: 4016K->4016K(1056768K)], 0.0647065 secs] [Times: user=0.09 sys=0.00, real=0.07 secs] 
17.563: [GC (Allocation Failure) 17.563: [ParNew (promotion failed): 2752K->3072K(3072K), 0.0179569 secs]17.581: [CMS: 6518K->6516K(6848K), 0.0411037 secs] 9268K->9267K(9920K), [Metaspace: 4016K->4016K(1056768K)], 0.0591765 secs] [Times: user=0.09 sys=0.00, real=0.06 secs] 
17.623: [GC (CMS Initial Mark) [1 CMS-initial-mark: 6516K(6848K)] 9268K(9920K), 0.0070783 secs] [Times: user=0.02 sys=0.00, real=0.01 secs] 
17.630: [CMS-concurrent-mark-start]
17.630: [GC (Allocation Failure) 17.630: [ParNew (promotion failed): 2752K->3072K(3072K), 0.0183998 secs]17.648: [CMS17.665: [CMS-concurrent-mark: 0.017/0.035 secs] [Times: user=0.08 sys=0.00, real=0.04 secs] 
 (concurrent mode failure): 6518K->6516K(6848K), 0.0578888 secs] 9268K->9267K(9920K), [Metaspace: 4016K->4016K(1056768K)], 0.0764062 secs] [Times: user=0.13 sys=0.00, real=0.08 secs] 
17.707: [GC (Allocation Failure) 17.707: [ParNew (promotion failed): 2752K->3072K(3072K), 0.0198402 secs]17.727: [CMS: 6518K->6516K(6848K), 0.0387614 secs] 9268K->9267K(9920K), [Metaspace: 4016K->4016K(1056768K)], 0.0587305 secs] [Times: user=0.08 sys=0.00, real=0.06 secs] 
17.766: [GC (CMS Initial Mark) [1 CMS-initial-mark: 6516K(6848K)] 9267K(9920K), 0.0086123 secs] [Times: user=0.00 sys=0.00, real=0.01 secs] 
17.774: [CMS-concurrent-mark-start]
17.775: [GC (Allocation Failure) 17.775: [ParNew (promotion failed): 2752K->3072K(3072K), 0.0189546 secs]17.794: [CMS17.809: [CMS-concurrent-mark: 0.016/0.035 secs] [Times: user=0.06 sys=0.00, real=0.04 secs] 
 (concurrent mode failure): 6518K->6516K(6848K), 0.0450969 secs] 9268K->9267K(9920K), [Metaspace: 4016K->4016K(1056768K)], 0.0641617 secs] [Times: user=0.09 sys=0.00, real=0.06 secs] 
17.839: [GC (Allocation Failure) 17.839: [ParNew (promotion failed): 2752K->3072K(3072K), 0.0180363 secs]17.857: [CMS: 6518K->6516K(6848K), 0.0293316 secs] 9268K->9267K(9920K), [Metaspace: 4016K->4016K(1056768K)], 0.0474636 secs] [Times: user=0.08 sys=0.00, real=0.05 secs] 
17.887: [GC (CMS Initial Mark) [1 CMS-initial-mark: 6516K(6848K)] 9268K(9920K), 0.0074775 secs] [Times: user=0.02 sys=0.00, real=0.01 secs] 
17.894: [CMS-concurrent-mark-start]
17.895: [GC (Allocation Failure) 17.895: [ParNew (promotion failed): 2752K->3072K(3072K), 0.0181935 secs]17.913: [CMS17.927: [CMS-concurrent-mark: 0.015/0.033 secs] [Times: user=0.08 sys=0.00, real=0.03 secs] 
 (concurrent mode failure): 6518K->6516K(6848K), 0.0460495 secs] 9268K->9267K(9920K), [Metaspace: 4016K->4016K(1056768K)], 0.0643393 secs] [Times: user=0.11 sys=0.00, real=0.06 secs] 
17.959: [GC (Allocation Failure) 17.959: [ParNew (promotion failed): 2752K->3072K(3072K), 0.0181450 secs]17.977: [CMS: 6518K->6516K(6848K), 0.0293856 secs] 9268K->9267K(9920K), [Metaspace: 4016K->4016K(1056768K)], 0.0476258 secs] [Times: user=0.08 sys=0.00, real=0.05 secs] 
18.007: [GC (CMS Initial Mark) [1 CMS-initial-mark: 6516K(6848K)] 9268K(9920K), 0.0055324 secs] [Times: user=0.00 sys=0.00, real=0.00 secs] 
18.012: [CMS-concurrent-mark-start]
18.013: [GC (Allocation Failure) 18.013: [ParNew (promotion failed): 2752K->3072K(3072K), 0.0179265 secs]18.031: [CMS18.040: [CMS-concurrent-mark: 0.010/0.028 secs] [Times: user=0.13 sys=0.00, real=0.03 secs] 
 (concurrent mode failure): 6518K->6516K(6848K), 0.0336910 secs] 9268K->9267K(9920K), [Metaspace: 4016K->4016K(1056768K)], 0.0517138 secs] [Times: user=0.14 sys=0.01, real=0.05 secs] 
18.064: [GC (Allocation Failure) 18.064: [ParNew (promotion failed): 2752K->3072K(3072K), 0.0173125 secs]18.082: [CMS: 6518K->6516K(6848K), 0.0247123 secs] 9268K->9267K(9920K), [Metaspace: 4016K->4016K(1056768K)], 0.0421130 secs] [Times: user=0.08 sys=0.00, real=0.04 secs] 
18.107: [GC (CMS Initial Mark) [1 CMS-initial-mark: 6516K(6848K)] 9268K(9920K), 0.0055260 secs] [Times: user=0.00 sys=0.00, real=0.01 secs] 
18.112: [CMS-concurrent-mark-start]
18.112: [GC (Allocation Failure) 18.112: [ParNew (promotion failed): 2752K->3072K(3072K), 0.0179738 secs]18.130: [CMS18.140: [CMS-concurrent-mark: 0.009/0.027 secs] [Times: user=0.03 sys=0.00, real=0.03 secs] 
 (concurrent mode failure): 6518K->6516K(6848K), 0.0340724 secs] 9268K->9267K(9920K), [Metaspace: 4016K->4016K(1056768K)], 0.0521475 secs] [Times: user=0.05 sys=0.00, real=0.05 secs] 
18.165: [GC (Allocation Failure) 18.165: [ParNew (promotion failed): 2752K->3072K(3072K), 0.0187407 secs]18.184: [CMS: 6518K->6516K(6848K), 0.0251346 secs] 9268K->9267K(9920K), [Metaspace: 4016K->4016K(1056768K)], 0.0439864 secs] [Times: user=0.08 sys=0.00, real=0.04 secs] 
18.209: [GC (CMS Initial Mark) [1 CMS-initial-mark: 6516K(6848K)] 9268K(9920K), 0.0059731 secs] [Times: user=0.00 sys=0.00, real=0.01 secs] 
18.215: [CMS-concurrent-mark-start]
18.215: [GC (Allocation Failure) 18.215: [ParNew (promotion failed): 2752K->3072K(3072K), 0.0183625 secs]18.233: [CMS18.243: [CMS-concurrent-mark: 0.010/0.029 secs] [Times: user=0.03 sys=0.00, real=0.03 secs] 
 (concurrent mode failure): 6518K->6516K(6848K), 0.0372725 secs] 9268K->9267K(9920K), [Metaspace: 4016K->4016K(1056768K)], 0.0557700 secs] [Times: user=0.06 sys=0.00, real=0.06 secs] 
18.271: [GC (Allocation Failure) 18.271: [ParNew (promotion failed): 2752K->3072K(3072K), 0.0193585 secs]18.290: [CMS: 6518K->6516K(6848K), 0.0257856 secs] 9268K->9267K(9920K), [Metaspace: 4016K->4016K(1056768K)], 0.0452441 secs] [Times: user=0.08 sys=0.00, real=0.05 secs] 
18.316: [GC (CMS Initial Mark) [1 CMS-initial-mark: 6516K(6848K)] 9268K(9920K), 0.0058890 secs] [Times: user=0.00 sys=0.00, real=0.01 secs] 
18.322: [CMS-concurrent-mark-start]
18.322: [GC (Allocation Failure) 18.322: [ParNew (promotion failed): 2752K->3072K(3072K), 0.0185698 secs]18.341: [CMS18.350: [CMS-concurrent-mark: 0.009/0.028 secs] [Times: user=0.08 sys=0.00, real=0.03 secs] 
 (concurrent mode failure): 6518K->6516K(6848K), 0.0386339 secs] 9268K->9267K(9920K), [Metaspace: 4016K->4016K(1056768K)], 0.0573100 secs] [Times: user=0.09 sys=0.02, real=0.06 secs] 
18.380: [GC (Allocation Failure) 18.380: [ParNew (promotion failed): 2752K->3072K(3072K), 0.0181939 secs]18.398: [CMS: 6518K->6516K(6848K), 0.0268117 secs] 9268K->9267K(9920K), [Metaspace: 4016K->4016K(1056768K)], 0.0450957 secs] [Times: user=0.08 sys=0.00, real=0.05 secs] 
18.425: [GC (CMS Initial Mark) [1 CMS-initial-mark: 6516K(6848K)] 9268K(9920K), 0.0057079 secs] [Times: user=0.00 sys=0.00, real=0.01 secs] 
18.431: [CMS-concurrent-mark-start]
18.431: [GC (Allocation Failure) 18.431: [ParNew (promotion failed): 2752K->3072K(3072K), 0.0178170 secs]18.449: [CMS18.458: [CMS-concurrent-mark: 0.009/0.027 secs] [Times: user=0.08 sys=0.00, real=0.03 secs] 
 (concurrent mode failure): 6518K->6516K(6848K), 0.0333129 secs] 9268K->9268K(9920K), [Metaspace: 4016K->4016K(1056768K)], 0.0512425 secs] [Times: user=0.11 sys=0.00, real=0.05 secs] 
18.483: [GC (Allocation Failure) 18.483: [ParNew (promotion failed): 2752K->3072K(3072K), 0.0177105 secs]18.500: [CMS: 6518K->6516K(6848K), 0.0244361 secs] 9268K->9267K(9920K), [Metaspace: 4016K->4016K(1056768K)], 0.0422580 secs] [Times: user=0.08 sys=0.00, real=0.04 secs] 
18.525: [GC (CMS Initial Mark) [1 CMS-initial-mark: 6516K(6848K)] 9267K(9920K), 0.0055125 secs] [Times: user=0.02 sys=0.00, real=0.01 secs] 
18.531: [CMS-concurrent-mark-start]
18.531: [GC (Allocation Failure) 18.531: [ParNew (promotion failed): 2752K->3072K(3072K), 0.0187668 secs]18.549: [CMS18.565: [CMS-concurrent-mark: 0.016/0.035 secs] [Times: user=0.08 sys=0.00, real=0.03 secs] 
 (concurrent mode failure): 6518K->6516K(6848K), 0.0475808 secs] 9268K->9268K(9920K), [Metaspace: 4016K->4016K(1056768K)], 0.0664638 secs] [Times: user=0.11 sys=0.00, real=0.07 secs] 
18.598: [GC (Allocation Failure) 18.598: [ParNew (promotion failed): 2752K->3072K(3072K), 0.0189425 secs]18.617: [CMS: 6518K->6516K(6848K), 0.0277095 secs] 9268K->9267K(9920K), [Metaspace: 4016K->4016K(1056768K)], 0.0467817 secs] [Times: user=0.09 sys=0.00, real=0.05 secs] 
18.645: [GC (CMS Initial Mark) [1 CMS-initial-mark: 6516K(6848K)] 9268K(9920K), 0.0057443 secs] [Times: user=0.00 sys=0.00, real=0.01 secs] 
18.651: [CMS-concurrent-mark-start]
18.651: [GC (Allocation Failure) 18.651: [ParNew (promotion failed): 2752K->3072K(3072K), 0.0180893 secs]18.669: [CMS18.684: [CMS-concurrent-mark: 0.016/0.034 secs] [Times: user=0.05 sys=0.00, real=0.03 secs] 
 (concurrent mode failure): 6518K->6516K(6848K), 0.0449567 secs] 9268K->9268K(9920K), [Metaspace: 4016K->4016K(1056768K)], 0.0631426 secs] [Times: user=0.08 sys=0.00, real=0.06 secs] 
18.714: [GC (Allocation Failure) 18.714: [ParNew (promotion failed): 2751K->3071K(3072K), 0.0202342 secs]18.734: [CMS: 6518K->6516K(6848K), 0.0263185 secs] 9268K->9268K(9920K), [Metaspace: 4016K->4016K(1056768K)], 0.0466537 secs] [Times: user=0.08 sys=0.00, real=0.05 secs] 
18.761: [GC (CMS Initial Mark) [1 CMS-initial-mark: 6516K(6848K)] 9268K(9920K), 0.0083573 secs] [Times: user=0.02 sys=0.00, real=0.01 secs] 
18.769: [CMS-concurrent-mark-start]
18.769: [GC (Allocation Failure) 18.769: [ParNew (promotion failed): 2751K->3071K(3072K), 0.0187139 secs]18.788: [CMS18.797: [CMS-concurrent-mark: 0.009/0.028 secs] [Times: user=0.06 sys=0.00, real=0.03 secs] 
 (concurrent mode failure): 6518K->6516K(6848K), 0.0363726 secs] 9268K->9268K(9920K), [Metaspace: 4016K->4016K(1056768K)], 0.0551918 secs] [Times: user=0.08 sys=0.00, real=0.06 secs] 
18.825: [GC (Allocation Failure) 18.825: [ParNew (promotion failed): 2752K->3071K(3072K), 0.0175309 secs]18.842: [CMS: 6518K->6516K(6848K), 0.0259839 secs] 9268K->9267K(9920K), [Metaspace: 4016K->4016K(1056768K)], 0.0436047 secs] [Times: user=0.08 sys=0.00, real=0.04 secs] 
18.868: [GC (CMS Initial Mark) [1 CMS-initial-mark: 6516K(6848K)] 9268K(9920K), 0.0063622 secs] [Times: user=0.02 sys=0.00, real=0.01 secs] 
18.875: [CMS-concurrent-mark-start]
18.875: [GC (Allocation Failure) 18.875: [ParNew (promotion failed): 2752K->3072K(3072K), 0.0181908 secs]18.893: [CMS18.902: [CMS-concurrent-mark: 0.009/0.028 secs] [Times: user=0.05 sys=0.00, real=0.03 secs] 
 (concurrent mode failure): 6518K->6516K(6848K), 0.0358418 secs] 9268K->9268K(9920K), [Metaspace: 4016K->4016K(1056768K)], 0.0541275 secs] [Times: user=0.08 sys=0.00, real=0.05 secs] 
18.929: [GC (Allocation Failure) 18.929: [ParNew (promotion failed): 2751K->3071K(3072K), 0.0176719 secs]18.947: [CMS: 6518K->6516K(6848K), 0.0253284 secs] 9268K->9268K(9920K), [Metaspace: 4016K->4016K(1056768K)], 0.0430963 secs] [Times: user=0.08 sys=0.00, real=0.04 secs] 
18.972: [GC (CMS Initial Mark) [1 CMS-initial-mark: 6516K(6848K)] 9268K(9920K), 0.0055850 secs] [Times: user=0.00 sys=0.00, real=0.00 secs] 
18.978: [CMS-concurrent-mark-start]
18.978: [GC (Allocation Failure) 18.978: [ParNew (promotion failed): 2752K->3072K(3072K), 0.0177959 secs]18.996: [CMS19.006: [CMS-concurrent-mark: 0.010/0.028 secs] [Times: user=0.06 sys=0.00, real=0.03 secs] 
 (concurrent mode failure): 6518K->6516K(6848K), 0.0352360 secs] 9268K->9267K(9920K), [Metaspace: 4016K->4016K(1056768K)], 0.0531221 secs] [Times: user=0.09 sys=0.00, real=0.05 secs] 
19.031: [GC (Allocation Failure) 19.031: [ParNew (promotion failed): 2752K->3072K(3072K), 0.0180074 secs]19.049: [CMS: 6518K->6516K(6848K), 0.0267578 secs] 9268K->9268K(9920K), [Metaspace: 4016K->4016K(1056768K)], 0.0448627 secs] [Times: user=0.08 sys=0.02, real=0.04 secs] 
19.076: [GC (CMS Initial Mark) [1 CMS-initial-mark: 6516K(6848K)] 9268K(9920K), 0.0055361 secs] [Times: user=0.00 sys=0.00, real=0.01 secs] 
19.082: [CMS-concurrent-mark-start]
19.082: [GC (Allocation Failure) 19.082: [ParNew (promotion failed): 2751K->3071K(3072K), 0.0199652 secs]19.102: [CMS19.112: [CMS-concurrent-mark: 0.010/0.030 secs] [Times: user=0.05 sys=0.00, real=0.03 secs] 
 (concurrent mode failure): 6518K->6516K(6848K), 0.0352557 secs] 9268K->9268K(9920K), [Metaspace: 4016K->4016K(1056768K)], 0.0553379 secs] [Times: user=0.06 sys=0.00, real=0.06 secs] 
19.138: [GC (Allocation Failure) 19.138: [ParNew (promotion failed): 2752K->3072K(3072K), 0.0177708 secs]19.155: [CMS: 6518K->6516K(6848K), 0.0250842 secs] 9268K->9267K(9920K), [Metaspace: 4016K->4016K(1056768K)], 0.0429581 secs] [Times: user=0.08 sys=0.00, real=0.04 secs] 
19.181: [GC (CMS Initial Mark) [1 CMS-initial-mark: 6516K(6848K)] 9268K(9920K), 0.0057743 secs] [Times: user=0.02 sys=0.00, real=0.01 secs] 
19.187: [CMS-concurrent-mark-start]
19.187: [GC (Allocation Failure) 19.187: [ParNew (promotion failed): 2752K->3072K(3072K), 0.0173564 secs]19.204: [CMS19.213: [CMS-concurrent-mark: 0.009/0.027 secs] [Times: user=0.05 sys=0.00, real=0.03 secs] 
 (concurrent mode failure): 6518K->6516K(6848K), 0.0345179 secs] 9268K->9268K(9920K), [Metaspace: 4016K->4016K(1056768K)], 0.0519710 secs] [Times: user=0.08 sys=0.00, real=0.05 secs] 
19.239: [GC (Allocation Failure) 19.239: [ParNew (promotion failed): 2751K->3071K(3072K), 0.0197329 secs]19.259: [CMS: 6518K->6516K(6848K), 0.0246459 secs] 9268K->9268K(9920K), [Metaspace: 4016K->4016K(1056768K)], 0.0444831 secs] [Times: user=0.08 sys=0.00, real=0.05 secs] 
19.284: [GC (CMS Initial Mark) [1 CMS-initial-mark: 6516K(6848K)] 9268K(9920K), 0.0055867 secs] [Times: user=0.00 sys=0.00, real=0.01 secs] 
19.289: [CMS-concurrent-mark-start]
19.289: [GC (Allocation Failure) 19.289: [ParNew (promotion failed): 2751K->3071K(3072K), 0.0175336 secs]19.307: [CMS19.316: [CMS-concurrent-mark: 0.009/0.027 secs] [Times: user=0.08 sys=0.00, real=0.03 secs] 
 (concurrent mode failure): 6518K->6516K(6848K), 0.0334812 secs] 9268K->9268K(9920K), [Metaspace: 4016K->4016K(1056768K)], 0.0511082 secs] [Times: user=0.09 sys=0.00, real=0.05 secs] 
19.341: [GC (Allocation Failure) 19.341: [ParNew (promotion failed): 2751K->3071K(3072K), 0.0177257 secs]19.358: [CMS: 6518K->6516K(6848K), 0.0350513 secs] 9268K->9268K(9920K), [Metaspace: 4016K->4016K(1056768K)], 0.0528924 secs] [Times: user=0.11 sys=0.00, real=0.05 secs] 
19.394: [GC (CMS Initial Mark) [1 CMS-initial-mark: 6516K(6848K)] 9268K(9920K), 0.0074800 secs] [Times: user=0.00 sys=0.00, real=0.01 secs] 
19.401: [CMS-concurrent-mark-start]
19.401: [GC (Allocation Failure) 19.401: [ParNew (promotion failed): 2752K->3072K(3072K), 0.0171425 secs]19.418: [CMS19.428: [CMS-concurrent-mark: 0.010/0.027 secs] [Times: user=0.06 sys=0.00, real=0.03 secs] 
 (concurrent mode failure): 6518K->6516K(6848K), 0.0346669 secs] 9268K->9268K(9920K), [Metaspace: 4016K->4016K(1056768K)], 0.0519162 secs] [Times: user=0.09 sys=0.00, real=0.05 secs] 
19.453: [GC (Allocation Failure) 19.453: [ParNew (promotion failed): 2752K->3072K(3072K), 0.0179865 secs]19.471: [CMS: 6518K->6516K(6848K), 0.0255897 secs] 9268K->9268K(9920K), [Metaspace: 4016K->4016K(1056768K)], 0.0436866 secs] [Times: user=0.06 sys=0.02, real=0.04 secs] 
19.497: [GC (CMS Initial Mark) [1 CMS-initial-mark: 6516K(6848K)] 9268K(9920K), 0.0056962 secs] [Times: user=0.02 sys=0.00, real=0.01 secs] 
19.503: [CMS-concurrent-mark-start]
19.503: [GC (Allocation Failure) 19.503: [ParNew (promotion failed): 2751K->3071K(3072K), 0.0177631 secs]19.521: [CMS19.530: [CMS-concurrent-mark: 0.009/0.027 secs] [Times: user=0.06 sys=0.00, real=0.03 secs] 
 (concurrent mode failure): 6518K->6516K(6848K), 0.0361167 secs] 9268K->9268K(9920K), [Metaspace: 4016K->4016K(1056768K)], 0.0539751 secs] [Times: user=0.08 sys=0.00, real=0.05 secs] 
19.557: [GC (Allocation Failure) 19.557: [ParNew (promotion failed): 2751K->3071K(3072K), 0.0175541 secs]19.575: [CMS: 6518K->6516K(6848K), 0.0256591 secs] 9268K->9268K(9920K), [Metaspace: 4016K->4016K(1056768K)], 0.0433034 secs] [Times: user=0.08 sys=0.00, real=0.04 secs] 
19.601: [GC (CMS Initial Mark) [1 CMS-initial-mark: 6516K(6848K)] 9268K(9920K), 0.0055194 secs] [Times: user=0.00 sys=0.00, real=0.01 secs] 
19.606: [CMS-concurrent-mark-start]
19.606: [GC (Allocation Failure) 19.606: [ParNew (promotion failed): 2751K->3071K(3072K), 0.0190149 secs]19.625: [CMS19.637: [CMS-concurrent-mark: 0.012/0.031 secs] [Times: user=0.11 sys=0.00, real=0.03 secs] 
 (concurrent mode failure): 6518K->6516K(6848K), 0.0404603 secs] 9268K->9268K(9920K), [Metaspace: 4016K->4016K(1056768K)], 0.0595955 secs] [Times: user=0.14 sys=0.00, real=0.06 secs] 
19.666: [GC (Allocation Failure) 19.666: [ParNew (promotion failed): 2752K->3072K(3072K), 0.0182101 secs]19.684: [CMS: 6518K->6516K(6848K), 0.0283729 secs] 9268K->9268K(9920K), [Metaspace: 4016K->4016K(1056768K)], 0.0467002 secs] [Times: user=0.08 sys=0.00, real=0.05 secs] 
19.713: [GC (CMS Initial Mark) [1 CMS-initial-mark: 6516K(6848K)] 9268K(9920K), 0.0060501 secs] [Times: user=0.02 sys=0.00, real=0.01 secs] 
19.719: [CMS-concurrent-mark-start]
19.719: [GC (Allocation Failure) 19.719: [ParNew (promotion failed): 2752K->3070K(3072K), 0.0181723 secs]19.737: [CMS19.747: [CMS-concurrent-mark: 0.009/0.028 secs] [Times: user=0.05 sys=0.00, real=0.03 secs] 
 (concurrent mode failure): 6518K->6516K(6848K), 0.0353211 secs] 9268K->9268K(9920K), [Metaspace: 4016K->4016K(1056768K)], 0.0535984 secs] [Times: user=0.08 sys=0.00, real=0.05 secs] 
19.773: [GC (Allocation Failure) 19.773: [ParNew (promotion failed): 2752K->3072K(3072K), 0.0174886 secs]19.790: [CMS: 6518K->6516K(6848K), 0.0241831 secs] 9268K->9268K(9920K), [Metaspace: 4016K->4016K(1056768K)], 0.0417718 secs] [Times: user=0.09 sys=0.00, real=0.04 secs] 
19.815: [GC (CMS Initial Mark) [1 CMS-initial-mark: 6516K(6848K)] 9268K(9920K), 0.0083282 secs] [Times: user=0.00 sys=0.00, real=0.01 secs] 
19.823: [CMS-concurrent-mark-start]
19.823: [GC (Allocation Failure) 19.823: [ParNew (promotion failed): 2752K->3072K(3072K), 0.0176044 secs]19.841: [CMS19.851: [CMS-concurrent-mark: 0.010/0.027 secs] [Times: user=0.06 sys=0.00, real=0.03 secs] 
 (concurrent mode failure): 6518K->6516K(6848K), 0.0353148 secs] 9268K->9268K(9920K), [Metaspace: 4016K->4016K(1056768K)], 0.0530182 secs] [Times: user=0.09 sys=0.00, real=0.05 secs] 
19.876: [GC (Allocation Failure) 19.876: [ParNew (promotion failed): 2751K->3071K(3072K), 0.0172513 secs]19.894: [CMS: 6518K->6516K(6848K), 0.0268096 secs] 9268K->9268K(9920K), [Metaspace: 4016K->4016K(1056768K)], 0.0441497 secs] [Times: user=0.08 sys=0.00, real=0.04 secs] 
19.921: [GC (CMS Initial Mark) [1 CMS-initial-mark: 6516K(6848K)] 9268K(9920K), 0.0058914 secs] [Times: user=0.00 sys=0.00, real=0.01 secs] 
19.927: [CMS-concurrent-mark-start]
19.927: [GC (Allocation Failure) 19.927: [ParNew (promotion failed): 2751K->3070K(3072K), 0.0172161 secs]19.944: [CMS19.953: [CMS-concurrent-mark: 0.009/0.027 secs] [Times: user=0.08 sys=0.00, real=0.03 secs] 
 (concurrent mode failure): 6518K->6516K(6848K), 0.0357027 secs] 9268K->9268K(9920K), [Metaspace: 4016K->4016K(1056768K)], 0.0530185 secs] [Times: user=0.09 sys=0.00, real=0.05 secs] 
19.980: [GC (Allocation Failure) 19.980: [ParNew (promotion failed): 2751K->3070K(3072K), 0.0179404 secs]19.998: [CMS: 6518K->6516K(6848K), 0.0256246 secs] 9268K->9268K(9920K), [Metaspace: 4016K->4016K(1056768K)], 0.0436536 secs] [Times: user=0.09 sys=0.00, real=0.04 secs] 
20.024: [GC (CMS Initial Mark) [1 CMS-initial-mark: 6516K(6848K)] 9268K(9920K), 0.0057184 secs] [Times: user=0.02 sys=0.00, real=0.01 secs] 
20.030: [CMS-concurrent-mark-start]
20.030: [GC (Allocation Failure) 20.030: [ParNew (promotion failed): 2751K->3071K(3072K), 0.0179010 secs]20.048: [CMS20.057: [CMS-concurrent-mark: 0.009/0.027 secs] [Times: user=0.06 sys=0.00, real=0.03 secs] 
 (concurrent mode failure): 6518K->6516K(6848K), 0.0346671 secs] 9268K->9268K(9920K), [Metaspace: 4016K->4016K(1056768K)], 0.0526745 secs] [Times: user=0.09 sys=0.00, real=0.05 secs] 
20.082: [GC (Allocation Failure) 20.082: [ParNew (promotion failed): 2751K->3071K(3072K), 0.0184557 secs]20.101: [CMS: 6518K->6516K(6848K), 0.0254150 secs] 9268K->9268K(9920K), [Metaspace: 4016K->4016K(1056768K)], 0.0439852 secs] [Times: user=0.09 sys=0.00, real=0.04 secs] 
20.127: [GC (CMS Initial Mark) [1 CMS-initial-mark: 6516K(6848K)] 9268K(9920K), 0.0057058 secs] [Times: user=0.00 sys=0.00, real=0.01 secs] 
20.132: [CMS-concurrent-mark-start]
20.132: [GC (Allocation Failure) 20.132: [ParNew (promotion failed): 2751K->3071K(3072K), 0.0177267 secs]20.150: [CMS20.160: [CMS-concurrent-mark: 0.009/0.027 secs] [Times: user=0.08 sys=0.00, real=0.03 secs] 
 (concurrent mode failure): 6518K->6516K(6848K), 0.0340783 secs] 9268K->9268K(9920K), [Metaspace: 4016K->4016K(1056768K)], 0.0518901 secs] [Times: user=0.09 sys=0.00, real=0.05 secs] 
20.185: [GC (Allocation Failure) 20.185: [ParNew (promotion failed): 2752K->3072K(3072K), 0.0179651 secs]20.203: [CMS: 6518K->6516K(6848K), 0.0245654 secs] 9268K->9268K(9920K), [Metaspace: 4016K->4016K(1056768K)], 0.0426203 secs] [Times: user=0.14 sys=0.00, real=0.04 secs] 
20.227: [GC (CMS Initial Mark) [1 CMS-initial-mark: 6516K(6848K)] 9268K(9920K), 0.0055118 secs] [Times: user=0.02 sys=0.00, real=0.01 secs] 
20.233: [CMS-concurrent-mark-start]
20.233: [GC (Allocation Failure) 20.233: [ParNew (promotion failed): 2751K->3071K(3072K), 0.0187885 secs]20.252: [CMS20.261: [CMS-concurrent-mark: 0.009/0.028 secs] [Times: user=0.06 sys=0.00, real=0.03 secs] 
 (concurrent mode failure): 6518K->6516K(6848K), 0.0346256 secs] 9268K->9268K(9920K), [Metaspace: 4016K->4016K(1056768K)], 0.0535133 secs] [Times: user=0.09 sys=0.00, real=0.05 secs] 
20.287: [GC (Allocation Failure) 20.287: [ParNew (promotion failed): 2751K->3071K(3072K), 0.0176604 secs]20.304: [CMS: 6518K->6516K(6848K), 0.0355677 secs] 9268K->9268K(9920K), [Metaspace: 4016K->4016K(1056768K)], 0.0533614 secs] [Times: user=0.09 sys=0.00, real=0.05 secs] 
20.340: [GC (CMS Initial Mark) [1 CMS-initial-mark: 6516K(6848K)] 9268K(9920K), 0.0056893 secs] [Times: user=0.01 sys=0.00, real=0.01 secs] 
20.346: [CMS-concurrent-mark-start]
20.346: [GC (Allocation Failure) 20.346: [ParNew (promotion failed): 2751K->3071K(3072K), 0.0177773 secs]20.364: [CMS20.375: [CMS-concurrent-mark: 0.011/0.029 secs] [Times: user=0.08 sys=0.00, real=0.03 secs] 
 (concurrent mode failure): 6518K->6516K(6848K), 0.0392184 secs] 9268K->9268K(9920K), [Metaspace: 4016K->4016K(1056768K)], 0.0571034 secs] [Times: user=0.09 sys=0.00, real=0.06 secs] 
20.403: [GC (Allocation Failure) 20.403: [ParNew (promotion failed): 2751K->3071K(3072K), 0.0177216 secs]20.421: [CMS: 6518K->6516K(6848K), 0.0284763 secs] 9268K->9268K(9920K), [Metaspace: 4016K->4016K(1056768K)], 0.0463096 secs] [Times: user=0.09 sys=0.00, real=0.04 secs] 
20.450: [GC (CMS Initial Mark) [1 CMS-initial-mark: 6516K(6848K)] 9268K(9920K), 0.0058228 secs] [Times: user=0.02 sys=0.00, real=0.01 secs] 
20.455: [CMS-concurrent-mark-start]
20.456: [GC (Allocation Failure) 20.456: [ParNew (promotion failed): 2751K->3070K(3072K), 0.0174050 secs]20.473: [CMS20.483: [CMS-concurrent-mark: 0.010/0.027 secs] [Times: user=0.08 sys=0.00, real=0.03 secs] 
 (concurrent mode failure): 6518K->6516K(6848K), 0.0350336 secs] 9268K->9268K(9920K), [Metaspace: 4016K->4016K(1056768K)], 0.0525295 secs] [Times: user=0.09 sys=0.00, real=0.05 secs] 
20.508: [GC (Allocation Failure) 20.508: [ParNew (promotion failed): 2752K->3070K(3072K), 0.0175669 secs]20.526: [CMS: 6518K->6516K(6848K), 0.0250614 secs] 9268K->9268K(9920K), [Metaspace: 4016K->4016K(1056768K)], 0.0427213 secs] [Times: user=0.08 sys=0.02, real=0.04 secs] 
20.551: [GC (CMS Initial Mark) [1 CMS-initial-mark: 6516K(6848K)] 9268K(9920K), 0.0062141 secs] [Times: user=0.00 sys=0.00, real=0.01 secs] 
20.557: [CMS-concurrent-mark-start]
20.557: [GC (Allocation Failure) 20.557: [ParNew (promotion failed): 2752K->3070K(3072K), 0.0178891 secs]20.575: [CMS20.585: [CMS-concurrent-mark: 0.010/0.028 secs] [Times: user=0.08 sys=0.00, real=0.03 secs] 
 (concurrent mode failure): 6518K->6516K(6848K), 0.0340198 secs] 9268K->9268K(9920K), [Metaspace: 4016K->4016K(1056768K)], 0.0520016 secs] [Times: user=0.11 sys=0.00, real=0.05 secs] 
20.610: [GC (Allocation Failure) 20.610: [ParNew (promotion failed): 2752K->3072K(3072K), 0.0176345 secs]20.627: [CMS: 6518K->6516K(6848K), 0.0282442 secs] 9268K->9268K(9920K), [Metaspace: 4016K->4016K(1056768K)], 0.0459925 secs] [Times: user=0.09 sys=0.00, real=0.05 secs] 
20.656: [GC (CMS Initial Mark) [1 CMS-initial-mark: 6516K(6848K)] 9268K(9920K), 0.0076717 secs] [Times: user=0.00 sys=0.00, real=0.01 secs] 
20.664: [CMS-concurrent-mark-start]
20.664: [GC (Allocation Failure) 20.664: [ParNew (promotion failed): 2752K->3072K(3072K), 0.0217709 secs]20.685: [CMS20.701: [CMS-concurrent-mark: 0.015/0.037 secs] [Times: user=0.06 sys=0.00, real=0.04 secs] 
 (concurrent mode failure): 6518K->6516K(6848K), 0.0496433 secs] 9268K->9268K(9920K), [Metaspace: 4016K->4016K(1056768K)], 0.0715280 secs] [Times: user=0.09 sys=0.02, real=0.07 secs] 
20.735: [GC (Allocation Failure) 20.735: [ParNew (promotion failed): 2752K->3072K(3072K), 0.0175607 secs]20.753: [CMS: 6518K->6516K(6848K), 0.0262655 secs] 9268K->9268K(9920K), [Metaspace: 4016K->4016K(1056768K)], 0.0439223 secs] [Times: user=0.08 sys=0.00, real=0.04 secs] 
20.779: [GC (CMS Initial Mark) [1 CMS-initial-mark: 6516K(6848K)] 9268K(9920K), 0.0062262 secs] [Times: user=0.00 sys=0.00, real=0.01 secs] 
20.786: [CMS-concurrent-mark-start]
20.786: [GC (Allocation Failure) 20.786: [ParNew (promotion failed): 2751K->3070K(3072K), 0.0177615 secs]20.804: [CMS20.817: [CMS-concurrent-mark: 0.013/0.031 secs] [Times: user=0.08 sys=0.00, real=0.03 secs] 
 (concurrent mode failure): 6518K->6516K(6848K), 0.0455095 secs] 9268K->9268K(9920K), [Metaspace: 4016K->4016K(1056768K)], 0.0633797 secs] [Times: user=0.09 sys=0.01, real=0.06 secs] 
20.849: [GC (Allocation Failure) 20.849: [ParNew (promotion failed): 2751K->3070K(3072K), 0.0170945 secs]20.866: [CMS: 6518K->6516K(6848K), 0.0246886 secs] 9268K->9268K(9920K), [Metaspace: 4016K->4016K(1056768K)], 0.0418722 secs] [Times: user=0.09 sys=0.00, real=0.04 secs] 
20.891: [GC (CMS Initial Mark) [1 CMS-initial-mark: 6516K(6848K)] 9268K(9920K), 0.0057830 secs] [Times: user=0.00 sys=0.00, real=0.01 secs] 
20.897: [CMS-concurrent-mark-start]
20.897: [GC (Allocation Failure) 20.897: [ParNew (promotion failed): 2751K->3070K(3072K), 0.0179799 secs]20.915: [CMS20.926: [CMS-concurrent-mark: 0.011/0.029 secs] [Times: user=0.06 sys=0.00, real=0.03 secs] 
 (concurrent mode failure): 6518K->6516K(6848K), 0.0360786 secs] 9268K->9268K(9920K), [Metaspace: 4016K->4016K(1056768K)], 0.0541464 secs] [Times: user=0.09 sys=0.00, real=0.05 secs] 
20.951: [GC (Allocation Failure) 20.951: [ParNew (promotion failed): 2751K->3070K(3072K), 0.0171477 secs]20.969: [CMS: 6518K->6516K(6848K), 0.0255422 secs] 9268K->9268K(9920K), [Metaspace: 4016K->4016K(1056768K)], 0.0428044 secs] [Times: user=0.08 sys=0.00, real=0.04 secs] 
20.994: [GC (CMS Initial Mark) [1 CMS-initial-mark: 6516K(6848K)] 9268K(9920K), 0.0061572 secs] [Times: user=0.01 sys=0.00, real=0.01 secs] 
21.001: [CMS-concurrent-mark-start]
21.001: [GC (Allocation Failure) 21.001: [ParNew (promotion failed): 2751K->3070K(3072K), 0.0196136 secs]21.020: [CMS21.030: [CMS-concurrent-mark: 0.010/0.029 secs] [Times: user=0.08 sys=0.00, real=0.03 secs] 
 (concurrent mode failure): 6518K->6516K(6848K), 0.0363581 secs] 9268K->9268K(9920K), [Metaspace: 4016K->4016K(1056768K)], 0.0560689 secs] [Times: user=0.09 sys=0.00, real=0.06 secs] 
21.057: [GC (Allocation Failure) 21.057: [ParNew (promotion failed): 2751K->3070K(3072K), 0.0184153 secs]21.075: [CMS: 6518K->6516K(6848K), 0.0510008 secs] 9268K->9268K(9920K), [Metaspace: 4016K->4016K(1056768K)], 0.0695312 secs] [Times: user=0.11 sys=0.00, real=0.07 secs] 
21.127: [GC (CMS Initial Mark) [1 CMS-initial-mark: 6516K(6848K)] 9268K(9920K), 0.0084233 secs] [Times: user=0.00 sys=0.00, real=0.01 secs] 
21.135: [CMS-concurrent-mark-start]
21.137: [GC (Allocation Failure) 21.137: [ParNew (promotion failed): 2751K->3070K(3072K), 0.0174346 secs]21.155: [CMS21.169: [CMS-concurrent-mark: 0.016/0.034 secs] [Times: user=0.06 sys=0.00, real=0.03 secs] 
 (concurrent mode failure): 6518K->6516K(6848K), 0.0470198 secs] 9268K->9268K(9920K), [Metaspace: 4016K->4016K(1056768K)], 0.0645735 secs] [Times: user=0.09 sys=0.02, real=0.07 secs] 
21.202: [GC (Allocation Failure) 21.202: [ParNew (promotion failed): 2751K->3070K(3072K), 0.0173873 secs]21.220: [CMS: 6518K->6516K(6848K), 0.0301113 secs] 9268K->9268K(9920K), [Metaspace: 4016K->4016K(1056768K)], 0.0476058 secs] [Times: user=0.05 sys=0.00, real=0.05 secs] 
21.250: [GC (CMS Initial Mark) [1 CMS-initial-mark: 6516K(6848K)] 9268K(9920K), 0.0072878 secs] [Times: user=0.00 sys=0.00, real=0.01 secs] 
21.257: [CMS-concurrent-mark-start]
21.257: [GC (Allocation Failure) 21.257: [ParNew (promotion failed): 2751K->3070K(3072K), 0.0172464 secs]21.275: [CMS21.287: [CMS-concurrent-mark: 0.012/0.030 secs] [Times: user=0.08 sys=0.00, real=0.03 secs] 
 (concurrent mode failure): 6518K->6516K(6848K), 0.0470932 secs] 9268K->9268K(9920K), [Metaspace: 4016K->4016K(1056768K)], 0.0644416 secs] [Times: user=0.11 sys=0.00, real=0.07 secs] 
21.322: [GC (Allocation Failure) 21.322: [ParNew (promotion failed): 2751K->3070K(3072K), 0.0172714 secs]21.339: [CMS: 6518K->6516K(6848K), 0.0386588 secs] 9268K->9268K(9920K), [Metaspace: 4016K->4016K(1056768K)], 0.0560374 secs] [Times: user=0.09 sys=0.00, real=0.06 secs] 
21.379: [GC (CMS Initial Mark) [1 CMS-initial-mark: 6516K(6848K)] 9268K(9920K), 0.0064183 secs] [Times: user=0.00 sys=0.00, real=0.01 secs] 
21.386: [CMS-concurrent-mark-start]
21.386: [GC (Allocation Failure) 21.386: [ParNew (promotion failed): 2751K->3070K(3072K), 0.0174824 secs]21.403: [CMS21.417: [CMS-concurrent-mark: 0.013/0.031 secs] [Times: user=0.06 sys=0.00, real=0.03 secs] 
 (concurrent mode failure): 6518K->6516K(6848K), 0.0472190 secs] 9268K->9268K(9920K), [Metaspace: 4016K->4016K(1056768K)], 0.0647844 secs] [Times: user=0.11 sys=0.00, real=0.07 secs] 
21.451: [GC (Allocation Failure) 21.451: [ParNew (promotion failed): 2751K->3070K(3072K), 0.0177866 secs]21.469: [CMS: 6518K->6516K(6848K), 0.0310464 secs] 9268K->9268K(9920K), [Metaspace: 4016K->4016K(1056768K)], 0.0489347 secs] [Times: user=0.09 sys=0.00, real=0.05 secs] 
21.500: [GC (CMS Initial Mark) [1 CMS-initial-mark: 6516K(6848K)] 9268K(9920K), 0.0080733 secs] [Times: user=0.00 sys=0.00, real=0.01 secs] 
21.508: [CMS-concurrent-mark-start]
21.508: [GC (Allocation Failure) 21.508: [ParNew (promotion failed): 2751K->3070K(3072K), 0.0174363 secs]21.526: [CMS21.539: [CMS-concurrent-mark: 0.013/0.031 secs] [Times: user=0.06 sys=0.00, real=0.03 secs] 
 (concurrent mode failure): 6518K->6516K(6848K), 0.0466691 secs] 9268K->9268K(9920K), [Metaspace: 4016K->4016K(1056768K)], 0.0642159 secs] [Times: user=0.09 sys=0.00, real=0.06 secs] 
21.573: [GC (Allocation Failure) 21.573: [ParNew (promotion failed): 2751K->3070K(3072K), 0.0177410 secs]21.590: [CMS: 6518K->6516K(6848K), 0.0350232 secs] 9268K->9268K(9920K), [Metaspace: 4016K->4016K(1056768K)], 0.0528689 secs] [Times: user=0.09 sys=0.00, real=0.05 secs] 
21.626: [GC (CMS Initial Mark) [1 CMS-initial-mark: 6516K(6848K)] 9268K(9920K), 0.0078702 secs] [Times: user=0.00 sys=0.00, real=0.01 secs] 
21.634: [CMS-concurrent-mark-start]
21.634: [GC (Allocation Failure) 21.634: [ParNew (promotion failed): 2751K->3070K(3072K), 0.0176449 secs]21.651: [CMS21.667: [CMS-concurrent-mark: 0.016/0.033 secs] [Times: user=0.06 sys=0.00, real=0.03 secs] 
 (concurrent mode failure): 6518K->6516K(6848K), 0.0536194 secs] 9268K->9268K(9920K), [Metaspace: 4016K->4016K(1056768K)], 0.0713640 secs] [Times: user=0.11 sys=0.00, real=0.07 secs] 
21.705: [GC (Allocation Failure) 21.705: [ParNew (promotion failed): 2751K->3069K(3072K), 0.0189314 secs]21.724: [CMS: 6518K->6516K(6848K), 0.0379892 secs] 9268K->9268K(9920K), [Metaspace: 4016K->4016K(1056768K)], 0.0570377 secs] [Times: user=0.05 sys=0.00, real=0.06 secs] 
21.764: [GC (CMS Initial Mark) [1 CMS-initial-mark: 6516K(6848K)] 9268K(9920K), 0.0078947 secs] [Times: user=0.00 sys=0.00, real=0.01 secs] 
21.772: [CMS-concurrent-mark-start]
21.772: [GC (Allocation Failure) 21.772: [ParNew (promotion failed): 2751K->3071K(3072K), 0.0196666 secs]21.791: [CMS21.807: [CMS-concurrent-mark: 0.016/0.036 secs] [Times: user=0.05 sys=0.00, real=0.04 secs] 
 (concurrent mode failure): 6518K->6516K(6848K), 0.0536073 secs] 9268K->9268K(9920K), [Metaspace: 4016K->4016K(1056768K)], 0.0733855 secs] [Times: user=0.09 sys=0.00, real=0.07 secs] 
21.845: [GC (Allocation Failure) 21.845: [ParNew (promotion failed): 2751K->3071K(3072K), 0.0182263 secs]21.864: [CMS: 6518K->6516K(6848K), 0.0308956 secs] 9268K->9268K(9920K), [Metaspace: 4016K->4016K(1056768K)], 0.0492503 secs] [Times: user=0.09 sys=0.00, real=0.05 secs] 
21.895: [GC (CMS Initial Mark) [1 CMS-initial-mark: 6516K(6848K)] 9268K(9920K), 0.0075328 secs] [Times: user=0.00 sys=0.00, real=0.01 secs] 
21.902: [CMS-concurrent-mark-start]
21.902: [GC (Allocation Failure) 21.903: [ParNew (promotion failed): 2751K->3071K(3072K), 0.0177375 secs]21.920: [CMS21.935: [CMS-concurrent-mark: 0.015/0.032 secs] [Times: user=0.08 sys=0.00, real=0.03 secs] 
 (concurrent mode failure): 6518K->6516K(6848K), 0.0473921 secs] 9268K->9268K(9920K), [Metaspace: 4016K->4016K(1056768K)], 0.0652379 secs] [Times: user=0.13 sys=0.00, real=0.07 secs] 
21.968: [GC (Allocation Failure) 21.968: [ParNew (promotion failed): 2751K->3071K(3072K), 0.0171460 secs]21.985: [CMS: 6518K->6516K(6848K), 0.0345780 secs] 9268K->9268K(9920K), [Metaspace: 4016K->4016K(1056768K)], 0.0518293 secs] [Times: user=0.08 sys=0.00, real=0.05 secs] 
22.020: [GC (CMS Initial Mark) [1 CMS-initial-mark: 6516K(6848K)] 9268K(9920K), 0.0055996 secs] [Times: user=0.00 sys=0.00, real=0.01 secs] 
22.026: [CMS-concurrent-mark-start]
22.026: [GC (Allocation Failure) 22.026: [ParNew (promotion failed): 2751K->3071K(3072K), 0.0180190 secs]22.044: [CMS22.058: [CMS-concurrent-mark: 0.014/0.032 secs] [Times: user=0.06 sys=0.00, real=0.03 secs] 
 (concurrent mode failure): 6518K->6516K(6848K), 0.0491192 secs] 9268K->9268K(9920K), [Metaspace: 4016K->4016K(1056768K)], 0.0672371 secs] [Times: user=0.11 sys=0.00, real=0.07 secs] 
22.093: [GC (Allocation Failure) 22.093: [ParNew (promotion failed): 2751K->3071K(3072K), 0.0175497 secs]22.111: [CMS: 6518K->6516K(6848K), 0.0317302 secs] 9268K->9268K(9920K), [Metaspace: 4016K->4016K(1056768K)], 0.0493815 secs] [Times: user=0.09 sys=0.00, real=0.05 secs] 
22.143: [GC (CMS Initial Mark) [1 CMS-initial-mark: 6516K(6848K)] 9268K(9920K), 0.0054380 secs] [Times: user=0.00 sys=0.00, real=0.01 secs] 
22.148: [CMS-concurrent-mark-start]
22.148: [GC (Allocation Failure) 22.148: [ParNew (promotion failed): 2751K->3071K(3072K), 0.0170259 secs]22.165: [CMS22.176: [CMS-concurrent-mark: 0.010/0.028 secs] [Times: user=0.08 sys=0.00, real=0.03 secs] 
 (concurrent mode failure): 6518K->6516K(6848K), 0.0349877 secs] 9268K->9268K(9920K), [Metaspace: 4016K->4016K(1056768K)], 0.0521158 secs] [Times: user=0.09 sys=0.01, real=0.05 secs] 
22.200: [GC (Allocation Failure) 22.201: [ParNew (promotion failed): 2751K->3070K(3072K), 0.0174186 secs]22.218: [CMS: 6518K->6516K(6848K), 0.0256272 secs] 9268K->9268K(9920K), [Metaspace: 4016K->4016K(1056768K)], 0.0431566 secs] [Times: user=0.08 sys=0.00, real=0.04 secs] 
22.244: [GC (CMS Initial Mark) [1 CMS-initial-mark: 6516K(6848K)] 9268K(9920K), 0.0059633 secs] [Times: user=0.01 sys=0.00, real=0.01 secs] 
22.250: [CMS-concurrent-mark-start]
22.250: [GC (Allocation Failure) 22.250: [ParNew (promotion failed): 2751K->3070K(3072K), 0.0184581 secs]22.268: [CMS22.278: [CMS-concurrent-mark: 0.009/0.028 secs] [Times: user=0.06 sys=0.00, real=0.03 secs] 
 (concurrent mode failure): 6518K->6516K(6848K), 0.0352133 secs] 9268K->9268K(9920K), [Metaspace: 4016K->4016K(1056768K)], 0.0537694 secs] [Times: user=0.09 sys=0.00, real=0.05 secs] 
22.304: [GC (Allocation Failure) 22.304: [ParNew (promotion failed): 2751K->3070K(3072K), 0.0174958 secs]22.321: [CMS: 6518K->6516K(6848K), 0.0244967 secs] 9268K->9268K(9920K), [Metaspace: 4016K->4016K(1056768K)], 0.0420975 secs] [Times: user=0.09 sys=0.00, real=0.04 secs] 
22.346: [GC (CMS Initial Mark) [1 CMS-initial-mark: 6516K(6848K)] 9268K(9920K), 0.0055692 secs] [Times: user=0.00 sys=0.00, real=0.01 secs] 
22.352: [CMS-concurrent-mark-start]
22.352: [GC (Allocation Failure) 22.352: [ParNew (promotion failed): 2751K->3070K(3072K), 0.0172177 secs]22.369: [CMS22.380: [CMS-concurrent-mark: 0.010/0.028 secs] [Times: user=0.06 sys=0.00, real=0.03 secs] 
 (concurrent mode failure): 6518K->6516K(6848K), 0.0457266 secs] 9268K->9268K(9920K), [Metaspace: 4016K->4016K(1056768K)], 0.0630364 secs] [Times: user=0.09 sys=0.00, real=0.06 secs] 
22.415: [GC (Allocation Failure) 22.415: [ParNew (promotion failed): 2751K->3070K(3072K), 0.0174970 secs]22.433: [CMS: 6518K->6516K(6848K), 0.0258091 secs] 9268K->9268K(9920K), [Metaspace: 4016K->4016K(1056768K)], 0.0434125 secs] [Times: user=0.09 sys=0.00, real=0.04 secs] 
22.459: [GC (CMS Initial Mark) [1 CMS-initial-mark: 6516K(6848K)] 9268K(9920K), 0.0054412 secs] [Times: user=0.00 sys=0.00, real=0.01 secs] 
22.464: [CMS-concurrent-mark-start]
22.464: [GC (Allocation Failure) 22.464: [ParNew (promotion failed): 2751K->3070K(3072K), 0.0178309 secs]22.482: [CMS22.491: [CMS-concurrent-mark: 0.009/0.027 secs] [Times: user=0.06 sys=0.00, real=0.03 secs] 
 (concurrent mode failure): 6518K->6516K(6848K), 0.0335658 secs] 9268K->9268K(9920K), [Metaspace: 4016K->4016K(1056768K)], 0.0515008 secs] [Times: user=0.09 sys=0.00, real=0.05 secs] 
22.516: [GC (Allocation Failure) 22.516: [ParNew (promotion failed): 2751K->3070K(3072K), 0.0184609 secs]22.534: [CMS: 6518K->6516K(6848K), 0.0251705 secs] 9268K->9268K(9920K), [Metaspace: 4016K->4016K(1056768K)], 0.0437301 secs] [Times: user=0.08 sys=0.00, real=0.04 secs] 
22.560: [GC (CMS Initial Mark) [1 CMS-initial-mark: 6516K(6848K)] 9268K(9920K), 0.0054145 secs] [Times: user=0.02 sys=0.00, real=0.01 secs] 
22.565: [CMS-concurrent-mark-start]
22.565: [GC (Allocation Failure) 22.565: [ParNew (promotion failed): 2751K->3070K(3072K), 0.0186541 secs]22.584: [CMS22.593: [CMS-concurrent-mark: 0.009/0.028 secs] [Times: user=0.08 sys=0.00, real=0.03 secs] 
 (concurrent mode failure): 6518K->6516K(6848K), 0.0333330 secs] 9268K->9268K(9920K), [Metaspace: 4016K->4016K(1056768K)], 0.0520775 secs] [Times: user=0.09 sys=0.00, real=0.05 secs] 
22.617: [GC (Allocation Failure) 22.617: [ParNew (promotion failed): 2751K->3070K(3072K), 0.0176191 secs]22.635: [CMS: 6518K->6516K(6848K), 0.0269097 secs] 9268K->9268K(9920K), [Metaspace: 4016K->4016K(1056768K)], 0.0446455 secs] [Times: user=0.09 sys=0.00, real=0.04 secs] 
22.662: [GC (CMS Initial Mark) [1 CMS-initial-mark: 6516K(6848K)] 9268K(9920K), 0.0071780 secs] [Times: user=0.02 sys=0.00, real=0.01 secs] 
22.669: [CMS-concurrent-mark-start]
22.670: [GC (Allocation Failure) 22.670: [ParNew (promotion failed): 2751K->3070K(3072K), 0.0189801 secs]22.689: [CMS22.700: [CMS-concurrent-mark: 0.012/0.031 secs] [Times: user=0.05 sys=0.00, real=0.03 secs] 
 (concurrent mode failure): 6518K->6516K(6848K), 0.0410707 secs] 9268K->9268K(9920K), [Metaspace: 4016K->4016K(1056768K)], 0.0601717 secs] [Times: user=0.08 sys=0.00, real=0.06 secs] 
22.730: [GC (Allocation Failure) 22.730: [ParNew (promotion failed): 2751K->3070K(3072K), 0.0177760 secs]22.748: [CMS: 6518K->6516K(6848K), 0.0339107 secs] 9268K->9268K(9920K), [Metaspace: 4016K->4016K(1056768K)], 0.0517846 secs] [Times: user=0.06 sys=0.00, real=0.05 secs] 
22.782: [GC (CMS Initial Mark) [1 CMS-initial-mark: 6516K(6848K)] 9268K(9920K), 0.0062952 secs] [Times: user=0.00 sys=0.00, real=0.01 secs] 
22.788: [CMS-concurrent-mark-start]
22.788: [GC (Allocation Failure) 22.788: [ParNew (promotion failed): 2751K->3070K(3072K), 0.0170564 secs]22.805: [CMS22.814: [CMS-concurrent-mark: 0.009/0.026 secs] [Times: user=0.08 sys=0.00, real=0.03 secs] 
 (concurrent mode failure): 6518K->6516K(6848K), 0.0334919 secs] 9268K->9268K(9920K), [Metaspace: 4016K->4016K(1056768K)], 0.0506400 secs] [Times: user=0.09 sys=0.00, real=0.05 secs] 
22.839: [GC (Allocation Failure) 22.839: [ParNew (promotion failed): 2751K->3070K(3072K), 0.0173811 secs]22.856: [CMS: 6518K->6516K(6848K), 0.0244507 secs] 9268K->9268K(9920K), [Metaspace: 4016K->4016K(1056768K)], 0.0419214 secs] [Times: user=0.09 sys=0.00, real=0.04 secs] 
22.881: [GC (CMS Initial Mark) [1 CMS-initial-mark: 6516K(6848K)] 9268K(9920K), 0.0058182 secs] [Times: user=0.00 sys=0.00, real=0.00 secs] 
22.887: [CMS-concurrent-mark-start]
22.887: [GC (Allocation Failure) 22.887: [ParNew (promotion failed): 2751K->3070K(3072K), 0.0178874 secs]22.905: [CMS22.915: [CMS-concurrent-mark: 0.010/0.028 secs] [Times: user=0.08 sys=0.00, real=0.03 secs] 
 (concurrent mode failure): 6518K->6516K(6848K), 0.0354207 secs] 9268K->9268K(9920K), [Metaspace: 4016K->4016K(1056768K)], 0.0534017 secs] [Times: user=0.11 sys=0.00, real=0.05 secs] 
22.941: [GC (Allocation Failure) 22.941: [ParNew (promotion failed): 2751K->3070K(3072K), 0.0199678 secs]22.961: [CMS: 6518K->6516K(6848K), 0.0280727 secs] 9268K->9268K(9920K), [Metaspace: 4016K->4016K(1056768K)], 0.0481419 secs] [Times: user=0.09 sys=0.00, real=0.05 secs] 
22.989: [GC (CMS Initial Mark) [1 CMS-initial-mark: 6516K(6848K)] 9268K(9920K), 0.0055187 secs] [Times: user=0.00 sys=0.00, real=0.01 secs] 
22.994: [CMS-concurrent-mark-start]
22.995: [GC (Allocation Failure) 22.995: [ParNew (promotion failed): 2751K->3070K(3072K), 0.0183396 secs]23.013: [CMS23.024: [CMS-concurrent-mark: 0.011/0.030 secs] [Times: user=0.06 sys=0.00, real=0.03 secs] 
 (concurrent mode failure): 6518K->6516K(6848K), 0.0480952 secs] 9268K->9268K(9920K), [Metaspace: 4016K->4016K(1056768K)], 0.0665296 secs] [Times: user=0.09 sys=0.02, real=0.07 secs] 
23.061: [GC (Allocation Failure) 23.061: [ParNew (promotion failed): 2751K->3069K(3072K), 0.0174741 secs]23.079: [CMS: 6518K->6516K(6848K), 0.0273883 secs] 9268K->9268K(9920K), [Metaspace: 4016K->4016K(1056768K)], 0.0449449 secs] [Times: user=0.08 sys=0.00, real=0.04 secs] 
23.106: [GC (CMS Initial Mark) [1 CMS-initial-mark: 6516K(6848K)] 9268K(9920K), 0.0059645 secs] [Times: user=0.02 sys=0.00, real=0.01 secs] 
23.112: [CMS-concurrent-mark-start]
23.112: [GC (Allocation Failure) 23.112: [ParNew (promotion failed): 2751K->3071K(3072K), 0.0169086 secs]23.129: [CMS23.138: [CMS-concurrent-mark: 0.009/0.026 secs] [Times: user=0.08 sys=0.00, real=0.03 secs] 
 (concurrent mode failure): 6518K->6516K(6848K), 0.0359043 secs] 9268K->9268K(9920K), [Metaspace: 4016K->4016K(1056768K)], 0.0529030 secs] [Times: user=0.09 sys=0.00, real=0.05 secs] 
23.166: [GC (Allocation Failure) 23.166: [ParNew (promotion failed): 2751K->3071K(3072K), 0.0174560 secs]23.183: [CMS: 6518K->6516K(6848K), 0.0286359 secs] 9268K->9268K(9920K), [Metaspace: 4016K->4016K(1056768K)], 0.0461841 secs] [Times: user=0.08 sys=0.00, real=0.05 secs] 
23.212: [GC (CMS Initial Mark) [1 CMS-initial-mark: 6516K(6848K)] 9268K(9920K), 0.0054855 secs] [Times: user=0.02 sys=0.00, real=0.01 secs] 
23.217: [CMS-concurrent-mark-start]
23.218: [GC (Allocation Failure) 23.218: [ParNew (promotion failed): 2751K->3071K(3072K), 0.0178650 secs]23.235: [CMS23.245: [CMS-concurrent-mark: 0.009/0.027 secs] [Times: user=0.06 sys=0.00, real=0.03 secs] 
 (concurrent mode failure): 6518K->6516K(6848K), 0.0348793 secs] 9268K->9268K(9920K), [Metaspace: 4016K->4016K(1056768K)], 0.0528347 secs] [Times: user=0.09 sys=0.00, real=0.05 secs] 
23.271: [GC (Allocation Failure) 23.271: [ParNew (promotion failed): 2751K->3071K(3072K), 0.0174492 secs]23.288: [CMS: 6518K->6516K(6848K), 0.0288557 secs] 9268K->9268K(9920K), [Metaspace: 4016K->4016K(1056768K)], 0.0464088 secs] [Times: user=0.09 sys=0.00, real=0.05 secs] 
23.317: [GC (CMS Initial Mark) [1 CMS-initial-mark: 6516K(6848K)] 9268K(9920K), 0.0080909 secs] [Times: user=0.00 sys=0.00, real=0.01 secs] 
23.325: [CMS-concurrent-mark-start]
23.325: [GC (Allocation Failure) 23.325: [ParNew (promotion failed): 2751K->3071K(3072K), 0.0182920 secs]23.344: [CMS23.357: [CMS-concurrent-mark: 0.013/0.031 secs] [Times: user=0.13 sys=0.00, real=0.03 secs] 
 (concurrent mode failure): 6518K->6516K(6848K), 0.0486265 secs] 9268K->9268K(9920K), [Metaspace: 4016K->4016K(1056768K)], 0.0670231 secs] [Times: user=0.17 sys=0.00, real=0.07 secs] 
23.393: [GC (Allocation Failure) 23.393: [ParNew (promotion failed): 2751K->3071K(3072K), 0.0176561 secs]23.410: [CMS: 6518K->6516K(6848K), 0.0326575 secs] 9268K->9268K(9920K), [Metaspace: 4016K->4016K(1056768K)], 0.0504216 secs] [Times: user=0.09 sys=0.00, real=0.05 secs] 
23.443: [GC (CMS Initial Mark) [1 CMS-initial-mark: 6516K(6848K)] 9268K(9920K), 0.0074622 secs] [Times: user=0.00 sys=0.00, real=0.01 secs] 
23.451: [CMS-concurrent-mark-start]
23.451: [GC (Allocation Failure) 23.451: [ParNew (promotion failed): 2751K->3071K(3072K), 0.0181449 secs]23.469: [CMS23.483: [CMS-concurrent-mark: 0.014/0.032 secs] [Times: user=0.11 sys=0.00, real=0.03 secs] 
 (concurrent mode failure): 6518K->6516K(6848K), 0.0490270 secs] 9268K->9268K(9920K), [Metaspace: 4016K->4016K(1056768K)], 0.0672962 secs] [Times: user=0.14 sys=0.00, real=0.07 secs] 
23.518: [GC (Allocation Failure) 23.518: [ParNew (promotion failed): 2751K->3070K(3072K), 0.0173360 secs]23.536: [CMS: 6518K->6516K(6848K), 0.0331540 secs] 9268K->9268K(9920K), [Metaspace: 4016K->4016K(1056768K)], 0.0506246 secs] [Times: user=0.08 sys=0.02, real=0.05 secs] 
23.569: [GC (CMS Initial Mark) [1 CMS-initial-mark: 6516K(6848K)] 9268K(9920K), 0.0065523 secs] [Times: user=0.00 sys=0.00, real=0.01 secs] 
23.576: [CMS-concurrent-mark-start]
23.576: [GC (Allocation Failure) 23.576: [ParNew (promotion failed): 2751K->3070K(3072K), 0.0180140 secs]23.594: [CMS23.605: [CMS-concurrent-mark: 0.011/0.029 secs] [Times: user=0.06 sys=0.00, real=0.03 secs] 
 (concurrent mode failure): 6518K->6516K(6848K), 0.0446241 secs] 9268K->9268K(9920K), [Metaspace: 4016K->4016K(1056768K)], 0.0627513 secs] [Times: user=0.09 sys=0.00, real=0.06 secs] 
23.639: [GC (Allocation Failure) 23.639: [ParNew (promotion failed): 2751K->3070K(3072K), 0.0180165 secs]23.657: [CMS: 6518K->6516K(6848K), 0.0371439 secs] 9268K->9268K(9920K), [Metaspace: 4016K->4016K(1056768K)], 0.0552703 secs] [Times: user=0.08 sys=0.00, real=0.06 secs] 
23.694: [GC (CMS Initial Mark) [1 CMS-initial-mark: 6516K(6848K)] 9268K(9920K), 0.0079616 secs] [Times: user=0.02 sys=0.00, real=0.01 secs] 
23.702: [CMS-concurrent-mark-start]
23.703: [GC (Allocation Failure) 23.703: [ParNew (promotion failed): 2751K->3070K(3072K), 0.0190693 secs]23.722: [CMS23.737: [CMS-concurrent-mark: 0.016/0.035 secs] [Times: user=0.06 sys=0.00, real=0.04 secs] 
 (concurrent mode failure): 6518K->6516K(6848K), 0.0509710 secs] 9268K->9268K(9920K), [Metaspace: 4016K->4016K(1056768K)], 0.0701611 secs] [Times: user=0.09 sys=0.00, real=0.07 secs] 
23.773: [GC (Allocation Failure) 23.773: [ParNew (promotion failed): 2751K->3070K(3072K), 0.0207356 secs]23.794: [CMS: 6518K->6516K(6848K), 0.0382200 secs] 9268K->9268K(9920K), [Metaspace: 4016K->4016K(1056768K)], 0.0590743 secs] [Times: user=0.06 sys=0.02, real=0.06 secs] 
23.833: [GC (CMS Initial Mark) [1 CMS-initial-mark: 6516K(6848K)] 9268K(9920K), 0.0080909 secs] [Times: user=0.00 sys=0.00, real=0.01 secs] 
23.841: [CMS-concurrent-mark-start]
23.841: [GC (Allocation Failure) 23.841: [ParNew (promotion failed): 2751K->3070K(3072K), 0.0182170 secs]23.859: [CMS23.873: [CMS-concurrent-mark: 0.014/0.032 secs] [Times: user=0.08 sys=0.00, real=0.03 secs] 
 (concurrent mode failure): 6518K->6516K(6848K), 0.0509013 secs] 9268K->9268K(9920K), [Metaspace: 4016K->4016K(1056768K)], 0.0692399 secs] [Times: user=0.11 sys=0.00, real=0.07 secs] 
23.910: [GC (Allocation Failure) 23.910: [ParNew (promotion failed): 2751K->3070K(3072K), 0.0184175 secs]23.929: [CMS: 6518K->6516K(6848K), 0.0302813 secs] 9268K->9268K(9920K), [Metaspace: 4016K->4016K(1056768K)], 0.0488218 secs] [Times: user=0.08 sys=0.00, real=0.05 secs] 
23.959: [GC (CMS Initial Mark) [1 CMS-initial-mark: 6516K(6848K)] 9268K(9920K), 0.0062730 secs] [Times: user=0.00 sys=0.00, real=0.01 secs] 
23.966: [CMS-concurrent-mark-start]
23.966: [GC (Allocation Failure) 23.966: [ParNew (promotion failed): 2751K->3070K(3072K), 0.0176701 secs]23.984: [CMS23.993: [CMS-concurrent-mark: 0.010/0.028 secs] [Times: user=0.13 sys=0.00, real=0.03 secs] 
 (concurrent mode failure): 6518K->6516K(6848K), 0.0352027 secs] 9268K->9268K(9920K), [Metaspace: 4016K->4016K(1056768K)], 0.0529848 secs] [Times: user=0.16 sys=0.00, real=0.05 secs] 
24.019: [GC (Allocation Failure) 24.019: [ParNew (promotion failed): 2751K->3070K(3072K), 0.0177493 secs]24.037: [CMS: 6518K->6516K(6848K), 0.0256002 secs] 9268K->9268K(9920K), [Metaspace: 4016K->4016K(1056768K)], 0.0434503 secs] [Times: user=0.09 sys=0.00, real=0.04 secs] 
24.063: [GC (CMS Initial Mark) [1 CMS-initial-mark: 6516K(6848K)] 9268K(9920K), 0.0058684 secs] [Times: user=0.00 sys=0.00, real=0.00 secs] 
24.069: [CMS-concurrent-mark-start]
24.069: [GC (Allocation Failure) 24.069: [ParNew (promotion failed): 2751K->3070K(3072K), 0.0182114 secs]24.087: [CMS24.097: [CMS-concurrent-mark: 0.010/0.028 secs] [Times: user=0.08 sys=0.00, real=0.03 secs] 
 (concurrent mode failure): 6518K->6516K(6848K), 0.0343017 secs] 9268K->9268K(9920K), [Metaspace: 4016K->4016K(1056768K)], 0.0526165 secs] [Times: user=0.09 sys=0.00, real=0.05 secs] 
24.122: [GC (Allocation Failure) 24.122: [ParNew (promotion failed): 2751K->3070K(3072K), 0.0176549 secs]24.139: [CMS: 6518K->6516K(6848K), 0.0243706 secs] 9268K->9268K(9920K), [Metaspace: 4016K->4016K(1056768K)], 0.0421238 secs] [Times: user=0.09 sys=0.00, real=0.04 secs] 
24.164: [GC (CMS Initial Mark) [1 CMS-initial-mark: 6516K(6848K)] 9268K(9920K), 0.0054619 secs] [Times: user=0.00 sys=0.00, real=0.00 secs] 
24.169: [CMS-concurrent-mark-start]
24.169: [GC (Allocation Failure) 24.169: [ParNew (promotion failed): 2751K->3070K(3072K), 0.0177045 secs]24.187: [CMS24.196: [CMS-concurrent-mark: 0.009/0.027 secs] [Times: user=0.11 sys=0.02, real=0.03 secs] 
 (concurrent mode failure): 6518K->6516K(6848K), 0.0335373 secs] 9268K->9268K(9920K), [Metaspace: 4016K->4016K(1056768K)], 0.0513497 secs] [Times: user=0.14 sys=0.02, real=0.05 secs] 
24.221: [GC (Allocation Failure) 24.221: [ParNew (promotion failed): 2751K->3070K(3072K), 0.0177091 secs]24.239: [CMS: 6518K->6516K(6848K), 0.0243570 secs] 9268K->9268K(9920K), [Metaspace: 4016K->4016K(1056768K)], 0.0421718 secs] [Times: user=0.08 sys=0.00, real=0.04 secs] 
24.263: [GC (CMS Initial Mark) [1 CMS-initial-mark: 6516K(6848K)] 9268K(9920K), 0.0059894 secs] [Times: user=0.02 sys=0.00, real=0.01 secs] 
24.269: [CMS-concurrent-mark-start]
24.269: [GC (Allocation Failure) 24.269: [ParNew (promotion failed): 2751K->3070K(3072K), 0.0173661 secs]24.287: [CMS24.296: [CMS-concurrent-mark: 0.009/0.026 secs] [Times: user=0.08 sys=0.00, real=0.03 secs] 
 (concurrent mode failure): 6518K->6516K(6848K), 0.0340395 secs] 9268K->9268K(9920K), [Metaspace: 4016K->4016K(1056768K)], 0.0514960 secs] [Times: user=0.09 sys=0.00, real=0.05 secs] 
24.321: [GC (Allocation Failure) 24.321: [ParNew (promotion failed): 2751K->3070K(3072K), 0.0175814 secs]24.339: [CMS: 6518K->6516K(6848K), 0.0245597 secs] 9268K->9268K(9920K), [Metaspace: 4016K->4016K(1056768K)], 0.0422320 secs] [Times: user=0.08 sys=0.02, real=0.04 secs] 
24.364: [GC (CMS Initial Mark) [1 CMS-initial-mark: 6516K(6848K)] 9268K(9920K), 0.0054466 secs] [Times: user=0.00 sys=0.00, real=0.01 secs] 
24.369: [CMS-concurrent-mark-start]
24.369: [GC (Allocation Failure) 24.369: [ParNew (promotion failed): 2751K->3070K(3072K), 0.0181689 secs]24.387: [CMS24.397: [CMS-concurrent-mark: 0.009/0.028 secs] [Times: user=0.08 sys=0.00, real=0.03 secs] 
 (concurrent mode failure): 6518K->6516K(6848K), 0.0332506 secs] 9268K->9268K(9920K), [Metaspace: 4016K->4016K(1056768K)], 0.0515184 secs] [Times: user=0.09 sys=0.01, real=0.05 secs] 
24.421: [GC (Allocation Failure) 24.421: [ParNew (promotion failed): 2751K->3069K(3072K), 0.0173731 secs]24.438: [CMS: 6518K->6516K(6848K), 0.0253505 secs] 9268K->9268K(9920K), [Metaspace: 4016K->4016K(1056768K)], 0.0428233 secs] [Times: user=0.08 sys=0.00, real=0.04 secs] 
24.464: [GC (CMS Initial Mark) [1 CMS-initial-mark: 6516K(6848K)] 9268K(9920K), 0.0055162 secs] [Times: user=0.02 sys=0.00, real=0.00 secs] 
24.469: [CMS-concurrent-mark-start]
24.469: [GC (Allocation Failure) 24.469: [ParNew (promotion failed): 2751K->3071K(3072K), 0.0178132 secs]24.487: [CMS24.497: [CMS-concurrent-mark: 0.010/0.028 secs] [Times: user=0.06 sys=0.00, real=0.03 secs] 
 (concurrent mode failure): 6518K->6516K(6848K), 0.0354301 secs] 9268K->9268K(9920K), [Metaspace: 4016K->4016K(1056768K)], 0.0533386 secs] [Times: user=0.09 sys=0.00, real=0.05 secs] 
24.523: [GC (Allocation Failure) 24.523: [ParNew (promotion failed): 2751K->3071K(3072K), 0.0174814 secs]24.540: [CMS: 6518K->6516K(6848K), 0.0250737 secs] 9268K->9268K(9920K), [Metaspace: 4016K->4016K(1056768K)], 0.0426517 secs] [Times: user=0.08 sys=0.00, real=0.04 secs] 
24.566: [GC (CMS Initial Mark) [1 CMS-initial-mark: 6516K(6848K)] 9268K(9920K), 0.0060547 secs] [Times: user=0.00 sys=0.00, real=0.01 secs] 
24.572: [CMS-concurrent-mark-start]
24.572: [GC (Allocation Failure) 24.572: [ParNew (promotion failed): 2751K->3071K(3072K), 0.0180991 secs]24.590: [CMS24.600: [CMS-concurrent-mark: 0.010/0.028 secs] [Times: user=0.03 sys=0.00, real=0.03 secs] 
 (concurrent mode failure): 6518K->6516K(6848K), 0.0368467 secs] 9268K->9268K(9920K), [Metaspace: 4016K->4016K(1056768K)], 0.0550504 secs] [Times: user=0.06 sys=0.00, real=0.05 secs] 
24.627: [GC (Allocation Failure) 24.627: [ParNew (promotion failed): 2751K->3071K(3072K), 0.0188140 secs]24.646: [CMS: 6518K->6516K(6848K), 0.0342842 secs] 9268K->9268K(9920K), [Metaspace: 4016K->4016K(1056768K)], 0.0532128 secs] [Times: user=0.09 sys=0.00, real=0.05 secs] 
24.680: [GC (CMS Initial Mark) [1 CMS-initial-mark: 6516K(6848K)] 9268K(9920K), 0.0065195 secs] [Times: user=0.02 sys=0.00, real=0.01 secs] 
24.687: [CMS-concurrent-mark-start]
24.687: [GC (Allocation Failure) 24.687: [ParNew (promotion failed): 2751K->3071K(3072K), 0.0191040 secs]24.706: [CMS24.718: [CMS-concurrent-mark: 0.012/0.031 secs] [Times: user=0.03 sys=0.02, real=0.03 secs] 
 (concurrent mode failure): 6518K->6516K(6848K), 0.0399390 secs] 9268K->9268K(9920K), [Metaspace: 4016K->4016K(1056768K)], 0.0591455 secs] [Times: user=0.05 sys=0.02, real=0.06 secs] 
24.746: [GC (Allocation Failure) 24.746: [ParNew (promotion failed): 2751K->3071K(3072K), 0.0183927 secs]24.765: [CMS: 6518K->6516K(6848K), 0.0269870 secs] 9268K->9268K(9920K), [Metaspace: 4016K->4016K(1056768K)], 0.0454912 secs] [Times: user=0.06 sys=0.00, real=0.05 secs] 
24.792: [GC (CMS Initial Mark) [1 CMS-initial-mark: 6516K(6848K)] 9268K(9920K), 0.0055667 secs] [Times: user=0.02 sys=0.00, real=0.01 secs] 
24.798: [CMS-concurrent-mark-start]
24.798: [GC (Allocation Failure) 24.798: [ParNew (promotion failed): 2751K->3071K(3072K), 0.0180083 secs]24.816: [CMS24.826: [CMS-concurrent-mark: 0.010/0.028 secs] [Times: user=0.03 sys=0.00, real=0.03 secs] 
 (concurrent mode failure): 6518K->6516K(6848K), 0.0356101 secs] 9268K->9268K(9920K), [Metaspace: 4016K->4016K(1056768K)], 0.0537238 secs] [Times: user=0.05 sys=0.00, real=0.05 secs] 
24.852: [GC (Allocation Failure) 24.852: [ParNew (promotion failed): 2751K->3070K(3072K), 0.0182132 secs]24.870: [CMS: 6518K->6516K(6848K), 0.0257077 secs] 9268K->9268K(9920K), [Metaspace: 4016K->4016K(1056768K)], 0.0440316 secs] [Times: user=0.09 sys=0.00, real=0.04 secs] 
24.896: [GC (Allocation Failure) 24.896: [ParNew (promotion failed): 2751K->3070K(3072K), 0.0172824 secs]24.913: [CMS: 6518K->6516K(6848K), 0.0253859 secs] 9268K->9268K(9920K), [Metaspace: 4016K->4016K(1056768K)], 0.0427641 secs] [Times: user=0.06 sys=0.00, real=0.04 secs] 
24.939: [GC (CMS Initial Mark) [1 CMS-initial-mark: 6516K(6848K)] 9268K(9920K), 0.0058772 secs] [Times: user=0.00 sys=0.00, real=0.01 secs] 
24.945: [CMS-concurrent-mark-start]
24.945: [GC (Allocation Failure) 24.945: [ParNew (promotion failed): 2751K->3070K(3072K), 0.0176697 secs]24.962: [CMS24.974: [CMS-concurrent-mark: 0.011/0.029 secs] [Times: user=0.06 sys=0.00, real=0.03 secs] 
 (concurrent mode failure): 6518K->6516K(6848K), 0.0365857 secs] 9268K->9268K(9920K), [Metaspace: 4016K->4016K(1056768K)], 0.0543711 secs] [Times: user=0.09 sys=0.00, real=0.05 secs] 
24.999: [GC (Allocation Failure) 24.999: [ParNew (promotion failed): 2751K->3070K(3072K), 0.0180264 secs]25.018: [CMS: 6518K->6516K(6848K), 0.0243373 secs] 9268K->9268K(9920K), [Metaspace: 4016K->4016K(1056768K)], 0.0424869 secs] [Times: user=0.08 sys=0.00, real=0.04 secs] 
25.042: [GC (CMS Initial Mark) [1 CMS-initial-mark: 6516K(6848K)] 9268K(9920K), 0.0054378 secs] [Times: user=0.02 sys=0.00, real=0.01 secs] 
25.048: [CMS-concurrent-mark-start]
25.048: [GC (Allocation Failure) 25.048: [ParNew (promotion failed): 2751K->3070K(3072K), 0.0172002 secs]25.065: [CMS25.075: [CMS-concurrent-mark: 0.010/0.027 secs] [Times: user=0.06 sys=0.00, real=0.03 secs] 
 (concurrent mode failure): 6518K->6516K(6848K), 0.0342515 secs] 9268K->9268K(9920K), [Metaspace: 4016K->4016K(1056768K)], 0.0515384 secs] [Times: user=0.09 sys=0.00, real=0.05 secs] 
25.099: [GC (Allocation Failure) 25.099: [ParNew (promotion failed): 2751K->3070K(3072K), 0.0176290 secs]25.117: [CMS: 6518K->6516K(6848K), 0.0262074 secs] 9268K->9268K(9920K), [Metaspace: 4016K->4016K(1056768K)], 0.0439314 secs] [Times: user=0.09 sys=0.00, real=0.04 secs] 
25.143: [GC (CMS Initial Mark) [1 CMS-initial-mark: 6516K(6848K)] 9268K(9920K), 0.0056097 secs] [Times: user=0.00 sys=0.00, real=0.00 secs] 
25.149: [CMS-concurrent-mark-start]
25.150: [GC (Allocation Failure) 25.150: [ParNew (promotion failed): 2751K->3070K(3072K), 0.0183232 secs]25.169: [CMS25.178: [CMS-concurrent-mark: 0.010/0.029 secs] [Times: user=0.08 sys=0.00, real=0.03 secs] 
 (concurrent mode failure): 6518K->6516K(6848K), 0.0340620 secs] 9268K->9268K(9920K), [Metaspace: 4016K->4016K(1056768K)], 0.0525152 secs] [Times: user=0.11 sys=0.00, real=0.05 secs] 
25.203: [GC (Allocation Failure) 25.203: [ParNew (promotion failed): 2751K->3070K(3072K), 0.0176757 secs]25.220: [CMS: 6518K->6516K(6848K), 0.0252520 secs] 9268K->9268K(9920K), [Metaspace: 4016K->4016K(1056768K)], 0.0430261 secs] [Times: user=0.08 sys=0.00, real=0.04 secs] 
25.246: [GC (CMS Initial Mark) [1 CMS-initial-mark: 6516K(6848K)] 9268K(9920K), 0.0057542 secs] [Times: user=0.02 sys=0.00, real=0.01 secs] 
25.252: [CMS-concurrent-mark-start]
25.252: [GC (Allocation Failure) 25.252: [ParNew (promotion failed): 2751K->3070K(3072K), 0.0178388 secs]25.270: [CMS25.280: [CMS-concurrent-mark: 0.010/0.028 secs] [Times: user=0.08 sys=0.00, real=0.03 secs] 
 (concurrent mode failure): 6518K->6516K(6848K), 0.0350198 secs] 9268K->9268K(9920K), [Metaspace: 4016K->4016K(1056768K)], 0.0529640 secs] [Times: user=0.09 sys=0.00, real=0.05 secs] 
25.305: [GC (Allocation Failure) 25.305: [ParNew (promotion failed): 2751K->3070K(3072K), 0.0176148 secs]25.323: [CMS: 6518K->6516K(6848K), 0.0262905 secs] 9268K->9268K(9920K), [Metaspace: 4016K->4016K(1056768K)], 0.0440218 secs] [Times: user=0.08 sys=0.00, real=0.04 secs] 
25.349: [GC (CMS Initial Mark) [1 CMS-initial-mark: 6516K(6848K)] 9268K(9920K), 0.0066707 secs] [Times: user=0.00 sys=0.00, real=0.01 secs] 
25.356: [CMS-concurrent-mark-start]
25.356: [GC (Allocation Failure) 25.356: [ParNew (promotion failed): 2751K->3070K(3072K), 0.0175827 secs]25.374: [CMS25.383: [CMS-concurrent-mark: 0.010/0.027 secs] [Times: user=0.08 sys=0.00, real=0.03 secs] 
 (concurrent mode failure): 6518K->6516K(6848K), 0.0351718 secs] 9268K->9268K(9920K), [Metaspace: 4016K->4016K(1056768K)], 0.0528417 secs] [Times: user=0.11 sys=0.00, real=0.05 secs] 
25.409: [GC (Allocation Failure) 25.409: [ParNew (promotion failed): 2751K->3070K(3072K), 0.0174222 secs]25.426: [CMS: 6518K->6516K(6848K), 0.0286153 secs] 9268K->9268K(9920K), [Metaspace: 4016K->4016K(1056768K)], 0.0461350 secs] [Times: user=0.09 sys=0.00, real=0.05 secs] 
25.455: [GC (CMS Initial Mark) [1 CMS-initial-mark: 6516K(6848K)] 9268K(9920K), 0.0054587 secs] [Times: user=0.00 sys=0.00, real=0.01 secs] 
25.461: [CMS-concurrent-mark-start]
25.461: [GC (Allocation Failure) 25.461: [ParNew (promotion failed): 2751K->3070K(3072K), 0.0180790 secs]25.479: [CMS25.488: [CMS-concurrent-mark: 0.009/0.027 secs] [Times: user=0.06 sys=0.01, real=0.03 secs] 
 (concurrent mode failure): 6518K->6516K(6848K), 0.0333933 secs] 9268K->9268K(9920K), [Metaspace: 4016K->4016K(1056768K)], 0.0515758 secs] [Times: user=0.08 sys=0.01, real=0.05 secs] 
25.513: [GC (Allocation Failure) 25.513: [ParNew (promotion failed): 2751K->3070K(3072K), 0.0182227 secs]25.531: [CMS: 6518K->6516K(6848K), 0.0260874 secs] 9268K->9268K(9920K), [Metaspace: 4016K->4016K(1056768K)], 0.0444254 secs] [Times: user=0.08 sys=0.00, real=0.04 secs] 
25.557: [GC (Allocation Failure) 25.557: [ParNew (promotion failed): 2751K->3070K(3072K), 0.0176697 secs]25.575: [CMS (concurrent mode failure): 6518K->6516K(6848K), 0.0409630 secs] 9268K->9268K(9920K), [Metaspace: 4016K->4016K(1056768K)], 0.0587571 secs] [Times: user=0.11 sys=0.00, real=0.06 secs] 
25.616: [GC (Allocation Failure) 25.616: [ParNew (promotion failed): 2751K->3070K(3072K), 0.0172868 secs]25.634: [CMS: 6518K->6516K(6848K), 0.0344666 secs] 9268K->9268K(9920K), [Metaspace: 4016K->4016K(1056768K)], 0.0518635 secs] [Times: user=0.08 sys=0.02, real=0.05 secs] 
25.668: [GC (CMS Initial Mark) [1 CMS-initial-mark: 6516K(6848K)] 9268K(9920K), 0.0084823 secs] [Times: user=0.02 sys=0.00, real=0.01 secs] 
25.677: [CMS-concurrent-mark-start]
25.677: [GC (Allocation Failure) 25.677: [ParNew (promotion failed): 2751K->3069K(3072K), 0.0177304 secs]25.695: [CMS25.706: [CMS-concurrent-mark: 0.012/0.030 secs] [Times: user=0.05 sys=0.00, real=0.03 secs] 
 (concurrent mode failure): 6518K->6516K(6848K), 0.0366028 secs] 9268K->9268K(9920K), [Metaspace: 4016K->4016K(1056768K)], 0.0544369 secs] [Times: user=0.06 sys=0.00, real=0.05 secs] 
25.731: [GC (Allocation Failure) 25.731: [ParNew (promotion failed): 2751K->3071K(3072K), 0.0177611 secs]25.749: [CMS: 6518K->6516K(6848K), 0.0246112 secs] 9268K->9268K(9920K), [Metaspace: 4016K->4016K(1056768K)], 0.0424595 secs] [Times: user=0.11 sys=0.00, real=0.04 secs] 
25.774: [GC (CMS Initial Mark) [1 CMS-initial-mark: 6516K(6848K)] 9268K(9920K), 0.0056930 secs] [Times: user=0.01 sys=0.00, real=0.01 secs] 
25.780: [CMS-concurrent-mark-start]
25.780: [GC (Allocation Failure) 25.780: [ParNew (promotion failed): 2751K->3071K(3072K), 0.0177215 secs]25.798: [CMS25.807: [CMS-concurrent-mark: 0.009/0.027 secs] [Times: user=0.06 sys=0.00, real=0.03 secs] 
 (concurrent mode failure): 6518K->6516K(6848K), 0.0342515 secs] 9268K->9268K(9920K), [Metaspace: 4016K->4016K(1056768K)], 0.0520926 secs] [Times: user=0.08 sys=0.02, real=0.05 secs] 
25.832: [GC (Allocation Failure) 25.832: [ParNew (promotion failed): 2751K->3071K(3072K), 0.0175720 secs]25.850: [CMS: 6518K->6516K(6848K), 0.0243365 secs] 9268K->9268K(9920K), [Metaspace: 4016K->4016K(1056768K)], 0.0420099 secs] [Times: user=0.09 sys=0.00, real=0.04 secs] 
25.874: [GC (CMS Initial Mark) [1 CMS-initial-mark: 6516K(6848K)] 9268K(9920K), 0.0055157 secs] [Times: user=0.00 sys=0.00, real=0.00 secs] 
25.880: [CMS-concurrent-mark-start]
25.880: [GC (Allocation Failure) 25.880: [ParNew (promotion failed): 2751K->3071K(3072K), 0.0181115 secs]25.898: [CMS25.909: [CMS-concurrent-mark: 0.010/0.029 secs] [Times: user=0.08 sys=0.00, real=0.03 secs] 
 (concurrent mode failure): 6518K->6516K(6848K), 0.0344926 secs] 9268K->9268K(9920K), [Metaspace: 4016K->4016K(1056768K)], 0.0527068 secs] [Times: user=0.09 sys=0.00, real=0.05 secs] 
25.933: [GC (Allocation Failure) 25.933: [ParNew (promotion failed): 2751K->3071K(3072K), 0.0178092 secs]25.951: [CMS: 6518K->6516K(6848K), 0.0248984 secs] 9268K->9268K(9920K), [Metaspace: 4016K->4016K(1056768K)], 0.0428039 secs] [Times: user=0.09 sys=0.00, real=0.04 secs] 
25.976: [GC (Allocation Failure) 25.976: [ParNew (promotion failed): 2751K->3071K(3072K), 0.0177026 secs]25.994: [CMS (concurrent mode failure): 6518K->6516K(6848K), 0.0255986 secs] 9268K->9268K(9920K), [Metaspace: 4016K->4016K(1056768K)], 0.0434030 secs] [Times: user=0.06 sys=0.02, real=0.04 secs] 
26.019: [GC (Allocation Failure) 26.019: [ParNew (promotion failed): 2751K->3071K(3072K), 0.0175192 secs]26.037: [CMS: 6518K->6516K(6848K), 0.0259400 secs] 9268K->9268K(9920K), [Metaspace: 4016K->4016K(1056768K)], 0.0435644 secs] [Times: user=0.09 sys=0.00, real=0.04 secs] 
26.063: [GC (CMS Initial Mark) [1 CMS-initial-mark: 6516K(6848K)] 9268K(9920K), 0.0061169 secs] [Times: user=0.00 sys=0.00, real=0.01 secs] 
26.070: [CMS-concurrent-mark-start]
26.070: [GC (Allocation Failure) 26.070: [ParNew (promotion failed): 2751K->3070K(3072K), 0.0176597 secs]26.087: [CMS26.097: [CMS-concurrent-mark: 0.009/0.027 secs] [Times: user=0.08 sys=0.00, real=0.03 secs] 
 (concurrent mode failure): 6518K->6516K(6848K), 0.0349133 secs] 9268K->9268K(9920K), [Metaspace: 4016K->4016K(1056768K)], 0.0526759 secs] [Times: user=0.09 sys=0.00, real=0.05 secs] 
26.123: [GC (Allocation Failure) 26.123: [ParNew (promotion failed): 2751K->3070K(3072K), 0.0179044 secs]26.140: [CMS: 6518K->6516K(6848K), 0.0247118 secs] 9268K->9268K(9920K), [Metaspace: 4016K->4016K(1056768K)], 0.0428072 secs] [Times: user=0.14 sys=0.00, real=0.04 secs] 
26.166: [GC (CMS Initial Mark) [1 CMS-initial-mark: 6516K(6848K)] 9268K(9920K), 0.0054646 secs] [Times: user=0.02 sys=0.00, real=0.01 secs] 
26.171: [CMS-concurrent-mark-start]
26.171: [GC (Allocation Failure) 26.171: [ParNew (promotion failed): 2751K->3070K(3072K), 0.0176278 secs]26.189: [CMS26.198: [CMS-concurrent-mark: 0.009/0.027 secs] [Times: user=0.06 sys=0.00, real=0.03 secs] 
 (concurrent mode failure): 6518K->6516K(6848K), 0.0336239 secs] 9268K->9268K(9920K), [Metaspace: 4016K->4016K(1056768K)], 0.0513545 secs] [Times: user=0.09 sys=0.00, real=0.05 secs] 
26.223: [GC (Allocation Failure) 26.223: [ParNew (promotion failed): 2751K->3070K(3072K), 0.0176812 secs]26.240: [CMS: 6518K->6516K(6848K), 0.0240149 secs] 9268K->9268K(9920K), [Metaspace: 4016K->4016K(1056768K)], 0.0417841 secs] [Times: user=0.09 sys=0.00, real=0.04 secs] 
26.265: [GC (CMS Initial Mark) [1 CMS-initial-mark: 6516K(6848K)] 9268K(9920K), 0.0055811 secs] [Times: user=0.00 sys=0.00, real=0.01 secs] 
26.270: [CMS-concurrent-mark-start]
26.270: [GC (Allocation Failure) 26.270: [ParNew (promotion failed): 2751K->3070K(3072K), 0.0179751 secs]26.288: [CMS26.297: [CMS-concurrent-mark: 0.009/0.027 secs] [Times: user=0.08 sys=0.00, real=0.03 secs] 
 (concurrent mode failure): 6518K->6516K(6848K), 0.0336525 secs] 9268K->9268K(9920K), [Metaspace: 4016K->4016K(1056768K)], 0.0517157 secs] [Times: user=0.09 sys=0.00, real=0.05 secs] 
26.322: [GC (Allocation Failure) 26.322: [ParNew (promotion failed): 2751K->3070K(3072K), 0.0179399 secs]26.340: [CMS: 6518K->6516K(6848K), 0.0277490 secs] 9268K->9268K(9920K), [Metaspace: 4016K->4016K(1056768K)], 0.0459118 secs] [Times: user=0.09 sys=0.00, real=0.05 secs] 
26.368: [GC (CMS Initial Mark) [1 CMS-initial-mark: 6516K(6848K)] 9268K(9920K), 0.0054573 secs] [Times: user=0.01 sys=0.00, real=0.00 secs] 
26.374: [CMS-concurrent-mark-start]
26.374: [GC (Allocation Failure) 26.374: [ParNew (promotion failed): 2751K->3070K(3072K), 0.0178074 secs]26.392: [CMS26.409: [CMS-concurrent-mark: 0.018/0.036 secs] [Times: user=0.08 sys=0.00, real=0.03 secs] 
 (concurrent mode failure): 6518K->6516K(6848K), 0.0523963 secs] 9268K->9268K(9920K), [Metaspace: 4016K->4016K(1056768K)], 0.0703093 secs] [Times: user=0.09 sys=0.00, real=0.07 secs] 
26.444: [GC (Allocation Failure) 26.445: [ParNew (promotion failed): 2751K->3070K(3072K), 0.0182068 secs]26.463: [CMS: 6518K->6516K(6848K), 0.0322556 secs] 9268K->9268K(9920K), [Metaspace: 4016K->4016K(1056768K)], 0.0505758 secs] [Times: user=0.05 sys=0.02, real=0.05 secs] 
26.495: [GC (CMS Initial Mark) [1 CMS-initial-mark: 6516K(6848K)] 9268K(9920K), 0.0068586 secs] [Times: user=0.02 sys=0.00, real=0.01 secs] 
26.502: [CMS-concurrent-mark-start]
26.503: [GC (Allocation Failure) 26.503: [ParNew (promotion failed): 2751K->3070K(3072K), 0.0178465 secs]26.521: [CMS26.531: [CMS-concurrent-mark: 0.011/0.029 secs] [Times: user=0.08 sys=0.00, real=0.03 secs] 
 (concurrent mode failure): 6518K->6516K(6848K), 0.0361435 secs] 9268K->9268K(9920K), [Metaspace: 4016K->4016K(1056768K)], 0.0541254 secs] [Times: user=0.09 sys=0.00, real=0.05 secs] 
26.557: [GC (Allocation Failure) 26.557: [ParNew (promotion failed): 2751K->3070K(3072K), 0.0176206 secs]26.575: [CMS: 6518K->6516K(6848K), 0.0256371 secs] 9268K->9268K(9920K), [Metaspace: 4016K->4016K(1056768K)], 0.0433486 secs] [Times: user=0.09 sys=0.00, real=0.04 secs] 
26.601: [GC (CMS Initial Mark) [1 CMS-initial-mark: 6516K(6848K)] 9268K(9920K), 0.0055607 secs] [Times: user=0.00 sys=0.00, real=0.01 secs] 
26.606: [CMS-concurrent-mark-start]
26.606: [GC (Allocation Failure) 26.606: [ParNew (promotion failed): 2751K->3070K(3072K), 0.0173669 secs]26.624: [CMS26.633: [CMS-concurrent-mark: 0.009/0.027 secs] [Times: user=0.08 sys=0.00, real=0.03 secs] 
 (concurrent mode failure): 6518K->6516K(6848K), 0.0360597 secs] 9268K->9268K(9920K), [Metaspace: 4016K->4016K(1056768K)], 0.0535454 secs] [Times: user=0.11 sys=0.00, real=0.05 secs] 
26.660: [GC (Allocation Failure) 26.660: [ParNew (promotion failed): 2751K->3070K(3072K), 0.0178190 secs]26.678: [CMS: 6518K->6516K(6848K), 0.0343197 secs] 9268K->9268K(9920K), [Metaspace: 4016K->4016K(1056768K)], 0.0522550 secs] [Times: user=0.06 sys=0.00, real=0.05 secs] 
26.712: [GC (CMS Initial Mark) [1 CMS-initial-mark: 6516K(6848K)] 9268K(9920K), 0.0072504 secs] [Times: user=0.02 sys=0.00, real=0.01 secs] 
26.720: [CMS-concurrent-mark-start]
26.720: [GC (Allocation Failure) 26.720: [ParNew (promotion failed): 2751K->3070K(3072K), 0.0196823 secs]26.740: [CMS26.756: [CMS-concurrent-mark: 0.016/0.036 secs] [Times: user=0.03 sys=0.00, real=0.04 secs] 
 (concurrent mode failure): 6518K->6516K(6848K), 0.0527280 secs] 9268K->9268K(9920K), [Metaspace: 4016K->4016K(1056768K)], 0.0725157 secs] [Times: user=0.06 sys=0.00, real=0.07 secs] 
26.793: [GC (Allocation Failure) 26.793: [ParNew (promotion failed): 2751K->3070K(3072K), 0.0183752 secs]26.811: [CMS: 6518K->6516K(6848K), 0.0303816 secs] 9268K->9268K(9920K), [Metaspace: 4016K->4016K(1056768K)], 0.0488753 secs] [Times: user=0.09 sys=0.00, real=0.05 secs] 
26.842: [GC (CMS Initial Mark) [1 CMS-initial-mark: 6516K(6848K)] 9268K(9920K), 0.0055036 secs] [Times: user=0.02 sys=0.00, real=0.01 secs] 
26.847: [CMS-concurrent-mark-start]
26.847: [GC (Allocation Failure) 26.847: [ParNew (promotion failed): 2751K->3070K(3072K), 0.0177023 secs]26.865: [CMS26.876: [CMS-concurrent-mark: 0.011/0.029 secs] [Times: user=0.08 sys=0.00, real=0.03 secs] 
 (concurrent mode failure): 6518K->6516K(6848K), 0.0396025 secs] 9268K->9268K(9920K), [Metaspace: 4016K->4016K(1056768K)], 0.0574125 secs] [Times: user=0.09 sys=0.02, real=0.06 secs] 
26.905: [GC (Allocation Failure) 26.905: [ParNew (promotion failed): 2751K->3070K(3072K), 0.0183163 secs]26.923: [CMS: 6518K->6516K(6848K), 0.0374728 secs] 9268K->9268K(9920K), [Metaspace: 4016K->4016K(1056768K)], 0.0559176 secs] [Times: user=0.09 sys=0.00, real=0.06 secs] 
26.961: [GC (CMS Initial Mark) [1 CMS-initial-mark: 6516K(6848K)] 9268K(9920K), 0.0066129 secs] [Times: user=0.02 sys=0.00, real=0.01 secs] 
26.968: [CMS-concurrent-mark-start]
26.968: [GC (Allocation Failure) 26.968: [ParNew (promotion failed): 2751K->3069K(3072K), 0.0183702 secs]26.986: [CMS26.995: [CMS-concurrent-mark: 0.009/0.028 secs] [Times: user=0.05 sys=0.00, real=0.03 secs] 
 (concurrent mode failure): 6518K->6516K(6848K), 0.0347382 secs] 9268K->9268K(9920K), [Metaspace: 4016K->4016K(1056768K)], 0.0532220 secs] [Times: user=0.08 sys=0.00, real=0.05 secs] 
27.021: [GC (Allocation Failure) 27.021: [ParNew (promotion failed): 2751K->3071K(3072K), 0.0177698 secs]27.039: [CMS: 6518K->6516K(6848K), 0.0246295 secs] 9268K->9268K(9920K), [Metaspace: 4016K->4016K(1056768K)], 0.0424874 secs] [Times: user=0.09 sys=0.00, real=0.04 secs] 
27.064: [GC (CMS Initial Mark) [1 CMS-initial-mark: 6516K(6848K)] 9268K(9920K), 0.0056845 secs] [Times: user=0.00 sys=0.00, real=0.01 secs] 
27.070: [CMS-concurrent-mark-start]
27.070: [GC (Allocation Failure) 27.070: [ParNew (promotion failed): 2751K->3071K(3072K), 0.0179055 secs]27.088: [CMS27.096: [CMS-concurrent-mark: 0.009/0.027 secs] [Times: user=0.08 sys=0.00, real=0.03 secs] 
 (concurrent mode failure): 6518K->6516K(6848K), 0.0335065 secs] 9268K->9268K(9920K), [Metaspace: 4016K->4016K(1056768K)], 0.0515019 secs] [Times: user=0.09 sys=0.00, real=0.05 secs] 
27.121: [GC (Allocation Failure) 27.121: [ParNew (promotion failed): 2751K->3071K(3072K), 0.0172896 secs]27.139: [CMS: 6518K->6516K(6848K), 0.0355293 secs] 9268K->9268K(9920K), [Metaspace: 4016K->4016K(1056768K)], 0.0529184 secs] [Times: user=0.11 sys=0.00, real=0.05 secs] 
27.174: [GC (CMS Initial Mark) [1 CMS-initial-mark: 6516K(6848K)] 9268K(9920K), 0.0085781 secs] [Times: user=0.00 sys=0.00, real=0.01 secs] 
27.183: [CMS-concurrent-mark-start]
27.184: [GC (Allocation Failure) 27.184: [ParNew (promotion failed): 2751K->3071K(3072K), 0.0178616 secs]27.201: [CMS27.220: [CMS-concurrent-mark: 0.019/0.037 secs] [Times: user=0.09 sys=0.00, real=0.04 secs] 
 (concurrent mode failure): 6518K->6516K(6848K), 0.0537981 secs] 9268K->9268K(9920K), [Metaspace: 4016K->4016K(1056768K)], 0.0717598 secs] [Times: user=0.13 sys=0.00, real=0.07 secs] 
27.255: [GC (Allocation Failure) 27.255: [ParNew (promotion failed): 2751K->3071K(3072K), 0.0183403 secs]27.274: [CMS: 6518K->6516K(6848K), 0.0287088 secs] 9268K->9268K(9920K), [Metaspace: 4016K->4016K(1056768K)], 0.0471401 secs] [Times: user=0.08 sys=0.01, real=0.05 secs] 
27.303: [GC (CMS Initial Mark) [1 CMS-initial-mark: 6516K(6848K)] 9268K(9920K), 0.0061617 secs] [Times: user=0.00 sys=0.00, real=0.01 secs] 
27.309: [CMS-concurrent-mark-start]
27.309: [GC (Allocation Failure) 27.309: [ParNew (promotion failed): 2751K->3071K(3072K), 0.0174425 secs]27.327: [CMS27.339: [CMS-concurrent-mark: 0.012/0.030 secs] [Times: user=0.08 sys=0.00, real=0.03 secs] 
 (concurrent mode failure): 6518K->6516K(6848K), 0.0447731 secs] 9268K->9268K(9920K), [Metaspace: 4016K->4016K(1056768K)], 0.0623252 secs] [Times: user=0.11 sys=0.00, real=0.06 secs] 
27.372: [GC (Allocation Failure) 27.372: [ParNew (promotion failed): 2751K->3071K(3072K), 0.0176754 secs]27.389: [CMS: 6518K->6516K(6848K), 0.0315695 secs] 9268K->9268K(9920K), [Metaspace: 4016K->4016K(1056768K)], 0.0493465 secs] [Times: user=0.11 sys=0.00, real=0.05 secs] 
27.421: [GC (CMS Initial Mark) [1 CMS-initial-mark: 6516K(6848K)] 9268K(9920K), 0.0056600 secs] [Times: user=0.00 sys=0.00, real=0.01 secs] 
27.427: [CMS-concurrent-mark-start]
27.427: [GC (Allocation Failure) 27.427: [ParNew (promotion failed): 2751K->3070K(3072K), 0.0184399 secs]27.445: [CMS27.456: [CMS-concurrent-mark: 0.010/0.029 secs] [Times: user=0.08 sys=0.00, real=0.03 secs] 
 (concurrent mode failure): 6518K->6516K(6848K), 0.0446031 secs] 9268K->9268K(9920K), [Metaspace: 4016K->4016K(1056768K)], 0.0631522 secs] [Times: user=0.11 sys=0.00, real=0.06 secs] 
27.490: [GC (Allocation Failure) 27.490: [ParNew (promotion failed): 2751K->3070K(3072K), 0.0181053 secs]27.509: [CMS: 6518K->6516K(6848K), 0.0330670 secs] 9268K->9268K(9920K), [Metaspace: 4016K->4016K(1056768K)], 0.0512988 secs] [Times: user=0.09 sys=0.00, real=0.05 secs] 
27.542: [GC (CMS Initial Mark) [1 CMS-initial-mark: 6516K(6848K)] 9268K(9920K), 0.0071643 secs] [Times: user=0.02 sys=0.00, real=0.01 secs] 
27.549: [CMS-concurrent-mark-start]
27.549: [GC (Allocation Failure) 27.549: [ParNew (promotion failed): 2751K->3070K(3072K), 0.0177060 secs]27.567: [CMS27.583: [CMS-concurrent-mark: 0.016/0.034 secs] [Times: user=0.08 sys=0.00, real=0.03 secs] 
 (concurrent mode failure): 6518K->6516K(6848K), 0.0551316 secs] 9268K->9268K(9920K), [Metaspace: 4016K->4016K(1056768K)], 0.0729461 secs] [Times: user=0.11 sys=0.00, real=0.07 secs] 
27.622: [GC (Allocation Failure) 27.622: [ParNew (promotion failed): 2751K->3070K(3072K), 0.0177997 secs]27.640: [CMS: 6518K->6516K(6848K), 0.0384423 secs] 9268K->9268K(9920K), [Metaspace: 4016K->4016K(1056768K)], 0.0563551 secs] [Times: user=0.09 sys=0.00, real=0.06 secs] 
27.679: [GC (CMS Initial Mark) [1 CMS-initial-mark: 6516K(6848K)] 9268K(9920K), 0.0083289 secs] [Times: user=0.02 sys=0.00, real=0.01 secs] 
27.687: [CMS-concurrent-mark-start]
27.687: [GC (Allocation Failure) 27.687: [ParNew (promotion failed): 2751K->3070K(3072K), 0.0177192 secs]27.705: [CMS27.721: [CMS-concurrent-mark: 0.016/0.034 secs] [Times: user=0.06 sys=0.00, real=0.03 secs] 
 (concurrent mode failure): 6518K->6516K(6848K), 0.0537253 secs] 9268K->9268K(9920K), [Metaspace: 4016K->4016K(1056768K)], 0.0715580 secs] [Times: user=0.09 sys=0.00, real=0.07 secs] 
27.760: [GC (Allocation Failure) 27.760: [ParNew (promotion failed): 2751K->3070K(3072K), 0.0177483 secs]27.778: [CMS: 6518K->6516K(6848K), 0.0368656 secs] 9268K->9268K(9920K), [Metaspace: 4016K->4016K(1056768K)], 0.0547343 secs] [Times: user=0.08 sys=0.02, real=0.06 secs] 
27.815: [GC (CMS Initial Mark) [1 CMS-initial-mark: 6516K(6848K)] 9268K(9920K), 0.0087936 secs] [Times: user=0.00 sys=0.00, real=0.01 secs] 
27.824: [CMS-concurrent-mark-start]
27.824: [GC (Allocation Failure) 27.824: [ParNew (promotion failed): 2751K->3070K(3072K), 0.0178819 secs]27.842: [CMS27.859: [CMS-concurrent-mark: 0.018/0.036 secs] [Times: user=0.09 sys=0.00, real=0.04 secs] 
 (concurrent mode failure): 6518K->6516K(6848K), 0.0571774 secs] 9268K->9268K(9920K), [Metaspace: 4016K->4016K(1056768K)], 0.0751803 secs] [Times: user=0.13 sys=0.00, real=0.08 secs] 
27.899: [GC (Allocation Failure) 27.899: [ParNew (promotion failed): 2751K->3070K(3072K), 0.0177390 secs]27.917: [CMS: 6518K->6516K(6848K), 0.0400134 secs] 9268K->9268K(9920K), [Metaspace: 4016K->4016K(1056768K)], 0.0578706 secs] [Times: user=0.11 sys=0.00, real=0.06 secs] 
27.957: [GC (CMS Initial Mark) [1 CMS-initial-mark: 6516K(6848K)] 9268K(9920K), 0.0078904 secs] [Times: user=0.00 sys=0.00, real=0.01 secs] 
27.965: [CMS-concurrent-mark-start]
27.966: [GC (Allocation Failure) 27.966: [ParNew (promotion failed): 2751K->3070K(3072K), 0.0175214 secs]27.984: [CMS28.000: [CMS-concurrent-mark: 0.016/0.034 secs] [Times: user=0.09 sys=0.00, real=0.04 secs] 
 (concurrent mode failure): 6518K->6516K(6848K), 0.0546298 secs] 9268K->9268K(9920K), [Metaspace: 4016K->4016K(1056768K)], 0.0722929 secs] [Times: user=0.13 sys=0.00, real=0.07 secs] 
28.038: [GC (Allocation Failure) 28.038: [ParNew (promotion failed): 2751K->3070K(3072K), 0.0176112 secs]28.056: [CMS: 6518K->6516K(6848K), 0.0392878 secs] 9268K->9268K(9920K), [Metaspace: 4016K->4016K(1056768K)], 0.0570222 secs] [Times: user=0.09 sys=0.00, real=0.06 secs] 
28.096: [GC (CMS Initial Mark) [1 CMS-initial-mark: 6516K(6848K)] 9268K(9920K), 0.0080718 secs] [Times: user=0.00 sys=0.00, real=0.01 secs] 
28.104: [CMS-concurrent-mark-start]
28.104: [GC (Allocation Failure) 28.104: [ParNew (promotion failed): 2751K->3070K(3072K), 0.0182470 secs]28.122: [CMS28.135: [CMS-concurrent-mark: 0.012/0.031 secs] [Times: user=0.08 sys=0.00, real=0.03 secs] 
 (concurrent mode failure): 6518K->6516K(6848K), 0.0504259 secs] 9268K->9268K(9920K), [Metaspace: 4016K->4016K(1056768K)], 0.0687802 secs] [Times: user=0.11 sys=0.01, real=0.07 secs] 
28.173: [GC (Allocation Failure) 28.173: [ParNew (promotion failed): 2751K->3070K(3072K), 0.0178535 secs]28.191: [CMS: 6518K->6516K(6848K), 0.0346533 secs] 9268K->9268K(9920K), [Metaspace: 4016K->4016K(1056768K)], 0.0526487 secs] [Times: user=0.08 sys=0.02, real=0.05 secs] 
28.226: [GC (CMS Initial Mark) [1 CMS-initial-mark: 6516K(6848K)] 9268K(9920K), 0.0054711 secs] [Times: user=0.00 sys=0.00, real=0.01 secs] 
28.231: [CMS-concurrent-mark-start]
28.231: [GC (Allocation Failure) 28.231: [ParNew (promotion failed): 2751K->3070K(3072K), 0.0181735 secs]28.250: [CMS28.259: [CMS-concurrent-mark: 0.009/0.028 secs] [Times: user=0.13 sys=0.00, real=0.03 secs] 
 (concurrent mode failure): 6518K->6516K(6848K), 0.0347724 secs] 9268K->9268K(9920K), [Metaspace: 4016K->4016K(1056768K)], 0.0530472 secs] [Times: user=0.16 sys=0.00, real=0.05 secs] 
28.284: [GC (Allocation Failure) 28.285: [ParNew (promotion failed): 2751K->3070K(3072K), 0.0171321 secs]28.302: [CMS: 6518K->6516K(6848K), 0.0253387 secs] 9268K->9268K(9920K), [Metaspace: 4016K->4016K(1056768K)], 0.0425587 secs] [Times: user=0.09 sys=0.00, real=0.04 secs] 
28.327: [GC (CMS Initial Mark) [1 CMS-initial-mark: 6516K(6848K)] 9268K(9920K), 0.0059473 secs] [Times: user=0.00 sys=0.00, real=0.01 secs] 
28.333: [CMS-concurrent-mark-start]
28.333: [GC (Allocation Failure) 28.333: [ParNew (promotion failed): 2751K->3070K(3072K), 0.0175939 secs]28.351: [CMS28.361: [CMS-concurrent-mark: 0.010/0.027 secs] [Times: user=0.08 sys=0.00, real=0.03 secs] 
 (concurrent mode failure): 6518K->6516K(6848K), 0.0366200 secs] 9268K->9268K(9920K), [Metaspace: 4016K->4016K(1056768K)], 0.0543116 secs] [Times: user=0.09 sys=0.00, real=0.05 secs] 
28.388: [GC (Allocation Failure) 28.388: [ParNew (promotion failed): 2751K->3070K(3072K), 0.0177697 secs]28.406: [CMS: 6518K->6516K(6848K), 0.0300913 secs] 9268K->9268K(9920K), [Metaspace: 4016K->4016K(1056768K)], 0.0479807 secs] [Times: user=0.11 sys=0.00, real=0.05 secs] 
28.436: [GC (CMS Initial Mark) [1 CMS-initial-mark: 6516K(6848K)] 9268K(9920K), 0.0056669 secs] [Times: user=0.00 sys=0.00, real=0.01 secs] 
28.442: [CMS-concurrent-mark-start]
28.442: [GC (Allocation Failure) 28.442: [ParNew (promotion failed): 2751K->3069K(3072K), 0.0172068 secs]28.459: [CMS28.472: [CMS-concurrent-mark: 0.013/0.031 secs] [Times: user=0.06 sys=0.00, real=0.03 secs] 
 (concurrent mode failure): 6518K->6516K(6848K), 0.0389999 secs] 9268K->9268K(9920K), [Metaspace: 4016K->4016K(1056768K)], 0.0563091 secs] [Times: user=0.08 sys=0.02, real=0.06 secs] 
28.498: [GC (Allocation Failure) 28.498: [ParNew (promotion failed): 2751K->3071K(3072K), 0.0178263 secs]28.516: [CMS: 6518K->6516K(6848K), 0.0274601 secs] 9268K->9268K(9920K), [Metaspace: 4016K->4016K(1056768K)], 0.0454054 secs] [Times: user=0.06 sys=0.00, real=0.05 secs] 
28.544: [GC (CMS Initial Mark) [1 CMS-initial-mark: 6516K(6848K)] 9268K(9920K), 0.0076780 secs] [Times: user=0.02 sys=0.00, real=0.01 secs] 
28.551: [CMS-concurrent-mark-start]
28.552: [GC (Allocation Failure) 28.552: [ParNew (promotion failed): 2751K->3071K(3072K), 0.0321891 secs]28.584: [CMS28.597: [CMS-concurrent-mark: 0.013/0.045 secs] [Times: user=0.08 sys=0.00, real=0.04 secs] 
 (concurrent mode failure): 6518K->6516K(6848K), 0.0407926 secs] 9268K->9268K(9920K), [Metaspace: 4016K->4016K(1056768K)], 0.0731041 secs] [Times: user=0.11 sys=0.00, real=0.07 secs] 
28.625: [GC (Allocation Failure) 28.625: [ParNew (promotion failed): 2751K->3071K(3072K), 0.0175592 secs]28.642: [CMS: 6518K->6516K(6848K), 0.0304502 secs] 9268K->9268K(9920K), [Metaspace: 4016K->4016K(1056768K)], 0.0481235 secs] [Times: user=0.09 sys=0.00, real=0.05 secs] 
28.673: [GC (CMS Initial Mark) [1 CMS-initial-mark: 6516K(6848K)] 9268K(9920K), 0.0084944 secs] [Times: user=0.00 sys=0.00, real=0.01 secs] 
28.682: [CMS-concurrent-mark-start]
28.683: [GC (Allocation Failure) 28.683: [ParNew (promotion failed): 2751K->3071K(3072K), 0.0187124 secs]28.701: [CMS28.712: [CMS-concurrent-mark: 0.010/0.029 secs] [Times: user=0.06 sys=0.00, real=0.03 secs] 
 (concurrent mode failure): 6518K->6516K(6848K), 0.0474838 secs] 9268K->9268K(9920K), [Metaspace: 4016K->4016K(1056768K)], 0.0663121 secs] [Times: user=0.11 sys=0.00, real=0.07 secs] 
28.749: [GC (Allocation Failure) 28.749: [ParNew (promotion failed): 2751K->3071K(3072K), 0.0200326 secs]28.769: [CMS: 6518K->6516K(6848K), 0.0255096 secs] 9268K->9268K(9920K), [Metaspace: 4016K->4016K(1056768K)], 0.0456424 secs] [Times: user=0.06 sys=0.02, real=0.04 secs] 
28.795: [GC (CMS Initial Mark) [1 CMS-initial-mark: 6516K(6848K)] 9268K(9920K), 0.0061908 secs] [Times: user=0.00 sys=0.00, real=0.01 secs] 
28.801: [CMS-concurrent-mark-start]
28.801: [GC (Allocation Failure) 28.801: [ParNew (promotion failed): 2751K->3071K(3072K), 0.0176747 secs]28.819: [CMS28.828: [CMS-concurrent-mark: 0.009/0.027 secs] [Times: user=0.06 sys=0.00, real=0.03 secs] 
 (concurrent mode failure): 6518K->6516K(6848K), 0.0349762 secs] 9268K->9268K(9920K), [Metaspace: 4016K->4016K(1056768K)], 0.0527446 secs] [Times: user=0.08 sys=0.00, real=0.05 secs] 
28.854: [GC (Allocation Failure) 28.854: [ParNew (promotion failed): 2751K->3071K(3072K), 0.0180246 secs]28.872: [CMS: 6518K->6516K(6848K), 0.0370092 secs] 9268K->9268K(9920K), [Metaspace: 4016K->4016K(1056768K)], 0.0551454 secs] [Times: user=0.11 sys=0.00, real=0.05 secs] 
28.911: [GC (CMS Initial Mark) [1 CMS-initial-mark: 6516K(6848K)] 9268K(9920K), 0.0061333 secs] [Times: user=0.00 sys=0.00, real=0.01 secs] 
28.917: [CMS-concurrent-mark-start]
28.917: [GC (Allocation Failure) 28.917: [ParNew (promotion failed): 2751K->3070K(3072K), 0.0190409 secs]28.936: [CMS28.946: [CMS-concurrent-mark: 0.010/0.029 secs] [Times: user=0.06 sys=0.00, real=0.03 secs] 
 (concurrent mode failure): 6518K->6516K(6848K), 0.0422049 secs] 9268K->9268K(9920K), [Metaspace: 4016K->4016K(1056768K)], 0.0613656 secs] [Times: user=0.09 sys=0.00, real=0.06 secs] 
28.978: [GC (Allocation Failure) 28.978: [ParNew (promotion failed): 2751K->3070K(3072K), 0.0179592 secs]28.996: [CMS: 6518K->6516K(6848K), 0.0412324 secs] 9268K->9268K(9920K), [Metaspace: 4016K->4016K(1056768K)], 0.0593122 secs] [Times: user=0.09 sys=0.00, real=0.06 secs] 
29.038: [GC (CMS Initial Mark) [1 CMS-initial-mark: 6516K(6848K)] 9268K(9920K), 0.0068465 secs] [Times: user=0.02 sys=0.00, real=0.01 secs] 
29.045: [CMS-concurrent-mark-start]
29.045: [GC (Allocation Failure) 29.045: [ParNew (promotion failed): 2751K->3070K(3072K), 0.0186410 secs]29.064: [CMS29.075: [CMS-concurrent-mark: 0.011/0.030 secs] [Times: user=0.06 sys=0.00, real=0.03 secs] 
 (concurrent mode failure): 6518K->6516K(6848K), 0.0377571 secs] 9268K->9268K(9920K), [Metaspace: 4016K->4016K(1056768K)], 0.0565001 secs] [Times: user=0.09 sys=0.00, real=0.06 secs] 
29.102: [GC (Allocation Failure) 29.102: [ParNew (promotion failed): 2751K->3070K(3072K), 0.0175333 secs]29.119: [CMS: 6518K->6516K(6848K), 0.0283597 secs] 9268K->9268K(9920K), [Metaspace: 4016K->4016K(1056768K)], 0.0460119 secs] [Times: user=0.08 sys=0.02, real=0.05 secs] 
29.148: [GC (CMS Initial Mark) [1 CMS-initial-mark: 6516K(6848K)] 9268K(9920K), 0.0070816 secs] [Times: user=0.02 sys=0.00, real=0.01 secs] 
29.155: [CMS-concurrent-mark-start]
29.155: [GC (Allocation Failure) 29.155: [ParNew (promotion failed): 2751K->3070K(3072K), 0.0172354 secs]29.172: [CMS29.184: [CMS-concurrent-mark: 0.011/0.029 secs] [Times: user=0.05 sys=0.00, real=0.03 secs] 
 (concurrent mode failure): 6518K->6516K(6848K), 0.0431333 secs] 9268K->9268K(9920K), [Metaspace: 4016K->4016K(1056768K)], 0.0604687 secs] [Times: user=0.08 sys=0.00, real=0.06 secs] 
29.216: [GC (Allocation Failure) 29.216: [ParNew (promotion failed): 2751K->3070K(3072K), 0.0172459 secs]29.233: [CMS: 6518K->6516K(6848K), 0.0294500 secs] 9268K->9268K(9920K), [Metaspace: 4016K->4016K(1056768K)], 0.0468077 secs] [Times: user=0.09 sys=0.00, real=0.05 secs] 
29.263: [GC (CMS Initial Mark) [1 CMS-initial-mark: 6516K(6848K)] 9268K(9920K), 0.0060208 secs] [Times: user=0.02 sys=0.00, real=0.01 secs] 
29.269: [CMS-concurrent-mark-start]
29.269: [GC (Allocation Failure) 29.269: [ParNew (promotion failed): 2751K->3070K(3072K), 0.0179189 secs]29.287: [CMS29.297: [CMS-concurrent-mark: 0.010/0.028 secs] [Times: user=0.08 sys=0.00, real=0.03 secs] 
 (concurrent mode failure): 6518K->6516K(6848K), 0.0469541 secs] 9268K->9268K(9920K), [Metaspace: 4016K->4016K(1056768K)], 0.0649953 secs] [Times: user=0.11 sys=0.00, real=0.06 secs] 
29.334: [GC (Allocation Failure) 29.334: [ParNew (promotion failed): 2751K->3070K(3072K), 0.0177488 secs]29.352: [CMS: 6518K->6516K(6848K), 0.0318135 secs] 9268K->9268K(9920K), [Metaspace: 4016K->4016K(1056768K)], 0.0496658 secs] [Times: user=0.08 sys=0.02, real=0.05 secs] 
29.384: [GC (CMS Initial Mark) [1 CMS-initial-mark: 6516K(6848K)] 9268K(9920K), 0.0055304 secs] [Times: user=0.02 sys=0.00, real=0.01 secs] 
29.389: [CMS-concurrent-mark-start]
29.390: [GC (Allocation Failure) 29.390: [ParNew (promotion failed): 2751K->3070K(3072K), 0.0179085 secs]29.408: [CMS29.420: [CMS-concurrent-mark: 0.012/0.030 secs] [Times: user=0.08 sys=0.00, real=0.03 secs] 
 (concurrent mode failure): 6518K->6516K(6848K), 0.0413454 secs] 9268K->9268K(9920K), [Metaspace: 4016K->4016K(1056768K)], 0.0593605 secs] [Times: user=0.09 sys=0.00, real=0.06 secs] 
29.449: [GC (Allocation Failure) 29.449: [ParNew (promotion failed): 2751K->3070K(3072K), 0.0173952 secs]29.467: [CMS: 6518K->6516K(6848K), 0.0354582 secs] 9268K->9268K(9920K), [Metaspace: 4016K->4016K(1056768K)], 0.0529707 secs] [Times: user=0.11 sys=0.00, real=0.05 secs] 
29.502: [GC (CMS Initial Mark) [1 CMS-initial-mark: 6516K(6848K)] 9268K(9920K), 0.0079938 secs] [Times: user=0.00 sys=0.00, real=0.01 secs] 
29.510: [CMS-concurrent-mark-start]
29.511: [GC (Allocation Failure) 29.511: [ParNew (promotion failed): 2751K->3070K(3072K), 0.0198857 secs]29.531: [CMS29.544: [CMS-concurrent-mark: 0.013/0.033 secs] [Times: user=0.11 sys=0.00, real=0.03 secs] 
 (concurrent mode failure): 6518K->6516K(6848K), 0.0397382 secs] 9268K->9268K(9920K), [Metaspace: 4016K->4016K(1056768K)], 0.0597520 secs] [Times: user=0.14 sys=0.00, real=0.06 secs] 
29.571: [GC (Allocation Failure) 29.571: [ParNew (promotion failed): 2751K->3070K(3072K), 0.0172655 secs]29.589: [CMS: 6518K->6516K(6848K), 0.0332751 secs] 9268K->9268K(9920K), [Metaspace: 4016K->4016K(1056768K)], 0.0506612 secs] [Times: user=0.09 sys=0.00, real=0.05 secs] 
29.622: [GC (Allocation Failure) 29.622: [ParNew (promotion failed): 2751K->3070K(3072K), 0.0181008 secs]29.640: [CMS: 6518K->6516K(6848K), 0.0361839 secs] 9268K->9268K(9920K), [Metaspace: 4016K->4016K(1056768K)], 0.0544061 secs] [Times: user=0.13 sys=0.00, real=0.05 secs] 
29.677: [GC (CMS Initial Mark) [1 CMS-initial-mark: 6516K(6848K)] 9268K(9920K), 0.0084668 secs] [Times: user=0.02 sys=0.00, real=0.01 secs] 
29.685: [CMS-concurrent-mark-start]
29.686: [GC (Allocation Failure) 29.686: [ParNew (promotion failed): 2751K->3070K(3072K), 0.0194217 secs]29.706: [CMS29.724: [CMS-concurrent-mark: 0.019/0.039 secs] [Times: user=0.05 sys=0.00, real=0.04 secs] 
 (concurrent mode failure): 6518K->6516K(6848K), 0.0572115 secs] 9268K->9268K(9920K), [Metaspace: 4016K->4016K(1056768K)], 0.0767650 secs] [Times: user=0.08 sys=0.00, real=0.08 secs] 
29.763: [GC (Allocation Failure) 29.763: [ParNew (promotion failed): 2751K->3070K(3072K), 0.0183489 secs]29.782: [CMS: 6518K->6516K(6848K), 0.0329801 secs] 9268K->9268K(9920K), [Metaspace: 4016K->4016K(1056768K)], 0.0514592 secs] [Times: user=0.08 sys=0.00, real=0.05 secs] 
29.815: [GC (CMS Initial Mark) [1 CMS-initial-mark: 6516K(6848K)] 9268K(9920K), 0.0079552 secs] [Times: user=0.00 sys=0.00, real=0.01 secs] 
29.823: [CMS-concurrent-mark-start]
29.823: [GC (Allocation Failure) 29.823: [ParNew (promotion failed): 2751K->3070K(3072K), 0.0180036 secs]29.841: [CMS29.855: [CMS-concurrent-mark: 0.014/0.032 secs] [Times: user=0.06 sys=0.00, real=0.03 secs] 
 (concurrent mode failure): 6518K->6516K(6848K), 0.0445983 secs] 9268K->9268K(9920K), [Metaspace: 4016K->4016K(1056768K)], 0.0627161 secs] [Times: user=0.09 sys=0.00, real=0.06 secs] 
29.886: [GC (Allocation Failure) 29.886: [ParNew (promotion failed): 2751K->3069K(3072K), 0.0174309 secs]29.903: [CMS: 6518K->6516K(6848K), 0.0286490 secs] 9268K->9268K(9920K), [Metaspace: 4016K->4016K(1056768K)], 0.0461941 secs] [Times: user=0.08 sys=0.00, real=0.05 secs] 
29.932: [GC (CMS Initial Mark) [1 CMS-initial-mark: 6516K(6848K)] 9268K(9920K), 0.0057728 secs] [Times: user=0.02 sys=0.00, real=0.01 secs] 
29.938: [CMS-concurrent-mark-start]
29.938: [GC (Allocation Failure) 29.938: [ParNew (promotion failed): 2751K->3071K(3072K), 0.0177386 secs]29.956: [CMS29.969: [CMS-concurrent-mark: 0.013/0.031 secs] [Times: user=0.08 sys=0.00, real=0.03 secs] 
 (concurrent mode failure): 6518K->6516K(6848K), 0.0373149 secs] 9268K->9268K(9920K), [Metaspace: 4016K->4016K(1056768K)], 0.0551724 secs] [Times: user=0.09 sys=0.00, real=0.06 secs] 
29.993: [GC (Allocation Failure) 29.993: [ParNew (promotion failed): 2751K->3071K(3072K), 0.0184386 secs]30.012: [CMS: 6518K->6516K(6848K), 0.0254462 secs] 9268K->9268K(9920K), [Metaspace: 4016K->4016K(1056768K)], 0.0439721 secs] [Times: user=0.09 sys=0.00, real=0.04 secs] 
30.037: [GC (CMS Initial Mark) [1 CMS-initial-mark: 6516K(6848K)] 9268K(9920K), 0.0060544 secs] [Times: user=0.00 sys=0.00, real=0.01 secs] 
30.044: [CMS-concurrent-mark-start]
30.044: [GC (Allocation Failure) 30.044: [ParNew (promotion failed): 2751K->3071K(3072K), 0.0179117 secs]30.062: [CMS30.071: [CMS-concurrent-mark: 0.009/0.027 secs] [Times: user=0.11 sys=0.00, real=0.03 secs] 
 (concurrent mode failure): 6518K->6516K(6848K), 0.0334005 secs] 9268K->9268K(9920K), [Metaspace: 4016K->4016K(1056768K)], 0.0514102 secs] [Times: user=0.14 sys=0.00, real=0.05 secs] 
30.095: [GC (Allocation Failure) 30.095: [ParNew (promotion failed): 2751K->3071K(3072K), 0.0174307 secs]30.113: [CMS: 6518K->6516K(6848K), 0.0244539 secs] 9268K->9268K(9920K), [Metaspace: 4016K->4016K(1056768K)], 0.0419737 secs] [Times: user=0.08 sys=0.00, real=0.04 secs] 
30.137: [GC (CMS Initial Mark) [1 CMS-initial-mark: 6516K(6848K)] 9268K(9920K), 0.0056346 secs] [Times: user=0.01 sys=0.00, real=0.01 secs] 
30.143: [CMS-concurrent-mark-start]
30.143: [GC (Allocation Failure) 30.143: [ParNew (promotion failed): 2751K->3071K(3072K), 0.0174111 secs]30.161: [CMS30.171: [CMS-concurrent-mark: 0.011/0.028 secs] [Times: user=0.06 sys=0.00, real=0.03 secs] 
 (concurrent mode failure): 6518K->6516K(6848K), 0.0356810 secs] 9268K->9268K(9920K), [Metaspace: 4016K->4016K(1056768K)], 0.0531903 secs] [Times: user=0.08 sys=0.00, real=0.05 secs] 
30.196: [GC (Allocation Failure) 30.196: [ParNew (promotion failed): 2751K->3071K(3072K), 0.0171408 secs]30.214: [CMS: 6518K->6516K(6848K), 0.0248155 secs] 9268K->9268K(9920K), [Metaspace: 4016K->4016K(1056768K)], 0.0420519 secs] [Times: user=0.09 sys=0.00, real=0.04 secs] 
30.239: [GC (CMS Initial Mark) [1 CMS-initial-mark: 6516K(6848K)] 9268K(9920K), 0.0054582 secs] [Times: user=0.00 sys=0.00, real=0.01 secs] 
30.244: [CMS-concurrent-mark-start]
30.244: [GC (Allocation Failure) 30.244: [ParNew (promotion failed): 2751K->3071K(3072K), 0.0176640 secs]30.262: [CMS30.271: [CMS-concurrent-mark: 0.009/0.027 secs] [Times: user=0.08 sys=0.00, real=0.03 secs] 
 (concurrent mode failure): 6518K->6516K(6848K), 0.0329302 secs] 9268K->9268K(9920K), [Metaspace: 4016K->4016K(1056768K)], 0.0506782 secs] [Times: user=0.11 sys=0.00, real=0.05 secs] 
30.295: [GC (Allocation Failure) 30.295: [ParNew (promotion failed): 2751K->3070K(3072K), 0.0178978 secs]30.313: [CMS: 6518K->6516K(6848K), 0.0239826 secs] 9268K->9268K(9920K), [Metaspace: 4016K->4016K(1056768K)], 0.0419669 secs] [Times: user=0.08 sys=0.00, real=0.04 secs] 
30.337: [GC (CMS Initial Mark) [1 CMS-initial-mark: 6516K(6848K)] 9268K(9920K), 0.0057640 secs] [Times: user=0.01 sys=0.00, real=0.01 secs] 
30.343: [CMS-concurrent-mark-start]
30.343: [GC (Allocation Failure) 30.343: [ParNew (promotion failed): 2751K->3070K(3072K), 0.0177446 secs]30.361: [CMS30.379: [CMS-concurrent-mark: 0.018/0.036 secs] [Times: user=0.02 sys=0.01, real=0.04 secs] 
 (concurrent mode failure): 6518K->6516K(6848K), 0.0422974 secs] 9268K->9268K(9920K), [Metaspace: 4016K->4016K(1056768K)], 0.0601374 secs] [Times: user=0.03 sys=0.01, real=0.06 secs] 
30.403: [GC (Allocation Failure) 30.403: [ParNew (promotion failed): 2751K->3070K(3072K), 0.0179421 secs]30.421: [CMS: 6518K->6516K(6848K), 0.0269248 secs] 9268K->9268K(9920K), [Metaspace: 4016K->4016K(1056768K)], 0.0449635 secs] [Times: user=0.14 sys=0.00, real=0.05 secs] 
30.448: [GC (CMS Initial Mark) [1 CMS-initial-mark: 6516K(6848K)] 9268K(9920K), 0.0056587 secs] [Times: user=0.02 sys=0.00, real=0.01 secs] 
30.454: [CMS-concurrent-mark-start]
30.454: [GC (Allocation Failure) 30.454: [ParNew (promotion failed): 2751K->3070K(3072K), 0.0179510 secs]30.472: [CMS30.481: [CMS-concurrent-mark: 0.009/0.027 secs] [Times: user=0.06 sys=0.00, real=0.03 secs] 
 (concurrent mode failure): 6518K->6516K(6848K), 0.0345262 secs] 9268K->9268K(9920K), [Metaspace: 4016K->4016K(1056768K)], 0.0525803 secs] [Times: user=0.09 sys=0.00, real=0.05 secs] 
30.507: [GC (Allocation Failure) 30.507: [ParNew (promotion failed): 2751K->3070K(3072K), 0.0178213 secs]30.525: [CMS: 6518K->6516K(6848K), 0.0249818 secs] 9268K->9268K(9920K), [Metaspace: 4016K->4016K(1056768K)], 0.0428965 secs] [Times: user=0.09 sys=0.00, real=0.04 secs] 
30.550: [GC (CMS Initial Mark) [1 CMS-initial-mark: 6516K(6848K)] 9268K(9920K), 0.0055579 secs] [Times: user=0.00 sys=0.00, real=0.01 secs] 
30.556: [CMS-concurrent-mark-start]
30.556: [GC (Allocation Failure) 30.556: [ParNew (promotion failed): 2751K->3070K(3072K), 0.0180156 secs]30.574: [CMS30.587: [CMS-concurrent-mark: 0.013/0.031 secs] [Times: user=0.08 sys=0.00, real=0.03 secs] 
 (concurrent mode failure): 6518K->6516K(6848K), 0.0509269 secs] 9268K->9268K(9920K), [Metaspace: 4016K->4016K(1056768K)], 0.0690390 secs] [Times: user=0.13 sys=0.00, real=0.07 secs] 
30.625: [GC (Allocation Failure) 30.625: [ParNew (promotion failed): 2751K->3070K(3072K), 0.0181989 secs]30.643: [CMS: 6518K->6516K(6848K), 0.0369259 secs] 9268K->9268K(9920K), [Metaspace: 4016K->4016K(1056768K)], 0.0552420 secs] [Times: user=0.09 sys=0.00, real=0.05 secs] 
30.680: [GC (CMS Initial Mark) [1 CMS-initial-mark: 6516K(6848K)] 9268K(9920K), 0.0085260 secs] [Times: user=0.02 sys=0.00, real=0.01 secs] 
30.689: [CMS-concurrent-mark-start]
30.689: [GC (Allocation Failure) 30.689: [ParNew (promotion failed): 2751K->3070K(3072K), 0.0182346 secs]30.707: [CMS30.723: [CMS-concurrent-mark: 0.015/0.034 secs] [Times: user=0.06 sys=0.00, real=0.03 secs] 
 (concurrent mode failure): 6518K->6516K(6848K), 0.0470477 secs] 9268K->9268K(9920K), [Metaspace: 4016K->4016K(1056768K)], 0.0653950 secs] [Times: user=0.09 sys=0.00, real=0.07 secs] 
30.755: [GC (Allocation Failure) 30.755: [ParNew (promotion failed): 2751K->3070K(3072K), 0.0173805 secs]30.772: [CMS: 6518K->6516K(6848K), 0.0255812 secs] 9268K->9268K(9920K), [Metaspace: 4016K->4016K(1056768K)], 0.0430660 secs] [Times: user=0.08 sys=0.00, real=0.04 secs] 
30.798: [GC (CMS Initial Mark) [1 CMS-initial-mark: 6516K(6848K)] 9268K(9920K), 0.0055929 secs] [Times: user=0.00 sys=0.00, real=0.01 secs] 
30.804: [CMS-concurrent-mark-start]
30.804: [GC (Allocation Failure) 30.804: [ParNew (promotion failed): 2751K->3070K(3072K), 0.0174898 secs]30.821: [CMS30.830: [CMS-concurrent-mark: 0.009/0.027 secs] [Times: user=0.08 sys=0.00, real=0.03 secs] 
 (concurrent mode failure): 6518K->6516K(6848K), 0.0336807 secs] 9268K->9268K(9920K), [Metaspace: 4016K->4016K(1056768K)], 0.0512656 secs] [Times: user=0.09 sys=0.00, real=0.05 secs] 
30.855: [GC (Allocation Failure) 30.855: [ParNew (promotion failed): 2751K->3070K(3072K), 0.0169975 secs]30.872: [CMS: 6518K->6516K(6848K), 0.0257978 secs] 9268K->9268K(9920K), [Metaspace: 4016K->4016K(1056768K)], 0.0428915 secs] [Times: user=0.09 sys=0.00, real=0.04 secs] 
30.898: [GC (CMS Initial Mark) [1 CMS-initial-mark: 6516K(6848K)] 9268K(9920K), 0.0062967 secs] [Times: user=0.02 sys=0.00, real=0.01 secs] 
30.904: [CMS-concurrent-mark-start]
30.905: [GC (Allocation Failure) 30.905: [ParNew (promotion failed): 2751K->3070K(3072K), 0.0182004 secs]30.923: [CMS30.937: [CMS-concurrent-mark: 0.014/0.032 secs] [Times: user=0.08 sys=0.00, real=0.03 secs] 
 (concurrent mode failure): 6518K->6516K(6848K), 0.0383100 secs] 9268K->9268K(9920K), [Metaspace: 4016K->4016K(1056768K)], 0.0566099 secs] [Times: user=0.09 sys=0.00, real=0.06 secs] 
30.961: [GC (Allocation Failure) 30.961: [ParNew (promotion failed): 2751K->3070K(3072K), 0.0178311 secs]30.979: [CMS: 6518K->6516K(6848K), 0.0243609 secs] 9268K->9268K(9920K), [Metaspace: 4016K->4016K(1056768K)], 0.0422747 secs] [Times: user=0.08 sys=0.02, real=0.04 secs] 
31.004: [GC (CMS Initial Mark) [1 CMS-initial-mark: 6516K(6848K)] 9268K(9920K), 0.0055684 secs] [Times: user=0.00 sys=0.00, real=0.00 secs] 
31.009: [CMS-concurrent-mark-start]
31.009: [GC (Allocation Failure) 31.009: [ParNew (promotion failed): 2751K->3070K(3072K), 0.0177103 secs]31.027: [CMS31.037: [CMS-concurrent-mark: 0.009/0.027 secs] [Times: user=0.08 sys=0.00, real=0.03 secs] 
 (concurrent mode failure): 6518K->6516K(6848K), 0.0350154 secs] 9268K->9268K(9920K), [Metaspace: 4016K->4016K(1056768K)], 0.0528215 secs] [Times: user=0.11 sys=0.00, real=0.05 secs] 
31.062: [GC (Allocation Failure) 31.062: [ParNew (promotion failed): 2751K->3070K(3072K), 0.0173656 secs]31.080: [CMS: 6518K->6516K(6848K), 0.0238979 secs] 9268K->9268K(9920K), [Metaspace: 4016K->4016K(1056768K)], 0.0413623 secs] [Times: user=0.08 sys=0.00, real=0.04 secs] 
31.104: [GC (CMS Initial Mark) [1 CMS-initial-mark: 6516K(6848K)] 9268K(9920K), 0.0054337 secs] [Times: user=0.02 sys=0.00, real=0.01 secs] 
31.109: [CMS-concurrent-mark-start]
31.109: [GC (Allocation Failure) 31.109: [ParNew (promotion failed): 2751K->3070K(3072K), 0.0177540 secs]31.127: [CMS31.137: [CMS-concurrent-mark: 0.009/0.027 secs] [Times: user=0.06 sys=0.00, real=0.03 secs] 
 (concurrent mode failure): 6518K->6516K(6848K), 0.0343188 secs] 9268K->9268K(9920K), [Metaspace: 4016K->4016K(1056768K)], 0.0521631 secs] [Times: user=0.09 sys=0.00, real=0.05 secs] 
31.162: [GC (Allocation Failure) 31.162: [ParNew (promotion failed): 2751K->3069K(3072K), 0.0177135 secs]31.180: [CMS: 6518K->6516K(6848K), 0.0242031 secs] 9268K->9268K(9920K), [Metaspace: 4016K->4016K(1056768K)], 0.0420058 secs] [Times: user=0.09 sys=0.00, real=0.04 secs] 
31.204: [GC (Allocation Failure) 31.204: [ParNew (promotion failed): 2751K->3071K(3072K), 0.0185219 secs]31.222: [CMS: 6518K->6516K(6848K), 0.0238152 secs] 9268K->9268K(9920K), [Metaspace: 4016K->4016K(1056768K)], 0.0424302 secs] [Times: user=0.08 sys=0.00, real=0.04 secs] 
31.246: [GC (CMS Initial Mark) [1 CMS-initial-mark: 6516K(6848K)] 9268K(9920K), 0.0053060 secs] [Times: user=0.02 sys=0.00, real=0.00 secs] 
31.252: [CMS-concurrent-mark-start]
31.252: [GC (Allocation Failure) 31.252: [ParNew (promotion failed): 2751K->3071K(3072K), 0.0180486 secs]31.270: [CMS31.280: [CMS-concurrent-mark: 0.009/0.028 secs] [Times: user=0.08 sys=0.00, real=0.03 secs] 
 (concurrent mode failure): 6518K->6516K(6848K), 0.0348038 secs] 9268K->9268K(9920K), [Metaspace: 4016K->4016K(1056768K)], 0.0529661 secs] [Times: user=0.09 sys=0.00, real=0.05 secs] 
31.305: [GC (Allocation Failure) 31.305: [ParNew (promotion failed): 2751K->3071K(3072K), 0.0178233 secs]31.323: [CMS: 6518K->6516K(6848K), 0.0244883 secs] 9268K->9268K(9920K), [Metaspace: 4016K->4016K(1056768K)], 0.0424101 secs] [Times: user=0.09 sys=0.00, real=0.04 secs] 
31.348: [GC (CMS Initial Mark) [1 CMS-initial-mark: 6516K(6848K)] 9268K(9920K), 0.0058608 secs] [Times: user=0.00 sys=0.00, real=0.01 secs] 
31.354: [CMS-concurrent-mark-start]
31.354: [GC (Allocation Failure) 31.354: [ParNew (promotion failed): 2751K->3071K(3072K), 0.0177570 secs]31.371: [CMS31.380: [CMS-concurrent-mark: 0.009/0.027 secs] [Times: user=0.08 sys=0.00, real=0.03 secs] 
 (concurrent mode failure): 6518K->6516K(6848K), 0.0344374 secs] 9268K->9268K(9920K), [Metaspace: 4016K->4016K(1056768K)], 0.0522916 secs] [Times: user=0.11 sys=0.00, real=0.05 secs] 
31.406: [GC (Allocation Failure) 31.406: [ParNew (promotion failed): 2751K->3071K(3072K), 0.0176404 secs]31.424: [CMS: 6518K->6516K(6848K), 0.0245043 secs] 9268K->9268K(9920K), [Metaspace: 4016K->4016K(1056768K)], 0.0422385 secs] [Times: user=0.08 sys=0.00, real=0.04 secs] 
31.448: [GC (CMS Initial Mark) [1 CMS-initial-mark: 6516K(6848K)] 9268K(9920K), 0.0054818 secs] [Times: user=0.02 sys=0.00, real=0.01 secs] 
31.454: [CMS-concurrent-mark-start]
31.454: [GC (Allocation Failure) 31.454: [ParNew (promotion failed): 2751K->3071K(3072K), 0.0177496 secs]31.472: [CMS31.481: [CMS-concurrent-mark: 0.009/0.027 secs] [Times: user=0.06 sys=0.00, real=0.03 secs] 
 (concurrent mode failure): 6518K->6516K(6848K), 0.0433055 secs] 9268K->9268K(9920K), [Metaspace: 4016K->4016K(1056768K)], 0.0611478 secs] [Times: user=0.11 sys=0.00, real=0.06 secs] 
31.515: [GC (Allocation Failure) 31.515: [ParNew (promotion failed): 2751K->3071K(3072K), 0.0174099 secs]31.533: [CMS: 6518K->6516K(6848K), 0.0286013 secs] 9268K->9268K(9920K), [Metaspace: 4016K->4016K(1056768K)], 0.0461128 secs] [Times: user=0.09 sys=0.00, real=0.05 secs] 
31.562: [GC (CMS Initial Mark) [1 CMS-initial-mark: 6516K(6848K)] 9268K(9920K), 0.0056568 secs] [Times: user=0.00 sys=0.00, real=0.01 secs] 
31.567: [CMS-concurrent-mark-start]
31.567: [GC (Allocation Failure) 31.567: [ParNew (promotion failed): 2751K->3070K(3072K), 0.0168677 secs]31.584: [CMS31.593: [CMS-concurrent-mark: 0.009/0.026 secs] [Times: user=0.08 sys=0.00, real=0.03 secs] 
 (concurrent mode failure): 6518K->6516K(6848K), 0.0349947 secs] 9268K->9268K(9920K), [Metaspace: 4016K->4016K(1056768K)], 0.0520023 secs] [Times: user=0.09 sys=0.00, real=0.05 secs] 
31.620: [GC (Allocation Failure) 31.620: [ParNew (promotion failed): 2751K->3070K(3072K), 0.0192534 secs]31.639: [CMS: 6518K->6516K(6848K), 0.0297785 secs] 9268K->9268K(9920K), [Metaspace: 4016K->4016K(1056768K)], 0.0491401 secs] [Times: user=0.08 sys=0.00, real=0.05 secs] 
31.669: [GC (CMS Initial Mark) [1 CMS-initial-mark: 6516K(6848K)] 9268K(9920K), 0.0078863 secs] [Times: user=0.02 sys=0.00, real=0.01 secs] 
31.677: [CMS-concurrent-mark-start]
31.677: [GC (Allocation Failure) 31.677: [ParNew (promotion failed): 2751K->3070K(3072K), 0.0192639 secs]31.696: [CMS31.707: [CMS-concurrent-mark: 0.011/0.030 secs] [Times: user=0.06 sys=0.00, real=0.03 secs] 
 (concurrent mode failure): 6518K->6516K(6848K), 0.0408089 secs] 9268K->9268K(9920K), [Metaspace: 4016K->4016K(1056768K)], 0.0601986 secs] [Times: user=0.09 sys=0.00, real=0.06 secs] 
31.737: [GC (Allocation Failure) 31.737: [ParNew (promotion failed): 2751K->3070K(3072K), 0.0194639 secs]31.757: [CMS: 6518K->6516K(6848K), 0.0255290 secs] 9268K->9268K(9920K), [Metaspace: 4016K->4016K(1056768K)], 0.0450914 secs] [Times: user=0.08 sys=0.00, real=0.05 secs] 
31.783: [GC (CMS Initial Mark) [1 CMS-initial-mark: 6516K(6848K)] 9268K(9920K), 0.0063266 secs] [Times: user=0.00 sys=0.00, real=0.01 secs] 
31.789: [CMS-concurrent-mark-start]
31.789: [GC (Allocation Failure) 31.789: [ParNew (promotion failed): 2751K->3070K(3072K), 0.0170720 secs]31.806: [CMS31.815: [CMS-concurrent-mark: 0.009/0.026 secs] [Times: user=0.08 sys=0.00, real=0.03 secs] 
 (concurrent mode failure): 6518K->6516K(6848K), 0.0340085 secs] 9268K->9268K(9920K), [Metaspace: 4016K->4016K(1056768K)], 0.0511839 secs] [Times: user=0.09 sys=0.00, real=0.05 secs] 
31.840: [GC (Allocation Failure) 31.840: [ParNew (promotion failed): 2751K->3070K(3072K), 0.0170732 secs]31.858: [CMS: 6518K->6516K(6848K), 0.0240295 secs] 9268K->9268K(9920K), [Metaspace: 4016K->4016K(1056768K)], 0.0411968 secs] [Times: user=0.09 sys=0.00, real=0.04 secs] 
31.882: [GC (CMS Initial Mark) [1 CMS-initial-mark: 6516K(6848K)] 9268K(9920K), 0.0059959 secs] [Times: user=0.00 sys=0.00, real=0.01 secs] 
31.888: [CMS-concurrent-mark-start]
31.888: [GC (Allocation Failure) 31.888: [ParNew (promotion failed): 2751K->3070K(3072K), 0.0173935 secs]31.905: [CMS31.915: [CMS-concurrent-mark: 0.010/0.027 secs] [Times: user=0.08 sys=0.00, real=0.03 secs] 
 (concurrent mode failure): 6518K->6516K(6848K), 0.0344239 secs] 9268K->9268K(9920K), [Metaspace: 4016K->4016K(1056768K)], 0.0519061 secs] [Times: user=0.11 sys=0.00, real=0.05 secs] 
31.940: [GC (Allocation Failure) 31.940: [ParNew (promotion failed): 2751K->3070K(3072K), 0.0174713 secs]31.957: [CMS: 6518K->6516K(6848K), 0.0239717 secs] 9268K->9268K(9920K), [Metaspace: 4016K->4016K(1056768K)], 0.0415444 secs] [Times: user=0.08 sys=0.00, real=0.04 secs] 
31.982: [GC (CMS Initial Mark) [1 CMS-initial-mark: 6516K(6848K)] 9268K(9920K), 0.0054962 secs] [Times: user=0.02 sys=0.00, real=0.01 secs] 
31.987: [CMS-concurrent-mark-start]
31.987: [GC (Allocation Failure) 31.987: [ParNew (promotion failed): 2751K->3070K(3072K), 0.0174396 secs]32.005: [CMS32.014: [CMS-concurrent-mark: 0.010/0.027 secs] [Times: user=0.06 sys=0.00, real=0.03 secs] 
 (concurrent mode failure): 6518K->6516K(6848K), 0.0348155 secs] 9268K->9268K(9920K), [Metaspace: 4016K->4016K(1056768K)], 0.0523454 secs] [Times: user=0.08 sys=0.00, real=0.05 secs] 
32.040: [GC (Allocation Failure) 32.040: [ParNew (promotion failed): 2751K->3070K(3072K), 0.0176600 secs]32.057: [CMS: 6518K->6516K(6848K), 0.0243342 secs] 9268K->9268K(9920K), [Metaspace: 4016K->4016K(1056768K)], 0.0420958 secs] [Times: user=0.08 sys=0.00, real=0.04 secs] 
32.082: [GC (CMS Initial Mark) [1 CMS-initial-mark: 6516K(6848K)] 9268K(9920K), 0.0059705 secs] [Times: user=0.00 sys=0.00, real=0.01 secs] 
32.088: [CMS-concurrent-mark-start]
32.088: [GC (Allocation Failure) 32.088: [ParNew (promotion failed): 2751K->3070K(3072K), 0.0176058 secs]32.106: [CMS32.115: [CMS-concurrent-mark: 0.009/0.027 secs] [Times: user=0.08 sys=0.00, real=0.03 secs] 
 (concurrent mode failure): 6518K->6516K(6848K), 0.0353509 secs] 9268K->9268K(9920K), [Metaspace: 4016K->4016K(1056768K)], 0.0530645 secs] [Times: user=0.11 sys=0.00, real=0.05 secs] 
32.141: [GC (Allocation Failure) 32.141: [ParNew (promotion failed): 2751K->3070K(3072K), 0.0176800 secs]32.159: [CMS: 6518K->6516K(6848K), 0.0253922 secs] 9268K->9268K(9920K), [Metaspace: 4016K->4016K(1056768K)], 0.0431642 secs] [Times: user=0.08 sys=0.00, real=0.04 secs] 
32.185: [GC (CMS Initial Mark) [1 CMS-initial-mark: 6516K(6848K)] 9268K(9920K), 0.0054350 secs] [Times: user=0.01 sys=0.00, real=0.01 secs] 
32.190: [CMS-concurrent-mark-start]
32.190: [GC (Allocation Failure) 32.190: [ParNew (promotion failed): 2751K->3070K(3072K), 0.0175471 secs]32.208: [CMS32.217: [CMS-concurrent-mark: 0.009/0.027 secs] [Times: user=0.08 sys=0.00, real=0.03 secs] 
 (concurrent mode failure): 6518K->6516K(6848K), 0.0347115 secs] 9268K->9268K(9920K), [Metaspace: 4016K->4016K(1056768K)], 0.0523571 secs] [Times: user=0.09 sys=0.00, real=0.05 secs] 
32.243: [GC (Allocation Failure) 32.243: [ParNew (promotion failed): 2751K->3070K(3072K), 0.0185112 secs]32.261: [CMS: 6518K->6516K(6848K), 0.0245555 secs] 9268K->9268K(9920K), [Metaspace: 4016K->4016K(1056768K)], 0.0431657 secs] [Times: user=0.06 sys=0.00, real=0.04 secs] 
32.286: [GC (Allocation Failure) 32.286: [ParNew (promotion failed): 2751K->3070K(3072K), 0.0178008 secs]32.304: [CMS (concurrent mode failure): 6518K->6516K(6848K), 0.0239924 secs] 9268K->9268K(9920K), [Metaspace: 4016K->4016K(1056768K)], 0.0418910 secs] [Times: user=0.09 sys=0.00, real=0.04 secs] 
32.328: [GC (Allocation Failure) 32.328: [ParNew (promotion failed): 2751K->3070K(3072K), 0.0177568 secs]32.346: [CMS: 6518K->6516K(6848K), 0.0285342 secs] 9268K->9268K(9920K), [Metaspace: 4016K->4016K(1056768K)], 0.0463799 secs] [Times: user=0.09 sys=0.00, real=0.05 secs] 
32.375: [GC (CMS Initial Mark) [1 CMS-initial-mark: 6516K(6848K)] 9268K(9920K), 0.0054447 secs] [Times: user=0.00 sys=0.00, real=0.01 secs] 
32.380: [CMS-concurrent-mark-start]
32.380: [GC (Allocation Failure) 32.380: [ParNew (promotion failed): 2751K->3069K(3072K), 0.0180420 secs]32.398: [CMS32.409: [CMS-concurrent-mark: 0.011/0.029 secs] [Times: user=0.08 sys=0.00, real=0.03 secs] 
 (concurrent mode failure): 6518K->6516K(6848K), 0.0360606 secs] 9268K->9268K(9920K), [Metaspace: 4016K->4016K(1056768K)], 0.0542014 secs] [Times: user=0.09 sys=0.00, real=0.05 secs] 
32.435: [GC (Allocation Failure) 32.435: [ParNew (promotion failed): 2751K->3071K(3072K), 0.0171818 secs]32.452: [CMS: 6518K->6516K(6848K), 0.0243508 secs] 9268K->9268K(9920K), [Metaspace: 4016K->4016K(1056768K)], 0.0416470 secs] [Times: user=0.09 sys=0.00, real=0.04 secs] 
32.476: [GC (CMS Initial Mark) [1 CMS-initial-mark: 6516K(6848K)] 9268K(9920K), 0.0067972 secs] [Times: user=0.02 sys=0.00, real=0.01 secs] 
32.483: [CMS-concurrent-mark-start]
32.483: [GC (Allocation Failure) 32.483: [ParNew (promotion failed): 2751K->3071K(3072K), 0.0171890 secs]32.501: [CMS32.511: [CMS-concurrent-mark: 0.011/0.028 secs] [Times: user=0.06 sys=0.00, real=0.03 secs] 
 (concurrent mode failure): 6518K->6516K(6848K), 0.0392721 secs] 9268K->9268K(9920K), [Metaspace: 4016K->4016K(1056768K)], 0.0565626 secs] [Times: user=0.09 sys=0.00, real=0.06 secs] 
32.540: [GC (Allocation Failure) 32.540: [ParNew (promotion failed): 2751K->3071K(3072K), 0.0173734 secs]32.558: [CMS: 6518K->6516K(6848K), 0.0286648 secs] 9268K->9268K(9920K), [Metaspace: 4016K->4016K(1056768K)], 0.0461333 secs] [Times: user=0.09 sys=0.00, real=0.05 secs] 
32.586: [GC (CMS Initial Mark) [1 CMS-initial-mark: 6516K(6848K)] 9268K(9920K), 0.0055601 secs] [Times: user=0.01 sys=0.00, real=0.01 secs] 
32.592: [CMS-concurrent-mark-start]
32.592: [GC (Allocation Failure) 32.592: [ParNew (promotion failed): 2751K->3071K(3072K), 0.0174632 secs]32.610: [CMS32.620: [CMS-concurrent-mark: 0.011/0.028 secs] [Times: user=0.06 sys=0.00, real=0.03 secs] 
 (concurrent mode failure): 6518K->6516K(6848K), 0.0361632 secs] 9268K->9268K(9920K), [Metaspace: 4016K->4016K(1056768K)], 0.0537313 secs] [Times: user=0.09 sys=0.00, real=0.05 secs] 
32.646: [GC (Allocation Failure) 32.646: [ParNew (promotion failed): 2751K->3071K(3072K), 0.0179370 secs]32.664: [CMS: 6518K->6516K(6848K), 0.0308938 secs] 9268K->9268K(9920K), [Metaspace: 4016K->4016K(1056768K)], 0.0489414 secs] [Times: user=0.08 sys=0.01, real=0.05 secs] 
32.695: [GC (CMS Initial Mark) [1 CMS-initial-mark: 6516K(6848K)] 9268K(9920K), 0.0062307 secs] [Times: user=0.02 sys=0.00, real=0.01 secs] 
32.701: [CMS-concurrent-mark-start]
32.701: [GC (Allocation Failure) 32.701: [ParNew (promotion failed): 2751K->3071K(3072K), 0.0175938 secs]32.719: [CMS32.731: [CMS-concurrent-mark: 0.012/0.030 secs] [Times: user=0.05 sys=0.00, real=0.03 secs] 
 (concurrent mode failure): 6518K->6516K(6848K), 0.0422281 secs] 9268K->9268K(9920K), [Metaspace: 4016K->4016K(1056768K)], 0.0599243 secs] [Times: user=0.08 sys=0.00, real=0.06 secs] 
32.761: [GC (Allocation Failure) 32.761: [ParNew (promotion failed): 2751K->3071K(3072K), 0.0184101 secs]32.780: [CMS: 6518K->6516K(6848K), 0.0249195 secs] 9268K->9268K(9920K), [Metaspace: 4016K->4016K(1056768K)], 0.0435398 secs] [Times: user=0.08 sys=0.00, real=0.04 secs] 
32.805: [GC (CMS Initial Mark) [1 CMS-initial-mark: 6516K(6848K)] 9268K(9920K), 0.0056605 secs] [Times: user=0.02 sys=0.00, real=0.01 secs] 
32.811: [CMS-concurrent-mark-start]
32.811: [GC (Allocation Failure) 32.811: [ParNew (promotion failed): 2751K->3070K(3072K), 0.0176555 secs]32.829: [CMS32.839: [CMS-concurrent-mark: 0.010/0.028 secs] [Times: user=0.05 sys=0.00, real=0.03 secs] 
 (concurrent mode failure): 6519K->6516K(6848K), 0.0349272 secs] 9268K->9268K(9920K), [Metaspace: 4016K->4016K(1056768K)], 0.0526909 secs] [Times: user=0.08 sys=0.00, real=0.05 secs] 
32.864: [GC (Allocation Failure) 32.864: [ParNew (promotion failed): 2751K->3070K(3072K), 0.0177714 secs]32.882: [CMS: 6518K->6516K(6848K), 0.0251098 secs] 9268K->9268K(9920K), [Metaspace: 4016K->4016K(1056768K)], 0.0429680 secs] [Times: user=0.08 sys=0.02, real=0.04 secs] 
32.907: [GC (CMS Initial Mark) [1 CMS-initial-mark: 6516K(6848K)] 9268K(9920K), 0.0054777 secs] [Times: user=0.00 sys=0.00, real=0.01 secs] 
32.913: [CMS-concurrent-mark-start]
32.913: [GC (Allocation Failure) 32.913: [ParNew (promotion failed): 2751K->3070K(3072K), 0.0171988 secs]32.930: [CMS32.941: [CMS-concurrent-mark: 0.011/0.028 secs] [Times: user=0.08 sys=0.00, real=0.03 secs] 
 (concurrent mode failure): 6518K->6516K(6848K), 0.0367481 secs] 9268K->9268K(9920K), [Metaspace: 4016K->4016K(1056768K)], 0.0540530 secs] [Times: user=0.09 sys=0.00, real=0.05 secs] 
32.967: [GC (Allocation Failure) 32.967: [ParNew (promotion failed): 2751K->3070K(3072K), 0.0174919 secs]32.984: [CMS: 6518K->6516K(6848K), 0.0281344 secs] 9268K->9268K(9920K), [Metaspace: 4016K->4016K(1056768K)], 0.0457451 secs] [Times: user=0.08 sys=0.00, real=0.04 secs] 
33.013: [GC (CMS Initial Mark) [1 CMS-initial-mark: 6516K(6848K)] 9268K(9920K), 0.0055660 secs] [Times: user=0.00 sys=0.00, real=0.00 secs] 
33.018: [CMS-concurrent-mark-start]
33.019: [GC (Allocation Failure) 33.019: [ParNew (promotion failed): 2751K->3070K(3072K), 0.0178386 secs]33.036: [CMS33.046: [CMS-concurrent-mark: 0.009/0.027 secs] [Times: user=0.08 sys=0.00, real=0.03 secs] 
 (concurrent mode failure): 6518K->6516K(6848K), 0.0332593 secs] 9268K->9268K(9920K), [Metaspace: 4016K->4016K(1056768K)], 0.0511963 secs] [Times: user=0.09 sys=0.00, real=0.05 secs] 
33.070: [GC (Allocation Failure) 33.070: [ParNew (promotion failed): 2751K->3070K(3072K), 0.0177903 secs]33.088: [CMS: 6518K->6516K(6848K), 0.0259908 secs] 9268K->9268K(9920K), [Metaspace: 4016K->4016K(1056768K)], 0.0438898 secs] [Times: user=0.08 sys=0.00, real=0.04 secs] 
33.114: [GC (CMS Initial Mark) [1 CMS-initial-mark: 6516K(6848K)] 9268K(9920K), 0.0057087 secs] [Times: user=0.00 sys=0.00, real=0.01 secs] 
33.120: [CMS-concurrent-mark-start]
33.120: [GC (Allocation Failure) 33.120: [ParNew (promotion failed): 2751K->3070K(3072K), 0.0174795 secs]33.137: [CMS33.146: [CMS-concurrent-mark: 0.009/0.027 secs] [Times: user=0.08 sys=0.00, real=0.03 secs] 
 (concurrent mode failure): 6518K->6516K(6848K), 0.0332459 secs] 9268K->9268K(9920K), [Metaspace: 4016K->4016K(1056768K)], 0.0508186 secs] [Times: user=0.09 sys=0.02, real=0.05 secs] 
33.171: [GC (Allocation Failure) 33.171: [ParNew (promotion failed): 2751K->3070K(3072K), 0.0175179 secs]33.188: [CMS: 6519K->6516K(6848K), 0.0238092 secs] 9268K->9268K(9920K), [Metaspace: 4016K->4016K(1056768K)], 0.0414248 secs] [Times: user=0.08 sys=0.00, real=0.04 secs] 
33.212: [GC (CMS Initial Mark) [1 CMS-initial-mark: 6516K(6848K)] 9268K(9920K), 0.0055563 secs] [Times: user=0.02 sys=0.00, real=0.01 secs] 
33.218: [CMS-concurrent-mark-start]
33.218: [GC (Allocation Failure) 33.218: [ParNew (promotion failed): 2751K->3070K(3072K), 0.0175751 secs]33.236: [CMS33.258: [CMS-concurrent-mark: 0.022/0.040 secs] [Times: user=0.08 sys=0.00, real=0.04 secs] 
 (concurrent mode failure): 6519K->6516K(6848K), 0.0621913 secs] 9268K->9268K(9920K), [Metaspace: 4016K->4016K(1056768K)], 0.0798835 secs] [Times: user=0.13 sys=0.00, real=0.08 secs] 
33.298: [GC (Allocation Failure) 33.298: [ParNew (promotion failed): 2751K->3070K(3072K), 0.0179049 secs]33.316: [CMS: 6519K->6516K(6848K), 0.0346755 secs] 9268K->9268K(9920K), [Metaspace: 4016K->4016K(1056768K)], 0.0527782 secs] [Times: user=0.09 sys=0.00, real=0.05 secs] 
33.351: [GC (CMS Initial Mark) [1 CMS-initial-mark: 6516K(6848K)] 9268K(9920K), 0.0074312 secs] [Times: user=0.02 sys=0.00, real=0.01 secs] 
33.359: [CMS-concurrent-mark-start]
33.359: [GC (Allocation Failure) 33.359: [ParNew (promotion failed): 2751K->3070K(3072K), 0.0184368 secs]33.377: [CMS33.387: [CMS-concurrent-mark: 0.010/0.029 secs] [Times: user=0.06 sys=0.00, real=0.03 secs] 
 (concurrent mode failure): 6518K->6516K(6848K), 0.0412655 secs] 9268K->9268K(9920K), [Metaspace: 4016K->4016K(1056768K)], 0.0598093 secs] [Times: user=0.09 sys=0.00, real=0.06 secs] 
33.419: [GC (Allocation Failure) 33.419: [ParNew (promotion failed): 2751K->3070K(3072K), 0.0171289 secs]33.436: [CMS: 6518K->6516K(6848K), 0.0344752 secs] 9268K->9268K(9920K), [Metaspace: 4016K->4016K(1056768K)], 0.0516965 secs] [Times: user=0.11 sys=0.00, real=0.05 secs] 
33.470: [GC (CMS Initial Mark) [1 CMS-initial-mark: 6516K(6848K)] 9268K(9920K), 0.0063326 secs] [Times: user=0.00 sys=0.00, real=0.01 secs] 
33.477: [CMS-concurrent-mark-start]
33.477: [GC (Allocation Failure) 33.477: [ParNew (promotion failed): 2751K->3070K(3072K), 0.0180295 secs]33.495: [CMS33.508: [CMS-concurrent-mark: 0.013/0.032 secs] [Times: user=0.08 sys=0.00, real=0.03 secs] 
 (concurrent mode failure): 6518K->6516K(6848K), 0.0401852 secs] 9268K->9268K(9920K), [Metaspace: 4016K->4016K(1056768K)], 0.0583326 secs] [Times: user=0.11 sys=0.00, real=0.06 secs] 
33.535: [GC (Allocation Failure) 33.535: [ParNew (promotion failed): 2751K->3070K(3072K), 0.0179331 secs]33.553: [CMS: 6519K->6516K(6848K), 0.0310006 secs] 9268K->9268K(9920K), [Metaspace: 4016K->4016K(1056768K)], 0.0490259 secs] [Times: user=0.09 sys=0.00, real=0.05 secs] 
33.585: [GC (CMS Initial Mark) [1 CMS-initial-mark: 6517K(6848K)] 9268K(9920K), 0.0068491 secs] [Times: user=0.00 sys=0.00, real=0.01 secs] 
33.592: [CMS-concurrent-mark-start]
33.592: [GC (Allocation Failure) 33.592: [ParNew (promotion failed): 2751K->3070K(3072K), 0.0174722 secs]33.609: [CMS33.625: [CMS-concurrent-mark: 0.016/0.033 secs] [Times: user=0.09 sys=0.02, real=0.03 secs] 
 (concurrent mode failure): 6519K->6516K(6848K), 0.0441989 secs] 9268K->9268K(9920K), [Metaspace: 4016K->4016K(1056768K)], 0.0617871 secs] [Times: user=0.11 sys=0.00, real=0.06 secs] 
33.654: [GC (Allocation Failure) 33.654: [ParNew (promotion failed): 2751K->3070K(3072K), 0.0182514 secs]33.672: [CMS: 6519K->6516K(6848K), 0.0383790 secs] 9268K->9268K(9920K), [Metaspace: 4016K->4016K(1056768K)], 0.0567363 secs] [Times: user=0.08 sys=0.00, real=0.06 secs] 
33.711: [GC (CMS Initial Mark) [1 CMS-initial-mark: 6516K(6848K)] 9268K(9920K), 0.0085823 secs] [Times: user=0.02 sys=0.00, real=0.01 secs] 
33.719: [CMS-concurrent-mark-start]
33.720: [GC (Allocation Failure) 33.720: [ParNew (promotion failed): 2751K->3069K(3072K), 0.0177124 secs]33.738: [CMS33.753: [CMS-concurrent-mark: 0.016/0.034 secs] [Times: user=0.06 sys=0.00, real=0.03 secs] 
 (concurrent mode failure): 6519K->6516K(6848K), 0.0538578 secs] 9268K->9268K(9920K), [Metaspace: 4016K->4016K(1056768K)], 0.0716847 secs] [Times: user=0.09 sys=0.00, real=0.07 secs] 
33.792: [GC (Allocation Failure) 33.792: [ParNew (promotion failed): 2751K->3071K(3072K), 0.0179562 secs]33.810: [CMS: 6518K->6516K(6848K), 0.0341925 secs] 9268K->9268K(9920K), [Metaspace: 4016K->4016K(1056768K)], 0.0522609 secs] [Times: user=0.09 sys=0.00, real=0.05 secs] 
33.844: [GC (CMS Initial Mark) [1 CMS-initial-mark: 6516K(6848K)] 9268K(9920K), 0.0078499 secs] [Times: user=0.00 sys=0.00, real=0.01 secs] 
33.852: [CMS-concurrent-mark-start]
33.852: [GC (Allocation Failure) 33.852: [ParNew (promotion failed): 2751K->3071K(3072K), 0.0178028 secs]33.870: [CMS33.886: [CMS-concurrent-mark: 0.016/0.034 secs] [Times: user=0.08 sys=0.00, real=0.03 secs] 
 (concurrent mode failure): 6518K->6516K(6848K), 0.0454162 secs] 9268K->9268K(9920K), [Metaspace: 4016K->4016K(1056768K)], 0.0633368 secs] [Times: user=0.11 sys=0.00, real=0.06 secs] 
33.916: [GC (Allocation Failure) 33.916: [ParNew (promotion failed): 2751K->3071K(3072K), 0.0183606 secs]33.934: [CMS: 6519K->6516K(6848K), 0.0331268 secs] 9268K->9268K(9920K), [Metaspace: 4016K->4016K(1056768K)], 0.0515795 secs] [Times: user=0.11 sys=0.00, real=0.05 secs] 
33.968: [GC (CMS Initial Mark) [1 CMS-initial-mark: 6516K(6848K)] 9268K(9920K), 0.0069695 secs] [Times: user=0.00 sys=0.00, real=0.01 secs] 
33.975: [CMS-concurrent-mark-start]
33.975: [GC (Allocation Failure) 33.975: [ParNew (promotion failed): 2751K->3071K(3072K), 0.0181154 secs]33.993: [CMS34.002: [CMS-concurrent-mark: 0.009/0.027 secs] [Times: user=0.08 sys=0.00, real=0.03 secs] 
 (concurrent mode failure): 6519K->6516K(6848K), 0.0394880 secs] 9268K->9268K(9920K), [Metaspace: 4016K->4016K(1056768K)], 0.0577047 secs] [Times: user=0.11 sys=0.00, real=0.06 secs] 
34.033: [GC (Allocation Failure) 34.033: [ParNew (promotion failed): 2751K->3071K(3072K), 0.0179251 secs]34.051: [CMS: 6519K->6516K(6848K), 0.0342469 secs] 9269K->9268K(9920K), [Metaspace: 4016K->4016K(1056768K)], 0.0522897 secs] [Times: user=0.09 sys=0.00, real=0.05 secs] 
34.085: [GC (CMS Initial Mark) [1 CMS-initial-mark: 6517K(6848K)] 9268K(9920K), 0.0068663 secs] [Times: user=0.02 sys=0.00, real=0.01 secs] 
34.092: [CMS-concurrent-mark-start]
34.092: [GC (Allocation Failure) 34.092: [ParNew (promotion failed): 2751K->3071K(3072K), 0.0179842 secs]34.110: [CMS34.124: [CMS-concurrent-mark: 0.014/0.032 secs] [Times: user=0.08 sys=0.00, real=0.03 secs] 
 (concurrent mode failure): 6519K->6516K(6848K), 0.0452455 secs] 9268K->9268K(9920K), [Metaspace: 4016K->4016K(1056768K)], 0.0633449 secs] [Times: user=0.11 sys=0.00, real=0.06 secs] 
34.156: [GC (Allocation Failure) 34.156: [ParNew (promotion failed): 2751K->3071K(3072K), 0.0179677 secs]34.174: [CMS: 6519K->6516K(6848K), 0.0356742 secs] 9268K->9268K(9920K), [Metaspace: 4016K->4016K(1056768K)], 0.0537470 secs] [Times: user=0.09 sys=0.00, real=0.05 secs] 
34.210: [GC (Allocation Failure) 34.210: [ParNew (promotion failed): 2751K->3070K(3072K), 0.0177984 secs]34.228: [CMS (concurrent mode failure): 6518K->6516K(6848K), 0.0243524 secs] 9268K->9268K(9920K), [Metaspace: 4016K->4016K(1056768K)], 0.0422546 secs] [Times: user=0.09 sys=0.00, real=0.04 secs] 
34.252: [GC (Allocation Failure) 34.252: [ParNew (promotion failed): 2751K->3070K(3072K), 0.0175790 secs]34.270: [CMS: 6518K->6516K(6848K), 0.0278628 secs] 9268K->9268K(9920K), [Metaspace: 4016K->4016K(1056768K)], 0.0455307 secs] [Times: user=0.09 sys=0.00, real=0.05 secs] 
34.298: [GC (CMS Initial Mark) [1 CMS-initial-mark: 6516K(6848K)] 9268K(9920K), 0.0064240 secs] [Times: user=0.00 sys=0.00, real=0.01 secs] 
34.304: [CMS-concurrent-mark-start]
34.305: [GC (Allocation Failure) 34.305: [ParNew (promotion failed): 2751K->3070K(3072K), 0.0175654 secs]34.322: [CMS34.331: [CMS-concurrent-mark: 0.009/0.027 secs] [Times: user=0.08 sys=0.00, real=0.03 secs] 
 (concurrent mode failure): 6519K->6516K(6848K), 0.0335545 secs] 9268K->9268K(9920K), [Metaspace: 4016K->4016K(1056768K)], 0.0512336 secs] [Times: user=0.09 sys=0.00, real=0.05 secs] 
34.356: [GC (Allocation Failure) 34.356: [ParNew (promotion failed): 2751K->3070K(3072K), 0.0172919 secs]34.374: [CMS: 6519K->6517K(6848K), 0.0240417 secs] 9268K->9268K(9920K), [Metaspace: 4016K->4016K(1056768K)], 0.0414318 secs] [Times: user=0.14 sys=0.00, real=0.04 secs] 
34.398: [GC (CMS Initial Mark) [1 CMS-initial-mark: 6517K(6848K)] 9269K(9920K), 0.0057174 secs] [Times: user=0.02 sys=0.00, real=0.01 secs] 
34.404: [CMS-concurrent-mark-start]
34.404: [GC (Allocation Failure) 34.404: [ParNew (promotion failed): 2751K->3070K(3072K), 0.0180923 secs]34.422: [CMS34.431: [CMS-concurrent-mark: 0.009/0.028 secs] [Times: user=0.06 sys=0.00, real=0.03 secs] 
 (concurrent mode failure): 6519K->6516K(6848K), 0.0335058 secs] 9269K->9268K(9920K), [Metaspace: 4016K->4016K(1056768K)], 0.0517036 secs] [Times: user=0.09 sys=0.00, real=0.05 secs] 
34.456: [GC (Allocation Failure) 34.456: [ParNew (promotion failed): 2751K->3070K(3072K), 0.0172266 secs]34.473: [CMS: 6519K->6516K(6848K), 0.0244613 secs] 9269K->9268K(9920K), [Metaspace: 4016K->4016K(1056768K)], 0.0417866 secs] [Times: user=0.09 sys=0.00, real=0.04 secs] 
34.497: [GC (CMS Initial Mark) [1 CMS-initial-mark: 6517K(6848K)] 9269K(9920K), 0.0054573 secs] [Times: user=0.00 sys=0.00, real=0.01 secs] 
34.503: [CMS-concurrent-mark-start]
34.503: [GC (Allocation Failure) 34.503: [ParNew (promotion failed): 2751K->3070K(3072K), 0.0183632 secs]34.521: [CMS34.531: [CMS-concurrent-mark: 0.009/0.028 secs] [Times: user=0.08 sys=0.00, real=0.03 secs] 
 (concurrent mode failure): 6519K->6516K(6848K), 0.0387418 secs] 9269K->9268K(9920K), [Metaspace: 4016K->4016K(1056768K)], 0.0572080 secs] [Times: user=0.09 sys=0.00, real=0.06 secs] 
34.560: [GC (Allocation Failure) 34.560: [ParNew (promotion failed): 2751K->3070K(3072K), 0.0178382 secs]34.578: [CMS: 6518K->6516K(6848K), 0.0242993 secs] 9268K->9268K(9920K), [Metaspace: 4016K->4016K(1056768K)], 0.0422524 secs] [Times: user=0.08 sys=0.00, real=0.04 secs] 
34.603: [GC (CMS Initial Mark) [1 CMS-initial-mark: 6516K(6848K)] 9268K(9920K), 0.0054885 secs] [Times: user=0.02 sys=0.00, real=0.01 secs] 
34.608: [CMS-concurrent-mark-start]
34.608: [GC (Allocation Failure) 34.608: [ParNew (promotion failed): 2751K->3070K(3072K), 0.0179172 secs]34.626: [CMS34.636: [CMS-concurrent-mark: 0.009/0.027 secs] [Times: user=0.03 sys=0.00, real=0.03 secs] 
 (concurrent mode failure): 6519K->6516K(6848K), 0.0342392 secs] 9268K->9268K(9920K), [Metaspace: 4016K->4016K(1056768K)], 0.0522557 secs] [Times: user=0.06 sys=0.00, real=0.05 secs] 
34.661: [GC (Allocation Failure) 34.661: [ParNew (promotion failed): 2751K->3070K(3072K), 0.0185099 secs]34.679: [CMS: 6519K->6517K(6848K), 0.0270269 secs] 9268K->9268K(9920K), [Metaspace: 4016K->4016K(1056768K)], 0.0456361 secs] [Times: user=0.08 sys=0.00, real=0.05 secs] 
34.707: [GC (CMS Initial Mark) [1 CMS-initial-mark: 6517K(6848K)] 9269K(9920K), 0.0078855 secs] [Times: user=0.00 sys=0.00, real=0.01 secs] 
34.715: [CMS-concurrent-mark-start]
34.715: [GC (Allocation Failure) 34.715: [ParNew (promotion failed): 2751K->3070K(3072K), 0.0181356 secs]34.733: [CMS34.742: [CMS-concurrent-mark: 0.009/0.027 secs] [Times: user=0.06 sys=0.00, real=0.03 secs] 
 (concurrent mode failure): 6519K->6517K(6848K), 0.0358642 secs] 9269K->9269K(9920K), [Metaspace: 4016K->4016K(1056768K)], 0.0541030 secs] [Times: user=0.08 sys=0.02, real=0.05 secs] 
34.769: [GC (Allocation Failure) 34.769: [ParNew (promotion failed): 2751K->3070K(3072K), 0.0172359 secs]34.786: [CMS: 6519K->6517K(6848K), 0.0240221 secs] 9269K->9268K(9920K), [Metaspace: 4016K->4016K(1056768K)], 0.0413669 secs] [Times: user=0.09 sys=0.00, real=0.04 secs] 
34.810: [GC (CMS Initial Mark) [1 CMS-initial-mark: 6517K(6848K)] 9269K(9920K), 0.0055806 secs] [Times: user=0.00 sys=0.00, real=0.01 secs] 
34.816: [CMS-concurrent-mark-start]
34.816: [GC (Allocation Failure) 34.816: [ParNew (promotion failed): 2751K->3070K(3072K), 0.0178031 secs]34.834: [CMS34.843: [CMS-concurrent-mark: 0.009/0.027 secs] [Times: user=0.08 sys=0.00, real=0.03 secs] 
 (concurrent mode failure): 6519K->6517K(6848K), 0.0328396 secs] 9269K->9268K(9920K), [Metaspace: 4016K->4016K(1056768K)], 0.0507356 secs] [Times: user=0.09 sys=0.00, real=0.05 secs] 
34.867: [GC (Allocation Failure) 34.867: [ParNew (promotion failed): 2751K->3070K(3072K), 0.0179135 secs]34.885: [CMS: 6519K->6516K(6848K), 0.0251071 secs] 9269K->9268K(9920K), [Metaspace: 4016K->4016K(1056768K)], 0.0431230 secs] [Times: user=0.09 sys=0.00, real=0.04 secs] 
34.910: [GC (CMS Initial Mark) [1 CMS-initial-mark: 6516K(6848K)] 9268K(9920K), 0.0061722 secs] [Times: user=0.00 sys=0.00, real=0.01 secs] 
34.917: [CMS-concurrent-mark-start]
34.918: [GC (Allocation Failure) 34.918: [ParNew (promotion failed): 2751K->3070K(3072K), 0.0180122 secs]34.936: [CMS34.953: [CMS-concurrent-mark: 0.018/0.036 secs] [Times: user=0.09 sys=0.00, real=0.04 secs] 
 (concurrent mode failure): 6519K->6516K(6848K), 0.0466704 secs] 9268K->9268K(9920K), [Metaspace: 4016K->4016K(1056768K)], 0.0648196 secs] [Times: user=0.13 sys=0.00, real=0.07 secs] 
34.983: [GC (Allocation Failure) 34.983: [ParNew (promotion failed): 2751K->3070K(3072K), 0.0174987 secs]35.000: [CMS: 6519K->6516K(6848K), 0.0343853 secs] 9268K->9268K(9920K), [Metaspace: 4016K->4016K(1056768K)], 0.0519886 secs] [Times: user=0.09 sys=0.00, real=0.05 secs] 
35.035: [GC (CMS Initial Mark) [1 CMS-initial-mark: 6517K(6848K)] 9269K(9920K), 0.0054519 secs] [Times: user=0.00 sys=0.00, real=0.01 secs] 
35.040: [CMS-concurrent-mark-start]
35.040: [GC (Allocation Failure) 35.040: [ParNew (promotion failed): 2751K->3069K(3072K), 0.0174628 secs]35.058: [CMS35.068: [CMS-concurrent-mark: 0.010/0.028 secs] [Times: user=0.08 sys=0.00, real=0.03 secs] 
 (concurrent mode failure): 6519K->6517K(6848K), 0.0360467 secs] 9269K->9269K(9920K), [Metaspace: 4016K->4016K(1056768K)], 0.0536066 secs] [Times: user=0.11 sys=0.00, real=0.05 secs] 
35.094: [GC (Allocation Failure) 35.094: [ParNew (promotion failed): 2751K->3071K(3072K), 0.0175717 secs]35.112: [CMS: 6519K->6517K(6848K), 0.0255459 secs] 9269K->9269K(9920K), [Metaspace: 4016K->4016K(1056768K)], 0.0432432 secs] [Times: user=0.08 sys=0.00, real=0.04 secs] 
35.138: [GC (CMS Initial Mark) [1 CMS-initial-mark: 6517K(6848K)] 9269K(9920K), 0.0058588 secs] [Times: user=0.02 sys=0.00, real=0.01 secs] 
35.143: [CMS-concurrent-mark-start]
35.144: [GC (Allocation Failure) 35.144: [ParNew (promotion failed): 2751K->3071K(3072K), 0.0173979 secs]35.161: [CMS35.170: [CMS-concurrent-mark: 0.009/0.027 secs] [Times: user=0.08 sys=0.00, real=0.03 secs] 
 (concurrent mode failure): 6519K->6517K(6848K), 0.0342284 secs] 9269K->9269K(9920K), [Metaspace: 4016K->4016K(1056768K)], 0.0517082 secs] [Times: user=0.09 sys=0.00, real=0.05 secs] 
35.195: [GC (Allocation Failure) 35.195: [ParNew (promotion failed): 2751K->3071K(3072K), 0.0171096 secs]35.213: [CMS: 6519K->6517K(6848K), 0.0270295 secs] 9269K->9269K(9920K), [Metaspace: 4016K->4016K(1056768K)], 0.0442228 secs] [Times: user=0.09 sys=0.00, real=0.04 secs] 
35.240: [GC (CMS Initial Mark) [1 CMS-initial-mark: 6517K(6848K)] 9269K(9920K), 0.0055513 secs] [Times: user=0.00 sys=0.00, real=0.01 secs] 
35.245: [CMS-concurrent-mark-start]
35.246: [GC (Allocation Failure) 35.246: [ParNew (promotion failed): 2751K->3071K(3072K), 0.0174167 secs]35.263: [CMS35.273: [CMS-concurrent-mark: 0.010/0.028 secs] [Times: user=0.08 sys=0.00, real=0.03 secs] 
 (concurrent mode failure): 6519K->6516K(6848K), 0.0380451 secs] 9269K->9268K(9920K), [Metaspace: 4016K->4016K(1056768K)], 0.0555696 secs] [Times: user=0.11 sys=0.00, real=0.06 secs] 
35.301: [GC (Allocation Failure) 35.301: [ParNew (promotion failed): 2751K->3071K(3072K), 0.0172010 secs]35.318: [CMS: 6519K->6516K(6848K), 0.0278092 secs] 9268K->9268K(9920K), [Metaspace: 4016K->4016K(1056768K)], 0.0451140 secs] [Times: user=0.09 sys=0.00, real=0.04 secs] 
35.346: [GC (CMS Initial Mark) [1 CMS-initial-mark: 6517K(6848K)] 9268K(9920K), 0.0056017 secs] [Times: user=0.00 sys=0.00, real=0.01 secs] 
35.352: [CMS-concurrent-mark-start]
35.352: [GC (Allocation Failure) 35.352: [ParNew (promotion failed): 2751K->3071K(3072K), 0.0174029 secs]35.370: [CMS35.379: [CMS-concurrent-mark: 0.009/0.027 secs] [Times: user=0.06 sys=0.00, real=0.03 secs] 
 (concurrent mode failure): 6519K->6517K(6848K), 0.0361645 secs] 9268K->9268K(9920K), [Metaspace: 4016K->4016K(1056768K)], 0.0536705 secs] [Times: user=0.09 sys=0.00, real=0.05 secs] 
35.406: [GC (Allocation Failure) 35.406: [ParNew (promotion failed): 2751K->3071K(3072K), 0.0184174 secs]35.425: [CMS: 6519K->6517K(6848K), 0.0286238 secs] 9269K->9269K(9920K), [Metaspace: 4016K->4016K(1056768K)], 0.0471632 secs] [Times: user=0.09 sys=0.00, real=0.05 secs] 
35.453: [GC (Allocation Failure) 35.453: [ParNew (promotion failed): 2751K->3070K(3072K), 0.0184838 secs]35.472: [CMS: 6519K->6517K(6848K), 0.0335311 secs] 9269K->9269K(9920K), [Metaspace: 4016K->4016K(1056768K)], 0.0521186 secs] [Times: user=0.09 sys=0.00, real=0.05 secs] 
35.506: [GC (CMS Initial Mark) [1 CMS-initial-mark: 6517K(6848K)] 9269K(9920K), 0.0064817 secs] [Times: user=0.00 sys=0.00, real=0.01 secs] 
35.512: [CMS-concurrent-mark-start]
35.512: [GC (Allocation Failure) 35.512: [ParNew (promotion failed): 2751K->3070K(3072K), 0.0176823 secs]35.530: [CMS35.546: [CMS-concurrent-mark: 0.016/0.034 secs] [Times: user=0.09 sys=0.00, real=0.03 secs] 
 (concurrent mode failure): 6519K->6517K(6848K), 0.0535938 secs] 9269K->9269K(9920K), [Metaspace: 4016K->4016K(1056768K)], 0.0714056 secs] [Times: user=0.13 sys=0.00, real=0.07 secs] 
35.584: [GC (Allocation Failure) 35.584: [ParNew (promotion failed): 2751K->3070K(3072K), 0.0173812 secs]35.601: [CMS: 6519K->6517K(6848K), 0.0344430 secs] 9269K->9269K(9920K), [Metaspace: 4016K->4016K(1056768K)], 0.0519313 secs] [Times: user=0.09 sys=0.00, real=0.05 secs] 
35.636: [GC (CMS Initial Mark) [1 CMS-initial-mark: 6517K(6848K)] 9269K(9920K), 0.0058595 secs] [Times: user=0.02 sys=0.00, real=0.01 secs] 
35.642: [CMS-concurrent-mark-start]
35.642: [GC (Allocation Failure) 35.642: [ParNew (promotion failed): 2751K->3070K(3072K), 0.0179226 secs]35.660: [CMS35.676: [CMS-concurrent-mark: 0.015/0.033 secs] [Times: user=0.08 sys=0.00, real=0.03 secs] 
 (concurrent mode failure): 6519K->6516K(6848K), 0.0500743 secs] 9269K->9268K(9920K), [Metaspace: 4016K->4016K(1056768K)], 0.0681156 secs] [Times: user=0.11 sys=0.00, real=0.07 secs] 
35.711: [GC (Allocation Failure) 35.711: [ParNew (promotion failed): 2751K->3070K(3072K), 0.0188872 secs]35.730: [CMS: 6519K->6517K(6848K), 0.0311204 secs] 9268K->9268K(9920K), [Metaspace: 4016K->4016K(1056768K)], 0.0501161 secs] [Times: user=0.08 sys=0.00, real=0.05 secs] 
35.761: [GC (CMS Initial Mark) [1 CMS-initial-mark: 6517K(6848K)] 9269K(9920K), 0.0055841 secs] [Times: user=0.01 sys=0.00, real=0.01 secs] 
35.766: [CMS-concurrent-mark-start]
35.767: [GC (Allocation Failure) 35.767: [ParNew (promotion failed): 2751K->3070K(3072K), 0.0180475 secs]35.785: [CMS35.795: [CMS-concurrent-mark: 0.010/0.028 secs] [Times: user=0.05 sys=0.00, real=0.03 secs] 
 (concurrent mode failure): 6519K->6517K(6848K), 0.0358097 secs] 9269K->9269K(9920K), [Metaspace: 4016K->4016K(1056768K)], 0.0539613 secs] [Times: user=0.06 sys=0.02, real=0.05 secs] 
35.821: [GC (Allocation Failure) 35.821: [ParNew (promotion failed): 2751K->3070K(3072K), 0.0172698 secs]35.838: [CMS: 6519K->6517K(6848K), 0.0244067 secs] 9269K->9269K(9920K), [Metaspace: 4016K->4016K(1056768K)], 0.0417768 secs] [Times: user=0.09 sys=0.00, real=0.04 secs] 
35.863: [GC (CMS Initial Mark) [1 CMS-initial-mark: 6517K(6848K)] 9269K(9920K), 0.0070450 secs] [Times: user=0.00 sys=0.00, real=0.01 secs] 
35.870: [CMS-concurrent-mark-start]
35.870: [GC (Allocation Failure) 35.870: [ParNew (promotion failed): 2751K->3070K(3072K), 0.0168641 secs]35.887: [CMS35.898: [CMS-concurrent-mark: 0.011/0.028 secs] [Times: user=0.06 sys=0.00, real=0.03 secs] 
 (concurrent mode failure): 6519K->6517K(6848K), 0.0376930 secs] 9269K->9269K(9920K), [Metaspace: 4016K->4016K(1056768K)], 0.0546539 secs] [Times: user=0.09 sys=0.00, real=0.06 secs] 
35.925: [GC (Allocation Failure) 35.925: [ParNew (promotion failed): 2751K->3070K(3072K), 0.0172340 secs]35.942: [CMS: 6519K->6517K(6848K), 0.0245449 secs] 9269K->9269K(9920K), [Metaspace: 4016K->4016K(1056768K)], 0.0418797 secs] [Times: user=0.09 sys=0.00, real=0.04 secs] 
35.967: [GC (CMS Initial Mark) [1 CMS-initial-mark: 6517K(6848K)] 9269K(9920K), 0.0059268 secs] [Times: user=0.00 sys=0.00, real=0.01 secs] 
35.973: [CMS-concurrent-mark-start]
35.973: [GC (Allocation Failure) 35.973: [ParNew (promotion failed): 2751K->3070K(3072K), 0.0181264 secs]35.991: [CMS36.000: [CMS-concurrent-mark: 0.009/0.028 secs] [Times: user=0.08 sys=0.00, real=0.03 secs] 
 (concurrent mode failure): 6519K->6517K(6848K), 0.0336059 secs] 9269K->9269K(9920K), [Metaspace: 4016K->4016K(1056768K)], 0.0518541 secs] [Times: user=0.09 sys=0.00, real=0.05 secs] 
36.025: [GC (Allocation Failure) 36.025: [ParNew (promotion failed): 2751K->3070K(3072K), 0.0177768 secs]36.043: [CMS: 6519K->6517K(6848K), 0.0294634 secs] 9269K->9268K(9920K), [Metaspace: 4016K->4016K(1056768K)], 0.0473404 secs] [Times: user=0.08 sys=0.01, real=0.05 secs] 
36.072: [GC (CMS Initial Mark) [1 CMS-initial-mark: 6517K(6848K)] 9269K(9920K), 0.0054088 secs] [Times: user=0.01 sys=0.00, real=0.00 secs] 
36.078: [CMS-concurrent-mark-start]
36.078: [GC (Allocation Failure) 36.078: [ParNew (promotion failed): 2751K->3070K(3072K), 0.0171051 secs]36.095: [CMS36.104: [CMS-concurrent-mark: 0.009/0.026 secs] [Times: user=0.06 sys=0.00, real=0.03 secs] 
 (concurrent mode failure): 6519K->6517K(6848K), 0.0331700 secs] 9269K->9269K(9920K), [Metaspace: 4016K->4016K(1056768K)], 0.0503743 secs] [Times: user=0.09 sys=0.00, real=0.05 secs] 
36.128: [GC (Allocation Failure) 36.128: [ParNew (promotion failed): 2751K->3070K(3072K), 0.0174585 secs]36.146: [CMS: 6519K->6517K(6848K), 0.0242179 secs] 9269K->9269K(9920K), [Metaspace: 4016K->4016K(1056768K)], 0.0417795 secs] [Times: user=0.09 sys=0.00, real=0.04 secs] 
36.170: [GC (CMS Initial Mark) [1 CMS-initial-mark: 6517K(6848K)] 9269K(9920K), 0.0055664 secs] [Times: user=0.00 sys=0.00, real=0.01 secs] 
36.176: [CMS-concurrent-mark-start]
36.176: [GC (Allocation Failure) 36.176: [ParNew (promotion failed): 2751K->3070K(3072K), 0.0175787 secs]36.193: [CMS36.205: [CMS-concurrent-mark: 0.011/0.029 secs] [Times: user=0.06 sys=0.00, real=0.03 secs] 
 (concurrent mode failure): 6519K->6517K(6848K), 0.0367979 secs] 9269K->9269K(9920K), [Metaspace: 4016K->4016K(1056768K)], 0.0544778 secs] [Times: user=0.08 sys=0.00, real=0.05 secs] 
36.230: [GC (Allocation Failure) 36.230: [ParNew (promotion failed): 2751K->3070K(3072K), 0.0177217 secs]36.248: [CMS: 6519K->6517K(6848K), 0.0239996 secs] 9269K->9269K(9920K), [Metaspace: 4016K->4016K(1056768K)], 0.0418265 secs] [Times: user=0.06 sys=0.00, real=0.04 secs] 
36.272: [GC (CMS Initial Mark) [1 CMS-initial-mark: 6517K(6848K)] 9269K(9920K), 0.0054415 secs] [Times: user=0.00 sys=0.00, real=0.01 secs] 
36.278: [CMS-concurrent-mark-start]
36.278: [GC (Allocation Failure) 36.278: [ParNew (promotion failed): 2751K->3070K(3072K), 0.0174063 secs]36.295: [CMS36.305: [CMS-concurrent-mark: 0.009/0.027 secs] [Times: user=0.08 sys=0.00, real=0.03 secs] 
 (concurrent mode failure): 6519K->6517K(6848K), 0.0332845 secs] 9269K->9269K(9920K), [Metaspace: 4016K->4016K(1056768K)], 0.0507883 secs] [Times: user=0.11 sys=0.00, real=0.05 secs] 
36.329: [GC (Allocation Failure) 36.329: [ParNew (promotion failed): 2751K->3069K(3072K), 0.0176199 secs]36.347: [CMS: 6519K->6517K(6848K), 0.0370413 secs] 9269K->9269K(9920K), [Metaspace: 4016K->4016K(1056768K)], 0.0547476 secs] [Times: user=0.09 sys=0.00, real=0.05 secs] 
36.384: [GC (CMS Initial Mark) [1 CMS-initial-mark: 6517K(6848K)] 9269K(9920K), 0.0082145 secs] [Times: user=0.02 sys=0.00, real=0.01 secs] 
36.392: [CMS-concurrent-mark-start]
36.392: [GC (Allocation Failure) 36.392: [ParNew (promotion failed): 2751K->3071K(3072K), 0.0181154 secs]36.410: [CMS36.420: [CMS-concurrent-mark: 0.010/0.028 secs] [Times: user=0.08 sys=0.00, real=0.03 secs] 
 (concurrent mode failure): 6519K->6517K(6848K), 0.0366743 secs] 9269K->9269K(9920K), [Metaspace: 4016K->4016K(1056768K)], 0.0548824 secs] [Times: user=0.09 sys=0.00, real=0.06 secs] 
36.447: [GC (Allocation Failure) 36.447: [ParNew (promotion failed): 2751K->3071K(3072K), 0.0172901 secs]36.465: [CMS: 6519K->6517K(6848K), 0.0269884 secs] 9269K->9269K(9920K), [Metaspace: 4016K->4016K(1056768K)], 0.0443665 secs] [Times: user=0.08 sys=0.00, real=0.04 secs] 
36.492: [GC (CMS Initial Mark) [1 CMS-initial-mark: 6517K(6848K)] 9269K(9920K), 0.0054711 secs] [Times: user=0.00 sys=0.00, real=0.01 secs] 
36.497: [CMS-concurrent-mark-start]
36.497: [GC (Allocation Failure) 36.497: [ParNew (promotion failed): 2751K->3071K(3072K), 0.0170587 secs]36.514: [CMS36.525: [CMS-concurrent-mark: 0.010/0.027 secs] [Times: user=0.08 sys=0.00, real=0.03 secs] 
 (concurrent mode failure): 6519K->6517K(6848K), 0.0421791 secs] 9269K->9269K(9920K), [Metaspace: 4016K->4016K(1056768K)], 0.0593393 secs] [Times: user=0.11 sys=0.00, real=0.06 secs] 
36.557: [GC (Allocation Failure) 36.557: [ParNew (promotion failed): 2751K->3071K(3072K), 0.0175008 secs]36.575: [CMS: 6519K->6517K(6848K), 0.0364366 secs] 9269K->9269K(9920K), [Metaspace: 4016K->4016K(1056768K)], 0.0540459 secs] [Times: user=0.09 sys=0.00, real=0.05 secs] 
36.611: [GC (CMS Initial Mark) [1 CMS-initial-mark: 6517K(6848K)] 9269K(9920K), 0.0078389 secs] [Times: user=0.00 sys=0.00, real=0.01 secs] 
36.619: [CMS-concurrent-mark-start]
36.619: [GC (Allocation Failure) 36.619: [ParNew (promotion failed): 2751K->3071K(3072K), 0.0179802 secs]36.637: [CMS36.646: [CMS-concurrent-mark: 0.009/0.027 secs] [Times: user=0.06 sys=0.00, real=0.03 secs] 
 (concurrent mode failure): 6519K->6517K(6848K), 0.0486087 secs] 9269K->9269K(9920K), [Metaspace: 4016K->4016K(1056768K)], 0.0666925 secs] [Times: user=0.11 sys=0.00, real=0.07 secs] 
36.686: [GC (Allocation Failure) 36.686: [ParNew (promotion failed): 2751K->3071K(3072K), 0.0176436 secs]36.704: [CMS: 6519K->6517K(6848K), 0.0366892 secs] 9269K->9269K(9920K), [Metaspace: 4016K->4016K(1056768K)], 0.0544356 secs] [Times: user=0.08 sys=0.00, real=0.05 secs] 
36.741: [GC (CMS Initial Mark) [1 CMS-initial-mark: 6517K(6848K)] 9269K(9920K), 0.0062281 secs] [Times: user=0.00 sys=0.00, real=0.01 secs] 
36.747: [CMS-concurrent-mark-start]
36.747: [GC (Allocation Failure) 36.747: [ParNew (promotion failed): 2751K->3071K(3072K), 0.0184418 secs]36.766: [CMS36.778: [CMS-concurrent-mark: 0.012/0.031 secs] [Times: user=0.09 sys=0.00, real=0.03 secs] 
 (concurrent mode failure): 6519K->6517K(6848K), 0.0403970 secs] 9269K->9269K(9920K), [Metaspace: 4016K->4016K(1056768K)], 0.0589412 secs] [Times: user=0.13 sys=0.00, real=0.06 secs] 
36.806: [GC (Allocation Failure) 36.806: [ParNew (promotion failed): 2751K->3070K(3072K), 0.0169742 secs]36.823: [CMS: 6519K->6517K(6848K), 0.0277004 secs] 9269K->9269K(9920K), [Metaspace: 4016K->4016K(1056768K)], 0.0447752 secs] [Times: user=0.08 sys=0.00, real=0.04 secs] 
36.851: [GC (CMS Initial Mark) [1 CMS-initial-mark: 6517K(6848K)] 9269K(9920K), 0.0064984 secs] [Times: user=0.02 sys=0.00, real=0.01 secs] 
36.858: [CMS-concurrent-mark-start]
36.858: [GC (Allocation Failure) 36.858: [ParNew (promotion failed): 2751K->3070K(3072K), 0.0172900 secs]36.875: [CMS36.885: [CMS-concurrent-mark: 0.010/0.027 secs] [Times: user=0.05 sys=0.02, real=0.03 secs] 
 (concurrent mode failure): 6519K->6517K(6848K), 0.0411337 secs] 9269K->9269K(9920K), [Metaspace: 4016K->4016K(1056768K)], 0.0585208 secs] [Times: user=0.08 sys=0.02, real=0.06 secs] 
36.916: [GC (Allocation Failure) 36.917: [ParNew (promotion failed): 2751K->3070K(3072K), 0.0183630 secs]36.935: [CMS: 6519K->6517K(6848K), 0.0328099 secs] 9269K->9269K(9920K), [Metaspace: 4016K->4016K(1056768K)], 0.0512824 secs] [Times: user=0.09 sys=0.00, real=0.05 secs] 
36.968: [GC (CMS Initial Mark) [1 CMS-initial-mark: 6517K(6848K)] 9269K(9920K), 0.0085468 secs] [Times: user=0.00 sys=0.00, real=0.01 secs] 
36.977: [CMS-concurrent-mark-start]
36.977: [GC (Allocation Failure) 36.977: [ParNew (promotion failed): 2751K->3070K(3072K), 0.0172657 secs]36.994: [CMS37.007: [CMS-concurrent-mark: 0.013/0.031 secs] [Times: user=0.06 sys=0.00, real=0.03 secs] 
 (concurrent mode failure): 6519K->6517K(6848K), 0.0426314 secs] 9269K->9269K(9920K), [Metaspace: 4016K->4016K(1056768K)], 0.0600019 secs] [Times: user=0.09 sys=0.00, real=0.06 secs] 
37.037: [GC (Allocation Failure) 37.037: [ParNew (promotion failed): 2751K->3070K(3072K), 0.0169759 secs]37.054: [CMS: 6519K->6517K(6848K), 0.0272314 secs] 9269K->9269K(9920K), [Metaspace: 4016K->4016K(1056768K)], 0.0442980 secs] [Times: user=0.09 sys=0.00, real=0.04 secs] 
37.081: [GC (CMS Initial Mark) [1 CMS-initial-mark: 6517K(6848K)] 9269K(9920K), 0.0056109 secs] [Times: user=0.00 sys=0.00, real=0.01 secs] 
37.087: [CMS-concurrent-mark-start]
37.087: [GC (Allocation Failure) 37.087: [ParNew (promotion failed): 2751K->3070K(3072K), 0.0176630 secs]37.105: [CMS37.121: [CMS-concurrent-mark: 0.016/0.034 secs] [Times: user=0.08 sys=0.00, real=0.03 secs] 
 (concurrent mode failure): 6519K->6517K(6848K), 0.0474953 secs] 9269K->9269K(9920K), [Metaspace: 4016K->4016K(1056768K)], 0.0652536 secs] [Times: user=0.11 sys=0.00, real=0.07 secs] 
37.153: [GC (Allocation Failure) 37.153: [ParNew (promotion failed): 2751K->3070K(3072K), 0.0176178 secs]37.170: [CMS: 6519K->6517K(6848K), 0.0288732 secs] 9269K->9269K(9920K), [Metaspace: 4016K->4016K(1056768K)], 0.0465930 secs] [Times: user=0.09 sys=0.00, real=0.05 secs] 
37.199: [GC (CMS Initial Mark) [1 CMS-initial-mark: 6517K(6848K)] 9269K(9920K), 0.0083485 secs] [Times: user=0.02 sys=0.00, real=0.01 secs] 
37.208: [CMS-concurrent-mark-start]
37.208: [GC (Allocation Failure) 37.208: [ParNew (promotion failed): 2751K->3070K(3072K), 0.0173258 secs]37.225: [CMS37.235: [CMS-concurrent-mark: 0.010/0.028 secs] [Times: user=0.08 sys=0.00, real=0.03 secs] 
 (concurrent mode failure): 6519K->6517K(6848K), 0.0395507 secs] 9269K->9269K(9920K), [Metaspace: 4016K->4016K(1056768K)], 0.0569530 secs] [Times: user=0.11 sys=0.00, real=0.06 secs] 
37.265: [GC (Allocation Failure) 37.265: [ParNew (promotion failed): 2751K->3070K(3072K), 0.0166167 secs]37.282: [CMS: 6519K->6517K(6848K), 0.0297986 secs] 9269K->9269K(9920K), [Metaspace: 4016K->4016K(1056768K)], 0.0464976 secs] [Times: user=0.08 sys=0.01, real=0.05 secs] 
37.312: [GC (CMS Initial Mark) [1 CMS-initial-mark: 6517K(6848K)] 9269K(9920K), 0.0059460 secs] [Times: user=0.00 sys=0.00, real=0.01 secs] 
37.318: [CMS-concurrent-mark-start]
37.318: [GC (Allocation Failure) 37.318: [ParNew (promotion failed): 2751K->3070K(3072K), 0.0172774 secs]37.335: [CMS37.349: [CMS-concurrent-mark: 0.014/0.031 secs] [Times: user=0.08 sys=0.00, real=0.03 secs] 
 (concurrent mode failure): 6519K->6517K(6848K), 0.0447553 secs] 9269K->9269K(9920K), [Metaspace: 4016K->4016K(1056768K)], 0.0621425 secs] [Times: user=0.11 sys=0.00, real=0.06 secs] 
37.380: [GC (Allocation Failure) 37.380: [ParNew (promotion failed): 2751K->3070K(3072K), 0.0176984 secs]37.398: [CMS: 6519K->6517K(6848K), 0.0304693 secs] 9269K->9269K(9920K), [Metaspace: 4016K->4016K(1056768K)], 0.0482619 secs] [Times: user=0.09 sys=0.00, real=0.05 secs] 
37.428: [GC (CMS Initial Mark) [1 CMS-initial-mark: 6517K(6848K)] 9269K(9920K), 0.0060659 secs] [Times: user=0.00 sys=0.00, real=0.01 secs] 
37.435: [CMS-concurrent-mark-start]
37.435: [GC (Allocation Failure) 37.435: [ParNew (promotion failed): 2751K->3070K(3072K), 0.0181002 secs]37.453: [CMS37.465: [CMS-concurrent-mark: 0.013/0.031 secs] [Times: user=0.09 sys=0.00, real=0.03 secs] 
 (concurrent mode failure): 6519K->6517K(6848K), 0.0440175 secs] 9269K->9269K(9920K), [Metaspace: 4016K->4016K(1056768K)], 0.0622303 secs] [Times: user=0.13 sys=0.00, real=0.06 secs] 
37.497: [GC (Allocation Failure) 37.497: [ParNew (promotion failed): 2751K->3070K(3072K), 0.0176662 secs]37.515: [CMS: 6519K->6517K(6848K), 0.0306999 secs] 9269K->9269K(9920K), [Metaspace: 4016K->4016K(1056768K)], 0.0484580 secs] [Times: user=0.14 sys=0.00, real=0.05 secs] 
37.546: [GC (CMS Initial Mark) [1 CMS-initial-mark: 6517K(6848K)] 9269K(9920K), 0.0068321 secs] [Times: user=0.00 sys=0.00, real=0.01 secs] 
37.553: [CMS-concurrent-mark-start]
37.553: [GC (Allocation Failure) 37.553: [ParNew (promotion failed): 2751K->3070K(3072K), 0.0172700 secs]37.570: [CMS37.584: [CMS-concurrent-mark: 0.014/0.031 secs] [Times: user=0.08 sys=0.00, real=0.03 secs] 
 (concurrent mode failure): 6519K->6517K(6848K), 0.0453099 secs] 9269K->9269K(9920K), [Metaspace: 4016K->4016K(1056768K)], 0.0626794 secs] [Times: user=0.11 sys=0.00, real=0.06 secs] 
37.615: [GC (Allocation Failure) 37.616: [ParNew (promotion failed): 2751K->3070K(3072K), 0.0176498 secs]37.633: [CMS: 6519K->6517K(6848K), 0.0330610 secs] 9269K->9269K(9920K), [Metaspace: 4016K->4016K(1056768K)], 0.0508173 secs] [Times: user=0.09 sys=0.00, real=0.05 secs] 
37.666: [GC (CMS Initial Mark) [1 CMS-initial-mark: 6517K(6848K)] 9269K(9920K), 0.0078340 secs] [Times: user=0.02 sys=0.00, real=0.01 secs] 
37.674: [CMS-concurrent-mark-start]
37.674: [GC (Allocation Failure) 37.675: [ParNew (promotion failed): 2751K->3070K(3072K), 0.0186937 secs]37.693: [CMS37.708: [CMS-concurrent-mark: 0.015/0.034 secs] [Times: user=0.06 sys=0.00, real=0.03 secs] 
 (concurrent mode failure): 6519K->6517K(6848K), 0.0471421 secs] 9269K->9269K(9920K), [Metaspace: 4016K->4016K(1056768K)], 0.0659574 secs] [Times: user=0.09 sys=0.00, real=0.07 secs] 
37.741: [GC (Allocation Failure) 37.741: [ParNew (promotion failed): 2751K->3069K(3072K), 0.0177933 secs]37.758: [CMS: 6519K->6517K(6848K), 0.0370768 secs] 9269K->9269K(9920K), [Metaspace: 4016K->4016K(1056768K)], 0.0549722 secs] [Times: user=0.09 sys=0.00, real=0.06 secs] 
37.796: [GC (CMS Initial Mark) [1 CMS-initial-mark: 6517K(6848K)] 9269K(9920K), 0.0063438 secs] [Times: user=0.00 sys=0.00, real=0.01 secs] 
37.802: [CMS-concurrent-mark-start]
37.802: [GC (Allocation Failure) 37.802: [ParNew (promotion failed): 2751K->3071K(3072K), 0.0170957 secs]37.820: [CMS37.829: [CMS-concurrent-mark: 0.010/0.027 secs] [Times: user=0.08 sys=0.00, real=0.03 secs] 
 (concurrent mode failure): 6519K->6517K(6848K), 0.0349079 secs] 9269K->9269K(9920K), [Metaspace: 4016K->4016K(1056768K)], 0.0521086 secs] [Times: user=0.09 sys=0.00, real=0.05 secs] 
37.855: [GC (Allocation Failure) 37.855: [ParNew (promotion failed): 2751K->3071K(3072K), 0.0172245 secs]37.872: [CMS: 6519K->6517K(6848K), 0.0264231 secs] 9269K->9269K(9920K), [Metaspace: 4016K->4016K(1056768K)], 0.0437780 secs] [Times: user=0.09 sys=0.00, real=0.04 secs] 
37.899: [GC (CMS Initial Mark) [1 CMS-initial-mark: 6517K(6848K)] 9269K(9920K), 0.0056532 secs] [Times: user=0.02 sys=0.00, real=0.01 secs] 
37.904: [CMS-concurrent-mark-start]
37.904: [GC (Allocation Failure) 37.904: [ParNew (promotion failed): 2751K->3071K(3072K), 0.0172923 secs]37.922: [CMS37.932: [CMS-concurrent-mark: 0.010/0.027 secs] [Times: user=0.03 sys=0.00, real=0.03 secs] 
 (concurrent mode failure): 6519K->6517K(6848K), 0.0358719 secs] 9269K->9269K(9920K), [Metaspace: 4016K->4016K(1056768K)], 0.0532716 secs] [Times: user=0.06 sys=0.00, real=0.05 secs] 
37.958: [GC (Allocation Failure) 37.958: [ParNew (promotion failed): 2751K->3071K(3072K), 0.0172744 secs]37.975: [CMS: 6519K->6517K(6848K), 0.0240212 secs] 9269K->9269K(9920K), [Metaspace: 4016K->4016K(1056768K)], 0.0413868 secs] [Times: user=0.09 sys=0.00, real=0.04 secs] 
37.999: [GC (CMS Initial Mark) [1 CMS-initial-mark: 6517K(6848K)] 9269K(9920K), 0.0059514 secs] [Times: user=0.00 sys=0.00, real=0.01 secs] 
38.005: [CMS-concurrent-mark-start]
38.005: [GC (Allocation Failure) 38.005: [ParNew (promotion failed): 2751K->3071K(3072K), 0.0180376 secs]38.024: [CMS38.033: [CMS-concurrent-mark: 0.009/0.027 secs] [Times: user=0.08 sys=0.00, real=0.03 secs] 
 (concurrent mode failure): 6519K->6517K(6848K), 0.0338293 secs] 9269K->9269K(9920K), [Metaspace: 4016K->4016K(1056768K)], 0.0519659 secs] [Times: user=0.09 sys=0.00, real=0.05 secs] 
38.058: [GC (Allocation Failure) 38.058: [ParNew (promotion failed): 2751K->3071K(3072K), 0.0178310 secs]38.075: [CMS: 6519K->6517K(6848K), 0.0239447 secs] 9269K->9269K(9920K), [Metaspace: 4016K->4016K(1056768K)], 0.0418675 secs] [Times: user=0.09 sys=0.00, real=0.04 secs] 
38.100: [GC (CMS Initial Mark) [1 CMS-initial-mark: 6517K(6848K)] 9269K(9920K), 0.0054217 secs] [Times: user=0.00 sys=0.00, real=0.01 secs] 
38.105: [CMS-concurrent-mark-start]
38.105: [GC (Allocation Failure) 38.105: [ParNew (promotion failed): 2751K->3071K(3072K), 0.0172973 secs]38.122: [CMS38.132: [CMS-concurrent-mark: 0.009/0.027 secs] [Times: user=0.06 sys=0.00, real=0.03 secs] 
 (concurrent mode failure): 6519K->6517K(6848K), 0.0331712 secs] 9269K->9269K(9920K), [Metaspace: 4016K->4016K(1056768K)], 0.0505509 secs] [Times: user=0.09 sys=0.00, real=0.05 secs] 
38.156: [GC (Allocation Failure) 38.156: [ParNew (promotion failed): 2751K->3070K(3072K), 0.0172376 secs]38.173: [CMS: 6519K->6517K(6848K), 0.0261336 secs] 9269K->9269K(9920K), [Metaspace: 4016K->4016K(1056768K)], 0.0434806 secs] [Times: user=0.08 sys=0.00, real=0.04 secs] 
38.199: [GC (CMS Initial Mark) [1 CMS-initial-mark: 6517K(6848K)] 9269K(9920K), 0.0054575 secs] [Times: user=0.02 sys=0.00, real=0.00 secs] 
38.205: [CMS-concurrent-mark-start]
38.205: [GC (Allocation Failure) 38.205: [ParNew (promotion failed): 2751K->3070K(3072K), 0.0172548 secs]38.222: [CMS38.231: [CMS-concurrent-mark: 0.009/0.026 secs] [Times: user=0.06 sys=0.00, real=0.03 secs] 
 (concurrent mode failure): 6519K->6517K(6848K), 0.0330838 secs] 9269K->9269K(9920K), [Metaspace: 4016K->4016K(1056768K)], 0.0504365 secs] [Times: user=0.09 sys=0.00, real=0.05 secs] 
38.256: [GC (Allocation Failure) 38.256: [ParNew (promotion failed): 2751K->3070K(3072K), 0.0175143 secs]38.273: [CMS: 6519K->6517K(6848K), 0.0237800 secs] 9269K->9269K(9920K), [Metaspace: 4016K->4016K(1056768K)], 0.0414094 secs] [Times: user=0.09 sys=0.00, real=0.04 secs] 
38.297: [GC (CMS Initial Mark) [1 CMS-initial-mark: 6517K(6848K)] 9269K(9920K), 0.0057443 secs] [Times: user=0.00 sys=0.00, real=0.01 secs] 
38.303: [CMS-concurrent-mark-start]
38.303: [GC (Allocation Failure) 38.303: [ParNew (promotion failed): 2751K->3070K(3072K), 0.0176959 secs]38.321: [CMS38.331: [CMS-concurrent-mark: 0.010/0.028 secs] [Times: user=0.08 sys=0.00, real=0.03 secs] 
 (concurrent mode failure): 6519K->6517K(6848K), 0.0342558 secs] 9269K->9269K(9920K), [Metaspace: 4016K->4016K(1056768K)], 0.0520401 secs] [Times: user=0.09 sys=0.00, real=0.05 secs] 
38.355: [GC (Allocation Failure) 38.355: [ParNew (promotion failed): 2751K->3070K(3072K), 0.0176932 secs]38.373: [CMS: 6519K->6517K(6848K), 0.0239742 secs] 9269K->9269K(9920K), [Metaspace: 4016K->4016K(1056768K)], 0.0417645 secs] [Times: user=0.09 sys=0.00, real=0.04 secs] 
38.397: [GC (Allocation Failure) 38.397: [ParNew (promotion failed): 2751K->3070K(3072K), 0.0184222 secs]38.416: [CMS: 6519K->6517K(6848K), 0.0246155 secs] 9269K->9269K(9920K), [Metaspace: 4016K->4016K(1056768K)], 0.0431445 secs] [Times: user=0.09 sys=0.00, real=0.04 secs] 
38.440: [GC (CMS Initial Mark) [1 CMS-initial-mark: 6517K(6848K)] 9269K(9920K), 0.0056847 secs] [Times: user=0.00 sys=0.00, real=0.01 secs] 
38.446: [CMS-concurrent-mark-start]
38.446: [GC (Allocation Failure) 38.446: [ParNew (promotion failed): 2751K->3070K(3072K), 0.0183544 secs]38.465: [CMS38.474: [CMS-concurrent-mark: 0.009/0.028 secs] [Times: user=0.08 sys=0.00, real=0.03 secs] 
 (concurrent mode failure): 6519K->6517K(6848K), 0.0336410 secs] 9269K->9269K(9920K), [Metaspace: 4016K->4016K(1056768K)], 0.0520827 secs] [Times: user=0.11 sys=0.00, real=0.05 secs] 
38.498: [GC (Allocation Failure) 38.498: [ParNew (promotion failed): 2751K->3070K(3072K), 0.0172175 secs]38.516: [CMS: 6519K->6517K(6848K), 0.0252076 secs] 9269K->9269K(9920K), [Metaspace: 4016K->4016K(1056768K)], 0.0425211 secs] [Times: user=0.06 sys=0.00, real=0.04 secs] 
38.541: [GC (CMS Initial Mark) [1 CMS-initial-mark: 6517K(6848K)] 9269K(9920K), 0.0051947 secs] [Times: user=0.02 sys=0.00, real=0.00 secs] 
38.546: [CMS-concurrent-mark-start]
38.546: [GC (Allocation Failure) 38.546: [ParNew (promotion failed): 2751K->3070K(3072K), 0.0178099 secs]38.564: [CMS38.575: [CMS-concurrent-mark: 0.010/0.028 secs] [Times: user=0.06 sys=0.00, real=0.03 secs] 
 (concurrent mode failure): 6519K->6517K(6848K), 0.0366333 secs] 9269K->9269K(9920K), [Metaspace: 4016K->4016K(1056768K)], 0.0545336 secs] [Times: user=0.09 sys=0.00, real=0.06 secs] 
38.601: [GC (Allocation Failure) 38.601: [ParNew (promotion failed): 2751K->3070K(3072K), 0.0177495 secs]38.619: [CMS: 6519K->6517K(6848K), 0.0281477 secs] 9269K->9269K(9920K), [Metaspace: 4016K->4016K(1056768K)], 0.0459927 secs] [Times: user=0.09 sys=0.00, real=0.05 secs] 
38.647: [GC (CMS Initial Mark) [1 CMS-initial-mark: 6517K(6848K)] 9269K(9920K), 0.0062085 secs] [Times: user=0.00 sys=0.00, real=0.01 secs] 
38.654: [CMS-concurrent-mark-start]
38.654: [GC (Allocation Failure) 38.654: [ParNew (promotion failed): 2751K->3070K(3072K), 0.0184016 secs]38.672: [CMS38.688: [CMS-concurrent-mark: 0.015/0.034 secs] [Times: user=0.13 sys=0.00, real=0.03 secs] 
 (concurrent mode failure): 6519K->6517K(6848K), 0.0500278 secs] 9269K->9269K(9920K), [Metaspace: 4016K->4016K(1056768K)], 0.0685364 secs] [Times: user=0.16 sys=0.00, real=0.07 secs] 
38.722: [GC (Allocation Failure) 38.722: [ParNew (promotion failed): 2751K->3070K(3072K), 0.0186332 secs]38.741: [CMS: 6519K->6517K(6848K), 0.0391064 secs] 9269K->9269K(9920K), [Metaspace: 4016K->4016K(1056768K)], 0.0578397 secs] [Times: user=0.08 sys=0.02, real=0.06 secs] 
38.780: [GC (CMS Initial Mark) [1 CMS-initial-mark: 6517K(6848K)] 9269K(9920K), 0.0082306 secs] [Times: user=0.00 sys=0.00, real=0.01 secs] 
38.789: [CMS-concurrent-mark-start]
38.789: [GC (Allocation Failure) 38.789: [ParNew (promotion failed): 2751K->3070K(3072K), 0.0174800 secs]38.806: [CMS38.817: [CMS-concurrent-mark: 0.010/0.028 secs] [Times: user=0.08 sys=0.00, real=0.03 secs] 
 (concurrent mode failure): 6519K->6517K(6848K), 0.0365753 secs] 9269K->9269K(9920K), [Metaspace: 4016K->4016K(1056768K)], 0.0541627 secs] [Times: user=0.11 sys=0.00, real=0.05 secs] 
38.843: [GC (Allocation Failure) 38.843: [ParNew (promotion failed): 2751K->3070K(3072K), 0.0177080 secs]38.861: [CMS: 6519K->6517K(6848K), 0.0261633 secs] 9269K->9269K(9920K), [Metaspace: 4016K->4016K(1056768K)], 0.0439750 secs] [Times: user=0.06 sys=0.00, real=0.04 secs] 
38.887: [GC (CMS Initial Mark) [1 CMS-initial-mark: 6517K(6848K)] 9269K(9920K), 0.0054533 secs] [Times: user=0.01 sys=0.00, real=0.00 secs] 
38.893: [CMS-concurrent-mark-start]
38.893: [GC (Allocation Failure) 38.893: [ParNew (promotion failed): 2751K->3070K(3072K), 0.0174643 secs]38.910: [CMS38.926: [CMS-concurrent-mark: 0.016/0.033 secs] [Times: user=0.08 sys=0.00, real=0.03 secs] 
 (concurrent mode failure): 6519K->6517K(6848K), 0.0415369 secs] 9269K->9269K(9920K), [Metaspace: 4016K->4016K(1056768K)], 0.0590999 secs] [Times: user=0.11 sys=0.00, real=0.06 secs] 
38.952: [GC (Allocation Failure) 38.952: [ParNew (promotion failed): 2751K->3070K(3072K), 0.0180114 secs]38.970: [CMS: 6519K->6517K(6848K), 0.0251463 secs] 9269K->9269K(9920K), [Metaspace: 4016K->4016K(1056768K)], 0.0432548 secs] [Times: user=0.08 sys=0.00, real=0.04 secs] 
38.995: [GC (CMS Initial Mark) [1 CMS-initial-mark: 6517K(6848K)] 9269K(9920K), 0.0060910 secs] [Times: user=0.02 sys=0.00, real=0.01 secs] 
39.002: [CMS-concurrent-mark-start]
39.002: [GC (Allocation Failure) 39.002: [ParNew (promotion failed): 2751K->3069K(3072K), 0.0175136 secs]39.019: [CMS39.028: [CMS-concurrent-mark: 0.009/0.027 secs] [Times: user=0.06 sys=0.00, real=0.03 secs] 
 (concurrent mode failure): 6519K->6517K(6848K), 0.0338983 secs] 9269K->9269K(9920K), [Metaspace: 4016K->4016K(1056768K)], 0.0515092 secs] [Times: user=0.09 sys=0.00, real=0.05 secs] 
39.053: [GC (Allocation Failure) 39.053: [ParNew (promotion failed): 2751K->3071K(3072K), 0.0178097 secs]39.071: [CMS: 6519K->6517K(6848K), 0.0247931 secs] 9269K->9269K(9920K), [Metaspace: 4016K->4016K(1056768K)], 0.0426983 secs] [Times: user=0.09 sys=0.00, real=0.04 secs] 
39.096: [GC (CMS Initial Mark) [1 CMS-initial-mark: 6517K(6848K)] 9269K(9920K), 0.0055583 secs] [Times: user=0.00 sys=0.00, real=0.01 secs] 
39.102: [CMS-concurrent-mark-start]
39.102: [GC (Allocation Failure) 39.102: [ParNew (promotion failed): 2751K->3071K(3072K), 0.0174805 secs]39.119: [CMS39.132: [CMS-concurrent-mark: 0.013/0.031 secs] [Times: user=0.08 sys=0.00, real=0.03 secs] 
 (concurrent mode failure): 6519K->6517K(6848K), 0.0400438 secs] 9269K->9269K(9920K), [Metaspace: 4016K->4016K(1056768K)], 0.0576448 secs] [Times: user=0.09 sys=0.02, real=0.06 secs] 
39.160: [GC (Allocation Failure) 39.160: [ParNew (promotion failed): 2751K->3071K(3072K), 0.0171412 secs]39.177: [CMS: 6519K->6517K(6848K), 0.0242969 secs] 9269K->9269K(9920K), [Metaspace: 4016K->4016K(1056768K)], 0.0415368 secs] [Times: user=0.09 sys=0.00, real=0.04 secs] 
39.201: [GC (CMS Initial Mark) [1 CMS-initial-mark: 6517K(6848K)] 9269K(9920K), 0.0054426 secs] [Times: user=0.00 sys=0.00, real=0.00 secs] 
39.207: [CMS-concurrent-mark-start]
39.207: [GC (Allocation Failure) 39.207: [ParNew (promotion failed): 2751K->3071K(3072K), 0.0178356 secs]39.225: [CMS39.234: [CMS-concurrent-mark: 0.009/0.027 secs] [Times: user=0.08 sys=0.00, real=0.03 secs] 
 (concurrent mode failure): 6519K->6517K(6848K), 0.0420020 secs] 9269K->9269K(9920K), [Metaspace: 4016K->4016K(1056768K)], 0.0599427 secs] [Times: user=0.11 sys=0.00, real=0.06 secs] 
39.269: [GC (Allocation Failure) 39.270: [ParNew (promotion failed): 2751K->3071K(3072K), 0.0223338 secs]39.292: [CMS: 6519K->6517K(6848K), 0.0435725 secs] 9269K->9269K(9920K), [Metaspace: 4016K->4016K(1056768K)], 0.0660560 secs] [Times: user=0.08 sys=0.00, real=0.07 secs] 
39.336: [GC (CMS Initial Mark) [1 CMS-initial-mark: 6517K(6848K)] 9269K(9920K), 0.0081739 secs] [Times: user=0.01 sys=0.00, real=0.01 secs] 
39.344: [CMS-concurrent-mark-start]
39.344: [GC (Allocation Failure) 39.344: [ParNew (promotion failed): 2751K->3071K(3072K), 0.0178004 secs]39.362: [CMS39.380: [CMS-concurrent-mark: 0.018/0.036 secs] [Times: user=0.03 sys=0.00, real=0.04 secs] 
 (concurrent mode failure): 6519K->6517K(6848K), 0.0501325 secs] 9269K->9269K(9920K), [Metaspace: 4016K->4016K(1056768K)], 0.0680442 secs] [Times: user=0.06 sys=0.00, real=0.07 secs] 
39.413: [GC (Allocation Failure) 39.413: [ParNew (promotion failed): 2751K->3071K(3072K), 0.0171253 secs]39.430: [CMS: 6519K->6517K(6848K), 0.0278203 secs] 9269K->9269K(9920K), [Metaspace: 4016K->4016K(1056768K)], 0.0450530 secs] [Times: user=0.09 sys=0.00, real=0.05 secs] 
39.458: [GC (CMS Initial Mark) [1 CMS-initial-mark: 6517K(6848K)] 9269K(9920K), 0.0070987 secs] [Times: user=0.00 sys=0.00, real=0.01 secs] 
39.465: [CMS-concurrent-mark-start]
39.466: [GC (Allocation Failure) 39.466: [ParNew (promotion failed): 2751K->3070K(3072K), 0.0178296 secs]39.484: [CMS39.497: [CMS-concurrent-mark: 0.014/0.032 secs] [Times: user=0.13 sys=0.00, real=0.03 secs] 
 (concurrent mode failure): 6519K->6517K(6848K), 0.0468510 secs] 9269K->9269K(9920K), [Metaspace: 4016K->4016K(1056768K)], 0.0648056 secs] [Times: user=0.17 sys=0.00, real=0.06 secs] 
39.531: [GC (Allocation Failure) 39.531: [ParNew (promotion failed): 2751K->3070K(3072K), 0.0175683 secs]39.549: [CMS: 6519K->6517K(6848K), 0.0359200 secs] 9269K->9269K(9920K), [Metaspace: 4016K->4016K(1056768K)], 0.0536348 secs] [Times: user=0.08 sys=0.00, real=0.05 secs] 
39.585: [GC (CMS Initial Mark) [1 CMS-initial-mark: 6517K(6848K)] 9269K(9920K), 0.0066483 secs] [Times: user=0.00 sys=0.00, real=0.01 secs] 
39.591: [CMS-concurrent-mark-start]
39.592: [GC (Allocation Failure) 39.592: [ParNew (promotion failed): 2751K->3070K(3072K), 0.0178950 secs]39.610: [CMS39.624: [CMS-concurrent-mark: 0.015/0.033 secs] [Times: user=0.14 sys=0.00, real=0.03 secs] 
 (concurrent mode failure): 6519K->6517K(6848K), 0.0499005 secs] 9269K->9269K(9920K), [Metaspace: 4016K->4016K(1056768K)], 0.0679151 secs] [Times: user=0.17 sys=0.00, real=0.07 secs] 
39.660: [GC (Allocation Failure) 39.660: [ParNew (promotion failed): 2751K->3070K(3072K), 0.0195303 secs]39.679: [CMS: 6519K->6517K(6848K), 0.0378336 secs] 9269K->9269K(9920K), [Metaspace: 4016K->4016K(1056768K)], 0.0574884 secs] [Times: user=0.05 sys=0.03, real=0.06 secs] 
39.718: [GC (CMS Initial Mark) [1 CMS-initial-mark: 6517K(6848K)] 9269K(9920K), 0.0083457 secs] [Times: user=0.00 sys=0.00, real=0.01 secs] 
39.726: [CMS-concurrent-mark-start]
39.726: [GC (Allocation Failure) 39.726: [ParNew (promotion failed): 2751K->3070K(3072K), 0.0181395 secs]39.745: [CMS39.760: [CMS-concurrent-mark: 0.016/0.034 secs] [Times: user=0.06 sys=0.00, real=0.03 secs] 
 (concurrent mode failure): 6519K->6517K(6848K), 0.0540275 secs] 9269K->9269K(9920K), [Metaspace: 4016K->4016K(1056768K)], 0.0722870 secs] [Times: user=0.11 sys=0.00, real=0.07 secs] 
39.799: [GC (Allocation Failure) 39.799: [ParNew (promotion failed): 2751K->3070K(3072K), 0.0193473 secs]39.819: [CMS: 6519K->6517K(6848K), 0.0362177 secs] 9269K->9269K(9920K), [Metaspace: 4016K->4016K(1056768K)], 0.0556770 secs] [Times: user=0.09 sys=0.00, real=0.06 secs] 
39.855: [GC (CMS Initial Mark) [1 CMS-initial-mark: 6517K(6848K)] 9269K(9920K), 0.0076658 secs] [Times: user=0.01 sys=0.00, real=0.01 secs] 
39.863: [CMS-concurrent-mark-start]
39.863: [GC (Allocation Failure) 39.863: [ParNew (promotion failed): 2751K->3070K(3072K), 0.0181453 secs]39.881: [CMS39.894: [CMS-concurrent-mark: 0.013/0.032 secs] [Times: user=0.08 sys=0.00, real=0.03 secs] 
 (concurrent mode failure): 6519K->6517K(6848K), 0.0490963 secs] 9269K->9269K(9920K), [Metaspace: 4016K->4016K(1056768K)], 0.0673691 secs] [Times: user=0.11 sys=0.00, real=0.07 secs] 
39.930: [GC (Allocation Failure) 39.930: [ParNew (promotion failed): 2751K->3070K(3072K), 0.0178434 secs]39.948: [CMS: 6519K->6517K(6848K), 0.0315409 secs] 9269K->9269K(9920K), [Metaspace: 4016K->4016K(1056768K)], 0.0494930 secs] [Times: user=0.08 sys=0.00, real=0.05 secs] 
39.980: [GC (CMS Initial Mark) [1 CMS-initial-mark: 6517K(6848K)] 9269K(9920K), 0.0070358 secs] [Times: user=0.02 sys=0.00, real=0.01 secs] 
39.987: [CMS-concurrent-mark-start]
39.987: [GC (Allocation Failure) 39.987: [ParNew (promotion failed): 2751K->3070K(3072K), 0.0181064 secs]40.005: [CMS40.019: [CMS-concurrent-mark: 0.014/0.032 secs] [Times: user=0.02 sys=0.02, real=0.03 secs] 
 (concurrent mode failure): 6519K->6517K(6848K), 0.0457249 secs] 9269K->9269K(9920K), [Metaspace: 4016K->4016K(1056768K)], 0.0639441 secs] [Times: user=0.05 sys=0.02, real=0.06 secs] 
40.051: [GC (Allocation Failure) 40.051: [ParNew (promotion failed): 2751K->3070K(3072K), 0.0172073 secs]40.069: [CMS: 6519K->6517K(6848K), 0.0336827 secs] 9269K->9269K(9920K), [Metaspace: 4016K->4016K(1056768K)], 0.0510054 secs] [Times: user=0.09 sys=0.00, real=0.05 secs] 
40.103: [GC (Allocation Failure) 40.103: [ParNew (promotion failed): 2751K->3070K(3072K), 0.0175904 secs]40.120: [CMS: 6519K->6517K(6848K), 0.0330075 secs] 9269K->9269K(9920K), [Metaspace: 4016K->4016K(1056768K)], 0.0507239 secs] [Times: user=0.09 sys=0.00, real=0.05 secs] 
40.154: [GC (CMS Initial Mark) [1 CMS-initial-mark: 6517K(6848K)] 9269K(9920K), 0.0065751 secs] [Times: user=0.00 sys=0.00, real=0.01 secs] 
40.160: [CMS-concurrent-mark-start]
40.160: [GC (Allocation Failure) 40.160: [ParNew (promotion failed): 2751K->3070K(3072K), 0.0174500 secs]40.178: [CMS40.193: [CMS-concurrent-mark: 0.015/0.032 secs] [Times: user=0.08 sys=0.00, real=0.03 secs] 
 (concurrent mode failure): 6519K->6517K(6848K), 0.0479017 secs] 9269K->9269K(9920K), [Metaspace: 4016K->4016K(1056768K)], 0.0654650 secs] [Times: user=0.11 sys=0.00, real=0.07 secs] 
40.226: [GC (Allocation Failure) 40.226: [ParNew (promotion failed): 2751K->3070K(3072K), 0.0179817 secs]40.244: [CMS: 6519K->6517K(6848K), 0.0337084 secs] 9269K->9269K(9920K), [Metaspace: 4016K->4016K(1056768K)], 0.0518063 secs] [Times: user=0.09 sys=0.00, real=0.05 secs] 
40.278: [GC (CMS Initial Mark) [1 CMS-initial-mark: 6517K(6848K)] 9269K(9920K), 0.0062163 secs] [Times: user=0.01 sys=0.00, real=0.01 secs] 
40.284: [CMS-concurrent-mark-start]
40.284: [GC (Allocation Failure) 40.284: [ParNew (promotion failed): 2751K->3070K(3072K), 0.0178700 secs]40.302: [CMS40.313: [CMS-concurrent-mark: 0.011/0.029 secs] [Times: user=0.08 sys=0.00, real=0.03 secs] 
 (concurrent mode failure): 6519K->6517K(6848K), 0.0414786 secs] 9269K->9269K(9920K), [Metaspace: 4016K->4016K(1056768K)], 0.0594577 secs] [Times: user=0.11 sys=0.00, real=0.06 secs] 
40.344: [GC (Allocation Failure) 40.344: [ParNew (promotion failed): 2751K->3070K(3072K), 0.0172884 secs]40.361: [CMS: 6519K->6517K(6848K), 0.0348424 secs] 9269K->9269K(9920K), [Metaspace: 4016K->4016K(1056768K)], 0.0522436 secs] [Times: user=0.05 sys=0.00, real=0.05 secs] 
40.396: [GC (CMS Initial Mark) [1 CMS-initial-mark: 6517K(6848K)] 9269K(9920K), 0.0078514 secs] [Times: user=0.02 sys=0.00, real=0.01 secs] 
40.404: [CMS-concurrent-mark-start]
40.405: [GC (Allocation Failure) 40.405: [ParNew (promotion failed): 2751K->3070K(3072K), 0.0186011 secs]40.423: [CMS40.434: [CMS-concurrent-mark: 0.011/0.030 secs] [Times: user=0.06 sys=0.00, real=0.03 secs] 
 (concurrent mode failure): 6519K->6517K(6848K), 0.0367060 secs] 9269K->9269K(9920K), [Metaspace: 4016K->4016K(1056768K)], 0.0554420 secs] [Times: user=0.09 sys=0.00, real=0.06 secs] 
40.460: [GC (Allocation Failure) 40.460: [ParNew (promotion failed): 2751K->3069K(3072K), 0.0178528 secs]40.478: [CMS: 6519K->6517K(6848K), 0.0297777 secs] 9269K->9269K(9920K), [Metaspace: 4016K->4016K(1056768K)], 0.0477529 secs] [Times: user=0.08 sys=0.02, real=0.05 secs] 
40.508: [GC (CMS Initial Mark) [1 CMS-initial-mark: 6517K(6848K)] 9269K(9920K), 0.0064369 secs] [Times: user=0.02 sys=0.00, real=0.01 secs] 
40.515: [CMS-concurrent-mark-start]
40.515: [GC (Allocation Failure) 40.515: [ParNew (promotion failed): 2751K->3071K(3072K), 0.0188466 secs]40.534: [CMS40.543: [CMS-concurrent-mark: 0.009/0.028 secs] [Times: user=0.06 sys=0.00, real=0.03 secs] 
 (concurrent mode failure): 6519K->6517K(6848K), 0.0405511 secs] 9269K->9269K(9920K), [Metaspace: 4016K->4016K(1056768K)], 0.0595186 secs] [Times: user=0.09 sys=0.00, real=0.06 secs] 
40.575: [GC (Allocation Failure) 40.575: [ParNew (promotion failed): 2751K->3071K(3072K), 0.0180258 secs]40.593: [CMS: 6519K->6517K(6848K), 0.0289148 secs] 9269K->9269K(9920K), [Metaspace: 4016K->4016K(1056768K)], 0.0470648 secs] [Times: user=0.14 sys=0.00, real=0.05 secs] 
40.622: [GC (CMS Initial Mark) [1 CMS-initial-mark: 6517K(6848K)] 9269K(9920K), 0.0057218 secs] [Times: user=0.02 sys=0.00, real=0.01 secs] 
40.628: [CMS-concurrent-mark-start]
40.628: [GC (Allocation Failure) 40.628: [ParNew (promotion failed): 2751K->3071K(3072K), 0.0176683 secs]40.646: [CMS40.661: [CMS-concurrent-mark: 0.015/0.033 secs] [Times: user=0.08 sys=0.00, real=0.03 secs] 
 (concurrent mode failure): 6519K->6517K(6848K), 0.0456604 secs] 9269K->9269K(9920K), [Metaspace: 4016K->4016K(1056768K)], 0.0634381 secs] [Times: user=0.11 sys=0.00, real=0.06 secs] 
40.692: [GC (Allocation Failure) 40.692: [ParNew (promotion failed): 2751K->3071K(3072K), 0.0187661 secs]40.710: [CMS: 6519K->6517K(6848K), 0.0320533 secs] 9269K->9269K(9920K), [Metaspace: 4016K->4016K(1056768K)], 0.0509236 secs] [Times: user=0.06 sys=0.00, real=0.05 secs] 
40.743: [GC (CMS Initial Mark) [1 CMS-initial-mark: 6517K(6848K)] 9269K(9920K), 0.0067716 secs] [Times: user=0.02 sys=0.00, real=0.01 secs] 
40.750: [CMS-concurrent-mark-start]
40.750: [GC (Allocation Failure) 40.750: [ParNew (promotion failed): 2751K->3071K(3072K), 0.0181309 secs]40.768: [CMS40.789: [CMS-concurrent-mark: 0.021/0.040 secs] [Times: user=0.06 sys=0.00, real=0.04 secs] 
 (concurrent mode failure): 6519K->6517K(6848K), 0.0600405 secs] 9269K->9269K(9920K), [Metaspace: 4016K->4016K(1056768K)], 0.0782795 secs] [Times: user=0.11 sys=0.00, real=0.08 secs] 
40.828: [GC (Allocation Failure) 40.828: [ParNew (promotion failed): 2751K->3071K(3072K), 0.0179302 secs]40.846: [CMS: 6519K->6517K(6848K), 0.0289240 secs] 9269K->9269K(9920K), [Metaspace: 4016K->4016K(1056768K)], 0.0469654 secs] [Times: user=0.09 sys=0.00, real=0.05 secs] 
40.875: [GC (CMS Initial Mark) [1 CMS-initial-mark: 6517K(6848K)] 9269K(9920K), 0.0079659 secs] [Times: user=0.00 sys=0.00, real=0.01 secs] 
40.884: [CMS-concurrent-mark-start]
40.884: [GC (Allocation Failure) 40.884: [ParNew (promotion failed): 2751K->3071K(3072K), 0.0177631 secs]40.901: [CMS40.912: [CMS-concurrent-mark: 0.010/0.028 secs] [Times: user=0.08 sys=0.00, real=0.03 secs] 
 (concurrent mode failure): 6519K->6517K(6848K), 0.0411442 secs] 9269K->9269K(9920K), [Metaspace: 4016K->4016K(1056768K)], 0.0590210 secs] [Times: user=0.09 sys=0.01, real=0.06 secs] 
40.943: [GC (Allocation Failure) 40.943: [ParNew (promotion failed): 2751K->3070K(3072K), 0.0173681 secs]40.960: [CMS: 6519K->6517K(6848K), 0.0300511 secs] 9269K->9269K(9920K), [Metaspace: 4016K->4016K(1056768K)], 0.0475223 secs] [Times: user=0.08 sys=0.00, real=0.05 secs] 
40.990: [GC (CMS Initial Mark) [1 CMS-initial-mark: 6517K(6848K)] 9269K(9920K), 0.0059169 secs] [Times: user=0.00 sys=0.00, real=0.01 secs] 
40.996: [CMS-concurrent-mark-start]
40.997: [GC (Allocation Failure) 40.997: [ParNew (promotion failed): 2751K->3070K(3072K), 0.0175477 secs]41.014: [CMS41.025: [CMS-concurrent-mark: 0.010/0.028 secs] [Times: user=0.08 sys=0.00, real=0.03 secs] 
 (concurrent mode failure): 6519K->6517K(6848K), 0.0371435 secs] 9269K->9269K(9920K), [Metaspace: 4016K->4016K(1056768K)], 0.0548211 secs] [Times: user=0.11 sys=0.00, real=0.06 secs] 
41.052: [GC (Allocation Failure) 41.052: [ParNew (promotion failed): 2751K->3070K(3072K), 0.0175437 secs]41.069: [CMS: 6519K->6517K(6848K), 0.0276140 secs] 9269K->9269K(9920K), [Metaspace: 4016K->4016K(1056768K)], 0.0452468 secs] [Times: user=0.09 sys=0.00, real=0.04 secs] 
41.097: [GC (CMS Initial Mark) [1 CMS-initial-mark: 6517K(6848K)] 9269K(9920K), 0.0071973 secs] [Times: user=0.00 sys=0.00, real=0.01 secs] 
41.104: [CMS-concurrent-mark-start]
41.104: [GC (Allocation Failure) 41.104: [ParNew (promotion failed): 2751K->3070K(3072K), 0.0174618 secs]41.122: [CMS41.132: [CMS-concurrent-mark: 0.010/0.028 secs] [Times: user=0.06 sys=0.00, real=0.03 secs] 
 (concurrent mode failure): 6519K->6517K(6848K), 0.0390148 secs] 9269K->9269K(9920K), [Metaspace: 4016K->4016K(1056768K)], 0.0565870 secs] [Times: user=0.09 sys=0.00, real=0.06 secs] 
41.161: [GC (Allocation Failure) 41.161: [ParNew (promotion failed): 2751K->3070K(3072K), 0.0172747 secs]41.178: [CMS: 6519K->6517K(6848K), 0.0273307 secs] 9269K->9269K(9920K), [Metaspace: 4016K->4016K(1056768K)], 0.0447323 secs] [Times: user=0.08 sys=0.02, real=0.04 secs] 
41.206: [GC (CMS Initial Mark) [1 CMS-initial-mark: 6517K(6848K)] 9269K(9920K), 0.0055504 secs] [Times: user=0.00 sys=0.00, real=0.01 secs] 
41.212: [CMS-concurrent-mark-start]
41.212: [GC (Allocation Failure) 41.212: [ParNew (promotion failed): 2751K->3070K(3072K), 0.0175756 secs]41.229: [CMS41.240: [CMS-concurrent-mark: 0.011/0.029 secs] [Times: user=0.08 sys=0.00, real=0.03 secs] 
 (concurrent mode failure): 6519K->6517K(6848K), 0.0370628 secs] 9269K->9269K(9920K), [Metaspace: 4016K->4016K(1056768K)], 0.0547482 secs] [Times: user=0.11 sys=0.00, real=0.06 secs] 
41.267: [GC (Allocation Failure) 41.267: [ParNew (promotion failed): 2751K->3070K(3072K), 0.0176001 secs]41.284: [CMS: 6519K->6517K(6848K), 0.0255830 secs] 9269K->9269K(9920K), [Metaspace: 4016K->4016K(1056768K)], 0.0432740 secs] [Times: user=0.08 sys=0.00, real=0.04 secs] 
41.310: [GC (CMS Initial Mark) [1 CMS-initial-mark: 6517K(6848K)] 9269K(9920K), 0.0056836 secs] [Times: user=0.01 sys=0.00, real=0.01 secs] 
41.316: [CMS-concurrent-mark-start]
41.316: [GC (Allocation Failure) 41.316: [ParNew (promotion failed): 2751K->3070K(3072K), 0.0177115 secs]41.334: [CMS41.344: [CMS-concurrent-mark: 0.010/0.028 secs] [Times: user=0.08 sys=0.00, real=0.03 secs] 
 (concurrent mode failure): 6519K->6517K(6848K), 0.0353548 secs] 9269K->9269K(9920K), [Metaspace: 4016K->4016K(1056768K)], 0.0531624 secs] [Times: user=0.09 sys=0.00, real=0.05 secs] 
41.369: [GC (Allocation Failure) 41.369: [ParNew (promotion failed): 2751K->3070K(3072K), 0.0181116 secs]41.388: [CMS: 6519K->6517K(6848K), 0.0312240 secs] 9269K->9269K(9920K), [Metaspace: 4016K->4016K(1056768K)], 0.0494682 secs] [Times: user=0.08 sys=0.00, real=0.05 secs] 
41.419: [GC (CMS Initial Mark) [1 CMS-initial-mark: 6517K(6848K)] 9269K(9920K), 0.0058172 secs] [Times: user=0.02 sys=0.00, real=0.01 secs] 
41.425: [CMS-concurrent-mark-start]
41.425: [GC (Allocation Failure) 41.425: [ParNew (promotion failed): 2751K->3070K(3072K), 0.0173633 secs]41.442: [CMS41.456: [CMS-concurrent-mark: 0.014/0.031 secs] [Times: user=0.08 sys=0.00, real=0.03 secs] 
 (concurrent mode failure): 6519K->6517K(6848K), 0.0390725 secs] 9269K->9269K(9920K), [Metaspace: 4016K->4016K(1056768K)], 0.0565429 secs] [Times: user=0.09 sys=0.00, real=0.06 secs] 
41.482: [GC (Allocation Failure) 41.482: [ParNew (promotion failed): 2751K->3070K(3072K), 0.0179035 secs]41.500: [CMS: 6519K->6517K(6848K), 0.0300481 secs] 9269K->9269K(9920K), [Metaspace: 4016K->4016K(1056768K)], 0.0480427 secs] [Times: user=0.11 sys=0.02, real=0.05 secs] 
41.530: [GC (CMS Initial Mark) [1 CMS-initial-mark: 6517K(6848K)] 9269K(9920K), 0.0055666 secs] [Times: user=0.00 sys=0.00, real=0.01 secs] 
41.536: [CMS-concurrent-mark-start]
41.536: [GC (Allocation Failure) 41.536: [ParNew (promotion failed): 2751K->3070K(3072K), 0.0180905 secs]41.554: [CMS41.565: [CMS-concurrent-mark: 0.011/0.029 secs] [Times: user=0.08 sys=0.00, real=0.03 secs] 
 (concurrent mode failure): 6519K->6517K(6848K), 0.0369754 secs] 9269K->9269K(9920K), [Metaspace: 4016K->4016K(1056768K)], 0.0551731 secs] [Times: user=0.09 sys=0.00, real=0.05 secs] 
41.591: [GC (Allocation Failure) 41.591: [ParNew (promotion failed): 2751K->3070K(3072K), 0.0178726 secs]41.609: [CMS: 6519K->6517K(6848K), 0.0265394 secs] 9269K->9269K(9920K), [Metaspace: 4016K->4016K(1056768K)], 0.0445047 secs] [Times: user=0.08 sys=0.00, real=0.04 secs] 
41.636: [GC (CMS Initial Mark) [1 CMS-initial-mark: 6517K(6848K)] 9269K(9920K), 0.0060983 secs] [Times: user=0.01 sys=0.00, real=0.01 secs] 
41.642: [CMS-concurrent-mark-start]
41.642: [GC (Allocation Failure) 41.642: [ParNew (promotion failed): 2751K->3070K(3072K), 0.0172695 secs]41.659: [CMS41.675: [CMS-concurrent-mark: 0.016/0.033 secs] [Times: user=0.03 sys=0.00, real=0.03 secs] 
 (concurrent mode failure): 6519K->6517K(6848K), 0.0480328 secs] 9269K->9269K(9920K), [Metaspace: 4016K->4016K(1056768K)], 0.0654153 secs] [Times: user=0.06 sys=0.00, real=0.07 secs] 
41.708: [GC (Allocation Failure) 41.708: [ParNew (promotion failed): 2751K->3070K(3072K), 0.0182693 secs]41.726: [CMS: 6519K->6517K(6848K), 0.0351415 secs] 9269K->9269K(9920K), [Metaspace: 4016K->4016K(1056768K)], 0.0535243 secs] [Times: user=0.08 sys=0.00, real=0.05 secs] 
41.761: [GC (CMS Initial Mark) [1 CMS-initial-mark: 6517K(6848K)] 9269K(9920K), 0.0074766 secs] [Times: user=0.01 sys=0.00, real=0.01 secs] 
41.769: [CMS-concurrent-mark-start]
41.769: [GC (Allocation Failure) 41.769: [ParNew (promotion failed): 2751K->3070K(3072K), 0.0177267 secs]41.787: [CMS41.797: [CMS-concurrent-mark: 0.010/0.028 secs] [Times: user=0.05 sys=0.02, real=0.03 secs] 
 (concurrent mode failure): 6519K->6517K(6848K), 0.0372493 secs] 9269K->9269K(9920K), [Metaspace: 4016K->4016K(1056768K)], 0.0550850 secs] [Times: user=0.06 sys=0.02, real=0.05 secs] 
41.824: [GC (Allocation Failure) 41.824: [ParNew (promotion failed): 2751K->3069K(3072K), 0.0170998 secs]41.841: [CMS: 6519K->6517K(6848K), 0.0258724 secs] 9269K->9269K(9920K), [Metaspace: 4016K->4016K(1056768K)], 0.0430789 secs] [Times: user=0.09 sys=0.00, real=0.04 secs] 
41.867: [GC (CMS Initial Mark) [1 CMS-initial-mark: 6517K(6848K)] 9269K(9920K), 0.0054493 secs] [Times: user=0.00 sys=0.00, real=0.00 secs] 
41.873: [CMS-concurrent-mark-start]
41.873: [GC (Allocation Failure) 41.873: [ParNew (promotion failed): 2751K->3071K(3072K), 0.0175932 secs]41.890: [CMS41.900: [CMS-concurrent-mark: 0.010/0.028 secs] [Times: user=0.08 sys=0.00, real=0.03 secs] 
 (concurrent mode failure): 6519K->6517K(6848K), 0.0354925 secs] 9269K->9269K(9920K), [Metaspace: 4016K->4016K(1056768K)], 0.0531746 secs] [Times: user=0.11 sys=0.00, real=0.05 secs] 
41.926: [GC (Allocation Failure) 41.926: [ParNew (promotion failed): 2751K->3071K(3072K), 0.0179032 secs]41.944: [CMS: 6519K->6517K(6848K), 0.0250189 secs] 9269K->9269K(9920K), [Metaspace: 4016K->4016K(1056768K)], 0.0430093 secs] [Times: user=0.09 sys=0.00, real=0.04 secs] 
41.969: [GC (CMS Initial Mark) [1 CMS-initial-mark: 6517K(6848K)] 9269K(9920K), 0.0054971 secs] [Times: user=0.00 sys=0.00, real=0.00 secs] 
41.975: [CMS-concurrent-mark-start]
41.975: [GC (Allocation Failure) 41.975: [ParNew (promotion failed): 2751K->3071K(3072K), 0.0176225 secs]41.993: [CMS42.003: [CMS-concurrent-mark: 0.010/0.028 secs] [Times: user=0.08 sys=0.00, real=0.03 secs] 
 (concurrent mode failure): 6519K->6517K(6848K), 0.0348387 secs] 9269K->9269K(9920K), [Metaspace: 4016K->4016K(1056768K)], 0.0525528 secs] [Times: user=0.09 sys=0.00, real=0.05 secs] 
42.028: [GC (Allocation Failure) 42.028: [ParNew (promotion failed): 2751K->3071K(3072K), 0.0171552 secs]42.045: [CMS: 6519K->6517K(6848K), 0.0249293 secs] 9269K->9269K(9920K), [Metaspace: 4016K->4016K(1056768K)], 0.0421821 secs] [Times: user=0.09 sys=0.00, real=0.04 secs] 
42.070: [GC (CMS Initial Mark) [1 CMS-initial-mark: 6517K(6848K)] 9269K(9920K), 0.0055182 secs] [Times: user=0.00 sys=0.00, real=0.01 secs] 
42.076: [CMS-concurrent-mark-start]
42.076: [GC (Allocation Failure) 42.076: [ParNew (promotion failed): 2751K->3071K(3072K), 0.0172352 secs]42.093: [CMS42.102: [CMS-concurrent-mark: 0.009/0.027 secs] [Times: user=0.13 sys=0.00, real=0.03 secs] 
 (concurrent mode failure): 6519K->6517K(6848K), 0.0341593 secs] 9269K->9269K(9920K), [Metaspace: 4016K->4016K(1056768K)], 0.0514991 secs] [Times: user=0.16 sys=0.00, real=0.05 secs] 
42.127: [GC (Allocation Failure) 42.127: [ParNew (promotion failed): 2751K->3071K(3072K), 0.0171257 secs]42.144: [CMS: 6519K->6517K(6848K), 0.0294247 secs] 9269K->9269K(9920K), [Metaspace: 4016K->4016K(1056768K)], 0.0466677 secs] [Times: user=0.09 sys=0.00, real=0.05 secs] 
42.174: [GC (CMS Initial Mark) [1 CMS-initial-mark: 6517K(6848K)] 9269K(9920K), 0.0054389 secs] [Times: user=0.00 sys=0.00, real=0.00 secs] 
42.180: [CMS-concurrent-mark-start]
42.180: [GC (Allocation Failure) 42.180: [ParNew (promotion failed): 2751K->3071K(3072K), 0.0170145 secs]42.197: [CMS42.206: [CMS-concurrent-mark: 0.010/0.027 secs] [Times: user=0.06 sys=0.00, real=0.03 secs] 
 (concurrent mode failure): 6519K->6517K(6848K), 0.0340955 secs] 9269K->9269K(9920K), [Metaspace: 4016K->4016K(1056768K)], 0.0512120 secs] [Times: user=0.08 sys=0.00, real=0.05 secs] 
42.231: [GC (Allocation Failure) 42.231: [ParNew (promotion failed): 2751K->3070K(3072K), 0.0178558 secs]42.249: [CMS: 6519K->6517K(6848K), 0.0244043 secs] 9269K->9269K(9920K), [Metaspace: 4016K->4016K(1056768K)], 0.0423579 secs] [Times: user=0.09 sys=0.00, real=0.04 secs] 
42.273: [GC (CMS Initial Mark) [1 CMS-initial-mark: 6517K(6848K)] 9269K(9920K), 0.0054568 secs] [Times: user=0.02 sys=0.00, real=0.01 secs] 
42.279: [CMS-concurrent-mark-start]
42.279: [GC (Allocation Failure) 42.279: [ParNew (promotion failed): 2751K->3070K(3072K), 0.0173366 secs]42.296: [CMS42.305: [CMS-concurrent-mark: 0.009/0.026 secs] [Times: user=0.06 sys=0.00, real=0.03 secs] 
 (concurrent mode failure): 6519K->6517K(6848K), 0.0332987 secs] 9269K->9269K(9920K), [Metaspace: 4016K->4016K(1056768K)], 0.0507243 secs] [Times: user=0.09 sys=0.00, real=0.05 secs] 
42.330: [GC (Allocation Failure) 42.330: [ParNew (promotion failed): 2751K->3070K(3072K), 0.0176216 secs]42.348: [CMS: 6519K->6517K(6848K), 0.0240472 secs] 9269K->9269K(9920K), [Metaspace: 4016K->4016K(1056768K)], 0.0417556 secs] [Times: user=0.08 sys=0.00, real=0.04 secs] 
42.372: [GC (CMS Initial Mark) [1 CMS-initial-mark: 6517K(6848K)] 9269K(9920K), 0.0060163 secs] [Times: user=0.02 sys=0.00, real=0.01 secs] 
42.378: [CMS-concurrent-mark-start]
42.378: [GC (Allocation Failure) 42.378: [ParNew (promotion failed): 2751K->3070K(3072K), 0.0179028 secs]42.396: [CMS42.405: [CMS-concurrent-mark: 0.009/0.027 secs] [Times: user=0.08 sys=0.00, real=0.03 secs] 
 (concurrent mode failure): 6519K->6517K(6848K), 0.0334719 secs] 9269K->9269K(9920K), [Metaspace: 4016K->4016K(1056768K)], 0.0514748 secs] [Times: user=0.09 sys=0.00, real=0.05 secs] 
42.430: [GC (Allocation Failure) 42.430: [ParNew (promotion failed): 2751K->3070K(3072K), 0.0174732 secs]42.447: [CMS: 6519K->6517K(6848K), 0.0237056 secs] 9269K->9269K(9920K), [Metaspace: 4016K->4016K(1056768K)], 0.0412750 secs] [Times: user=0.08 sys=0.02, real=0.04 secs] 
42.471: [GC (CMS Initial Mark) [1 CMS-initial-mark: 6517K(6848K)] 9269K(9920K), 0.0058531 secs] [Times: user=0.00 sys=0.00, real=0.01 secs] 
42.477: [CMS-concurrent-mark-start]
42.477: [GC (Allocation Failure) 42.477: [ParNew (promotion failed): 2751K->3070K(3072K), 0.0171913 secs]42.494: [CMS42.504: [CMS-concurrent-mark: 0.009/0.027 secs] [Times: user=0.08 sys=0.00, real=0.03 secs] 
 (concurrent mode failure): 6519K->6517K(6848K), 0.0334914 secs] 9269K->9269K(9920K), [Metaspace: 4016K->4016K(1056768K)], 0.0507758 secs] [Times: user=0.09 sys=0.00, real=0.05 secs] 
42.528: [GC (Allocation Failure) 42.528: [ParNew (promotion failed): 2751K->3070K(3072K), 0.0175983 secs]42.546: [CMS: 6519K->6517K(6848K), 0.0248613 secs] 9269K->9269K(9920K), [Metaspace: 4016K->4016K(1056768K)], 0.0425587 secs] [Times: user=0.09 sys=0.00, real=0.04 secs] 
42.571: [GC (CMS Initial Mark) [1 CMS-initial-mark: 6517K(6848K)] 9269K(9920K), 0.0053659 secs] [Times: user=0.02 sys=0.00, real=0.01 secs] 
42.576: [CMS-concurrent-mark-start]
42.576: [GC (Allocation Failure) 42.576: [ParNew (promotion failed): 2751K->3070K(3072K), 0.0174263 secs]42.594: [CMS42.603: [CMS-concurrent-mark: 0.009/0.027 secs] [Times: user=0.06 sys=0.00, real=0.03 secs] 
 (concurrent mode failure): 6519K->6517K(6848K), 0.0324967 secs] 9269K->9269K(9920K), [Metaspace: 4016K->4016K(1056768K)], 0.0500177 secs] [Times: user=0.09 sys=0.00, real=0.05 secs] 
42.627: [GC (Allocation Failure) 42.627: [ParNew (promotion failed): 2751K->3070K(3072K), 0.0180966 secs]42.645: [CMS: 6519K->6517K(6848K), 0.0287752 secs] 9269K->9269K(9920K), [Metaspace: 4016K->4016K(1056768K)], 0.0469665 secs] [Times: user=0.09 sys=0.00, real=0.05 secs] 
42.674: [GC (CMS Initial Mark) [1 CMS-initial-mark: 6517K(6848K)] 9269K(9920K), 0.0065784 secs] [Times: user=0.00 sys=0.00, real=0.01 secs] 
42.680: [CMS-concurrent-mark-start]
42.680: [GC (Allocation Failure) 42.680: [ParNew (promotion failed): 2751K->3070K(3072K), 0.0180014 secs]42.698: [CMS42.707: [CMS-concurrent-mark: 0.009/0.027 secs] [Times: user=0.06 sys=0.00, real=0.03 secs] 
 (concurrent mode failure): 6519K->6517K(6848K), 0.0333227 secs] 9269K->9269K(9920K), [Metaspace: 4016K->4016K(1056768K)], 0.0514231 secs] [Times: user=0.09 sys=0.00, real=0.05 secs] 
42.732: [GC (Allocation Failure) 42.732: [ParNew (promotion failed): 2751K->3070K(3072K), 0.0175682 secs]42.750: [CMS: 6519K->6517K(6848K), 0.0239750 secs] 9269K->9269K(9920K), [Metaspace: 4016K->4016K(1056768K)], 0.0416287 secs] [Times: user=0.06 sys=0.00, real=0.04 secs] 
42.774: [GC (CMS Initial Mark) [1 CMS-initial-mark: 6517K(6848K)] 9269K(9920K), 0.0054782 secs] [Times: user=0.02 sys=0.00, real=0.01 secs] 
42.779: [CMS-concurrent-mark-start]
42.779: [GC (Allocation Failure) 42.779: [ParNew (promotion failed): 2751K->3070K(3072K), 0.0172124 secs]42.797: [CMS42.806: [CMS-concurrent-mark: 0.009/0.027 secs] [Times: user=0.06 sys=0.00, real=0.03 secs] 
 (concurrent mode failure): 6519K->6517K(6848K), 0.0331673 secs] 9269K->9269K(9920K), [Metaspace: 4016K->4016K(1056768K)], 0.0504717 secs] [Times: user=0.09 sys=0.00, real=0.05 secs] 
42.830: [GC (Allocation Failure) 42.830: [ParNew (promotion failed): 2751K->3070K(3072K), 0.0172756 secs]42.847: [CMS: 6519K->6517K(6848K), 0.0273487 secs] 9269K->9269K(9920K), [Metaspace: 4016K->4016K(1056768K)], 0.0447484 secs] [Times: user=0.08 sys=0.00, real=0.05 secs] 
42.875: [GC (CMS Initial Mark) [1 CMS-initial-mark: 6517K(6848K)] 9269K(9920K), 0.0054810 secs] [Times: user=0.00 sys=0.00, real=0.00 secs] 
42.880: [CMS-concurrent-mark-start]
42.880: [GC (Allocation Failure) 42.880: [ParNew (promotion failed): 2751K->3070K(3072K), 0.0181039 secs]42.899: [CMS42.908: [CMS-concurrent-mark: 0.009/0.028 secs] [Times: user=0.08 sys=0.00, real=0.03 secs] 
 (concurrent mode failure): 6519K->6517K(6848K), 0.0360051 secs] 9269K->9269K(9920K), [Metaspace: 4016K->4016K(1056768K)], 0.0542044 secs] [Times: user=0.09 sys=0.00, real=0.05 secs] 
42.935: [GC (Allocation Failure) 42.935: [ParNew (promotion failed): 2751K->3070K(3072K), 0.0178131 secs]42.953: [CMS: 6519K->6517K(6848K), 0.0245046 secs] 9269K->9269K(9920K), [Metaspace: 4016K->4016K(1056768K)], 0.0424296 secs] [Times: user=0.08 sys=0.00, real=0.04 secs] 
42.977: [GC (CMS Initial Mark) [1 CMS-initial-mark: 6517K(6848K)] 9269K(9920K), 0.0055928 secs] [Times: user=0.02 sys=0.00, real=0.01 secs] 
42.983: [CMS-concurrent-mark-start]
42.983: [GC (Allocation Failure) 42.983: [ParNew (promotion failed): 2751K->3070K(3072K), 0.0177249 secs]43.001: [CMS43.010: [CMS-concurrent-mark: 0.009/0.027 secs] [Times: user=0.06 sys=0.00, real=0.03 secs] 
 (concurrent mode failure): 6519K->6517K(6848K), 0.0343165 secs] 9269K->9269K(9920K), [Metaspace: 4016K->4016K(1056768K)], 0.0521325 secs] [Times: user=0.09 sys=0.00, real=0.05 secs] 
43.035: [GC (Allocation Failure) 43.035: [ParNew (promotion failed): 2751K->3069K(3072K), 0.0182687 secs]43.054: [CMS: 6519K->6517K(6848K), 0.0247712 secs] 9269K->9269K(9920K), [Metaspace: 4016K->4016K(1056768K)], 0.0431254 secs] [Times: user=0.09 sys=0.00, real=0.04 secs] 
43.079: [GC (CMS Initial Mark) [1 CMS-initial-mark: 6517K(6848K)] 9269K(9920K), 0.0054603 secs] [Times: user=0.00 sys=0.00, real=0.00 secs] 
43.084: [CMS-concurrent-mark-start]
43.084: [GC (Allocation Failure) 43.084: [ParNew (promotion failed): 2751K->3071K(3072K), 0.0177550 secs]43.102: [CMS43.111: [CMS-concurrent-mark: 0.009/0.027 secs] [Times: user=0.08 sys=0.00, real=0.03 secs] 
 (concurrent mode failure): 6519K->6517K(6848K), 0.0338299 secs] 9269K->9269K(9920K), [Metaspace: 4016K->4016K(1056768K)], 0.0516811 secs] [Times: user=0.09 sys=0.00, real=0.05 secs] 
43.136: [GC (Allocation Failure) 43.136: [ParNew (promotion failed): 2751K->3071K(3072K), 0.0176869 secs]43.154: [CMS: 6519K->6517K(6848K), 0.0244954 secs] 9269K->9269K(9920K), [Metaspace: 4016K->4016K(1056768K)], 0.0422748 secs] [Times: user=0.09 sys=0.00, real=0.04 secs] 
43.178: [GC (CMS Initial Mark) [1 CMS-initial-mark: 6517K(6848K)] 9269K(9920K), 0.0057501 secs] [Times: user=0.00 sys=0.00, real=0.01 secs] 
43.184: [CMS-concurrent-mark-start]
43.184: [GC (Allocation Failure) 43.184: [ParNew (promotion failed): 2751K->3071K(3072K), 0.0179805 secs]43.202: [CMS43.212: [CMS-concurrent-mark: 0.009/0.027 secs] [Times: user=0.09 sys=0.00, real=0.03 secs] 
 (concurrent mode failure): 6519K->6517K(6848K), 0.0341094 secs] 9269K->9269K(9920K), [Metaspace: 4016K->4016K(1056768K)], 0.0521941 secs] [Times: user=0.13 sys=0.00, real=0.05 secs] 
43.237: [GC (Allocation Failure) 43.237: [ParNew (promotion failed): 2751K->3071K(3072K), 0.0173649 secs]43.254: [CMS: 6519K->6517K(6848K), 0.0245305 secs] 9269K->9269K(9920K), [Metaspace: 4016K->4016K(1056768K)], 0.0419835 secs] [Times: user=0.09 sys=0.00, real=0.04 secs] 
43.279: [GC (CMS Initial Mark) [1 CMS-initial-mark: 6517K(6848K)] 9269K(9920K), 0.0054949 secs] [Times: user=0.00 sys=0.00, real=0.00 secs] 
43.284: [CMS-concurrent-mark-start]
43.284: [GC (Allocation Failure) 43.285: [ParNew (promotion failed): 2751K->3071K(3072K), 0.0176898 secs]43.302: [CMS43.311: [CMS-concurrent-mark: 0.009/0.027 secs] [Times: user=0.08 sys=0.00, real=0.03 secs] 
 (concurrent mode failure): 6519K->6517K(6848K), 0.0338113 secs] 9269K->9269K(9920K), [Metaspace: 4016K->4016K(1056768K)], 0.0516065 secs] [Times: user=0.09 sys=0.00, real=0.05 secs] 
43.336: [GC (Allocation Failure) 43.336: [ParNew (promotion failed): 2751K->3071K(3072K), 0.0172394 secs]43.354: [CMS: 6519K->6517K(6848K), 0.0251038 secs] 9269K->9269K(9920K), [Metaspace: 4016K->4016K(1056768K)], 0.0424350 secs] [Times: user=0.09 sys=0.00, real=0.04 secs] 
43.379: [GC (CMS Initial Mark) [1 CMS-initial-mark: 6517K(6848K)] 9269K(9920K), 0.0054933 secs] [Times: user=0.00 sys=0.00, real=0.00 secs] 
43.384: [CMS-concurrent-mark-start]
43.384: [GC (Allocation Failure) 43.385: [ParNew (promotion failed): 2751K->3071K(3072K), 0.0174181 secs]43.402: [CMS43.412: [CMS-concurrent-mark: 0.010/0.027 secs] [Times: user=0.08 sys=0.00, real=0.03 secs] 
 (concurrent mode failure): 6519K->6517K(6848K), 0.0347449 secs] 9269K->9269K(9920K), [Metaspace: 4016K->4016K(1056768K)], 0.0522607 secs] [Times: user=0.11 sys=0.00, real=0.05 secs] 
43.437: [GC (Allocation Failure) 43.437: [ParNew (promotion failed): 2751K->3070K(3072K), 0.0174609 secs]43.454: [CMS: 6519K->6517K(6848K), 0.0243772 secs] 9269K->9269K(9920K), [Metaspace: 4016K->4016K(1056768K)], 0.0419361 secs] [Times: user=0.08 sys=0.00, real=0.04 secs] 
43.479: [GC (CMS Initial Mark) [1 CMS-initial-mark: 6517K(6848K)] 9269K(9920K), 0.0055767 secs] [Times: user=0.02 sys=0.00, real=0.01 secs] 
43.485: [CMS-concurrent-mark-start]
43.485: [GC (Allocation Failure) 43.485: [ParNew (promotion failed): 2751K->3070K(3072K), 0.0177475 secs]43.502: [CMS43.511: [CMS-concurrent-mark: 0.008/0.026 secs] [Times: user=0.06 sys=0.00, real=0.03 secs] 
 (concurrent mode failure): 6519K->6517K(6848K), 0.0341410 secs] 9269K->9269K(9920K), [Metaspace: 4016K->4016K(1056768K)], 0.0519845 secs] [Times: user=0.09 sys=0.00, real=0.05 secs] 
43.537: [GC (Allocation Failure) 43.537: [ParNew (promotion failed): 2751K->3070K(3072K), 0.0169773 secs]43.554: [CMS: 6519K->6517K(6848K), 0.0254012 secs] 9269K->9269K(9920K), [Metaspace: 4016K->4016K(1056768K)], 0.0424780 secs] [Times: user=0.08 sys=0.00, real=0.04 secs] 
43.579: [GC (CMS Initial Mark) [1 CMS-initial-mark: 6517K(6848K)] 9269K(9920K), 0.0054771 secs] [Times: user=0.00 sys=0.00, real=0.01 secs] 
43.585: [CMS-concurrent-mark-start]
43.585: [GC (Allocation Failure) 43.585: [ParNew (promotion failed): 2751K->3070K(3072K), 0.0177978 secs]43.603: [CMS43.612: [CMS-concurrent-mark: 0.009/0.027 secs] [Times: user=0.08 sys=0.00, real=0.03 secs] 
 (concurrent mode failure): 6519K->6517K(6848K), 0.0336864 secs] 9269K->9269K(9920K), [Metaspace: 4016K->4016K(1056768K)], 0.0515955 secs] [Times: user=0.09 sys=0.00, real=0.05 secs] 
43.637: [GC (Allocation Failure) 43.637: [ParNew (promotion failed): 2751K->3070K(3072K), 0.0179584 secs]43.655: [CMS: 6519K->6517K(6848K), 0.0375255 secs] 9269K->9269K(9920K), [Metaspace: 4016K->4016K(1056768K)], 0.0555876 secs] [Times: user=0.11 sys=0.00, real=0.06 secs] 
43.693: [GC (CMS Initial Mark) [1 CMS-initial-mark: 6517K(6848K)] 9269K(9920K), 0.0077816 secs] [Times: user=0.00 sys=0.00, real=0.01 secs] 
43.700: [CMS-concurrent-mark-start]
43.701: [GC (Allocation Failure) 43.701: [ParNew (promotion failed): 2751K->3070K(3072K), 0.0171398 secs]43.718: [CMS43.727: [CMS-concurrent-mark: 0.009/0.026 secs] [Times: user=0.05 sys=0.00, real=0.03 secs] 
 (concurrent mode failure): 6519K->6517K(6848K), 0.0341350 secs] 9269K->9269K(9920K), [Metaspace: 4016K->4016K(1056768K)], 0.0513673 secs] [Times: user=0.08 sys=0.00, real=0.05 secs] 
43.752: [GC (Allocation Failure) 43.752: [ParNew (promotion failed): 2751K->3070K(3072K), 0.0177185 secs]43.770: [CMS: 6519K->6517K(6848K), 0.0246416 secs] 9269K->9269K(9920K), [Metaspace: 4016K->4016K(1056768K)], 0.0424451 secs] [Times: user=0.08 sys=0.00, real=0.04 secs] 
43.795: [GC (CMS Initial Mark) [1 CMS-initial-mark: 6517K(6848K)] 9269K(9920K), 0.0055461 secs] [Times: user=0.00 sys=0.00, real=0.01 secs] 
43.800: [CMS-concurrent-mark-start]
43.800: [GC (Allocation Failure) 43.800: [ParNew (promotion failed): 2751K->3070K(3072K), 0.0178556 secs]43.818: [CMS43.828: [CMS-concurrent-mark: 0.009/0.027 secs] [Times: user=0.08 sys=0.00, real=0.03 secs] 
 (concurrent mode failure): 6519K->6517K(6848K), 0.0337139 secs] 9269K->9269K(9920K), [Metaspace: 4016K->4016K(1056768K)], 0.0516605 secs] [Times: user=0.09 sys=0.00, real=0.05 secs] 
43.852: [GC (Allocation Failure) 43.852: [ParNew (promotion failed): 2751K->3070K(3072K), 0.0179160 secs]43.870: [CMS: 6519K->6517K(6848K), 0.0243878 secs] 9269K->9269K(9920K), [Metaspace: 4016K->4016K(1056768K)], 0.0424063 secs] [Times: user=0.09 sys=0.00, real=0.04 secs] 
43.895: [GC (CMS Initial Mark) [1 CMS-initial-mark: 6517K(6848K)] 9269K(9920K), 0.0056052 secs] [Times: user=0.00 sys=0.00, real=0.01 secs] 
43.900: [CMS-concurrent-mark-start]
43.900: [GC (Allocation Failure) 43.900: [ParNew (promotion failed): 2751K->3070K(3072K), 0.0169789 secs]43.917: [CMS43.929: [CMS-concurrent-mark: 0.012/0.029 secs] [Times: user=0.06 sys=0.00, real=0.03 secs] 
 (concurrent mode failure): 6519K->6517K(6848K), 0.0373494 secs] 9269K->9269K(9920K), [Metaspace: 4016K->4016K(1056768K)], 0.0544244 secs] [Times: user=0.09 sys=0.00, real=0.05 secs] 
43.955: [GC (Allocation Failure) 43.955: [ParNew (promotion failed): 2751K->3070K(3072K), 0.0175371 secs]43.973: [CMS: 6519K->6517K(6848K), 0.0242198 secs] 9269K->9269K(9920K), [Metaspace: 4016K->4016K(1056768K)], 0.0418488 secs] [Times: user=0.08 sys=0.00, real=0.04 secs] 
43.997: [GC (CMS Initial Mark) [1 CMS-initial-mark: 6517K(6848K)] 9269K(9920K), 0.0057138 secs] [Times: user=0.02 sys=0.00, real=0.01 secs] 
44.003: [CMS-concurrent-mark-start]
44.003: [GC (Allocation Failure) 44.003: [ParNew (promotion failed): 2751K->3070K(3072K), 0.0179753 secs]44.021: [CMS44.030: [CMS-concurrent-mark: 0.009/0.028 secs] [Times: user=0.08 sys=0.00, real=0.03 secs] 
 (concurrent mode failure): 6519K->6517K(6848K), 0.0338160 secs] 9269K->9269K(9920K), [Metaspace: 4016K->4016K(1056768K)], 0.0518827 secs] [Times: user=0.09 sys=0.00, real=0.05 secs] 
44.055: [GC (Allocation Failure) 44.055: [ParNew (promotion failed): 2751K->3070K(3072K), 0.0170168 secs]44.072: [CMS: 6519K->6517K(6848K), 0.0238672 secs] 9269K->9269K(9920K), [Metaspace: 4016K->4016K(1056768K)], 0.0409783 secs] [Times: user=0.08 sys=0.00, real=0.04 secs] 
44.096: [GC (CMS Initial Mark) [1 CMS-initial-mark: 6517K(6848K)] 9269K(9920K), 0.0055129 secs] [Times: user=0.00 sys=0.00, real=0.01 secs] 
44.102: [CMS-concurrent-mark-start]
44.102: [GC (Allocation Failure) 44.102: [ParNew (promotion failed): 2751K->3070K(3072K), 0.0178911 secs]44.120: [CMS44.129: [CMS-concurrent-mark: 0.009/0.027 secs] [Times: user=0.08 sys=0.00, real=0.03 secs] 
 (concurrent mode failure): 6519K->6517K(6848K), 0.0331911 secs] 9269K->9269K(9920K), [Metaspace: 4016K->4016K(1056768K)], 0.0511722 secs] [Times: user=0.09 sys=0.00, real=0.05 secs] 
44.153: [GC (Allocation Failure) 44.153: [ParNew (promotion failed): 2751K->3070K(3072K), 0.0177465 secs]44.171: [CMS: 6519K->6517K(6848K), 0.0232186 secs] 9269K->9269K(9920K), [Metaspace: 4016K->4016K(1056768K)], 0.0410542 secs] [Times: user=0.14 sys=0.00, real=0.04 secs] 
44.194: [GC (Allocation Failure) 44.194: [ParNew (promotion failed): 2751K->3070K(3072K), 0.0177576 secs]44.212: [CMS (concurrent mode failure): 6519K->6517K(6848K), 0.0238526 secs] 9269K->9269K(9920K), [Metaspace: 4016K->4016K(1056768K)], 0.0416926 secs] [Times: user=0.09 sys=0.00, real=0.04 secs] 
44.236: [GC (Allocation Failure) 44.236: [ParNew (promotion failed): 2751K->3069K(3072K), 0.0175958 secs]44.254: [CMS: 6519K->6517K(6848K), 0.0242629 secs] 9269K->9269K(9920K), [Metaspace: 4016K->4016K(1056768K)], 0.0419465 secs] [Times: user=0.08 sys=0.00, real=0.04 secs] 
44.278: [GC (CMS Initial Mark) [1 CMS-initial-mark: 6517K(6848K)] 9269K(9920K), 0.0060477 secs] [Times: user=0.02 sys=0.00, real=0.01 secs] 
44.284: [CMS-concurrent-mark-start]
44.284: [GC (Allocation Failure) 44.284: [ParNew (promotion failed): 2751K->3071K(3072K), 0.0173493 secs]44.302: [CMS44.311: [CMS-concurrent-mark: 0.009/0.026 secs] [Times: user=0.08 sys=0.00, real=0.03 secs] 
 (concurrent mode failure): 6519K->6517K(6848K), 0.0333024 secs] 9269K->9269K(9920K), [Metaspace: 4016K->4016K(1056768K)], 0.0507423 secs] [Times: user=0.09 sys=0.00, real=0.05 secs] 
44.335: [GC (Allocation Failure) 44.335: [ParNew (promotion failed): 2751K->3071K(3072K), 0.0176840 secs]44.353: [CMS: 6519K->6517K(6848K), 0.0238764 secs] 9269K->9269K(9920K), [Metaspace: 4016K->4016K(1056768K)], 0.0416554 secs] [Times: user=0.09 sys=0.00, real=0.04 secs] 
44.377: [GC (CMS Initial Mark) [1 CMS-initial-mark: 6517K(6848K)] 9269K(9920K), 0.0054298 secs] [Times: user=0.00 sys=0.00, real=0.01 secs] 
44.382: [CMS-concurrent-mark-start]
44.383: [GC (Allocation Failure) 44.383: [ParNew (promotion failed): 2751K->3071K(3072K), 0.0173849 secs]44.400: [CMS44.409: [CMS-concurrent-mark: 0.009/0.026 secs] [Times: user=0.08 sys=0.00, real=0.03 secs] 
 (concurrent mode failure): 6519K->6517K(6848K), 0.0322008 secs] 9269K->9269K(9920K), [Metaspace: 4016K->4016K(1056768K)], 0.0496746 secs] [Times: user=0.09 sys=0.00, real=0.05 secs] 
44.433: [GC (Allocation Failure) 44.433: [ParNew (promotion failed): 2751K->3071K(3072K), 0.0174877 secs]44.450: [CMS: 6519K->6517K(6848K), 0.0242118 secs] 9269K->9269K(9920K), [Metaspace: 4016K->4016K(1056768K)], 0.0417881 secs] [Times: user=0.08 sys=0.00, real=0.04 secs] 
44.475: [GC (CMS Initial Mark) [1 CMS-initial-mark: 6517K(6848K)] 9269K(9920K), 0.0054625 secs] [Times: user=0.00 sys=0.00, real=0.01 secs] 
44.480: [CMS-concurrent-mark-start]
44.480: [GC (Allocation Failure) 44.480: [ParNew (promotion failed): 2751K->3071K(3072K), 0.0171104 secs]44.497: [CMS44.506: [CMS-concurrent-mark: 0.009/0.026 secs] [Times: user=0.08 sys=0.00, real=0.03 secs] 
 (concurrent mode failure): 6519K->6517K(6848K), 0.0320088 secs] 9269K->9269K(9920K), [Metaspace: 4016K->4016K(1056768K)], 0.0492121 secs] [Times: user=0.11 sys=0.00, real=0.05 secs] 
44.530: [GC (Allocation Failure) 44.530: [ParNew (promotion failed): 2751K->3071K(3072K), 0.0178828 secs]44.548: [CMS: 6519K->6517K(6848K), 0.0255008 secs] 9269K->9269K(9920K), [Metaspace: 4016K->4016K(1056768K)], 0.0434824 secs] [Times: user=0.08 sys=0.00, real=0.04 secs] 
44.573: [GC (CMS Initial Mark) [1 CMS-initial-mark: 6517K(6848K)] 9269K(9920K), 0.0055672 secs] [Times: user=0.02 sys=0.00, real=0.01 secs] 
44.579: [CMS-concurrent-mark-start]
44.579: [GC (Allocation Failure) 44.579: [ParNew (promotion failed): 2751K->3071K(3072K), 0.0177767 secs]44.597: [CMS44.606: [CMS-concurrent-mark: 0.009/0.027 secs] [Times: user=0.06 sys=0.00, real=0.03 secs] 
 (concurrent mode failure): 6519K->6517K(6848K), 0.0340212 secs] 9269K->9269K(9920K), [Metaspace: 4016K->4016K(1056768K)], 0.0519092 secs] [Times: user=0.09 sys=0.00, real=0.05 secs] 
44.631: [GC (Allocation Failure) 44.631: [ParNew (promotion failed): 2751K->3070K(3072K), 0.0182339 secs]44.649: [CMS: 6519K->6517K(6848K), 0.0298122 secs] 9269K->9269K(9920K), [Metaspace: 4016K->4016K(1056768K)], 0.0481732 secs] [Times: user=0.08 sys=0.02, real=0.05 secs] 
44.679: [GC (CMS Initial Mark) [1 CMS-initial-mark: 6517K(6848K)] 9269K(9920K), 0.0061881 secs] [Times: user=0.02 sys=0.00, real=0.01 secs] 
44.686: [CMS-concurrent-mark-start]
44.686: [GC (Allocation Failure) 44.686: [ParNew (promotion failed): 2751K->3070K(3072K), 0.0186857 secs]44.704: [CMS44.716: [CMS-concurrent-mark: 0.012/0.031 secs] [Times: user=0.05 sys=0.01, real=0.03 secs] 
 (concurrent mode failure): 6519K->6517K(6848K), 0.0495996 secs] 9269K->9269K(9920K), [Metaspace: 4016K->4016K(1056768K)], 0.0684121 secs] [Times: user=0.08 sys=0.01, real=0.07 secs] 
44.754: [GC (Allocation Failure) 44.754: [ParNew (promotion failed): 2751K->3070K(3072K), 0.0175088 secs]44.772: [CMS: 6519K->6517K(6848K), 0.0271601 secs] 9269K->9269K(9920K), [Metaspace: 4016K->4016K(1056768K)], 0.0448038 secs] [Times: user=0.08 sys=0.00, real=0.05 secs] 
44.799: [GC (CMS Initial Mark) [1 CMS-initial-mark: 6517K(6848K)] 9269K(9920K), 0.0059768 secs] [Times: user=0.00 sys=0.00, real=0.01 secs] 
44.805: [CMS-concurrent-mark-start]
44.806: [GC (Allocation Failure) 44.806: [ParNew (promotion failed): 2751K->3070K(3072K), 0.0175145 secs]44.823: [CMS44.832: [CMS-concurrent-mark: 0.009/0.026 secs] [Times: user=0.08 sys=0.00, real=0.03 secs] 
 (concurrent mode failure): 6519K->6517K(6848K), 0.0362024 secs] 9269K->9269K(9920K), [Metaspace: 4016K->4016K(1056768K)], 0.0538128 secs] [Times: user=0.11 sys=0.00, real=0.05 secs] 
44.860: [GC (Allocation Failure) 44.860: [ParNew (promotion failed): 2751K->3070K(3072K), 0.0172072 secs]44.877: [CMS: 6519K->6517K(6848K), 0.0257341 secs] 9269K->9269K(9920K), [Metaspace: 4016K->4016K(1056768K)], 0.0430378 secs] [Times: user=0.08 sys=0.00, real=0.04 secs] 
44.903: [GC (CMS Initial Mark) [1 CMS-initial-mark: 6517K(6848K)] 9269K(9920K), 0.0056407 secs] [Times: user=0.01 sys=0.00, real=0.01 secs] 
44.908: [CMS-concurrent-mark-start]
44.908: [GC (Allocation Failure) 44.908: [ParNew (promotion failed): 2751K->3070K(3072K), 0.0172270 secs]44.926: [CMS44.936: [CMS-concurrent-mark: 0.011/0.028 secs] [Times: user=0.08 sys=0.00, real=0.03 secs] 
 (concurrent mode failure): 6519K->6517K(6848K), 0.0358898 secs] 9269K->9269K(9920K), [Metaspace: 4016K->4016K(1056768K)], 0.0532245 secs] [Times: user=0.09 sys=0.00, real=0.05 secs] 
44.962: [GC (Allocation Failure) 44.962: [ParNew (promotion failed): 2751K->3070K(3072K), 0.0179682 secs]44.980: [CMS: 6519K->6517K(6848K), 0.0268131 secs] 9269K->9269K(9920K), [Metaspace: 4016K->4016K(1056768K)], 0.0449074 secs] [Times: user=0.08 sys=0.00, real=0.05 secs] 
45.007: [GC (CMS Initial Mark) [1 CMS-initial-mark: 6517K(6848K)] 9269K(9920K), 0.0057511 secs] [Times: user=0.00 sys=0.00, real=0.01 secs] 
45.013: [CMS-concurrent-mark-start]
45.013: [GC (Allocation Failure) 45.013: [ParNew (promotion failed): 2751K->3070K(3072K), 0.0173761 secs]45.030: [CMS45.041: [CMS-concurrent-mark: 0.011/0.028 secs] [Times: user=0.08 sys=0.00, real=0.03 secs] 
 (concurrent mode failure): 6519K->6517K(6848K), 0.0368016 secs] 9269K->9269K(9920K), [Metaspace: 4016K->4016K(1056768K)], 0.0542726 secs] [Times: user=0.11 sys=0.00, real=0.05 secs] 
45.067: [GC (Allocation Failure) 45.067: [ParNew (promotion failed): 2751K->3070K(3072K), 0.0177997 secs]45.085: [CMS: 6519K->6517K(6848K), 0.0249101 secs] 9269K->9269K(9920K), [Metaspace: 4016K->4016K(1056768K)], 0.0428173 secs] [Times: user=0.09 sys=0.00, real=0.04 secs] 
45.110: [GC (CMS Initial Mark) [1 CMS-initial-mark: 6517K(6848K)] 9269K(9920K), 0.0059256 secs] [Times: user=0.00 sys=0.00, real=0.01 secs] 
45.116: [CMS-concurrent-mark-start]
45.116: [GC (Allocation Failure) 45.116: [ParNew (promotion failed): 2751K->3070K(3072K), 0.0177361 secs]45.134: [CMS45.143: [CMS-concurrent-mark: 0.009/0.027 secs] [Times: user=0.08 sys=0.00, real=0.03 secs] 
 (concurrent mode failure): 6519K->6517K(6848K), 0.0342079 secs] 9269K->9269K(9920K), [Metaspace: 4016K->4016K(1056768K)], 0.0520448 secs] [Times: user=0.09 sys=0.00, real=0.05 secs] 
45.169: [GC (Allocation Failure) 45.169: [ParNew (promotion failed): 2751K->3070K(3072K), 0.0175944 secs]45.186: [CMS: 6519K->6517K(6848K), 0.0282098 secs] 9269K->9269K(9920K), [Metaspace: 4016K->4016K(1056768K)], 0.0458975 secs] [Times: user=0.09 sys=0.00, real=0.05 secs] 
45.215: [GC (CMS Initial Mark) [1 CMS-initial-mark: 6517K(6848K)] 9269K(9920K), 0.0057440 secs] [Times: user=0.02 sys=0.00, real=0.01 secs] 
45.220: [CMS-concurrent-mark-start]
45.220: [GC (Allocation Failure) 45.220: [ParNew (promotion failed): 2751K->3070K(3072K), 0.0174966 secs]45.238: [CMS45.247: [CMS-concurrent-mark: 0.009/0.027 secs] [Times: user=0.06 sys=0.00, real=0.03 secs] 
 (concurrent mode failure): 6519K->6517K(6848K), 0.0329512 secs] 9269K->9269K(9920K), [Metaspace: 4016K->4016K(1056768K)], 0.0505405 secs] [Times: user=0.09 sys=0.00, real=0.05 secs] 
45.271: [GC (Allocation Failure) 45.271: [ParNew (promotion failed): 2751K->3070K(3072K), 0.0174478 secs]45.289: [CMS: 6519K->6517K(6848K), 0.0235246 secs] 9269K->9269K(9920K), [Metaspace: 4016K->4016K(1056768K)], 0.0410683 secs] [Times: user=0.09 sys=0.00, real=0.04 secs] 
45.312: [GC (CMS Initial Mark) [1 CMS-initial-mark: 6517K(6848K)] 9269K(9920K), 0.0055560 secs] [Times: user=0.00 sys=0.00, real=0.01 secs] 
45.318: [CMS-concurrent-mark-start]
45.318: [GC (Allocation Failure) 45.318: [ParNew (promotion failed): 2751K->3070K(3072K), 0.0182855 secs]45.336: [CMS45.346: [CMS-concurrent-mark: 0.009/0.028 secs] [Times: user=0.06 sys=0.00, real=0.03 secs] 
 (concurrent mode failure): 6519K->6517K(6848K), 0.0343679 secs] 9269K->9269K(9920K), [Metaspace: 4016K->4016K(1056768K)], 0.0527483 secs] [Times: user=0.08 sys=0.00, real=0.05 secs] 
45.371: [GC (Allocation Failure) 45.371: [ParNew (promotion failed): 2751K->3070K(3072K), 0.0176892 secs]45.389: [CMS: 6519K->6517K(6848K), 0.0247743 secs] 9269K->9269K(9920K), [Metaspace: 4016K->4016K(1056768K)], 0.0425634 secs] [Times: user=0.09 sys=0.00, real=0.04 secs] 
45.414: [GC (CMS Initial Mark) [1 CMS-initial-mark: 6517K(6848K)] 9269K(9920K), 0.0055514 secs] [Times: user=0.00 sys=0.00, real=0.01 secs] 
45.419: [CMS-concurrent-mark-start]
45.419: [GC (Allocation Failure) 45.419: [ParNew (promotion failed): 2751K->3070K(3072K), 0.0176299 secs]45.437: [CMS45.453: [CMS-concurrent-mark: 0.016/0.034 secs] [Times: user=0.14 sys=0.00, real=0.03 secs] 
 (concurrent mode failure): 6519K->6517K(6848K), 0.0567705 secs] 9269K->9269K(9920K), [Metaspace: 4016K->4016K(1056768K)], 0.0745388 secs] [Times: user=0.17 sys=0.00, real=0.08 secs] 
45.494: [GC (Allocation Failure) 45.494: [ParNew (promotion failed): 2751K->3069K(3072K), 0.0187742 secs]45.513: [CMS: 6519K->6517K(6848K), 0.0367003 secs] 9269K->9269K(9920K), [Metaspace: 4016K->4016K(1056768K)], 0.0555775 secs] [Times: user=0.08 sys=0.02, real=0.06 secs] 
45.550: [GC (CMS Initial Mark) [1 CMS-initial-mark: 6517K(6848K)] 9269K(9920K), 0.0064349 secs] [Times: user=0.00 sys=0.00, real=0.01 secs] 
45.556: [CMS-concurrent-mark-start]
45.557: [GC (Allocation Failure) 45.557: [ParNew (promotion failed): 2751K->3071K(3072K), 0.0176467 secs]45.574: [CMS45.587: [CMS-concurrent-mark: 0.013/0.031 secs] [Times: user=0.08 sys=0.00, real=0.03 secs] 
 (concurrent mode failure): 6519K->6517K(6848K), 0.0404591 secs] 9269K->9269K(9920K), [Metaspace: 4016K->4016K(1056768K)], 0.0582383 secs] [Times: user=0.11 sys=0.00, real=0.06 secs] 
45.615: [GC (Allocation Failure) 45.615: [ParNew (promotion failed): 2751K->3071K(3072K), 0.0178637 secs]45.633: [CMS: 6519K->6517K(6848K), 0.0379694 secs] 9269K->9269K(9920K), [Metaspace: 4016K->4016K(1056768K)], 0.0559364 secs] [Times: user=0.09 sys=0.01, real=0.06 secs] 
45.671: [GC (CMS Initial Mark) [1 CMS-initial-mark: 6517K(6848K)] 9269K(9920K), 0.0085528 secs] [Times: user=0.00 sys=0.00, real=0.01 secs] 
45.680: [CMS-concurrent-mark-start]
45.680: [GC (Allocation Failure) 45.680: [ParNew (promotion failed): 2751K->3071K(3072K), 0.0179677 secs]45.698: [CMS45.715: [CMS-concurrent-mark: 0.017/0.035 secs] [Times: user=0.06 sys=0.00, real=0.04 secs] 
 (concurrent mode failure): 6519K->6517K(6848K), 0.0557732 secs] 9269K->9269K(9920K), [Metaspace: 4016K->4016K(1056768K)], 0.0738556 secs] [Times: user=0.09 sys=0.02, real=0.07 secs] 
45.754: [GC (Allocation Failure) 45.754: [ParNew (promotion failed): 2751K->3071K(3072K), 0.0174764 secs]45.772: [CMS: 6519K->6517K(6848K), 0.0360767 secs] 9269K->9269K(9920K), [Metaspace: 4016K->4016K(1056768K)], 0.0536633 secs] [Times: user=0.08 sys=0.00, real=0.05 secs] 
45.808: [GC (Allocation Failure) 45.808: [ParNew (promotion failed): 2751K->3071K(3072K), 0.0177041 secs]45.826: [CMS (concurrent mode failure): 6519K->6517K(6848K), 0.0323876 secs] 9269K->9269K(9920K), [Metaspace: 4016K->4016K(1056768K)], 0.0501985 secs] [Times: user=0.11 sys=0.00, real=0.05 secs] 
45.859: [GC (Allocation Failure) 45.859: [ParNew (promotion failed): 2751K->3071K(3072K), 0.0178267 secs]45.876: [CMS: 6519K->6517K(6848K), 0.0300852 secs] 9269K->9269K(9920K), [Metaspace: 4016K->4016K(1056768K)], 0.0480188 secs] [Times: user=0.09 sys=0.00, real=0.05 secs] 
45.907: [GC (CMS Initial Mark) [1 CMS-initial-mark: 6517K(6848K)] 9269K(9920K), 0.0060112 secs] [Times: user=0.00 sys=0.00, real=0.01 secs] 
45.913: [CMS-concurrent-mark-start]
45.913: [GC (Allocation Failure) 45.913: [ParNew (promotion failed): 2751K->3071K(3072K), 0.0181453 secs]45.931: [CMS45.943: [CMS-concurrent-mark: 0.012/0.031 secs] [Times: user=0.08 sys=0.00, real=0.03 secs] 
 (concurrent mode failure): 6519K->6517K(6848K), 0.0465502 secs] 9269K->9269K(9920K), [Metaspace: 4016K->4016K(1056768K)], 0.0648018 secs] [Times: user=0.09 sys=0.02, real=0.07 secs] 
45.978: [GC (Allocation Failure) 45.978: [ParNew (promotion failed): 2751K->3070K(3072K), 0.0173290 secs]45.995: [CMS: 6519K->6517K(6848K), 0.0305198 secs] 9269K->9269K(9920K), [Metaspace: 4016K->4016K(1056768K)], 0.0479470 secs] [Times: user=0.09 sys=0.00, real=0.05 secs] 
46.026: [GC (CMS Initial Mark) [1 CMS-initial-mark: 6517K(6848K)] 9269K(9920K), 0.0066607 secs] [Times: user=0.01 sys=0.00, real=0.01 secs] 
46.033: [CMS-concurrent-mark-start]
46.033: [GC (Allocation Failure) 46.033: [ParNew (promotion failed): 2751K->3070K(3072K), 0.0175645 secs]46.050: [CMS46.062: [CMS-concurrent-mark: 0.012/0.029 secs] [Times: user=0.08 sys=0.00, real=0.03 secs] 
 (concurrent mode failure): 6519K->6517K(6848K), 0.0428070 secs] 9269K->9269K(9920K), [Metaspace: 4016K->4016K(1056768K)], 0.0604651 secs] [Times: user=0.11 sys=0.00, real=0.06 secs] 
46.093: [GC (Allocation Failure) 46.093: [ParNew (promotion failed): 2751K->3070K(3072K), 0.0180352 secs]46.112: [CMS: 6519K->6517K(6848K), 0.0367707 secs] 9269K->9269K(9920K), [Metaspace: 4016K->4016K(1056768K)], 0.0549591 secs] [Times: user=0.09 sys=0.00, real=0.06 secs] 
46.149: [GC (CMS Initial Mark) [1 CMS-initial-mark: 6517K(6848K)] 9269K(9920K), 0.0064667 secs] [Times: user=0.02 sys=0.00, real=0.01 secs] 
46.155: [CMS-concurrent-mark-start]
46.155: [GC (Allocation Failure) 46.155: [ParNew (promotion failed): 2751K->3070K(3072K), 0.0182297 secs]46.174: [CMS46.186: [CMS-concurrent-mark: 0.013/0.031 secs] [Times: user=0.08 sys=0.00, real=0.03 secs] 
 (concurrent mode failure): 6519K->6517K(6848K), 0.0432380 secs] 9269K->9269K(9920K), [Metaspace: 4016K->4016K(1056768K)], 0.0615854 secs] [Times: user=0.11 sys=0.00, real=0.06 secs] 
46.217: [GC (Allocation Failure) 46.217: [ParNew (promotion failed): 2751K->3070K(3072K), 0.0174626 secs]46.235: [CMS: 6519K->6517K(6848K), 0.0323974 secs] 9269K->9269K(9920K), [Metaspace: 4016K->4016K(1056768K)], 0.0499781 secs] [Times: user=0.09 sys=0.00, real=0.05 secs] 
46.267: [GC (CMS Initial Mark) [1 CMS-initial-mark: 6517K(6848K)] 9269K(9920K), 0.0063882 secs] [Times: user=0.00 sys=0.00, real=0.01 secs] 
46.274: [CMS-concurrent-mark-start]
46.274: [GC (Allocation Failure) 46.274: [ParNew (promotion failed): 2751K->3070K(3072K), 0.0172874 secs]46.291: [CMS46.305: [CMS-concurrent-mark: 0.014/0.031 secs] [Times: user=0.08 sys=0.00, real=0.03 secs] 
 (concurrent mode failure): 6519K->6517K(6848K), 0.0465564 secs] 9269K->9269K(9920K), [Metaspace: 4016K->4016K(1056768K)], 0.0639453 secs] [Times: user=0.11 sys=0.00, real=0.06 secs] 
46.338: [GC (Allocation Failure) 46.338: [ParNew (promotion failed): 2751K->3070K(3072K), 0.0181769 secs]46.356: [CMS: 6519K->6517K(6848K), 0.0296607 secs] 9269K->9269K(9920K), [Metaspace: 4016K->4016K(1056768K)], 0.0479523 secs] [Times: user=0.09 sys=0.00, real=0.05 secs] 
46.386: [GC (CMS Initial Mark) [1 CMS-initial-mark: 6517K(6848K)] 9269K(9920K), 0.0067423 secs] [Times: user=0.02 sys=0.00, real=0.01 secs] 
46.393: [CMS-concurrent-mark-start]
46.393: [GC (Allocation Failure) 46.393: [ParNew (promotion failed): 2751K->3070K(3072K), 0.0178017 secs]46.411: [CMS46.424: [CMS-concurrent-mark: 0.013/0.031 secs] [Times: user=0.08 sys=0.00, real=0.03 secs] 
 (concurrent mode failure): 6519K->6517K(6848K), 0.0421263 secs] 9269K->9269K(9920K), [Metaspace: 4016K->4016K(1056768K)], 0.0600329 secs] [Times: user=0.11 sys=0.00, real=0.06 secs] 
46.453: [GC (Allocation Failure) 46.453: [ParNew (promotion failed): 2751K->3070K(3072K), 0.0180609 secs]46.471: [CMS: 6519K->6517K(6848K), 0.0246635 secs] 9269K->9269K(9920K), [Metaspace: 4016K->4016K(1056768K)], 0.0428347 secs] [Times: user=0.08 sys=0.00, real=0.04 secs] 
46.496: [GC (CMS Initial Mark) [1 CMS-initial-mark: 6517K(6848K)] 9269K(9920K), 0.0055763 secs] [Times: user=0.02 sys=0.00, real=0.01 secs] 
46.502: [CMS-concurrent-mark-start]
46.502: [GC (Allocation Failure) 46.502: [ParNew (promotion failed): 2751K->3070K(3072K), 0.0175243 secs]46.520: [CMS46.529: [CMS-concurrent-mark: 0.009/0.027 secs] [Times: user=0.08 sys=0.00, real=0.03 secs] 
 (concurrent mode failure): 6519K->6517K(6848K), 0.0345970 secs] 9269K->9269K(9920K), [Metaspace: 4016K->4016K(1056768K)], 0.0522234 secs] [Times: user=0.09 sys=0.00, real=0.05 secs] 
46.554: [GC (Allocation Failure) 46.554: [ParNew (promotion failed): 2751K->3070K(3072K), 0.0183873 secs]46.573: [CMS: 6519K->6517K(6848K), 0.0277306 secs] 9269K->9269K(9920K), [Metaspace: 4016K->4016K(1056768K)], 0.0462262 secs] [Times: user=0.08 sys=0.00, real=0.05 secs] 
46.601: [GC (CMS Initial Mark) [1 CMS-initial-mark: 6517K(6848K)] 9269K(9920K), 0.0074089 secs] [Times: user=0.01 sys=0.00, real=0.01 secs] 
46.608: [CMS-concurrent-mark-start]
46.608: [GC (Allocation Failure) 46.608: [ParNew (promotion failed): 2751K->3070K(3072K), 0.0171367 secs]46.626: [CMS46.636: [CMS-concurrent-mark: 0.010/0.028 secs] [Times: user=0.06 sys=0.00, real=0.03 secs] 
 (concurrent mode failure): 6519K->6517K(6848K), 0.0408848 secs] 9269K->9269K(9920K), [Metaspace: 4016K->4016K(1056768K)], 0.0581502 secs] [Times: user=0.09 sys=0.00, real=0.06 secs] 
46.667: [GC (Allocation Failure) 46.667: [ParNew (promotion failed): 2751K->3070K(3072K), 0.0187165 secs]46.686: [CMS: 6519K->6517K(6848K), 0.0425994 secs] 9269K->9269K(9920K), [Metaspace: 4016K->4016K(1056768K)], 0.0614240 secs] [Times: user=0.09 sys=0.00, real=0.06 secs] 
46.728: [GC (CMS Initial Mark) [1 CMS-initial-mark: 6517K(6848K)] 9269K(9920K), 0.0099611 secs] [Times: user=0.02 sys=0.00, real=0.01 secs] 
46.738: [CMS-concurrent-mark-start]
46.739: [GC (Allocation Failure) 46.739: [ParNew (promotion failed): 2751K->3070K(3072K), 0.0177419 secs]46.756: [CMS46.772: [CMS-concurrent-mark: 0.015/0.033 secs] [Times: user=0.06 sys=0.00, real=0.03 secs] 
 (concurrent mode failure): 6519K->6517K(6848K), 0.0512962 secs] 9269K->9269K(9920K), [Metaspace: 4016K->4016K(1056768K)], 0.0691462 secs] [Times: user=0.09 sys=0.00, real=0.07 secs] 
46.808: [GC (Allocation Failure) 46.808: [ParNew (promotion failed): 2751K->3070K(3072K), 0.0171494 secs]46.825: [CMS: 6519K->6517K(6848K), 0.0253287 secs] 9269K->9269K(9920K), [Metaspace: 4016K->4016K(1056768K)], 0.0425861 secs] [Times: user=0.08 sys=0.00, real=0.04 secs] 
46.851: [GC (CMS Initial Mark) [1 CMS-initial-mark: 6517K(6848K)] 9269K(9920K), 0.0055506 secs] [Times: user=0.00 sys=0.00, real=0.01 secs] 
46.856: [CMS-concurrent-mark-start]
46.856: [GC (Allocation Failure) 46.856: [ParNew (promotion failed): 2751K->3070K(3072K), 0.0178688 secs]46.874: [CMS46.885: [CMS-concurrent-mark: 0.010/0.028 secs] [Times: user=0.13 sys=0.00, real=0.03 secs] 
 (concurrent mode failure): 6519K->6517K(6848K), 0.0362579 secs] 9269K->9269K(9920K), [Metaspace: 4016K->4016K(1056768K)], 0.0542343 secs] [Times: user=0.16 sys=0.00, real=0.05 secs] 
46.911: [GC (Allocation Failure) 46.911: [ParNew (promotion failed): 2751K->3069K(3072K), 0.0175511 secs]46.928: [CMS: 6519K->6517K(6848K), 0.0367644 secs] 9269K->9269K(9920K), [Metaspace: 4016K->4016K(1056768K)], 0.0544121 secs] [Times: user=0.09 sys=0.00, real=0.05 secs] 
46.965: [GC (CMS Initial Mark) [1 CMS-initial-mark: 6517K(6848K)] 9269K(9920K), 0.0069863 secs] [Times: user=0.02 sys=0.00, real=0.01 secs] 
46.973: [CMS-concurrent-mark-start]
46.973: [GC (Allocation Failure) 46.973: [ParNew (promotion failed): 2751K->3071K(3072K), 0.0174673 secs]46.990: [CMS47.002: [CMS-concurrent-mark: 0.012/0.029 secs] [Times: user=0.08 sys=0.00, real=0.03 secs] 
 (concurrent mode failure): 6519K->6517K(6848K), 0.0382095 secs] 9269K->9269K(9920K), [Metaspace: 4016K->4016K(1056768K)], 0.0557821 secs] [Times: user=0.09 sys=0.00, real=0.06 secs] 
47.029: [GC (Allocation Failure) 47.029: [ParNew (promotion failed): 2751K->3071K(3072K), 0.0183720 secs]47.047: [CMS: 6519K->6517K(6848K), 0.0266701 secs] 9269K->9269K(9920K), [Metaspace: 4016K->4016K(1056768K)], 0.0451204 secs] [Times: user=0.14 sys=0.00, real=0.04 secs] 
47.074: [GC (CMS Initial Mark) [1 CMS-initial-mark: 6517K(6848K)] 9269K(9920K), 0.0056926 secs] [Times: user=0.02 sys=0.00, real=0.01 secs] 
47.080: [CMS-concurrent-mark-start]
47.080: [GC (Allocation Failure) 47.080: [ParNew (promotion failed): 2751K->3071K(3072K), 0.0179077 secs]47.098: [CMS47.111: [CMS-concurrent-mark: 0.014/0.032 secs] [Times: user=0.08 sys=0.00, real=0.03 secs] 
 (concurrent mode failure): 6519K->6517K(6848K), 0.0422687 secs] 9269K->9269K(9920K), [Metaspace: 4016K->4016K(1056768K)], 0.0602878 secs] [Times: user=0.11 sys=0.00, real=0.06 secs] 
47.140: [GC (Allocation Failure) 47.140: [ParNew (promotion failed): 2751K->3071K(3072K), 0.0173667 secs]47.158: [CMS: 6519K->6517K(6848K), 0.0257978 secs] 9269K->9269K(9920K), [Metaspace: 4016K->4016K(1056768K)], 0.0432542 secs] [Times: user=0.08 sys=0.00, real=0.04 secs] 
47.184: [GC (CMS Initial Mark) [1 CMS-initial-mark: 6517K(6848K)] 9269K(9920K), 0.0056278 secs] [Times: user=0.01 sys=0.00, real=0.00 secs] 
47.189: [CMS-concurrent-mark-start]
47.189: [GC (Allocation Failure) 47.189: [ParNew (promotion failed): 2751K->3071K(3072K), 0.0176413 secs]47.207: [CMS47.217: [CMS-concurrent-mark: 0.010/0.028 secs] [Times: user=0.08 sys=0.00, real=0.03 secs] 
 (concurrent mode failure): 6519K->6517K(6848K), 0.0364331 secs] 9269K->9269K(9920K), [Metaspace: 4016K->4016K(1056768K)], 0.0541721 secs] [Times: user=0.09 sys=0.00, real=0.05 secs] 
47.244: [GC (Allocation Failure) 47.244: [ParNew (promotion failed): 2751K->3071K(3072K), 0.0175397 secs]47.261: [CMS: 6519K->6517K(6848K), 0.0282292 secs] 9269K->9269K(9920K), [Metaspace: 4016K->4016K(1056768K)], 0.0458530 secs] [Times: user=0.08 sys=0.00, real=0.05 secs] 
47.290: [GC (CMS Initial Mark) [1 CMS-initial-mark: 6517K(6848K)] 9269K(9920K), 0.0057715 secs] [Times: user=0.02 sys=0.00, real=0.01 secs] 
47.295: [CMS-concurrent-mark-start]
47.296: [GC (Allocation Failure) 47.296: [ParNew (promotion failed): 2751K->3071K(3072K), 0.0175597 secs]47.313: [CMS47.323: [CMS-concurrent-mark: 0.010/0.028 secs] [Times: user=0.06 sys=0.00, real=0.03 secs] 
 (concurrent mode failure): 6519K->6517K(6848K), 0.0387008 secs] 9269K->9269K(9920K), [Metaspace: 4016K->4016K(1056768K)], 0.0563586 secs] [Times: user=0.09 sys=0.00, real=0.06 secs] 
47.352: [GC (Allocation Failure) 47.352: [ParNew (promotion failed): 2751K->3070K(3072K), 0.0179296 secs]47.370: [CMS: 6519K->6517K(6848K), 0.0285212 secs] 9269K->9269K(9920K), [Metaspace: 4016K->4016K(1056768K)], 0.0465708 secs] [Times: user=0.08 sys=0.00, real=0.05 secs] 
47.399: [GC (CMS Initial Mark) [1 CMS-initial-mark: 6517K(6848K)] 9269K(9920K), 0.0061779 secs] [Times: user=0.01 sys=0.00, real=0.01 secs] 
47.405: [CMS-concurrent-mark-start]
47.405: [GC (Allocation Failure) 47.405: [ParNew (promotion failed): 2751K->3070K(3072K), 0.0178257 secs]47.423: [CMS47.435: [CMS-concurrent-mark: 0.012/0.030 secs] [Times: user=0.05 sys=0.00, real=0.03 secs] 
 (concurrent mode failure): 6519K->6517K(6848K), 0.0374351 secs] 9269K->9269K(9920K), [Metaspace: 4016K->4016K(1056768K)], 0.0553589 secs] [Times: user=0.08 sys=0.00, real=0.06 secs] 
47.461: [GC (Allocation Failure) 47.461: [ParNew (promotion failed): 2751K->3070K(3072K), 0.0174690 secs]47.478: [CMS: 6519K->6517K(6848K), 0.0237766 secs] 9269K->9269K(9920K), [Metaspace: 4016K->4016K(1056768K)], 0.0413370 secs] [Times: user=0.09 sys=0.00, real=0.04 secs] 
47.502: [GC (CMS Initial Mark) [1 CMS-initial-mark: 6517K(6848K)] 9269K(9920K), 0.0057417 secs] [Times: user=0.00 sys=0.00, real=0.00 secs] 
47.508: [CMS-concurrent-mark-start]
47.508: [GC (Allocation Failure) 47.508: [ParNew (promotion failed): 2751K->3070K(3072K), 0.0176585 secs]47.526: [CMS47.535: [CMS-concurrent-mark: 0.010/0.027 secs] [Times: user=0.08 sys=0.00, real=0.03 secs] 
 (concurrent mode failure): 6519K->6517K(6848K), 0.0347174 secs] 9269K->9269K(9920K), [Metaspace: 4016K->4016K(1056768K)], 0.0524647 secs] [Times: user=0.09 sys=0.02, real=0.05 secs] 
47.561: [GC (Allocation Failure) 47.561: [ParNew (promotion failed): 2751K->3070K(3072K), 0.0172437 secs]47.578: [CMS: 6519K->6517K(6848K), 0.0245951 secs] 9269K->9269K(9920K), [Metaspace: 4016K->4016K(1056768K)], 0.0419253 secs] [Times: user=0.08 sys=0.00, real=0.04 secs] 
47.603: [GC (CMS Initial Mark) [1 CMS-initial-mark: 6517K(6848K)] 9269K(9920K), 0.0054270 secs] [Times: user=0.02 sys=0.00, real=0.01 secs] 
47.608: [CMS-concurrent-mark-start]
47.608: [GC (Allocation Failure) 47.608: [ParNew (promotion failed): 2751K->3070K(3072K), 0.0173026 secs]47.626: [CMS47.635: [CMS-concurrent-mark: 0.009/0.027 secs] [Times: user=0.06 sys=0.00, real=0.03 secs] 
 (concurrent mode failure): 6519K->6517K(6848K), 0.0361595 secs] 9269K->9269K(9920K), [Metaspace: 4016K->4016K(1056768K)], 0.0535770 secs] [Times: user=0.09 sys=0.00, real=0.05 secs] 
47.662: [GC (Allocation Failure) 47.662: [ParNew (promotion failed): 2751K->3070K(3072K), 0.0189092 secs]47.681: [CMS: 6519K->6517K(6848K), 0.0314446 secs] 9269K->9269K(9920K), [Metaspace: 4016K->4016K(1056768K)], 0.0504789 secs] [Times: user=0.08 sys=0.00, real=0.05 secs] 
47.713: [GC (CMS Initial Mark) [1 CMS-initial-mark: 6517K(6848K)] 9269K(9920K), 0.0085482 secs] [Times: user=0.02 sys=0.00, real=0.01 secs] 
47.722: [CMS-concurrent-mark-start]
47.722: [GC (Allocation Failure) 47.722: [ParNew (promotion failed): 2751K->3070K(3072K), 0.0199521 secs]47.742: [CMS47.758: [CMS-concurrent-mark: 0.016/0.036 secs] [Times: user=0.06 sys=0.00, real=0.04 secs] 
 (concurrent mode failure): 6519K->6517K(6848K), 0.0497745 secs] 9269K->9269K(9920K), [Metaspace: 4016K->4016K(1056768K)], 0.0698393 secs] [Times: user=0.08 sys=0.02, real=0.07 secs] 
47.792: [GC (Allocation Failure) 47.792: [ParNew (promotion failed): 2751K->3070K(3072K), 0.0176199 secs]47.809: [CMS: 6519K->6517K(6848K), 0.0319492 secs] 9269K->9269K(9920K), [Metaspace: 4016K->4016K(1056768K)], 0.0496830 secs] [Times: user=0.08 sys=0.02, real=0.05 secs] 
47.841: [GC (CMS Initial Mark) [1 CMS-initial-mark: 6517K(6848K)] 9269K(9920K), 0.0054990 secs] [Times: user=0.00 sys=0.00, real=0.00 secs] 
47.847: [CMS-concurrent-mark-start]
47.847: [GC (Allocation Failure) 47.847: [ParNew (promotion failed): 2751K->3070K(3072K), 0.0173101 secs]47.865: [CMS47.874: [CMS-concurrent-mark: 0.010/0.027 secs] [Times: user=0.08 sys=0.00, real=0.03 secs] 
 (concurrent mode failure): 6519K->6517K(6848K), 0.0339187 secs] 9269K->9269K(9920K), [Metaspace: 4016K->4016K(1056768K)], 0.0513551 secs] [Times: user=0.09 sys=0.00, real=0.05 secs] 
47.899: [GC (Allocation Failure) 47.899: [ParNew (promotion failed): 2751K->3070K(3072K), 0.0172774 secs]47.916: [CMS: 6519K->6517K(6848K), 0.0298174 secs] 9269K->9269K(9920K), [Metaspace: 4016K->4016K(1056768K)], 0.0472015 secs] [Times: user=0.09 sys=0.00, real=0.05 secs] 
47.946: [GC (CMS Initial Mark) [1 CMS-initial-mark: 6517K(6848K)] 9269K(9920K), 0.0062135 secs] [Times: user=0.01 sys=0.00, real=0.01 secs] 
47.952: [CMS-concurrent-mark-start]
47.953: [GC (Allocation Failure) 47.953: [ParNew (promotion failed): 2751K->3070K(3072K), 0.0174673 secs]47.970: [CMS47.980: [CMS-concurrent-mark: 0.009/0.027 secs] [Times: user=0.06 sys=0.00, real=0.03 secs] 
 (concurrent mode failure): 6519K->6517K(6848K), 0.0372381 secs] 9269K->9269K(9920K), [Metaspace: 4016K->4016K(1056768K)], 0.0548071 secs] [Times: user=0.09 sys=0.00, real=0.06 secs] 
48.008: [GC (Allocation Failure) 48.008: [ParNew (promotion failed): 2751K->3070K(3072K), 0.0174135 secs]48.025: [CMS: 6519K->6517K(6848K), 0.0293677 secs] 9269K->9269K(9920K), [Metaspace: 4016K->4016K(1056768K)], 0.0469394 secs] [Times: user=0.09 sys=0.00, real=0.05 secs] 
48.055: [GC (CMS Initial Mark) [1 CMS-initial-mark: 6517K(6848K)] 9269K(9920K), 0.0059230 secs] [Times: user=0.02 sys=0.00, real=0.01 secs] 
48.061: [CMS-concurrent-mark-start]
48.061: [GC (Allocation Failure) 48.061: [ParNew (promotion failed): 2751K->3070K(3072K), 0.0179347 secs]48.079: [CMS48.092: [CMS-concurrent-mark: 0.013/0.031 secs] [Times: user=0.08 sys=0.00, real=0.03 secs] 
 (concurrent mode failure): 6519K->6517K(6848K), 0.0463778 secs] 9269K->9269K(9920K), [Metaspace: 4016K->4016K(1056768K)], 0.0644210 secs] [Times: user=0.11 sys=0.00, real=0.07 secs] 
48.125: [GC (Allocation Failure) 48.125: [ParNew (promotion failed): 2751K->3070K(3072K), 0.0182082 secs]48.144: [CMS: 6519K->6517K(6848K), 0.0293445 secs] 9269K->9269K(9920K), [Metaspace: 4016K->4016K(1056768K)], 0.0476658 secs] [Times: user=0.09 sys=0.00, real=0.05 secs] 
48.173: [GC (CMS Initial Mark) [1 CMS-initial-mark: 6517K(6848K)] 9269K(9920K), 0.0054519 secs] [Times: user=0.00 sys=0.00, real=0.00 secs] 
48.179: [CMS-concurrent-mark-start]
48.179: [GC (Allocation Failure) 48.179: [ParNew (promotion failed): 2751K->3070K(3072K), 0.0176808 secs]48.196: [CMS48.208: [CMS-concurrent-mark: 0.011/0.029 secs] [Times: user=0.08 sys=0.00, real=0.03 secs] 
 (concurrent mode failure): 6519K->6517K(6848K), 0.0398285 secs] 9269K->9269K(9920K), [Metaspace: 4016K->4016K(1056768K)], 0.0576088 secs] [Times: user=0.11 sys=0.00, real=0.06 secs] 
48.236: [GC (Allocation Failure) 48.236: [ParNew (promotion failed): 2751K->3069K(3072K), 0.0177712 secs]48.254: [CMS: 6519K->6517K(6848K), 0.0304936 secs] 9269K->9269K(9920K), [Metaspace: 4016K->4016K(1056768K)], 0.0483760 secs] [Times: user=0.08 sys=0.00, real=0.05 secs] 
48.285: [GC (CMS Initial Mark) [1 CMS-initial-mark: 6517K(6848K)] 9269K(9920K), 0.0056384 secs] [Times: user=0.00 sys=0.00, real=0.01 secs] 
48.291: [CMS-concurrent-mark-start]
48.291: [GC (Allocation Failure) 48.291: [ParNew (promotion failed): 2751K->3071K(3072K), 0.0177116 secs]48.308: [CMS48.318: [CMS-concurrent-mark: 0.009/0.027 secs] [Times: user=0.08 sys=0.00, real=0.03 secs] 
 (concurrent mode failure): 6519K->6517K(6848K), 0.0336305 secs] 9269K->9269K(9920K), [Metaspace: 4016K->4016K(1056768K)], 0.0514568 secs] [Times: user=0.11 sys=0.00, real=0.05 secs] 
48.342: [GC (Allocation Failure) 48.342: [ParNew (promotion failed): 2751K->3071K(3072K), 0.0181783 secs]48.361: [CMS: 6519K->6517K(6848K), 0.0238978 secs] 9269K->9269K(9920K), [Metaspace: 4016K->4016K(1056768K)], 0.0421736 secs] [Times: user=0.08 sys=0.00, real=0.04 secs] 
48.385: [GC (Allocation Failure) 48.385: [ParNew (promotion failed): 2751K->3071K(3072K), 0.0174072 secs]48.402: [CMS (concurrent mode failure): 6519K->6517K(6848K), 0.0294141 secs] 9269K->9269K(9920K), [Metaspace: 4016K->4016K(1056768K)], 0.0469354 secs] [Times: user=0.08 sys=0.01, real=0.05 secs] 
48.432: [GC (Allocation Failure) 48.432: [ParNew (promotion failed): 2751K->3071K(3072K), 0.0187130 secs]48.451: [CMS: 6519K->6517K(6848K), 0.0263722 secs] 9269K->9269K(9920K), [Metaspace: 4016K->4016K(1056768K)], 0.0452161 secs] [Times: user=0.08 sys=0.00, real=0.04 secs] 
48.477: [GC (CMS Initial Mark) [1 CMS-initial-mark: 6517K(6848K)] 9269K(9920K), 0.0063140 secs] [Times: user=0.02 sys=0.00, real=0.01 secs] 
48.484: [CMS-concurrent-mark-start]
48.484: [GC (Allocation Failure) 48.484: [ParNew (promotion failed): 2751K->3071K(3072K), 0.0185359 secs]48.503: [CMS48.516: [CMS-concurrent-mark: 0.014/0.032 secs] [Times: user=0.06 sys=0.00, real=0.03 secs] 
 (concurrent mode failure): 6519K->6517K(6848K), 0.0415473 secs] 9269K->9269K(9920K), [Metaspace: 4016K->4016K(1056768K)], 0.0602162 secs] [Times: user=0.08 sys=0.00, real=0.06 secs] 
48.545: [GC (Allocation Failure) 48.545: [ParNew (promotion failed): 2751K->3071K(3072K), 0.0180259 secs]48.563: [CMS: 6519K->6517K(6848K), 0.0297868 secs] 9269K->9269K(9920K), [Metaspace: 4016K->4016K(1056768K)], 0.0479430 secs] [Times: user=0.16 sys=0.00, real=0.05 secs] 
48.593: [GC (CMS Initial Mark) [1 CMS-initial-mark: 6517K(6848K)] 9269K(9920K), 0.0071005 secs] [Times: user=0.00 sys=0.00, real=0.01 secs] 
48.600: [CMS-concurrent-mark-start]
48.600: [GC (Allocation Failure) 48.600: [ParNew (promotion failed): 2751K->3071K(3072K), 0.0177636 secs]48.618: [CMS48.628: [CMS-concurrent-mark: 0.010/0.028 secs] [Times: user=0.08 sys=0.00, real=0.03 secs] 
 (concurrent mode failure): 6519K->6517K(6848K), 0.0365208 secs] 9269K->9269K(9920K), [Metaspace: 4016K->4016K(1056768K)], 0.0544277 secs] [Times: user=0.11 sys=0.00, real=0.05 secs] 
48.655: [GC (Allocation Failure) 48.655: [ParNew (promotion failed): 2751K->3070K(3072K), 0.0191393 secs]48.674: [CMS: 6519K->6517K(6848K), 0.0338407 secs] 9269K->9269K(9920K), [Metaspace: 4016K->4016K(1056768K)], 0.0531113 secs] [Times: user=0.06 sys=0.02, real=0.05 secs] 
48.708: [GC (CMS Initial Mark) [1 CMS-initial-mark: 6517K(6848K)] 9269K(9920K), 0.0074991 secs] [Times: user=0.00 sys=0.00, real=0.01 secs] 
48.715: [CMS-concurrent-mark-start]
48.715: [GC (Allocation Failure) 48.716: [ParNew (promotion failed): 2751K->3070K(3072K), 0.0175981 secs]48.733: [CMS48.745: [CMS-concurrent-mark: 0.012/0.030 secs] [Times: user=0.06 sys=0.00, real=0.03 secs] 
 (concurrent mode failure): 6519K->6517K(6848K), 0.0443892 secs] 9269K->9269K(9920K), [Metaspace: 4016K->4016K(1056768K)], 0.0620890 secs] [Times: user=0.09 sys=0.00, real=0.06 secs] 
48.778: [GC (Allocation Failure) 48.778: [ParNew (promotion failed): 2751K->3070K(3072K), 0.0171836 secs]48.795: [CMS: 6519K->6517K(6848K), 0.0289015 secs] 9269K->9269K(9920K), [Metaspace: 4016K->4016K(1056768K)], 0.0462005 secs] [Times: user=0.09 sys=0.00, real=0.05 secs] 
48.824: [GC (Allocation Failure) 48.824: [ParNew (promotion failed): 2751K->3070K(3072K), 0.0178832 secs]48.842: [CMS (concurrent mode failure): 6519K->6517K(6848K), 0.0299063 secs] 9269K->9269K(9920K), [Metaspace: 4016K->4016K(1056768K)], 0.0479110 secs] [Times: user=0.09 sys=0.00, real=0.05 secs] 
48.872: [GC (Allocation Failure) 48.872: [ParNew (promotion failed): 2751K->3070K(3072K), 0.0180523 secs]48.890: [CMS: 6519K->6517K(6848K), 0.0333850 secs] 9269K->9269K(9920K), [Metaspace: 4016K->4016K(1056768K)], 0.0515931 secs] [Times: user=0.14 sys=0.00, real=0.05 secs] 
48.924: [GC (Allocation Failure) 48.924: [ParNew (promotion failed): 2751K->3070K(3072K), 0.0177085 secs]48.942: [CMS: 6519K->6517K(6848K), 0.0267312 secs] 9269K->9269K(9920K), [Metaspace: 4016K->4016K(1056768K)], 0.0445689 secs] [Times: user=0.09 sys=0.00, real=0.04 secs] 
48.969: [GC (CMS Initial Mark) [1 CMS-initial-mark: 6517K(6848K)] 9269K(9920K), 0.0058144 secs] [Times: user=0.00 sys=0.00, real=0.01 secs] 
48.975: [CMS-concurrent-mark-start]
48.975: [GC (Allocation Failure) 48.975: [ParNew (promotion failed): 2751K->3070K(3072K), 0.0174023 secs]48.992: [CMS49.001: [CMS-concurrent-mark: 0.009/0.027 secs] [Times: user=0.08 sys=0.00, real=0.03 secs] 
 (concurrent mode failure): 6519K->6517K(6848K), 0.0337118 secs] 9269K->9269K(9920K), [Metaspace: 4016K->4016K(1056768K)], 0.0512133 secs] [Times: user=0.09 sys=0.00, real=0.05 secs] 
49.026: [GC (Allocation Failure) 49.026: [ParNew (promotion failed): 2751K->3070K(3072K), 0.0178635 secs]49.044: [CMS: 6519K->6517K(6848K), 0.0280803 secs] 9269K->9269K(9920K), [Metaspace: 4016K->4016K(1056768K)], 0.0460374 secs] [Times: user=0.09 sys=0.00, real=0.05 secs] 
49.072: [GC (CMS Initial Mark) [1 CMS-initial-mark: 6517K(6848K)] 9269K(9920K), 0.0055784 secs] [Times: user=0.02 sys=0.00, real=0.01 secs] 
49.078: [CMS-concurrent-mark-start]
49.078: [GC (Allocation Failure) 49.078: [ParNew (promotion failed): 2751K->3070K(3072K), 0.0177612 secs]49.096: [CMS49.107: [CMS-concurrent-mark: 0.011/0.029 secs] [Times: user=0.08 sys=0.00, real=0.03 secs] 
 (concurrent mode failure): 6519K->6517K(6848K), 0.0398519 secs] 9269K->9269K(9920K), [Metaspace: 4016K->4016K(1056768K)], 0.0577316 secs] [Times: user=0.09 sys=0.00, real=0.06 secs] 
49.136: [GC (Allocation Failure) 49.136: [ParNew (promotion failed): 2751K->3070K(3072K), 0.0175462 secs]49.154: [CMS: 6519K->6517K(6848K), 0.0284068 secs] 9269K->9269K(9920K), [Metaspace: 4016K->4016K(1056768K)], 0.0460875 secs] [Times: user=0.08 sys=0.00, real=0.05 secs] 
49.183: [GC (Allocation Failure) 49.183: [ParNew (promotion failed): 2751K->3070K(3072K), 0.0190721 secs]49.202: [CMS (concurrent mode failure): 6519K->6517K(6848K), 0.0315423 secs] 9269K->9269K(9920K), [Metaspace: 4016K->4016K(1056768K)], 0.0508318 secs] [Times: user=0.09 sys=0.01, real=0.05 secs] 
49.234: [GC (Allocation Failure) 49.234: [ParNew (promotion failed): 2751K->3070K(3072K), 0.0186269 secs]49.252: [CMS: 6519K->6517K(6848K), 0.0306722 secs] 9269K->9269K(9920K), [Metaspace: 4016K->4016K(1056768K)], 0.0494527 secs] [Times: user=0.03 sys=0.00, real=0.05 secs] 
49.283: [GC (CMS Initial Mark) [1 CMS-initial-mark: 6517K(6848K)] 9269K(9920K), 0.0055520 secs] [Times: user=0.00 sys=0.00, real=0.01 secs] 
49.289: [CMS-concurrent-mark-start]
49.289: [GC (Allocation Failure) 49.289: [ParNew (promotion failed): 2751K->3070K(3072K), 0.0174506 secs]49.306: [CMS49.316: [CMS-concurrent-mark: 0.009/0.027 secs] [Times: user=0.08 sys=0.00, real=0.03 secs] 
 (concurrent mode failure): 6519K->6517K(6848K), 0.0330663 secs] 9269K->9269K(9920K), [Metaspace: 4016K->4016K(1056768K)], 0.0506118 secs] [Times: user=0.09 sys=0.00, real=0.05 secs] 
49.340: [GC (Allocation Failure) 49.340: [ParNew (promotion failed): 2751K->3070K(3072K), 0.0176049 secs]49.357: [CMS: 6520K->6517K(6848K), 0.0243822 secs] 9269K->9269K(9920K), [Metaspace: 4016K->4016K(1056768K)], 0.0420827 secs] [Times: user=0.09 sys=0.00, real=0.04 secs] 
49.382: [GC (CMS Initial Mark) [1 CMS-initial-mark: 6517K(6848K)] 9269K(9920K), 0.0055769 secs] [Times: user=0.00 sys=0.00, real=0.01 secs] 
49.388: [CMS-concurrent-mark-start]
49.388: [GC (Allocation Failure) 49.388: [ParNew (promotion failed): 2751K->3070K(3072K), 0.0176207 secs]49.405: [CMS49.414: [CMS-concurrent-mark: 0.009/0.026 secs] [Times: user=0.13 sys=0.00, real=0.03 secs] 
 (concurrent mode failure): 6519K->6517K(6848K), 0.0330327 secs] 9269K->9269K(9920K), [Metaspace: 4016K->4016K(1056768K)], 0.0507465 secs] [Times: user=0.14 sys=0.02, real=0.05 secs] 
49.439: [GC (Allocation Failure) 49.439: [ParNew (promotion failed): 2751K->3070K(3072K), 0.0174429 secs]49.456: [CMS: 6519K->6517K(6848K), 0.0237023 secs] 9269K->9269K(9920K), [Metaspace: 4016K->4016K(1056768K)], 0.0412376 secs] [Times: user=0.08 sys=0.00, real=0.04 secs] 
49.480: [GC (CMS Initial Mark) [1 CMS-initial-mark: 6517K(6848K)] 9269K(9920K), 0.0055575 secs] [Times: user=0.02 sys=0.00, real=0.01 secs] 
49.486: [CMS-concurrent-mark-start]
49.486: [GC (Allocation Failure) 49.486: [ParNew (promotion failed): 2751K->3069K(3072K), 0.0177284 secs]49.503: [CMS49.512: [CMS-concurrent-mark: 0.009/0.027 secs] [Times: user=0.06 sys=0.00, real=0.03 secs] 
 (concurrent mode failure): 6519K->6517K(6848K), 0.0319501 secs] 9269K->9269K(9920K), [Metaspace: 4016K->4016K(1056768K)], 0.0497651 secs] [Times: user=0.08 sys=0.02, real=0.05 secs] 
49.536: [GC (Allocation Failure) 49.536: [ParNew (promotion failed): 2751K->3071K(3072K), 0.0172983 secs]49.553: [CMS: 6519K->6517K(6848K), 0.0243562 secs] 9269K->9269K(9920K), [Metaspace: 4016K->4016K(1056768K)], 0.0417474 secs] [Times: user=0.09 sys=0.00, real=0.04 secs] 
49.577: [GC (CMS Initial Mark) [1 CMS-initial-mark: 6517K(6848K)] 9269K(9920K), 0.0055742 secs] [Times: user=0.00 sys=0.00, real=0.01 secs] 
49.583: [CMS-concurrent-mark-start]
49.583: [GC (Allocation Failure) 49.583: [ParNew (promotion failed): 2751K->3071K(3072K), 0.0180024 secs]49.601: [CMS49.612: [CMS-concurrent-mark: 0.010/0.029 secs] [Times: user=0.05 sys=0.00, real=0.03 secs] 
 (concurrent mode failure): 6519K->6517K(6848K), 0.0375635 secs] 9269K->9269K(9920K), [Metaspace: 4016K->4016K(1056768K)], 0.0556503 secs] [Times: user=0.08 sys=0.00, real=0.06 secs] 
49.639: [GC (Allocation Failure) 49.639: [ParNew (promotion failed): 2751K->3071K(3072K), 0.0178121 secs]49.657: [CMS: 6519K->6517K(6848K), 0.0294804 secs] 9269K->9269K(9920K), [Metaspace: 4016K->4016K(1056768K)], 0.0473947 secs] [Times: user=0.09 sys=0.00, real=0.05 secs] 
49.687: [GC (CMS Initial Mark) [1 CMS-initial-mark: 6517K(6848K)] 9269K(9920K), 0.0082745 secs] [Times: user=0.00 sys=0.00, real=0.01 secs] 
49.695: [CMS-concurrent-mark-start]
49.695: [GC (Allocation Failure) 49.695: [ParNew (promotion failed): 2751K->3071K(3072K), 0.0175221 secs]49.712: [CMS49.722: [CMS-concurrent-mark: 0.010/0.027 secs] [Times: user=0.06 sys=0.00, real=0.03 secs] 
 (concurrent mode failure): 6520K->6517K(6848K), 0.0348611 secs] 9269K->9269K(9920K), [Metaspace: 4016K->4016K(1056768K)], 0.0524692 secs] [Times: user=0.08 sys=0.00, real=0.05 secs] 
49.748: [GC (Allocation Failure) 49.748: [ParNew (promotion failed): 2751K->3071K(3072K), 0.0175920 secs]49.765: [CMS: 6520K->6517K(6848K), 0.0244322 secs] 9269K->9269K(9920K), [Metaspace: 4016K->4016K(1056768K)], 0.0421198 secs] [Times: user=0.06 sys=0.00, real=0.04 secs] 
49.790: [GC (CMS Initial Mark) [1 CMS-initial-mark: 6517K(6848K)] 9269K(9920K), 0.0055616 secs] [Times: user=0.02 sys=0.00, real=0.01 secs] 
49.795: [CMS-concurrent-mark-start]
49.796: [GC (Allocation Failure) 49.796: [ParNew (promotion failed): 2751K->3071K(3072K), 0.0179697 secs]49.814: [CMS49.823: [CMS-concurrent-mark: 0.009/0.027 secs] [Times: user=0.06 sys=0.00, real=0.03 secs] 
 (concurrent mode failure): 6520K->6517K(6848K), 0.0337683 secs] 9269K->9269K(9920K), [Metaspace: 4016K->4016K(1056768K)], 0.0518344 secs] [Times: user=0.09 sys=0.00, real=0.05 secs] 
49.848: [GC (Allocation Failure) 49.848: [ParNew (promotion failed): 2751K->3071K(3072K), 0.0180415 secs]49.866: [CMS: 6519K->6517K(6848K), 0.0247261 secs] 9269K->9269K(9920K), [Metaspace: 4016K->4016K(1056768K)], 0.0428713 secs] [Times: user=0.09 sys=0.00, real=0.04 secs] 
49.891: [GC (CMS Initial Mark) [1 CMS-initial-mark: 6517K(6848K)] 9269K(9920K), 0.0056097 secs] [Times: user=0.00 sys=0.00, real=0.00 secs] 
49.896: [CMS-concurrent-mark-start]
49.896: [GC (Allocation Failure) 49.896: [ParNew (promotion failed): 2751K->3070K(3072K), 0.0180995 secs]49.914: [CMS49.925: [CMS-concurrent-mark: 0.010/0.029 secs] [Times: user=0.08 sys=0.00, real=0.03 secs] 
 (concurrent mode failure): 6519K->6517K(6848K), 0.0364823 secs] 9269K->9269K(9920K), [Metaspace: 4016K->4016K(1056768K)], 0.0546967 secs] [Times: user=0.11 sys=0.00, real=0.06 secs] 
49.951: [GC (Allocation Failure) 49.951: [ParNew (promotion failed): 2751K->3070K(3072K), 0.0185414 secs]49.970: [CMS: 6519K->6517K(6848K), 0.0273304 secs] 9269K->9269K(9920K), [Metaspace: 4016K->4016K(1056768K)], 0.0460036 secs] [Times: user=0.06 sys=0.00, real=0.05 secs] 
49.997: [GC (CMS Initial Mark) [1 CMS-initial-mark: 6517K(6848K)] 9269K(9920K), 0.0058559 secs] [Times: user=0.02 sys=0.00, real=0.01 secs] 
50.003: [CMS-concurrent-mark-start]
50.003: [GC (Allocation Failure) 50.003: [ParNew (promotion failed): 2751K->3070K(3072K), 0.0180706 secs]50.021: [CMS50.031: [CMS-concurrent-mark: 0.010/0.028 secs] [Times: user=0.08 sys=0.00, real=0.03 secs] 
 (concurrent mode failure): 6520K->6517K(6848K), 0.0354628 secs] 9269K->9269K(9920K), [Metaspace: 4016K->4016K(1056768K)], 0.0536389 secs] [Times: user=0.09 sys=0.00, real=0.05 secs] 
50.057: [GC (Allocation Failure) 50.057: [ParNew (promotion failed): 2751K->3070K(3072K), 0.0171452 secs]50.074: [CMS: 6520K->6517K(6848K), 0.0244688 secs] 9270K->9269K(9920K), [Metaspace: 4016K->4016K(1056768K)], 0.0417137 secs] [Times: user=0.08 sys=0.02, real=0.04 secs] 
50.099: [GC (CMS Initial Mark) [1 CMS-initial-mark: 6517K(6848K)] 9269K(9920K), 0.0056984 secs] [Times: user=0.00 sys=0.00, real=0.01 secs] 
50.105: [CMS-concurrent-mark-start]
50.105: [GC (Allocation Failure) 50.105: [ParNew (promotion failed): 2751K->3070K(3072K), 0.0174746 secs]50.122: [CMS50.132: [CMS-concurrent-mark: 0.009/0.027 secs] [Times: user=0.05 sys=0.02, real=0.03 secs] 
 (concurrent mode failure): 6520K->6517K(6848K), 0.0336152 secs] 9269K->9269K(9920K), [Metaspace: 4016K->4016K(1056768K)], 0.0511863 secs] [Times: user=0.08 sys=0.02, real=0.05 secs] 
50.156: [GC (Allocation Failure) 50.156: [ParNew (promotion failed): 2751K->3070K(3072K), 0.0176255 secs]50.174: [CMS: 6520K->6517K(6848K), 0.0244331 secs] 9269K->9269K(9920K), [Metaspace: 4016K->4016K(1056768K)], 0.0421604 secs] [Times: user=0.08 sys=0.00, real=0.04 secs] 
50.198: [GC (CMS Initial Mark) [1 CMS-initial-mark: 6517K(6848K)] 9269K(9920K), 0.0059360 secs] [Times: user=0.02 sys=0.00, real=0.01 secs] 
50.204: [CMS-concurrent-mark-start]
50.205: [GC (Allocation Failure) 50.205: [ParNew (promotion failed): 2751K->3070K(3072K), 0.0176711 secs]50.222: [CMS50.231: [CMS-concurrent-mark: 0.009/0.027 secs] [Times: user=0.06 sys=0.00, real=0.03 secs] 
 (concurrent mode failure): 6519K->6517K(6848K), 0.0328131 secs] 9269K->9269K(9920K), [Metaspace: 4016K->4016K(1056768K)], 0.0505783 secs] [Times: user=0.09 sys=0.00, real=0.05 secs] 
50.255: [GC (Allocation Failure) 50.255: [ParNew (promotion failed): 2751K->3070K(3072K), 0.0178785 secs]50.273: [CMS: 6519K->6517K(6848K), 0.0251960 secs] 9269K->9269K(9920K), [Metaspace: 4016K->4016K(1056768K)], 0.0431707 secs] [Times: user=0.09 sys=0.00, real=0.04 secs] 
50.299: [GC (CMS Initial Mark) [1 CMS-initial-mark: 6517K(6848K)] 9269K(9920K), 0.0055652 secs] [Times: user=0.00 sys=0.00, real=0.00 secs] 
50.304: [CMS-concurrent-mark-start]
50.304: [GC (Allocation Failure) 50.304: [ParNew (promotion failed): 2751K->3070K(3072K), 0.0179647 secs]50.322: [CMS50.332: [CMS-concurrent-mark: 0.010/0.028 secs] [Times: user=0.08 sys=0.00, real=0.03 secs] 
 (concurrent mode failure): 6520K->6517K(6848K), 0.0342408 secs] 9269K->9269K(9920K), [Metaspace: 4016K->4016K(1056768K)], 0.0523160 secs] [Times: user=0.09 sys=0.00, real=0.05 secs] 
50.357: [GC (Allocation Failure) 50.357: [ParNew (promotion failed): 2751K->3070K(3072K), 0.0183092 secs]50.375: [CMS: 6520K->6517K(6848K), 0.0253254 secs] 9269K->9269K(9920K), [Metaspace: 4016K->4016K(1056768K)], 0.0437464 secs] [Times: user=0.14 sys=0.00, real=0.04 secs] 
50.401: [GC (CMS Initial Mark) [1 CMS-initial-mark: 6518K(6848K)] 9270K(9920K), 0.0060722 secs] [Times: user=0.01 sys=0.00, real=0.01 secs] 
50.407: [CMS-concurrent-mark-start]
50.407: [GC (Allocation Failure) 50.407: [ParNew (promotion failed): 2751K->3070K(3072K), 0.0178160 secs]50.425: [CMS50.434: [CMS-concurrent-mark: 0.009/0.027 secs] [Times: user=0.06 sys=0.00, real=0.03 secs] 
 (concurrent mode failure): 6520K->6517K(6848K), 0.0336722 secs] 9270K->9269K(9920K), [Metaspace: 4016K->4016K(1056768K)], 0.0515922 secs] [Times: user=0.09 sys=0.00, real=0.05 secs] 
50.459: [GC (Allocation Failure) 50.459: [ParNew (promotion failed): 2751K->3070K(3072K), 0.0177026 secs]50.476: [CMS: 6520K->6517K(6848K), 0.0256663 secs] 9270K->9269K(9920K), [Metaspace: 4016K->4016K(1056768K)], 0.0434547 secs] [Times: user=0.09 sys=0.00, real=0.04 secs] 
50.502: [GC (CMS Initial Mark) [1 CMS-initial-mark: 6518K(6848K)] 9270K(9920K), 0.0051604 secs] [Times: user=0.00 sys=0.00, real=0.00 secs] 
50.507: [CMS-concurrent-mark-start]
50.508: [GC (Allocation Failure) 50.508: [ParNew (promotion failed): 2751K->3070K(3072K), 0.0178801 secs]50.525: [CMS50.535: [CMS-concurrent-mark: 0.009/0.027 secs] [Times: user=0.08 sys=0.00, real=0.03 secs] 
 (concurrent mode failure): 6520K->6517K(6848K), 0.0340918 secs] 9270K->9269K(9920K), [Metaspace: 4016K->4016K(1056768K)], 0.0520636 secs] [Times: user=0.09 sys=0.00, real=0.05 secs] 
50.560: [GC (Allocation Failure) 50.560: [ParNew (promotion failed): 2751K->3070K(3072K), 0.0175081 secs]50.577: [CMS: 6519K->6517K(6848K), 0.0248787 secs] 9269K->9269K(9920K), [Metaspace: 4016K->4016K(1056768K)], 0.0424800 secs] [Times: user=0.09 sys=0.00, real=0.04 secs] 
50.602: [GC (CMS Initial Mark) [1 CMS-initial-mark: 6517K(6848K)] 9269K(9920K), 0.0054316 secs] [Times: user=0.02 sys=0.00, real=0.01 secs] 
50.608: [CMS-concurrent-mark-start]
50.608: [GC (Allocation Failure) 50.608: [ParNew (promotion failed): 2751K->3070K(3072K), 0.0174194 secs]50.625: [CMS50.635: [CMS-concurrent-mark: 0.009/0.027 secs] [Times: user=0.06 sys=0.00, real=0.03 secs] 
 (concurrent mode failure): 6519K->6517K(6848K), 0.0373898 secs] 9269K->9269K(9920K), [Metaspace: 4016K->4016K(1056768K)], 0.0549267 secs] [Times: user=0.09 sys=0.00, real=0.05 secs] 
50.663: [GC (Allocation Failure) 50.663: [ParNew (promotion failed): 2751K->3070K(3072K), 0.0185855 secs]50.682: [CMS: 6520K->6517K(6848K), 0.0286449 secs] 9269K->9269K(9920K), [Metaspace: 4016K->4016K(1056768K)], 0.0473482 secs] [Times: user=0.08 sys=0.00, real=0.05 secs] 
50.710: [GC (CMS Initial Mark) [1 CMS-initial-mark: 6518K(6848K)] 9270K(9920K), 0.0066480 secs] [Times: user=0.02 sys=0.00, real=0.01 secs] 
50.717: [CMS-concurrent-mark-start]
50.717: [GC (Allocation Failure) 50.717: [ParNew (promotion failed): 2751K->3069K(3072K), 0.0188039 secs]50.736: [CMS50.745: [CMS-concurrent-mark: 0.009/0.028 secs] [Times: user=0.05 sys=0.00, real=0.03 secs] 
 (concurrent mode failure): 6520K->6518K(6848K), 0.0354386 secs] 9270K->9270K(9920K), [Metaspace: 4016K->4016K(1056768K)], 0.0543541 secs] [Times: user=0.08 sys=0.00, real=0.05 secs] 
50.772: [GC (Allocation Failure) 50.772: [ParNew (promotion failed): 2751K->3071K(3072K), 0.0178294 secs]50.790: [CMS: 6520K->6517K(6848K), 0.0319699 secs] 9270K->9269K(9920K), [Metaspace: 4016K->4016K(1056768K)], 0.0499215 secs] [Times: user=0.09 sys=0.00, real=0.05 secs] 
50.822: [GC (CMS Initial Mark) [1 CMS-initial-mark: 6518K(6848K)] 9270K(9920K), 0.0060307 secs] [Times: user=0.02 sys=0.00, real=0.01 secs] 
50.828: [CMS-concurrent-mark-start]
50.828: [GC (Allocation Failure) 50.828: [ParNew (promotion failed): 2751K->3071K(3072K), 0.0179796 secs]50.846: [CMS50.857: [CMS-concurrent-mark: 0.010/0.029 secs] [Times: user=0.06 sys=0.00, real=0.03 secs] 
 (concurrent mode failure): 6520K->6517K(6848K), 0.0369613 secs] 9270K->9269K(9920K), [Metaspace: 4016K->4016K(1056768K)], 0.0550730 secs] [Times: user=0.09 sys=0.00, real=0.05 secs] 
50.883: [GC (Allocation Failure) 50.883: [ParNew (promotion failed): 2751K->3071K(3072K), 0.0178544 secs]50.901: [CMS: 6520K->6517K(6848K), 0.0263403 secs] 9270K->9269K(9920K), [Metaspace: 4016K->4016K(1056768K)], 0.0442932 secs] [Times: user=0.09 sys=0.00, real=0.04 secs] 
50.928: [GC (CMS Initial Mark) [1 CMS-initial-mark: 6517K(6848K)] 9269K(9920K), 0.0059814 secs] [Times: user=0.00 sys=0.00, real=0.01 secs] 
50.934: [CMS-concurrent-mark-start]
50.934: [GC (Allocation Failure) 50.934: [ParNew (promotion failed): 2751K->3071K(3072K), 0.0180324 secs]50.952: [CMS50.963: [CMS-concurrent-mark: 0.011/0.029 secs] [Times: user=0.08 sys=0.00, real=0.03 secs] 
 (concurrent mode failure): 6519K->6517K(6848K), 0.0391410 secs] 9269K->9269K(9920K), [Metaspace: 4016K->4016K(1056768K)], 0.0573466 secs] [Times: user=0.11 sys=0.00, real=0.06 secs] 
50.991: [GC (Allocation Failure) 50.991: [ParNew (promotion failed): 2751K->3071K(3072K), 0.0176980 secs]51.009: [CMS: 6520K->6517K(6848K), 0.0248391 secs] 9269K->9269K(9920K), [Metaspace: 4016K->4016K(1056768K)], 0.0426372 secs] [Times: user=0.09 sys=0.00, real=0.04 secs] 
51.034: [GC (CMS Initial Mark) [1 CMS-initial-mark: 6518K(6848K)] 9270K(9920K), 0.0078488 secs] [Times: user=0.00 sys=0.00, real=0.01 secs] 
51.042: [CMS-concurrent-mark-start]
51.042: [GC (Allocation Failure) 51.042: [ParNew (promotion failed): 2751K->3071K(3072K), 0.0179510 secs]51.060: [CMS51.070: [CMS-concurrent-mark: 0.010/0.028 secs] [Times: user=0.05 sys=0.02, real=0.03 secs] 
 (concurrent mode failure): 6520K->6518K(6848K), 0.0352173 secs] 9270K->9270K(9920K), [Metaspace: 4016K->4016K(1056768K)], 0.0532869 secs] [Times: user=0.08 sys=0.02, real=0.05 secs] 
51.096: [GC (Allocation Failure) 51.096: [ParNew (promotion failed): 2751K->3071K(3072K), 0.0179644 secs]51.114: [CMS: 6520K->6518K(6848K), 0.0268076 secs] 9270K->9270K(9920K), [Metaspace: 4016K->4016K(1056768K)], 0.0448672 secs] [Times: user=0.09 sys=0.00, real=0.05 secs] 
51.141: [GC (CMS Initial Mark) [1 CMS-initial-mark: 6518K(6848K)] 9270K(9920K), 0.0056051 secs] [Times: user=0.00 sys=0.00, real=0.01 secs] 
51.146: [CMS-concurrent-mark-start]
51.147: [GC (Allocation Failure) 51.147: [ParNew (promotion failed): 2751K->3070K(3072K), 0.0182193 secs]51.165: [CMS51.174: [CMS-concurrent-mark: 0.010/0.028 secs] [Times: user=0.08 sys=0.00, real=0.03 secs] 
 (concurrent mode failure): 6520K->6518K(6848K), 0.0354408 secs] 9270K->9270K(9920K), [Metaspace: 4016K->4016K(1056768K)], 0.0537613 secs] [Times: user=0.09 sys=0.00, real=0.05 secs] 
51.200: [GC (Allocation Failure) 51.200: [ParNew (promotion failed): 2751K->3070K(3072K), 0.0175163 secs]51.218: [CMS: 6520K->6518K(6848K), 0.0264432 secs] 9270K->9270K(9920K), [Metaspace: 4016K->4016K(1056768K)], 0.0440580 secs] [Times: user=0.14 sys=0.00, real=0.04 secs] 
51.245: [GC (CMS Initial Mark) [1 CMS-initial-mark: 6518K(6848K)] 9270K(9920K), 0.0062000 secs] [Times: user=0.02 sys=0.00, real=0.01 secs] 
51.251: [CMS-concurrent-mark-start]
51.251: [GC (Allocation Failure) 51.251: [ParNew (promotion failed): 2751K->3070K(3072K), 0.0176409 secs]51.269: [CMS51.278: [CMS-concurrent-mark: 0.009/0.027 secs] [Times: user=0.06 sys=0.00, real=0.03 secs] 
 (concurrent mode failure): 6520K->6517K(6848K), 0.0352414 secs] 9270K->9269K(9920K), [Metaspace: 4016K->4016K(1056768K)], 0.0529850 secs] [Times: user=0.09 sys=0.00, real=0.05 secs] 
51.304: [GC (Allocation Failure) 51.304: [ParNew (promotion failed): 2751K->3070K(3072K), 0.0173815 secs]51.322: [CMS: 6520K->6517K(6848K), 0.0289468 secs] 9269K->9269K(9920K), [Metaspace: 4016K->4016K(1056768K)], 0.0464497 secs] [Times: user=0.08 sys=0.01, real=0.05 secs] 
51.351: [GC (CMS Initial Mark) [1 CMS-initial-mark: 6517K(6848K)] 9269K(9920K), 0.0056825 secs] [Times: user=0.00 sys=0.00, real=0.01 secs] 
51.356: [CMS-concurrent-mark-start]
51.356: [GC (Allocation Failure) 51.357: [ParNew (promotion failed): 2751K->3070K(3072K), 0.0179013 secs]51.374: [CMS51.384: [CMS-concurrent-mark: 0.009/0.027 secs] [Times: user=0.13 sys=0.00, real=0.03 secs] 
 (concurrent mode failure): 6520K->6517K(6848K), 0.0342642 secs] 9269K->9269K(9920K), [Metaspace: 4016K->4016K(1056768K)], 0.0522608 secs] [Times: user=0.16 sys=0.00, real=0.05 secs] 
51.409: [GC (Allocation Failure) 51.409: [ParNew (promotion failed): 2751K->3070K(3072K), 0.0178291 secs]51.427: [CMS: 6520K->6518K(6848K), 0.0251174 secs] 9270K->9270K(9920K), [Metaspace: 4016K->4016K(1056768K)], 0.0430475 secs] [Times: user=0.09 sys=0.00, real=0.04 secs] 
51.452: [GC (CMS Initial Mark) [1 CMS-initial-mark: 6518K(6848K)] 9270K(9920K), 0.0054142 secs] [Times: user=0.00 sys=0.00, real=0.01 secs] 
51.458: [CMS-concurrent-mark-start]
51.458: [GC (Allocation Failure) 51.458: [ParNew (promotion failed): 2751K->3070K(3072K), 0.0177300 secs]51.475: [CMS51.498: [CMS-concurrent-mark: 0.022/0.040 secs] [Times: user=0.09 sys=0.00, real=0.04 secs] 
 (concurrent mode failure): 6520K->6518K(6848K), 0.0682813 secs] 9270K->9270K(9920K), [Metaspace: 4016K->4016K(1056768K)], 0.0861120 secs] [Times: user=0.13 sys=0.00, real=0.09 secs] 
51.544: [GC (Allocation Failure) 51.544: [ParNew (promotion failed): 2751K->3070K(3072K), 0.0180357 secs]51.562: [CMS: 6520K->6518K(6848K), 0.0348379 secs] 9270K->9270K(9920K), [Metaspace: 4016K->4016K(1056768K)], 0.0529791 secs] [Times: user=0.16 sys=0.00, real=0.05 secs] 
51.597: [GC (CMS Initial Mark) [1 CMS-initial-mark: 6518K(6848K)] 9270K(9920K), 0.0067596 secs] [Times: user=0.00 sys=0.00, real=0.01 secs] 
51.604: [CMS-concurrent-mark-start]
51.604: [GC (Allocation Failure) 51.604: [ParNew (promotion failed): 2751K->3070K(3072K), 0.0175522 secs]51.622: [CMS51.636: [CMS-concurrent-mark: 0.014/0.032 secs] [Times: user=0.05 sys=0.00, real=0.03 secs] 
 (concurrent mode failure): 6520K->6518K(6848K), 0.0485710 secs] 9270K->9270K(9920K), [Metaspace: 4016K->4016K(1056768K)], 0.0662476 secs] [Times: user=0.08 sys=0.02, real=0.07 secs] 
51.671: [GC (Allocation Failure) 51.671: [ParNew (promotion failed): 2751K->3070K(3072K), 0.0177569 secs]51.689: [CMS: 6520K->6517K(6848K), 0.0369643 secs] 9270K->9269K(9920K), [Metaspace: 4016K->4016K(1056768K)], 0.0548264 secs] [Times: user=0.08 sys=0.00, real=0.06 secs] 
51.726: [GC (CMS Initial Mark) [1 CMS-initial-mark: 6517K(6848K)] 9269K(9920K), 0.0083557 secs] [Times: user=0.02 sys=0.00, real=0.01 secs] 
51.734: [CMS-concurrent-mark-start]
51.734: [GC (Allocation Failure) 51.734: [ParNew (promotion failed): 2751K->3070K(3072K), 0.0178989 secs]51.752: [CMS51.768: [CMS-concurrent-mark: 0.016/0.034 secs] [Times: user=0.06 sys=0.00, real=0.03 secs] 
 (concurrent mode failure): 6520K->6517K(6848K), 0.0532060 secs] 9269K->9269K(9920K), [Metaspace: 4016K->4016K(1056768K)], 0.0712379 secs] [Times: user=0.09 sys=0.00, real=0.07 secs] 
51.806: [GC (Allocation Failure) 51.806: [ParNew (promotion failed): 2751K->3070K(3072K), 0.0175179 secs]51.823: [CMS: 6520K->6518K(6848K), 0.0367380 secs] 9270K->9270K(9920K), [Metaspace: 4016K->4016K(1056768K)], 0.0543630 secs] [Times: user=0.08 sys=0.00, real=0.06 secs] 
51.860: [GC (CMS Initial Mark) [1 CMS-initial-mark: 6518K(6848K)] 9270K(9920K), 0.0062176 secs] [Times: user=0.00 sys=0.00, real=0.01 secs] 
51.867: [CMS-concurrent-mark-start]
51.867: [GC (Allocation Failure) 51.867: [ParNew (promotion failed): 2751K->3070K(3072K), 0.0179036 secs]51.885: [CMS51.897: [CMS-concurrent-mark: 0.012/0.030 secs] [Times: user=0.08 sys=0.00, real=0.03 secs] 
 (concurrent mode failure): 6520K->6518K(6848K), 0.0426395 secs] 9270K->9270K(9920K), [Metaspace: 4016K->4016K(1056768K)], 0.0606433 secs] [Times: user=0.11 sys=0.00, real=0.06 secs] 
51.927: [GC (Allocation Failure) 51.928: [ParNew (promotion failed): 2751K->3070K(3072K), 0.0177671 secs]51.945: [CMS: 6520K->6518K(6848K), 0.0341858 secs] 9270K->9270K(9920K), [Metaspace: 4016K->4016K(1056768K)], 0.0520502 secs] [Times: user=0.09 sys=0.00, real=0.05 secs] 
51.980: [GC (CMS Initial Mark) [1 CMS-initial-mark: 6518K(6848K)] 9270K(9920K), 0.0070116 secs] [Times: user=0.02 sys=0.00, real=0.01 secs] 
51.987: [CMS-concurrent-mark-start]
51.987: [GC (Allocation Failure) 51.987: [ParNew (promotion failed): 2751K->3070K(3072K), 0.0179436 secs]52.005: [CMS52.017: [CMS-concurrent-mark: 0.012/0.030 secs] [Times: user=0.08 sys=0.00, real=0.03 secs] 
 (concurrent mode failure): 6520K->6518K(6848K), 0.0440615 secs] 9270K->9270K(9920K), [Metaspace: 4016K->4016K(1056768K)], 0.0621300 secs] [Times: user=0.11 sys=0.00, real=0.06 secs] 
52.049: [GC (Allocation Failure) 52.049: [ParNew (promotion failed): 2751K->3070K(3072K), 0.0170900 secs]52.066: [CMS: 6520K->6518K(6848K), 0.0331483 secs] 9270K->9270K(9920K), [Metaspace: 4016K->4016K(1056768K)], 0.0503404 secs] [Times: user=0.08 sys=0.01, real=0.05 secs] 
52.100: [GC (CMS Initial Mark) [1 CMS-initial-mark: 6518K(6848K)] 9270K(9920K), 0.0069813 secs] [Times: user=0.02 sys=0.00, real=0.01 secs] 
52.107: [CMS-concurrent-mark-start]
52.107: [GC (Allocation Failure) 52.107: [ParNew (promotion failed): 2751K->3069K(3072K), 0.0175634 secs]52.125: [CMS52.136: [CMS-concurrent-mark: 0.011/0.029 secs] [Times: user=0.06 sys=0.00, real=0.03 secs] 
 (concurrent mode failure): 6520K->6517K(6848K), 0.0436488 secs] 9270K->9269K(9920K), [Metaspace: 4016K->4016K(1056768K)], 0.0613010 secs] [Times: user=0.08 sys=0.02, real=0.06 secs] 
52.168: [GC (Allocation Failure) 52.168: [ParNew (promotion failed): 2751K->3071K(3072K), 0.0173239 secs]52.186: [CMS: 6520K->6518K(6848K), 0.0334945 secs] 9270K->9270K(9920K), [Metaspace: 4016K->4016K(1056768K)], 0.0509130 secs] [Times: user=0.11 sys=0.00, real=0.05 secs] 
52.220: [GC (Allocation Failure) 52.220: [ParNew (promotion failed): 2751K->3071K(3072K), 0.0181169 secs]52.238: [CMS (concurrent mode failure): 6520K->6518K(6848K), 0.0329156 secs] 9270K->9270K(9920K), [Metaspace: 4016K->4016K(1056768K)], 0.0511386 secs] [Times: user=0.09 sys=0.00, real=0.05 secs] 
52.271: [GC (Allocation Failure) 52.271: [ParNew (promotion failed): 2751K->3071K(3072K), 0.0180489 secs]52.289: [CMS: 6520K->6518K(6848K), 0.0357877 secs] 9270K->9270K(9920K), [Metaspace: 4016K->4016K(1056768K)], 0.0539384 secs] [Times: user=0.08 sys=0.00, real=0.05 secs] 
52.325: [GC (Allocation Failure) 52.325: [ParNew (promotion failed): 2751K->3071K(3072K), 0.0175650 secs]52.343: [CMS (concurrent mode failure): 6520K->6518K(6848K), 0.0320226 secs] 9270K->9270K(9920K), [Metaspace: 4016K->4016K(1056768K)], 0.0497056 secs] [Times: user=0.11 sys=0.00, real=0.05 secs] 
52.375: [GC (Allocation Failure) 52.375: [ParNew (promotion failed): 2751K->3071K(3072K), 0.0180311 secs]52.393: [CMS: 6520K->6518K(6848K), 0.0327075 secs] 9270K->9270K(9920K), [Metaspace: 4016K->4016K(1056768K)], 0.0508577 secs] [Times: user=0.09 sys=0.00, real=0.05 secs] 
52.426: [GC (CMS Initial Mark) [1 CMS-initial-mark: 6518K(6848K)] 9270K(9920K), 0.0068344 secs] [Times: user=0.00 sys=0.00, real=0.01 secs] 
52.433: [CMS-concurrent-mark-start]
52.433: [GC (Allocation Failure) 52.433: [ParNew (promotion failed): 2751K->3071K(3072K), 0.0178859 secs]52.451: [CMS52.467: [CMS-concurrent-mark: 0.016/0.034 secs] [Times: user=0.06 sys=0.02, real=0.03 secs] 
 (concurrent mode failure): 6520K->6518K(6848K), 0.0445555 secs] 9270K->9270K(9920K), [Metaspace: 4016K->4016K(1056768K)], 0.0625342 secs] [Times: user=0.08 sys=0.02, real=0.06 secs] 
52.496: [GC (Allocation Failure) 52.496: [ParNew (promotion failed): 2751K->3071K(3072K), 0.0173696 secs]52.513: [CMS: 6520K->6518K(6848K), 0.0258963 secs] 9270K->9270K(9920K), [Metaspace: 4016K->4016K(1056768K)], 0.0433622 secs] [Times: user=0.09 sys=0.00, real=0.04 secs] 
52.539: [GC (CMS Initial Mark) [1 CMS-initial-mark: 6518K(6848K)] 9270K(9920K), 0.0059566 secs] [Times: user=0.02 sys=0.00, real=0.01 secs] 
52.545: [CMS-concurrent-mark-start]
52.545: [GC (Allocation Failure) 52.545: [ParNew (promotion failed): 2751K->3070K(3072K), 0.0173742 secs]52.563: [CMS52.576: [CMS-concurrent-mark: 0.013/0.030 secs] [Times: user=0.08 sys=0.00, real=0.03 secs] 
 (concurrent mode failure): 6520K->6518K(6848K), 0.0377213 secs] 9270K->9270K(9920K), [Metaspace: 4016K->4016K(1056768K)], 0.0551903 secs] [Times: user=0.09 sys=0.00, real=0.06 secs] 
52.601: [GC (Allocation Failure) 52.601: [ParNew (promotion failed): 2751K->3070K(3072K), 0.0173177 secs]52.618: [CMS: 6520K->6518K(6848K), 0.0266932 secs] 9270K->9270K(9920K), [Metaspace: 4016K->4016K(1056768K)], 0.0441034 secs] [Times: user=0.09 sys=0.00, real=0.04 secs] 
52.645: [GC (CMS Initial Mark) [1 CMS-initial-mark: 6518K(6848K)] 9270K(9920K), 0.0066565 secs] [Times: user=0.00 sys=0.00, real=0.01 secs] 
52.652: [CMS-concurrent-mark-start]
52.652: [GC (Allocation Failure) 52.652: [ParNew (promotion failed): 2751K->3070K(3072K), 0.0191621 secs]52.671: [CMS52.686: [CMS-concurrent-mark: 0.015/0.034 secs] [Times: user=0.11 sys=0.00, real=0.03 secs] 
 (concurrent mode failure): 6520K->6518K(6848K), 0.0472464 secs] 9270K->9270K(9920K), [Metaspace: 4016K->4016K(1056768K)], 0.0665368 secs] [Times: user=0.14 sys=0.00, real=0.07 secs] 
52.718: [GC (Allocation Failure) 52.719: [ParNew (promotion failed): 2751K->3070K(3072K), 0.0177706 secs]52.736: [CMS: 6520K->6518K(6848K), 0.0335014 secs] 9270K->9270K(9920K), [Metaspace: 4016K->4016K(1056768K)], 0.0513823 secs] [Times: user=0.08 sys=0.00, real=0.05 secs] 
52.770: [GC (CMS Initial Mark) [1 CMS-initial-mark: 6518K(6848K)] 9270K(9920K), 0.0055327 secs] [Times: user=0.00 sys=0.00, real=0.01 secs] 
52.776: [CMS-concurrent-mark-start]
52.776: [GC (Allocation Failure) 52.776: [ParNew (promotion failed): 2751K->3070K(3072K), 0.0176895 secs]52.793: [CMS52.806: [CMS-concurrent-mark: 0.013/0.031 secs] [Times: user=0.08 sys=0.00, real=0.03 secs] 
 (concurrent mode failure): 6520K->6518K(6848K), 0.0488147 secs] 9270K->9270K(9920K), [Metaspace: 4016K->4016K(1056768K)], 0.0666100 secs] [Times: user=0.13 sys=0.00, real=0.07 secs] 
52.843: [GC (Allocation Failure) 52.843: [ParNew (promotion failed): 2751K->3070K(3072K), 0.0177821 secs]52.860: [CMS: 6520K->6518K(6848K), 0.0261477 secs] 9270K->9270K(9920K), [Metaspace: 4016K->4016K(1056768K)], 0.0440671 secs] [Times: user=0.08 sys=0.00, real=0.04 secs] 
52.887: [GC (CMS Initial Mark) [1 CMS-initial-mark: 6518K(6848K)] 9270K(9920K), 0.0056652 secs] [Times: user=0.02 sys=0.00, real=0.01 secs] 
52.893: [CMS-concurrent-mark-start]
52.893: [GC (Allocation Failure) 52.893: [ParNew (promotion failed): 2751K->3070K(3072K), 0.0173418 secs]52.910: [CMS52.922: [CMS-concurrent-mark: 0.012/0.029 secs] [Times: user=0.08 sys=0.00, real=0.03 secs] 
 (concurrent mode failure): 6520K->6518K(6848K), 0.0393246 secs] 9270K->9270K(9920K), [Metaspace: 4016K->4016K(1056768K)], 0.0567589 secs] [Times: user=0.09 sys=0.00, real=0.06 secs] 
52.950: [GC (Allocation Failure) 52.950: [ParNew (promotion failed): 2751K->3070K(3072K), 0.0174511 secs]52.967: [CMS: 6520K->6518K(6848K), 0.0282343 secs] 9270K->9270K(9920K), [Metaspace: 4016K->4016K(1056768K)], 0.0457912 secs] [Times: user=0.09 sys=0.00, real=0.04 secs] 
52.995: [GC (CMS Initial Mark) [1 CMS-initial-mark: 6518K(6848K)] 9270K(9920K), 0.0060439 secs] [Times: user=0.01 sys=0.00, real=0.01 secs] 
53.002: [CMS-concurrent-mark-start]
53.002: [GC (Allocation Failure) 53.002: [ParNew (promotion failed): 2751K->3070K(3072K), 0.0185461 secs]53.020: [CMS53.030: [CMS-concurrent-mark: 0.009/0.028 secs] [Times: user=0.08 sys=0.00, real=0.03 secs] 
 (concurrent mode failure): 6520K->6518K(6848K), 0.0382724 secs] 9270K->9270K(9920K), [Metaspace: 4016K->4016K(1056768K)], 0.0569529 secs] [Times: user=0.09 sys=0.00, real=0.06 secs] 
53.059: [GC (Allocation Failure) 53.059: [ParNew (promotion failed): 2751K->3070K(3072K), 0.0182927 secs]53.077: [CMS: 6520K->6518K(6848K), 0.0279598 secs] 9270K->9270K(9920K), [Metaspace: 4016K->4016K(1056768K)], 0.0463784 secs] [Times: user=0.14 sys=0.00, real=0.05 secs] 
53.106: [GC (CMS Initial Mark) [1 CMS-initial-mark: 6518K(6848K)] 9270K(9920K), 0.0056301 secs] [Times: user=0.01 sys=0.00, real=0.01 secs] 
53.111: [CMS-concurrent-mark-start]
53.111: [GC (Allocation Failure) 53.111: [ParNew (promotion failed): 2751K->3070K(3072K), 0.0172572 secs]53.129: [CMS53.138: [CMS-concurrent-mark: 0.009/0.027 secs] [Times: user=0.06 sys=0.00, real=0.03 secs] 
 (concurrent mode failure): 6520K->6518K(6848K), 0.0366270 secs] 9270K->9270K(9920K), [Metaspace: 4016K->4016K(1056768K)], 0.0539761 secs] [Times: user=0.09 sys=0.00, real=0.05 secs] 
53.165: [GC (Allocation Failure) 53.166: [ParNew (promotion failed): 2751K->3070K(3072K), 0.0172642 secs]53.183: [CMS: 6520K->6518K(6848K), 0.0284074 secs] 9270K->9270K(9920K), [Metaspace: 4016K->4016K(1056768K)], 0.0457685 secs] [Times: user=0.08 sys=0.02, real=0.05 secs] 
53.211: [GC (CMS Initial Mark) [1 CMS-initial-mark: 6518K(6848K)] 9270K(9920K), 0.0062871 secs] [Times: user=0.02 sys=0.00, real=0.01 secs] 
53.218: [CMS-concurrent-mark-start]
53.218: [GC (Allocation Failure) 53.218: [ParNew (promotion failed): 2751K->3070K(3072K), 0.0174795 secs]53.235: [CMS53.245: [CMS-concurrent-mark: 0.009/0.027 secs] [Times: user=0.06 sys=0.00, real=0.03 secs] 
 (concurrent mode failure): 6520K->6518K(6848K), 0.0337689 secs] 9270K->9270K(9920K), [Metaspace: 4016K->4016K(1056768K)], 0.0513414 secs] [Times: user=0.09 sys=0.00, real=0.05 secs] 
53.269: [GC (Allocation Failure) 53.269: [ParNew (promotion failed): 2751K->3070K(3072K), 0.0179140 secs]53.287: [CMS: 6520K->6518K(6848K), 0.0249281 secs] 9270K->9270K(9920K), [Metaspace: 4016K->4016K(1056768K)], 0.0429433 secs] [Times: user=0.09 sys=0.00, real=0.04 secs] 
53.312: [GC (CMS Initial Mark) [1 CMS-initial-mark: 6518K(6848K)] 9270K(9920K), 0.0056242 secs] [Times: user=0.00 sys=0.00, real=0.00 secs] 
53.318: [CMS-concurrent-mark-start]
53.318: [GC (Allocation Failure) 53.318: [ParNew (promotion failed): 2751K->3070K(3072K), 0.0180329 secs]53.336: [CMS53.346: [CMS-concurrent-mark: 0.009/0.027 secs] [Times: user=0.08 sys=0.00, real=0.03 secs] 
 (concurrent mode failure): 6520K->6518K(6848K), 0.0336662 secs] 9270K->9270K(9920K), [Metaspace: 4016K->4016K(1056768K)], 0.0517951 secs] [Times: user=0.09 sys=0.00, real=0.05 secs] 
53.370: [GC (Allocation Failure) 53.370: [ParNew (promotion failed): 2751K->3070K(3072K), 0.0177116 secs]53.388: [CMS: 6520K->6518K(6848K), 0.0247333 secs] 9270K->9270K(9920K), [Metaspace: 4016K->4016K(1056768K)], 0.0425363 secs] [Times: user=0.09 sys=0.00, real=0.04 secs] 
53.413: [GC (CMS Initial Mark) [1 CMS-initial-mark: 6518K(6848K)] 9270K(9920K), 0.0052216 secs] [Times: user=0.00 sys=0.00, real=0.01 secs] 
53.418: [CMS-concurrent-mark-start]
53.418: [GC (Allocation Failure) 53.418: [ParNew (promotion failed): 2751K->3069K(3072K), 0.0171559 secs]53.435: [CMS53.447: [CMS-concurrent-mark: 0.011/0.029 secs] [Times: user=0.06 sys=0.02, real=0.03 secs] 
 (concurrent mode failure): 6520K->6518K(6848K), 0.0362956 secs] 9270K->9270K(9920K), [Metaspace: 4016K->4016K(1056768K)], 0.0535452 secs] [Times: user=0.09 sys=0.02, real=0.05 secs] 
53.472: [GC (Allocation Failure) 53.472: [ParNew (promotion failed): 2751K->3071K(3072K), 0.0173798 secs]53.489: [CMS: 6520K->6518K(6848K), 0.0243983 secs] 9270K->9270K(9920K), [Metaspace: 4016K->4016K(1056768K)], 0.0418973 secs] [Times: user=0.09 sys=0.00, real=0.04 secs] 
53.514: [GC (CMS Initial Mark) [1 CMS-initial-mark: 6518K(6848K)] 9270K(9920K), 0.0055359 secs] [Times: user=0.00 sys=0.00, real=0.01 secs] 
53.520: [CMS-concurrent-mark-start]
53.520: [GC (Allocation Failure) 53.520: [ParNew (promotion failed): 2751K->3071K(3072K), 0.0174202 secs]53.537: [CMS53.549: [CMS-concurrent-mark: 0.012/0.029 secs] [Times: user=0.08 sys=0.00, real=0.03 secs] 
 (concurrent mode failure): 6520K->6518K(6848K), 0.0386021 secs] 9270K->9270K(9920K), [Metaspace: 4016K->4016K(1056768K)], 0.0561172 secs] [Times: user=0.09 sys=0.00, real=0.06 secs] 
53.576: [GC (Allocation Failure) 53.576: [ParNew (promotion failed): 2751K->3071K(3072K), 0.0176279 secs]53.594: [CMS: 6520K->6518K(6848K), 0.0303243 secs] 9270K->9270K(9920K), [Metaspace: 4016K->4016K(1056768K)], 0.0480598 secs] [Times: user=0.16 sys=0.00, real=0.05 secs] 
53.624: [GC (CMS Initial Mark) [1 CMS-initial-mark: 6518K(6848K)] 9270K(9920K), 0.0055346 secs] [Times: user=0.00 sys=0.00, real=0.00 secs] 
53.630: [CMS-concurrent-mark-start]
53.630: [GC (Allocation Failure) 53.630: [ParNew (promotion failed): 2751K->3071K(3072K), 0.0185903 secs]53.649: [CMS53.662: [CMS-concurrent-mark: 0.013/0.032 secs] [Times: user=0.06 sys=0.02, real=0.03 secs] 
 (concurrent mode failure): 6520K->6518K(6848K), 0.0442978 secs] 9270K->9270K(9920K), [Metaspace: 4016K->4016K(1056768K)], 0.0630178 secs] [Times: user=0.09 sys=0.02, real=0.06 secs] 
53.693: [GC (Allocation Failure) 53.693: [ParNew (promotion failed): 2751K->3071K(3072K), 0.0192574 secs]53.713: [CMS: 6520K->6518K(6848K), 0.0326909 secs] 9270K->9270K(9920K), [Metaspace: 4016K->4016K(1056768K)], 0.0520420 secs] [Times: user=0.08 sys=0.00, real=0.05 secs] 
53.745: [GC (CMS Initial Mark) [1 CMS-initial-mark: 6518K(6848K)] 9270K(9920K), 0.0062808 secs] [Times: user=0.02 sys=0.00, real=0.01 secs] 
53.752: [CMS-concurrent-mark-start]
53.752: [GC (Allocation Failure) 53.752: [ParNew (promotion failed): 2751K->3071K(3072K), 0.0196003 secs]53.772: [CMS53.781: [CMS-concurrent-mark: 0.009/0.029 secs] [Times: user=0.03 sys=0.00, real=0.03 secs] 
 (concurrent mode failure): 6520K->6518K(6848K), 0.0355668 secs] 9270K->9270K(9920K), [Metaspace: 4016K->4016K(1056768K)], 0.0552653 secs] [Times: user=0.05 sys=0.00, real=0.06 secs] 
53.807: [GC (Allocation Failure) 53.807: [ParNew (promotion failed): 2751K->3071K(3072K), 0.0173747 secs]53.825: [CMS: 6520K->6518K(6848K), 0.0279863 secs] 9270K->9270K(9920K), [Metaspace: 4016K->4016K(1056768K)], 0.0454586 secs] [Times: user=0.09 sys=0.00, real=0.05 secs] 
53.853: [GC (CMS Initial Mark) [1 CMS-initial-mark: 6518K(6848K)] 9270K(9920K), 0.0065156 secs] [Times: user=0.02 sys=0.00, real=0.01 secs] 
53.860: [CMS-concurrent-mark-start]
53.860: [GC (Allocation Failure) 53.860: [ParNew (promotion failed): 2751K->3070K(3072K), 0.0181291 secs]53.878: [CMS53.889: [CMS-concurrent-mark: 0.011/0.030 secs] [Times: user=0.08 sys=0.00, real=0.03 secs] 
 (concurrent mode failure): 6520K->6518K(6848K), 0.0398110 secs] 9270K->9270K(9920K), [Metaspace: 4016K->4016K(1056768K)], 0.0580726 secs] [Times: user=0.09 sys=0.00, real=0.06 secs] 
53.918: [GC (Allocation Failure) 53.918: [ParNew (promotion failed): 2751K->3070K(3072K), 0.0177568 secs]53.936: [CMS: 6520K->6518K(6848K), 0.0265210 secs] 9270K->9270K(9920K), [Metaspace: 4016K->4016K(1056768K)], 0.0443970 secs] [Times: user=0.09 sys=0.00, real=0.05 secs] 
53.962: [GC (CMS Initial Mark) [1 CMS-initial-mark: 6518K(6848K)] 9270K(9920K), 0.0064941 secs] [Times: user=0.02 sys=0.00, real=0.01 secs] 
53.969: [CMS-concurrent-mark-start]
53.969: [GC (Allocation Failure) 53.969: [ParNew (promotion failed): 2751K->3070K(3072K), 0.0175380 secs]53.987: [CMS54.003: [CMS-concurrent-mark: 0.016/0.034 secs] [Times: user=0.08 sys=0.00, real=0.03 secs] 
 (concurrent mode failure): 6520K->6518K(6848K), 0.0430628 secs] 9270K->9270K(9920K), [Metaspace: 4016K->4016K(1056768K)], 0.0608467 secs] [Times: user=0.11 sys=0.00, real=0.06 secs] 
54.030: [GC (Allocation Failure) 54.030: [ParNew (promotion failed): 2751K->3070K(3072K), 0.0188953 secs]54.049: [CMS: 6520K->6518K(6848K), 0.0267554 secs] 9270K->9270K(9920K), [Metaspace: 4016K->4016K(1056768K)], 0.0457658 secs] [Times: user=0.08 sys=0.00, real=0.05 secs] 
54.076: [GC (CMS Initial Mark) [1 CMS-initial-mark: 6518K(6848K)] 9270K(9920K), 0.0071992 secs] [Times: user=0.00 sys=0.00, real=0.01 secs] 
54.083: [CMS-concurrent-mark-start]
54.084: [GC (Allocation Failure) 54.084: [ParNew (promotion failed): 2751K->3070K(3072K), 0.0178243 secs]54.102: [CMS54.112: [CMS-concurrent-mark: 0.011/0.029 secs] [Times: user=0.08 sys=0.00, real=0.03 secs] 
 (concurrent mode failure): 6520K->6518K(6848K), 0.0405831 secs] 9270K->9270K(9920K), [Metaspace: 4016K->4016K(1056768K)], 0.0585483 secs] [Times: user=0.11 sys=0.00, real=0.06 secs] 
54.142: [GC (Allocation Failure) 54.142: [ParNew (promotion failed): 2751K->3070K(3072K), 0.0177782 secs]54.160: [CMS: 6520K->6518K(6848K), 0.0366721 secs] 9270K->9270K(9920K), [Metaspace: 4016K->4016K(1056768K)], 0.0547806 secs] [Times: user=0.09 sys=0.00, real=0.06 secs] 
54.199: [GC (CMS Initial Mark) [1 CMS-initial-mark: 6518K(6848K)] 9270K(9920K), 0.0060289 secs] [Times: user=0.02 sys=0.00, real=0.01 secs] 
54.205: [CMS-concurrent-mark-start]
54.205: [GC (Allocation Failure) 54.205: [ParNew (promotion failed): 2751K->3070K(3072K), 0.0178101 secs]54.223: [CMS54.234: [CMS-concurrent-mark: 0.012/0.030 secs] [Times: user=0.08 sys=0.00, real=0.03 secs] 
 (concurrent mode failure): 6520K->6518K(6848K), 0.0379267 secs] 9270K->9270K(9920K), [Metaspace: 4016K->4016K(1056768K)], 0.0558481 secs] [Times: user=0.09 sys=0.00, real=0.06 secs] 
54.261: [GC (Allocation Failure) 54.261: [ParNew (promotion failed): 2751K->3070K(3072K), 0.0177882 secs]54.279: [CMS: 6520K->6518K(6848K), 0.0275957 secs] 9270K->9270K(9920K), [Metaspace: 4016K->4016K(1056768K)], 0.0455017 secs] [Times: user=0.08 sys=0.00, real=0.05 secs] 
54.306: [GC (CMS Initial Mark) [1 CMS-initial-mark: 6518K(6848K)] 9270K(9920K), 0.0055722 secs] [Times: user=0.02 sys=0.00, real=0.01 secs] 
54.312: [CMS-concurrent-mark-start]
54.312: [GC (Allocation Failure) 54.312: [ParNew (promotion failed): 2751K->3070K(3072K), 0.0187505 secs]54.331: [CMS54.343: [CMS-concurrent-mark: 0.012/0.031 secs] [Times: user=0.08 sys=0.00, real=0.03 secs] 
 (concurrent mode failure): 6520K->6518K(6848K), 0.0380346 secs] 9270K->9270K(9920K), [Metaspace: 4016K->4016K(1056768K)], 0.0569033 secs] [Times: user=0.09 sys=0.00, real=0.06 secs] 
54.369: [GC (Allocation Failure) 54.369: [ParNew (promotion failed): 2751K->3070K(3072K), 0.0174996 secs]54.387: [CMS: 6520K->6518K(6848K), 0.0234217 secs] 9270K->9270K(9920K), [Metaspace: 4016K->4016K(1056768K)], 0.0410771 secs] [Times: user=0.09 sys=0.00, real=0.04 secs] 
54.411: [GC (CMS Initial Mark) [1 CMS-initial-mark: 6518K(6848K)] 9270K(9920K), 0.0076697 secs] [Times: user=0.00 sys=0.00, real=0.01 secs] 
54.418: [CMS-concurrent-mark-start]
54.418: [GC (Allocation Failure) 54.418: [ParNew (promotion failed): 2751K->3070K(3072K), 0.0180348 secs]54.437: [CMS54.447: [CMS-concurrent-mark: 0.010/0.028 secs] [Times: user=0.08 sys=0.00, real=0.03 secs] 
 (concurrent mode failure): 6520K->6518K(6848K), 0.0382495 secs] 9270K->9270K(9920K), [Metaspace: 4016K->4016K(1056768K)], 0.0563843 secs] [Times: user=0.11 sys=0.00, real=0.06 secs] 
54.475: [GC (Allocation Failure) 54.475: [ParNew (promotion failed): 2751K->3070K(3072K), 0.0175053 secs]54.493: [CMS: 6520K->6518K(6848K), 0.0325766 secs] 9270K->9270K(9920K), [Metaspace: 4016K->4016K(1056768K)], 0.0502001 secs] [Times: user=0.09 sys=0.00, real=0.05 secs] 
54.525: [GC (CMS Initial Mark) [1 CMS-initial-mark: 6518K(6848K)] 9270K(9920K), 0.0068138 secs] [Times: user=0.02 sys=0.00, real=0.01 secs] 
54.532: [CMS-concurrent-mark-start]
54.533: [GC (Allocation Failure) 54.533: [ParNew (promotion failed): 2751K->3070K(3072K), 0.0202142 secs]54.553: [CMS54.564: [CMS-concurrent-mark: 0.011/0.031 secs] [Times: user=0.06 sys=0.00, real=0.03 secs] 
 (concurrent mode failure): 6520K->6518K(6848K), 0.0398094 secs] 9270K->9270K(9920K), [Metaspace: 4016K->4016K(1056768K)], 0.0601492 secs] [Times: user=0.09 sys=0.00, real=0.06 secs] 
54.593: [GC (Allocation Failure) 54.593: [ParNew (promotion failed): 2751K->3070K(3072K), 0.0190459 secs]54.612: [CMS: 6520K->6518K(6848K), 0.0290327 secs] 9270K->9270K(9920K), [Metaspace: 4016K->4016K(1056768K)], 0.0481795 secs] [Times: user=0.09 sys=0.00, real=0.05 secs] 
54.641: [GC (CMS Initial Mark) [1 CMS-initial-mark: 6518K(6848K)] 9270K(9920K), 0.0060025 secs] [Times: user=0.00 sys=0.00, real=0.01 secs] 
54.647: [CMS-concurrent-mark-start]
54.647: [GC (Allocation Failure) 54.647: [ParNew (promotion failed): 2751K->3070K(3072K), 0.0182025 secs]54.666: [CMS54.681: [CMS-concurrent-mark: 0.015/0.033 secs] [Times: user=0.08 sys=0.00, real=0.03 secs] 
 (concurrent mode failure): 6520K->6518K(6848K), 0.0460636 secs] 9270K->9270K(9920K), [Metaspace: 4016K->4016K(1056768K)], 0.0643682 secs] [Times: user=0.11 sys=0.00, real=0.06 secs] 
54.712: [GC (Allocation Failure) 54.712: [ParNew (promotion failed): 2751K->3070K(3072K), 0.0173188 secs]54.729: [CMS: 6520K->6518K(6848K), 0.0245543 secs] 9270K->9270K(9920K), [Metaspace: 4016K->4016K(1056768K)], 0.0419891 secs] [Times: user=0.08 sys=0.00, real=0.04 secs] 
54.754: [GC (CMS Initial Mark) [1 CMS-initial-mark: 6518K(6848K)] 9270K(9920K), 0.0062315 secs] [Times: user=0.00 sys=0.00, real=0.01 secs] 
54.760: [CMS-concurrent-mark-start]
54.761: [GC (Allocation Failure) 54.761: [ParNew (promotion failed): 2751K->3069K(3072K), 0.0171763 secs]54.778: [CMS54.787: [CMS-concurrent-mark: 0.009/0.026 secs] [Times: user=0.06 sys=0.00, real=0.03 secs] 
 (concurrent mode failure): 6520K->6518K(6848K), 0.0336906 secs] 9270K->9270K(9920K), [Metaspace: 4016K->4016K(1056768K)], 0.0509599 secs] [Times: user=0.09 sys=0.00, real=0.05 secs] 
54.812: [GC (Allocation Failure) 54.812: [ParNew (promotion failed): 2751K->3071K(3072K), 0.0179046 secs]54.830: [CMS: 6520K->6518K(6848K), 0.0245059 secs] 9270K->9270K(9920K), [Metaspace: 4016K->4016K(1056768K)], 0.0424988 secs] [Times: user=0.08 sys=0.00, real=0.04 secs] 
54.854: [GC (CMS Initial Mark) [1 CMS-initial-mark: 6518K(6848K)] 9270K(9920K), 0.0054137 secs] [Times: user=0.02 sys=0.00, real=0.01 secs] 
54.860: [CMS-concurrent-mark-start]
54.860: [GC (Allocation Failure) 54.860: [ParNew (promotion failed): 2751K->3071K(3072K), 0.0172132 secs]54.877: [CMS54.886: [CMS-concurrent-mark: 0.009/0.026 secs] [Times: user=0.06 sys=0.00, real=0.03 secs] 
 (concurrent mode failure): 6520K->6518K(6848K), 0.0324741 secs] 9270K->9270K(9920K), [Metaspace: 4016K->4016K(1056768K)], 0.0497821 secs] [Times: user=0.09 sys=0.00, real=0.05 secs] 
54.910: [GC (Allocation Failure) 54.910: [ParNew (promotion failed): 2751K->3071K(3072K), 0.0175184 secs]54.927: [CMS: 6520K->6518K(6848K), 0.0258187 secs] 9270K->9270K(9920K), [Metaspace: 4016K->4016K(1056768K)], 0.0434318 secs] [Times: user=0.09 sys=0.00, real=0.04 secs] 
54.953: [GC (CMS Initial Mark) [1 CMS-initial-mark: 6518K(6848K)] 9270K(9920K), 0.0054282 secs] [Times: user=0.00 sys=0.00, real=0.01 secs] 
54.959: [CMS-concurrent-mark-start]
54.959: [GC (Allocation Failure) 54.959: [ParNew (promotion failed): 2751K->3071K(3072K), 0.0173565 secs]54.976: [CMS54.988: [CMS-concurrent-mark: 0.012/0.029 secs] [Times: user=0.06 sys=0.00, real=0.03 secs] 
 (concurrent mode failure): 6520K->6518K(6848K), 0.0377032 secs] 9270K->9270K(9920K), [Metaspace: 4016K->4016K(1056768K)], 0.0552032 secs] [Times: user=0.09 sys=0.00, real=0.06 secs] 
55.014: [GC (Allocation Failure) 55.014: [ParNew (promotion failed): 2751K->3071K(3072K), 0.0183048 secs]55.033: [CMS: 6520K->6518K(6848K), 0.0252326 secs] 9270K->9270K(9920K), [Metaspace: 4016K->4016K(1056768K)], 0.0436511 secs] [Times: user=0.08 sys=0.00, real=0.04 secs] 
55.058: [GC (CMS Initial Mark) [1 CMS-initial-mark: 6518K(6848K)] 9270K(9920K), 0.0069828 secs] [Times: user=0.02 sys=0.00, real=0.01 secs] 
55.065: [CMS-concurrent-mark-start]
55.066: [GC (Allocation Failure) 55.066: [ParNew (promotion failed): 2751K->3071K(3072K), 0.0182363 secs]55.084: [CMS55.094: [CMS-concurrent-mark: 0.010/0.029 secs] [Times: user=0.08 sys=0.00, real=0.03 secs] 
 (concurrent mode failure): 6520K->6518K(6848K), 0.0392900 secs] 9270K->9270K(9920K), [Metaspace: 4016K->4016K(1056768K)], 0.0576421 secs] [Times: user=0.09 sys=0.02, real=0.06 secs] 
55.124: [GC (Allocation Failure) 55.124: [ParNew (promotion failed): 2751K->3071K(3072K), 0.0178679 secs]55.142: [CMS: 6520K->6518K(6848K), 0.0361993 secs] 9270K->9270K(9920K), [Metaspace: 4016K->4016K(1056768K)], 0.0541851 secs] [Times: user=0.09 sys=0.00, real=0.05 secs] 
55.178: [GC (CMS Initial Mark) [1 CMS-initial-mark: 6518K(6848K)] 9270K(9920K), 0.0074128 secs] [Times: user=0.02 sys=0.00, real=0.01 secs] 
55.186: [CMS-concurrent-mark-start]
55.186: [GC (Allocation Failure) 55.186: [ParNew (promotion failed): 2751K->3070K(3072K), 0.0178632 secs]55.204: [CMS55.215: [CMS-concurrent-mark: 0.011/0.029 secs] [Times: user=0.06 sys=0.00, real=0.03 secs] 
 (concurrent mode failure): 6520K->6518K(6848K), 0.0475782 secs] 9270K->9270K(9920K), [Metaspace: 4016K->4016K(1056768K)], 0.0655536 secs] [Times: user=0.11 sys=0.00, real=0.07 secs] 
55.251: [GC (Allocation Failure) 55.251: [ParNew (promotion failed): 2751K->3070K(3072K), 0.0180377 secs]55.270: [CMS: 6520K->6518K(6848K), 0.0327711 secs] 9270K->9270K(9920K), [Metaspace: 4016K->4016K(1056768K)], 0.0509137 secs] [Times: user=0.08 sys=0.00, real=0.05 secs] 
55.303: [GC (CMS Initial Mark) [1 CMS-initial-mark: 6518K(6848K)] 9270K(9920K), 0.0067655 secs] [Times: user=0.00 sys=0.00, real=0.01 secs] 
55.309: [CMS-concurrent-mark-start]
55.309: [GC (Allocation Failure) 55.309: [ParNew (promotion failed): 2751K->3070K(3072K), 0.0176376 secs]55.327: [CMS55.341: [CMS-concurrent-mark: 0.014/0.031 secs] [Times: user=0.11 sys=0.00, real=0.03 secs] 
 (concurrent mode failure): 6520K->6518K(6848K), 0.0513983 secs] 9270K->9270K(9920K), [Metaspace: 4016K->4016K(1056768K)], 0.0691587 secs] [Times: user=0.16 sys=0.00, real=0.07 secs] 
55.379: [GC (Allocation Failure) 55.379: [ParNew (promotion failed): 2751K->3070K(3072K), 0.0181974 secs]55.397: [CMS: 6520K->6518K(6848K), 0.0397771 secs] 9270K->9270K(9920K), [Metaspace: 4016K->4016K(1056768K)], 0.0580920 secs] [Times: user=0.11 sys=0.00, real=0.06 secs] 
55.437: [GC (CMS Initial Mark) [1 CMS-initial-mark: 6518K(6848K)] 9270K(9920K), 0.0065133 secs] [Times: user=0.00 sys=0.00, real=0.01 secs] 
55.444: [CMS-concurrent-mark-start]
55.444: [GC (Allocation Failure) 55.444: [ParNew (promotion failed): 2751K->3070K(3072K), 0.0179607 secs]55.462: [CMS55.474: [CMS-concurrent-mark: 0.012/0.031 secs] [Times: user=0.08 sys=0.00, real=0.03 secs] 
 (concurrent mode failure): 6520K->6518K(6848K), 0.0467406 secs] 9270K->9270K(9920K), [Metaspace: 4016K->4016K(1056768K)], 0.0648029 secs] [Times: user=0.11 sys=0.00, real=0.06 secs] 
55.509: [GC (Allocation Failure) 55.509: [ParNew (promotion failed): 2751K->3070K(3072K), 0.0178336 secs]55.527: [CMS: 6520K->6518K(6848K), 0.0297912 secs] 9270K->9270K(9920K), [Metaspace: 4016K->4016K(1056768K)], 0.0477384 secs] [Times: user=0.08 sys=0.00, real=0.05 secs] 
55.557: [GC (CMS Initial Mark) [1 CMS-initial-mark: 6518K(6848K)] 9270K(9920K), 0.0056730 secs] [Times: user=0.02 sys=0.00, real=0.01 secs] 
55.562: [CMS-concurrent-mark-start]
55.562: [GC (Allocation Failure) 55.562: [ParNew (promotion failed): 2751K->3070K(3072K), 0.0192916 secs]55.582: [CMS55.594: [CMS-concurrent-mark: 0.012/0.032 secs] [Times: user=0.02 sys=0.01, real=0.03 secs] 
 (concurrent mode failure): 6520K->6518K(6848K), 0.0425734 secs] 9270K->9270K(9920K), [Metaspace: 4016K->4016K(1056768K)], 0.0619973 secs] [Times: user=0.05 sys=0.01, real=0.06 secs] 
55.625: [GC (Allocation Failure) 55.625: [ParNew (promotion failed): 2751K->3070K(3072K), 0.0180707 secs]55.643: [CMS: 6520K->6518K(6848K), 0.0366872 secs] 9270K->9270K(9920K), [Metaspace: 4016K->4016K(1056768K)], 0.0548770 secs] [Times: user=0.09 sys=0.00, real=0.05 secs] 
55.680: [GC (CMS Initial Mark) [1 CMS-initial-mark: 6518K(6848K)] 9270K(9920K), 0.0083482 secs] [Times: user=0.01 sys=0.00, real=0.01 secs] 
55.688: [CMS-concurrent-mark-start]
55.688: [GC (Allocation Failure) 55.688: [ParNew (promotion failed): 2751K->3070K(3072K), 0.0181723 secs]55.707: [CMS55.721: [CMS-concurrent-mark: 0.014/0.033 secs] [Times: user=0.06 sys=0.00, real=0.03 secs] 
 (concurrent mode failure): 6520K->6518K(6848K), 0.0498129 secs] 9270K->9270K(9920K), [Metaspace: 4016K->4016K(1056768K)], 0.0680947 secs] [Times: user=0.09 sys=0.00, real=0.07 secs] 
55.757: [GC (Allocation Failure) 55.757: [ParNew (promotion failed): 2751K->3070K(3072K), 0.0185452 secs]55.775: [CMS: 6520K->6518K(6848K), 0.0375966 secs] 9270K->9270K(9920K), [Metaspace: 4016K->4016K(1056768K)], 0.0562400 secs] [Times: user=0.08 sys=0.00, real=0.06 secs] 
55.813: [GC (CMS Initial Mark) [1 CMS-initial-mark: 6518K(6848K)] 9270K(9920K), 0.0081606 secs] [Times: user=0.00 sys=0.00, real=0.01 secs] 
55.821: [CMS-concurrent-mark-start]
55.821: [GC (Allocation Failure) 55.821: [ParNew (promotion failed): 2751K->3070K(3072K), 0.0177735 secs]55.839: [CMS55.855: [CMS-concurrent-mark: 0.016/0.034 secs] [Times: user=0.08 sys=0.00, real=0.03 secs] 
 (concurrent mode failure): 6520K->6518K(6848K), 0.0578255 secs] 9270K->9270K(9920K), [Metaspace: 4016K->4016K(1056768K)], 0.0757176 secs] [Times: user=0.13 sys=0.00, real=0.08 secs] 
55.897: [GC (Allocation Failure) 55.897: [ParNew (promotion failed): 2751K->3070K(3072K), 0.0184912 secs]55.916: [CMS: 6520K->6518K(6848K), 0.0347933 secs] 9270K->9270K(9920K), [Metaspace: 4016K->4016K(1056768K)], 0.0534284 secs] [Times: user=0.11 sys=0.00, real=0.05 secs] 
55.951: [GC (CMS Initial Mark) [1 CMS-initial-mark: 6518K(6848K)] 9270K(9920K), 0.0068221 secs] [Times: user=0.00 sys=0.00, real=0.01 secs] 
55.958: [CMS-concurrent-mark-start]
55.958: [GC (Allocation Failure) 55.958: [ParNew (promotion failed): 2751K->3070K(3072K), 0.0171910 secs]55.975: [CMS55.991: [CMS-concurrent-mark: 0.016/0.033 secs] [Times: user=0.08 sys=0.00, real=0.03 secs] 
 (concurrent mode failure): 6520K->6518K(6848K), 0.0523105 secs] 9270K->9270K(9920K), [Metaspace: 4016K->4016K(1056768K)], 0.0696289 secs] [Times: user=0.11 sys=0.00, real=0.07 secs] 
56.028: [GC (Allocation Failure) 56.028: [ParNew (promotion failed): 2751K->3070K(3072K), 0.0187325 secs]56.047: [CMS: 6520K->6518K(6848K), 0.0373103 secs] 9270K->9270K(9920K), [Metaspace: 4016K->4016K(1056768K)], 0.0561643 secs] [Times: user=0.14 sys=0.00, real=0.06 secs] 
56.084: [GC (CMS Initial Mark) [1 CMS-initial-mark: 6518K(6848K)] 9270K(9920K), 0.0073075 secs] [Times: user=0.02 sys=0.00, real=0.01 secs] 
56.092: [CMS-concurrent-mark-start]
56.092: [GC (Allocation Failure) 56.092: [ParNew (promotion failed): 2751K->3070K(3072K), 0.0177105 secs]56.110: [CMS56.125: [CMS-concurrent-mark: 0.015/0.033 secs] [Times: user=0.08 sys=0.00, real=0.03 secs] 
 (concurrent mode failure): 6520K->6518K(6848K), 0.0455178 secs] 9270K->9270K(9920K), [Metaspace: 4016K->4016K(1056768K)], 0.0633365 secs] [Times: user=0.11 sys=0.00, real=0.06 secs] 
56.155: [GC (Allocation Failure) 56.155: [ParNew (promotion failed): 2751K->3070K(3072K), 0.0176111 secs]56.173: [CMS: 6520K->6518K(6848K), 0.0242869 secs] 9270K->9270K(9920K), [Metaspace: 4016K->4016K(1056768K)], 0.0419976 secs] [Times: user=0.08 sys=0.00, real=0.04 secs] 
56.197: [GC (CMS Initial Mark) [1 CMS-initial-mark: 6518K(6848K)] 9270K(9920K), 0.0055247 secs] [Times: user=0.01 sys=0.00, real=0.00 secs] 
56.203: [CMS-concurrent-mark-start]
56.203: [GC (Allocation Failure) 56.203: [ParNew (promotion failed): 2751K->3069K(3072K), 0.0178533 secs]56.221: [CMS56.231: [CMS-concurrent-mark: 0.010/0.028 secs] [Times: user=0.06 sys=0.00, real=0.03 secs] 
 (concurrent mode failure): 6520K->6518K(6848K), 0.0361135 secs] 9270K->9270K(9920K), [Metaspace: 4016K->4016K(1056768K)], 0.0540859 secs] [Times: user=0.09 sys=0.00, real=0.05 secs] 
56.257: [GC (Allocation Failure) 56.257: [ParNew (promotion failed): 2751K->3071K(3072K), 0.0180918 secs]56.276: [CMS: 6520K->6518K(6848K), 0.0239616 secs] 9270K->9270K(9920K), [Metaspace: 4016K->4016K(1056768K)], 0.0421537 secs] [Times: user=0.09 sys=0.00, real=0.04 secs] 
56.300: [GC (CMS Initial Mark) [1 CMS-initial-mark: 6518K(6848K)] 9270K(9920K), 0.0056439 secs] [Times: user=0.00 sys=0.00, real=0.01 secs] 
56.305: [CMS-concurrent-mark-start]
56.305: [GC (Allocation Failure) 56.305: [ParNew (promotion failed): 2751K->3071K(3072K), 0.0180022 secs]56.323: [CMS56.333: [CMS-concurrent-mark: 0.009/0.027 secs] [Times: user=0.08 sys=0.00, real=0.03 secs] 
 (concurrent mode failure): 6520K->6518K(6848K), 0.0347887 secs] 9270K->9270K(9920K), [Metaspace: 4016K->4016K(1056768K)], 0.0529038 secs] [Times: user=0.09 sys=0.02, real=0.05 secs] 
56.359: [GC (Allocation Failure) 56.359: [ParNew (promotion failed): 2751K->3071K(3072K), 0.0176889 secs]56.376: [CMS: 6520K->6518K(6848K), 0.0288602 secs] 9270K->9270K(9920K), [Metaspace: 4016K->4016K(1056768K)], 0.0466507 secs] [Times: user=0.09 sys=0.00, real=0.05 secs] 
56.405: [GC (CMS Initial Mark) [1 CMS-initial-mark: 6518K(6848K)] 9270K(9920K), 0.0055901 secs] [Times: user=0.00 sys=0.00, real=0.01 secs] 
56.411: [CMS-concurrent-mark-start]
56.411: [GC (Allocation Failure) 56.411: [ParNew (promotion failed): 2751K->3071K(3072K), 0.0176160 secs]56.429: [CMS56.440: [CMS-concurrent-mark: 0.011/0.029 secs] [Times: user=0.08 sys=0.00, real=0.03 secs] 
 (concurrent mode failure): 6520K->6518K(6848K), 0.0398182 secs] 9270K->9270K(9920K), [Metaspace: 4016K->4016K(1056768K)], 0.0575340 secs] [Times: user=0.11 sys=0.00, real=0.06 secs] 
56.469: [GC (Allocation Failure) 56.469: [ParNew (promotion failed): 2751K->3071K(3072K), 0.0179519 secs]56.487: [CMS: 6520K->6518K(6848K), 0.0278972 secs] 9270K->9270K(9920K), [Metaspace: 4016K->4016K(1056768K)], 0.0459886 secs] [Times: user=0.09 sys=0.00, real=0.05 secs] 
56.515: [GC (CMS Initial Mark) [1 CMS-initial-mark: 6518K(6848K)] 9270K(9920K), 0.0056698 secs] [Times: user=0.00 sys=0.00, real=0.01 secs] 
56.521: [CMS-concurrent-mark-start]
56.521: [GC (Allocation Failure) 56.521: [ParNew (promotion failed): 2751K->3071K(3072K), 0.0175704 secs]56.539: [CMS56.549: [CMS-concurrent-mark: 0.011/0.028 secs] [Times: user=0.08 sys=0.00, real=0.03 secs] 
 (concurrent mode failure): 6520K->6518K(6848K), 0.0370138 secs] 9270K->9270K(9920K), [Metaspace: 4016K->4016K(1056768K)], 0.0546777 secs] [Times: user=0.09 sys=0.02, real=0.06 secs] 
56.576: [GC (Allocation Failure) 56.576: [ParNew (promotion failed): 2751K->3071K(3072K), 0.0177982 secs]56.594: [CMS: 6520K->6518K(6848K), 0.0264906 secs] 9270K->9270K(9920K), [Metaspace: 4016K->4016K(1056768K)], 0.0443954 secs] [Times: user=0.08 sys=0.00, real=0.05 secs] 
56.620: [GC (CMS Initial Mark) [1 CMS-initial-mark: 6518K(6848K)] 9270K(9920K), 0.0070224 secs] [Times: user=0.02 sys=0.00, real=0.01 secs] 
56.627: [CMS-concurrent-mark-start]
56.628: [GC (Allocation Failure) 56.628: [ParNew (promotion failed): 2751K->3070K(3072K), 0.0179890 secs]56.646: [CMS56.658: [CMS-concurrent-mark: 0.012/0.030 secs] [Times: user=0.08 sys=0.00, real=0.03 secs] 
 (concurrent mode failure): 6520K->6518K(6848K), 0.0452996 secs] 9270K->9270K(9920K), [Metaspace: 4016K->4016K(1056768K)], 0.0633810 secs] [Times: user=0.11 sys=0.00, real=0.06 secs] 
56.691: [GC (Allocation Failure) 56.691: [ParNew (promotion failed): 2751K->3070K(3072K), 0.0175411 secs]56.709: [CMS: 6520K->6518K(6848K), 0.0256744 secs] 9270K->9270K(9920K), [Metaspace: 4016K->4016K(1056768K)], 0.0433248 secs] [Times: user=0.08 sys=0.00, real=0.04 secs] 
56.735: [GC (CMS Initial Mark) [1 CMS-initial-mark: 6518K(6848K)] 9270K(9920K), 0.0054509 secs] [Times: user=0.00 sys=0.00, real=0.01 secs] 
56.740: [CMS-concurrent-mark-start]
56.740: [GC (Allocation Failure) 56.740: [ParNew (promotion failed): 2751K->3070K(3072K), 0.0188778 secs]56.759: [CMS56.774: [CMS-concurrent-mark: 0.015/0.034 secs] [Times: user=0.03 sys=0.00, real=0.03 secs] 
 (concurrent mode failure): 6520K->6518K(6848K), 0.0459830 secs] 9270K->9270K(9920K), [Metaspace: 4016K->4016K(1056768K)], 0.0649582 secs] [Times: user=0.06 sys=0.00, real=0.06 secs] 
56.805: [GC (Allocation Failure) 56.805: [ParNew (promotion failed): 2751K->3070K(3072K), 0.0179440 secs]56.823: [CMS: 6520K->6518K(6848K), 0.0358975 secs] 9270K->9270K(9920K), [Metaspace: 4016K->4016K(1056768K)], 0.0539324 secs] [Times: user=0.11 sys=0.00, real=0.05 secs] 
56.859: [GC (CMS Initial Mark) [1 CMS-initial-mark: 6518K(6848K)] 9270K(9920K), 0.0073382 secs] [Times: user=0.00 sys=0.00, real=0.01 secs] 
56.867: [CMS-concurrent-mark-start]
56.867: [GC (Allocation Failure) 56.867: [ParNew (promotion failed): 2751K->3070K(3072K), 0.0181714 secs]56.885: [CMS56.902: [CMS-concurrent-mark: 0.017/0.035 secs] [Times: user=0.08 sys=0.00, real=0.04 secs] 
 (concurrent mode failure): 6520K->6518K(6848K), 0.0584600 secs] 9270K->9270K(9920K), [Metaspace: 4016K->4016K(1056768K)], 0.0767347 secs] [Times: user=0.11 sys=0.02, real=0.08 secs] 
56.944: [GC (Allocation Failure) 56.944: [ParNew (promotion failed): 2751K->3070K(3072K), 0.0177700 secs]56.962: [CMS: 6520K->6518K(6848K), 0.0329329 secs] 9270K->9270K(9920K), [Metaspace: 4016K->4016K(1056768K)], 0.0508082 secs] [Times: user=0.09 sys=0.00, real=0.05 secs] 
56.995: [GC (CMS Initial Mark) [1 CMS-initial-mark: 6518K(6848K)] 9270K(9920K), 0.0077857 secs] [Times: user=0.02 sys=0.00, real=0.01 secs] 
57.003: [CMS-concurrent-mark-start]
57.003: [GC (Allocation Failure) 57.003: [ParNew (promotion failed): 2751K->3070K(3072K), 0.0174575 secs]57.020: [CMS57.036: [CMS-concurrent-mark: 0.016/0.034 secs] [Times: user=0.05 sys=0.00, real=0.03 secs] 
 (concurrent mode failure): 6520K->6518K(6848K), 0.0502359 secs] 9270K->9270K(9920K), [Metaspace: 4016K->4016K(1056768K)], 0.0677961 secs] [Times: user=0.08 sys=0.00, real=0.07 secs] 
57.071: [GC (Allocation Failure) 57.071: [ParNew (promotion failed): 2751K->3070K(3072K), 0.0177110 secs]57.088: [CMS: 6520K->6518K(6848K), 0.0305958 secs] 9270K->9270K(9920K), [Metaspace: 4016K->4016K(1056768K)], 0.0484166 secs] [Times: user=0.08 sys=0.00, real=0.05 secs] 
57.119: [GC (CMS Initial Mark) [1 CMS-initial-mark: 6518K(6848K)] 9270K(9920K), 0.0065623 secs] [Times: user=0.02 sys=0.00, real=0.01 secs] 
57.126: [CMS-concurrent-mark-start]
57.126: [GC (Allocation Failure) 57.126: [ParNew (promotion failed): 2751K->3070K(3072K), 0.0177519 secs]57.144: [CMS57.159: [CMS-concurrent-mark: 0.015/0.033 secs] [Times: user=0.08 sys=0.00, real=0.03 secs] 
 (concurrent mode failure): 6520K->6518K(6848K), 0.0408476 secs] 9270K->9270K(9920K), [Metaspace: 4016K->4016K(1056768K)], 0.0586995 secs] [Times: user=0.09 sys=0.00, real=0.06 secs] 
57.185: [GC (Allocation Failure) 57.185: [ParNew (promotion failed): 2751K->3070K(3072K), 0.0169138 secs]57.202: [CMS: 6520K->6518K(6848K), 0.0271714 secs] 9270K->9270K(9920K), [Metaspace: 4016K->4016K(1056768K)], 0.0441909 secs] [Times: user=0.09 sys=0.00, real=0.05 secs] 
57.229: [GC (CMS Initial Mark) [1 CMS-initial-mark: 6518K(6848K)] 9270K(9920K), 0.0081709 secs] [Times: user=0.02 sys=0.00, real=0.01 secs] 
57.237: [CMS-concurrent-mark-start]
57.237: [GC (Allocation Failure) 57.237: [ParNew (promotion failed): 2751K->3070K(3072K), 0.0169812 secs]57.255: [CMS57.269: [CMS-concurrent-mark: 0.014/0.031 secs] [Times: user=0.06 sys=0.02, real=0.03 secs] 
 (concurrent mode failure): 6520K->6518K(6848K), 0.0427517 secs] 9270K->9270K(9920K), [Metaspace: 4016K->4016K(1056768K)], 0.0598330 secs] [Times: user=0.09 sys=0.02, real=0.06 secs] 
57.298: [GC (Allocation Failure) 57.298: [ParNew (promotion failed): 2751K->3070K(3072K), 0.0179410 secs]57.316: [CMS: 6520K->6518K(6848K), 0.0276816 secs] 9270K->9270K(9920K), [Metaspace: 4016K->4016K(1056768K)], 0.0457189 secs] [Times: user=0.09 sys=0.00, real=0.05 secs] 
57.343: [GC (CMS Initial Mark) [1 CMS-initial-mark: 6518K(6848K)] 9270K(9920K), 0.0057569 secs] [Times: user=0.00 sys=0.00, real=0.01 secs] 
57.349: [CMS-concurrent-mark-start]
57.349: [GC (Allocation Failure) 57.349: [ParNew (promotion failed): 2751K->3070K(3072K), 0.0176756 secs]57.367: [CMS57.377: [CMS-concurrent-mark: 0.010/0.028 secs] [Times: user=0.08 sys=0.00, real=0.03 secs] 
 (concurrent mode failure): 6520K->6518K(6848K), 0.0335924 secs] 9270K->9270K(9920K), [Metaspace: 4016K->4016K(1056768K)], 0.0513719 secs] [Times: user=0.09 sys=0.00, real=0.05 secs] 
57.401: [GC (Allocation Failure) 57.401: [ParNew (promotion failed): 2751K->3070K(3072K), 0.0179754 secs]57.419: [CMS: 6520K->6518K(6848K), 0.0317561 secs] 9270K->9270K(9920K), [Metaspace: 4016K->4016K(1056768K)], 0.0498404 secs] [Times: user=0.09 sys=0.00, real=0.05 secs] 
57.451: [GC (CMS Initial Mark) [1 CMS-initial-mark: 6518K(6848K)] 9270K(9920K), 0.0054738 secs] [Times: user=0.02 sys=0.00, real=0.01 secs] 
57.456: [CMS-concurrent-mark-start]
57.456: [GC (Allocation Failure) 57.456: [ParNew (promotion failed): 2751K->3070K(3072K), 0.0175205 secs]57.474: [CMS57.500: [CMS-concurrent-mark: 0.026/0.044 secs] [Times: user=0.09 sys=0.00, real=0.04 secs] 
 (concurrent mode failure): 6520K->6518K(6848K), 0.0685532 secs] 9270K->9270K(9920K), [Metaspace: 4016K->4016K(1056768K)], 0.0861691 secs] [Times: user=0.13 sys=0.00, real=0.09 secs] 
57.543: [GC (Allocation Failure) 57.543: [ParNew (promotion failed): 2751K->3070K(3072K), 0.0179269 secs]57.561: [CMS: 6520K->6518K(6848K), 0.0321044 secs] 9270K->9270K(9920K), [Metaspace: 4016K->4016K(1056768K)], 0.0501204 secs] [Times: user=0.11 sys=0.00, real=0.05 secs] 
57.593: [GC (CMS Initial Mark) [1 CMS-initial-mark: 6518K(6848K)] 9270K(9920K), 0.0065026 secs] [Times: user=0.00 sys=0.00, real=0.01 secs] 
57.600: [CMS-concurrent-mark-start]
57.600: [GC (Allocation Failure) 57.600: [ParNew (promotion failed): 2751K->3069K(3072K), 0.0173440 secs]57.617: [CMS57.631: [CMS-concurrent-mark: 0.014/0.031 secs] [Times: user=0.08 sys=0.00, real=0.03 secs] 
 (concurrent mode failure): 6520K->6518K(6848K), 0.0431186 secs] 9270K->9270K(9920K), [Metaspace: 4016K->4016K(1056768K)], 0.0605705 secs] [Times: user=0.11 sys=0.00, real=0.06 secs] 
57.660: [GC (Allocation Failure) 57.660: [ParNew (promotion failed): 2751K->3071K(3072K), 0.0177640 secs]57.678: [CMS: 6520K->6518K(6848K), 0.0385459 secs] 9270K->9270K(9920K), [Metaspace: 4016K->4016K(1056768K)], 0.0564186 secs] [Times: user=0.09 sys=0.00, real=0.06 secs] 
57.717: [GC (CMS Initial Mark) [1 CMS-initial-mark: 6518K(6848K)] 9270K(9920K), 0.0081306 secs] [Times: user=0.00 sys=0.00, real=0.01 secs] 
57.725: [CMS-concurrent-mark-start]
57.726: [GC (Allocation Failure) 57.726: [ParNew (promotion failed): 2751K->3071K(3072K), 0.0176602 secs]57.743: [CMS57.759: [CMS-concurrent-mark: 0.016/0.034 secs] [Times: user=0.06 sys=0.00, real=0.03 secs] 
 (concurrent mode failure): 6520K->6518K(6848K), 0.0545833 secs] 9270K->9270K(9920K), [Metaspace: 4016K->4016K(1056768K)], 0.0723660 secs] [Times: user=0.11 sys=0.00, real=0.07 secs] 
57.798: [GC (Allocation Failure) 57.798: [ParNew (promotion failed): 2751K->3071K(3072K), 0.0178481 secs]57.816: [CMS: 6520K->6518K(6848K), 0.0386491 secs] 9270K->9270K(9920K), [Metaspace: 4016K->4016K(1056768K)], 0.0566180 secs] [Times: user=0.09 sys=0.00, real=0.06 secs] 
57.855: [GC (CMS Initial Mark) [1 CMS-initial-mark: 6518K(6848K)] 9270K(9920K), 0.0080425 secs] [Times: user=0.02 sys=0.00, real=0.01 secs] 
57.863: [CMS-concurrent-mark-start]
57.863: [GC (Allocation Failure) 57.863: [ParNew (promotion failed): 2751K->3071K(3072K), 0.0181829 secs]57.881: [CMS57.898: [CMS-concurrent-mark: 0.016/0.034 secs] [Times: user=0.06 sys=0.00, real=0.03 secs] 
 (concurrent mode failure): 6520K->6518K(6848K), 0.0545396 secs] 9270K->9270K(9920K), [Metaspace: 4016K->4016K(1056768K)], 0.0728440 secs] [Times: user=0.08 sys=0.03, real=0.07 secs] 
57.936: [GC (Allocation Failure) 57.936: [ParNew (promotion failed): 2751K->3071K(3072K), 0.0184279 secs]57.955: [CMS: 6520K->6518K(6848K), 0.0374733 secs] 9270K->9270K(9920K), [Metaspace: 4016K->4016K(1056768K)], 0.0560158 secs] [Times: user=0.09 sys=0.00, real=0.06 secs] 
57.993: [GC (CMS Initial Mark) [1 CMS-initial-mark: 6518K(6848K)] 9270K(9920K), 0.0080958 secs] [Times: user=0.02 sys=0.00, real=0.01 secs] 
58.001: [CMS-concurrent-mark-start]
58.001: [GC (Allocation Failure) 58.001: [ParNew (promotion failed): 2751K->3071K(3072K), 0.0171993 secs]58.018: [CMS58.034: [CMS-concurrent-mark: 0.016/0.033 secs] [Times: user=0.08 sys=0.00, real=0.03 secs] 
 (concurrent mode failure): 6520K->6518K(6848K), 0.0540028 secs] 9270K->9270K(9920K), [Metaspace: 4016K->4016K(1056768K)], 0.0713243 secs] [Times: user=0.09 sys=0.00, real=0.07 secs] 
58.072: [GC (Allocation Failure) 58.073: [ParNew (promotion failed): 2751K->3071K(3072K), 0.0176413 secs]58.090: [CMS: 6520K->6518K(6848K), 0.0367646 secs] 9270K->9270K(9920K), [Metaspace: 4016K->4016K(1056768K)], 0.0545215 secs] [Times: user=0.11 sys=0.00, real=0.05 secs] 
58.127: [GC (CMS Initial Mark) [1 CMS-initial-mark: 6518K(6848K)] 9270K(9920K), 0.0081602 secs] [Times: user=0.00 sys=0.00, real=0.01 secs] 
58.135: [CMS-concurrent-mark-start]
58.136: [GC (Allocation Failure) 58.136: [ParNew (promotion failed): 2751K->3070K(3072K), 0.0174679 secs]58.153: [CMS58.169: [CMS-concurrent-mark: 0.016/0.034 secs] [Times: user=0.08 sys=0.00, real=0.03 secs] 
 (concurrent mode failure): 6520K->6518K(6848K), 0.0536489 secs] 9270K->9270K(9920K), [Metaspace: 4016K->4016K(1056768K)], 0.0712379 secs] [Times: user=0.13 sys=0.00, real=0.07 secs] 
58.207: [GC (Allocation Failure) 58.207: [ParNew (promotion failed): 2751K->3070K(3072K), 0.0172166 secs]58.225: [CMS: 6520K->6518K(6848K), 0.0431930 secs] 9270K->9270K(9920K), [Metaspace: 4016K->4016K(1056768K)], 0.0605214 secs] [Times: user=0.11 sys=0.00, real=0.06 secs] 
58.268: [GC (CMS Initial Mark) [1 CMS-initial-mark: 6518K(6848K)] 9270K(9920K), 0.0081418 secs] [Times: user=0.00 sys=0.00, real=0.01 secs] 
58.276: [CMS-concurrent-mark-start]
58.276: [GC (Allocation Failure) 58.276: [ParNew (promotion failed): 2751K->3070K(3072K), 0.0180097 secs]58.294: [CMS58.310: [CMS-concurrent-mark: 0.016/0.034 secs] [Times: user=0.06 sys=0.02, real=0.03 secs] 
 (concurrent mode failure): 6520K->6518K(6848K), 0.0546717 secs] 9270K->9270K(9920K), [Metaspace: 4016K->4016K(1056768K)], 0.0727996 secs] [Times: user=0.09 sys=0.02, real=0.07 secs] 
58.349: [GC (Allocation Failure) 58.349: [ParNew (promotion failed): 2751K->3070K(3072K), 0.0174791 secs]58.367: [CMS: 6520K->6518K(6848K), 0.0373780 secs] 9270K->9270K(9920K), [Metaspace: 4016K->4016K(1056768K)], 0.0549723 secs] [Times: user=0.09 sys=0.00, real=0.06 secs] 
58.405: [GC (CMS Initial Mark) [1 CMS-initial-mark: 6518K(6848K)] 9270K(9920K), 0.0080801 secs] [Times: user=0.00 sys=0.00, real=0.01 secs] 
58.413: [CMS-concurrent-mark-start]
58.413: [GC (Allocation Failure) 58.413: [ParNew (promotion failed): 2751K->3070K(3072K), 0.0182464 secs]58.431: [CMS58.447: [CMS-concurrent-mark: 0.016/0.034 secs] [Times: user=0.08 sys=0.00, real=0.03 secs] 
 (concurrent mode failure): 6520K->6518K(6848K), 0.0538428 secs] 9270K->9270K(9920K), [Metaspace: 4016K->4016K(1056768K)], 0.0722054 secs] [Times: user=0.13 sys=0.00, real=0.07 secs] 
58.485: [GC (Allocation Failure) 58.485: [ParNew (promotion failed): 2751K->3070K(3072K), 0.0175977 secs]58.503: [CMS: 6520K->6518K(6848K), 0.0370565 secs] 9270K->9270K(9920K), [Metaspace: 4016K->4016K(1056768K)], 0.0547676 secs] [Times: user=0.09 sys=0.00, real=0.06 secs] 
58.540: [GC (CMS Initial Mark) [1 CMS-initial-mark: 6518K(6848K)] 9270K(9920K), 0.0080387 secs] [Times: user=0.02 sys=0.00, real=0.01 secs] 
58.548: [CMS-concurrent-mark-start]
58.549: [GC (Allocation Failure) 58.549: [ParNew (promotion failed): 2751K->3070K(3072K), 0.0180109 secs]58.567: [CMS58.583: [CMS-concurrent-mark: 0.016/0.034 secs] [Times: user=0.08 sys=0.00, real=0.04 secs] 
 (concurrent mode failure): 6520K->6518K(6848K), 0.0529924 secs] 9270K->9270K(9920K), [Metaspace: 4016K->4016K(1056768K)], 0.0711202 secs] [Times: user=0.11 sys=0.00, real=0.07 secs] 
58.621: [GC (Allocation Failure) 58.621: [ParNew (promotion failed): 2751K->3070K(3072K), 0.0173381 secs]58.638: [CMS: 6520K->6518K(6848K), 0.0397338 secs] 9270K->9270K(9920K), [Metaspace: 4016K->4016K(1056768K)], 0.0571978 secs] [Times: user=0.11 sys=0.00, real=0.06 secs] 
58.678: [GC (CMS Initial Mark) [1 CMS-initial-mark: 6518K(6848K)] 9270K(9920K), 0.0084763 secs] [Times: user=0.02 sys=0.00, real=0.01 secs] 
58.686: [CMS-concurrent-mark-start]
58.687: [GC (Allocation Failure) 58.687: [ParNew (promotion failed): 2751K->3070K(3072K), 0.0178841 secs]58.705: [CMS58.724: [CMS-concurrent-mark: 0.019/0.037 secs] [Times: user=0.06 sys=0.00, real=0.04 secs] 
 (concurrent mode failure): 6520K->6518K(6848K), 0.0580564 secs] 9270K->9270K(9920K), [Metaspace: 4016K->4016K(1056768K)], 0.0760665 secs] [Times: user=0.09 sys=0.00, real=0.08 secs] 
58.763: [GC (Allocation Failure) 58.763: [ParNew (promotion failed): 2751K->3070K(3072K), 0.0180494 secs]58.781: [CMS: 6520K->6518K(6848K), 0.0398063 secs] 9270K->9270K(9920K), [Metaspace: 4016K->4016K(1056768K)], 0.0580312 secs] [Times: user=0.13 sys=0.00, real=0.06 secs] 
58.821: [GC (Allocation Failure) 58.821: [ParNew (promotion failed): 2751K->3070K(3072K), 0.0177386 secs]58.839: [CMS (concurrent mode failure): 6520K->6518K(6848K), 0.0356516 secs] 9270K->9270K(9920K), [Metaspace: 4016K->4016K(1056768K)], 0.0535115 secs] [Times: user=0.09 sys=0.00, real=0.05 secs] 
58.875: [GC (Allocation Failure) 58.875: [ParNew (promotion failed): 2751K->3070K(3072K), 0.0174099 secs]58.892: [CMS: 6520K->6518K(6848K), 0.0448813 secs] 9270K->9270K(9920K), [Metaspace: 4016K->4016K(1056768K)], 0.0623926 secs] [Times: user=0.11 sys=0.00, real=0.06 secs] 
58.937: [GC (CMS Initial Mark) [1 CMS-initial-mark: 6518K(6848K)] 9270K(9920K), 0.0102391 secs] [Times: user=0.00 sys=0.00, real=0.01 secs] 
58.948: [CMS-concurrent-mark-start]
58.948: [GC (Allocation Failure) 58.948: [ParNew (promotion failed): 2751K->3070K(3072K), 0.0175253 secs]58.965: [CMS58.986: [CMS-concurrent-mark: 0.020/0.038 secs] [Times: user=0.08 sys=0.00, real=0.04 secs] 
 (concurrent mode failure): 6520K->6518K(6848K), 0.0627764 secs] 9270K->9270K(9920K), [Metaspace: 4016K->4016K(1056768K)], 0.0804214 secs] [Times: user=0.11 sys=0.00, real=0.08 secs] 
59.028: [GC (Allocation Failure) 59.028: [ParNew (promotion failed): 2751K->3070K(3072K), 0.0176382 secs]59.046: [CMS: 6520K->6518K(6848K), 0.0389241 secs] 9270K->9270K(9920K), [Metaspace: 4016K->4016K(1056768K)], 0.0566732 secs] [Times: user=0.09 sys=0.00, real=0.06 secs] 
59.085: [GC (CMS Initial Mark) [1 CMS-initial-mark: 6518K(6848K)] 9270K(9920K), 0.0079300 secs] [Times: user=0.02 sys=0.00, real=0.01 secs] 
59.093: [CMS-concurrent-mark-start]
59.093: [GC (Allocation Failure) 59.093: [ParNew (promotion failed): 2751K->3070K(3072K), 0.0183427 secs]59.112: [CMS59.128: [CMS-concurrent-mark: 0.016/0.035 secs] [Times: user=0.08 sys=0.00, real=0.04 secs] 
 (concurrent mode failure): 6520K->6518K(6848K), 0.0496044 secs] 9270K->9270K(9920K), [Metaspace: 4016K->4016K(1056768K)], 0.0680545 secs] [Times: user=0.11 sys=0.00, real=0.07 secs] 
59.162: [GC (Allocation Failure) 59.162: [ParNew (promotion failed): 2751K->3070K(3072K), 0.0173114 secs]59.179: [CMS: 6520K->6518K(6848K), 0.0357039 secs] 9270K->9270K(9920K), [Metaspace: 4016K->4016K(1056768K)], 0.0531487 secs] [Times: user=0.08 sys=0.00, real=0.05 secs] 
59.215: [GC (CMS Initial Mark) [1 CMS-initial-mark: 6518K(6848K)] 9270K(9920K), 0.0057815 secs] [Times: user=0.01 sys=0.00, real=0.01 secs] 
59.221: [CMS-concurrent-mark-start]
59.221: [GC (Allocation Failure) 59.221: [ParNew (promotion failed): 2751K->3069K(3072K), 0.0180363 secs]59.239: [CMS59.253: [CMS-concurrent-mark: 0.014/0.032 secs] [Times: user=0.08 sys=0.00, real=0.03 secs] 
 (concurrent mode failure): 6520K->6518K(6848K), 0.0461029 secs] 9270K->9270K(9920K), [Metaspace: 4016K->4016K(1056768K)], 0.0642717 secs] [Times: user=0.11 sys=0.00, real=0.06 secs] 
59.286: [GC (Allocation Failure) 59.286: [ParNew (promotion failed): 2751K->3071K(3072K), 0.0181052 secs]59.304: [CMS: 6520K->6518K(6848K), 0.0332567 secs] 9270K->9270K(9920K), [Metaspace: 4016K->4016K(1056768K)], 0.0514930 secs] [Times: user=0.09 sys=0.00, real=0.05 secs] 
59.337: [GC (CMS Initial Mark) [1 CMS-initial-mark: 6518K(6848K)] 9270K(9920K), 0.0076290 secs] [Times: user=0.01 sys=0.00, real=0.01 secs] 
59.345: [CMS-concurrent-mark-start]
59.345: [GC (Allocation Failure) 59.345: [ParNew (promotion failed): 2751K->3071K(3072K), 0.0176921 secs]59.363: [CMS59.376: [CMS-concurrent-mark: 0.013/0.031 secs] [Times: user=0.08 sys=0.00, real=0.03 secs] 
 (concurrent mode failure): 6520K->6518K(6848K), 0.0435304 secs] 9270K->9270K(9920K), [Metaspace: 4016K->4016K(1056768K)], 0.0613418 secs] [Times: user=0.11 sys=0.00, real=0.06 secs] 
59.407: [GC (Allocation Failure) 59.407: [ParNew (promotion failed): 2751K->3071K(3072K), 0.0173759 secs]59.424: [CMS: 6520K->6518K(6848K), 0.0312428 secs] 9270K->9270K(9920K), [Metaspace: 4016K->4016K(1056768K)], 0.0487096 secs] [Times: user=0.05 sys=0.00, real=0.05 secs] 
59.456: [GC (CMS Initial Mark) [1 CMS-initial-mark: 6518K(6848K)] 9270K(9920K), 0.0056676 secs] [Times: user=0.00 sys=0.00, real=0.01 secs] 
59.461: [CMS-concurrent-mark-start]
59.461: [GC (Allocation Failure) 59.461: [ParNew (promotion failed): 2751K->3071K(3072K), 0.0173095 secs]59.479: [CMS59.488: [CMS-concurrent-mark: 0.009/0.026 secs] [Times: user=0.08 sys=0.00, real=0.03 secs] 
 (concurrent mode failure): 6520K->6518K(6848K), 0.0327662 secs] 9270K->9270K(9920K), [Metaspace: 4016K->4016K(1056768K)], 0.0501624 secs] [Times: user=0.09 sys=0.00, real=0.05 secs] 
59.512: [GC (Allocation Failure) 59.512: [ParNew (promotion failed): 2751K->3071K(3072K), 0.0177105 secs]59.529: [CMS: 6520K->6518K(6848K), 0.0236717 secs] 9270K->9270K(9920K), [Metaspace: 4016K->4016K(1056768K)], 0.0414702 secs] [Times: user=0.09 sys=0.00, real=0.04 secs] 
59.553: [GC (CMS Initial Mark) [1 CMS-initial-mark: 6518K(6848K)] 9270K(9920K), 0.0063726 secs] [Times: user=0.00 sys=0.00, real=0.01 secs] 
59.560: [CMS-concurrent-mark-start]
59.560: [GC (Allocation Failure) 59.560: [ParNew (promotion failed): 2751K->3071K(3072K), 0.0176675 secs]59.577: [CMS59.586: [CMS-concurrent-mark: 0.009/0.027 secs] [Times: user=0.13 sys=0.00, real=0.03 secs] 
 (concurrent mode failure): 6520K->6518K(6848K), 0.0331850 secs] 9270K->9270K(9920K), [Metaspace: 4016K->4016K(1056768K)], 0.0509505 secs] [Times: user=0.14 sys=0.01, real=0.05 secs] 
59.611: [GC (Allocation Failure) 59.611: [ParNew (promotion failed): 2751K->3071K(3072K), 0.0179687 secs]59.629: [CMS: 6520K->6518K(6848K), 0.0260150 secs] 9270K->9270K(9920K), [Metaspace: 4016K->4016K(1056768K)], 0.0441084 secs] [Times: user=0.06 sys=0.02, real=0.04 secs] 
59.655: [GC (CMS Initial Mark) [1 CMS-initial-mark: 6518K(6848K)] 9270K(9920K), 0.0081213 secs] [Times: user=0.00 sys=0.00, real=0.01 secs] 
59.663: [CMS-concurrent-mark-start]
59.663: [GC (Allocation Failure) 59.664: [ParNew (promotion failed): 2751K->3070K(3072K), 0.0175071 secs]59.681: [CMS59.691: [CMS-concurrent-mark: 0.010/0.027 secs] [Times: user=0.06 sys=0.00, real=0.03 secs] 
 (concurrent mode failure): 6520K->6518K(6848K), 0.0442509 secs] 9270K->9270K(9920K), [Metaspace: 4016K->4016K(1056768K)], 0.0618766 secs] [Times: user=0.09 sys=0.00, real=0.06 secs] 
59.726: [GC (Allocation Failure) 59.726: [ParNew (promotion failed): 2751K->3070K(3072K), 0.0192502 secs]59.745: [CMS: 6520K->6518K(6848K), 0.0300667 secs] 9270K->9270K(9920K), [Metaspace: 4016K->4016K(1056768K)], 0.0494226 secs] [Times: user=0.08 sys=0.00, real=0.05 secs] 
59.775: [GC (Allocation Failure) 59.775: [ParNew (promotion failed): 2751K->3070K(3072K), 0.0180554 secs]59.793: [CMS (concurrent mode failure): 6520K->6518K(6848K), 0.0293348 secs] 9270K->9270K(9920K), [Metaspace: 4016K->4016K(1056768K)], 0.0475407 secs] [Times: user=0.09 sys=0.00, real=0.05 secs] 
59.823: [GC (Allocation Failure) 59.823: [ParNew (promotion failed): 2751K->3070K(3072K), 0.0185140 secs]59.841: [CMS: 6520K->6518K(6848K), 0.0292759 secs] 9270K->9270K(9920K), [Metaspace: 4016K->4016K(1056768K)], 0.0478798 secs] [Times: user=0.08 sys=0.02, real=0.05 secs] 
59.871: [GC (CMS Initial Mark) [1 CMS-initial-mark: 6518K(6848K)] 9270K(9920K), 0.0062610 secs] [Times: user=0.01 sys=0.00, real=0.01 secs] 
59.877: [CMS-concurrent-mark-start]
59.877: [GC (Allocation Failure) 59.877: [ParNew (promotion failed): 2751K->3070K(3072K), 0.0180110 secs]59.895: [CMS59.905: [CMS-concurrent-mark: 0.010/0.028 secs] [Times: user=0.08 sys=0.00, real=0.03 secs] 
 (concurrent mode failure): 6520K->6518K(6848K), 0.0443422 secs] 9270K->9270K(9920K), [Metaspace: 4016K->4016K(1056768K)], 0.0624654 secs] [Times: user=0.11 sys=0.00, real=0.06 secs] 
59.940: [GC (Allocation Failure) 59.940: [ParNew (promotion failed): 2751K->3070K(3072K), 0.0173231 secs]59.957: [CMS: 6520K->6518K(6848K), 0.0323450 secs] 9270K->9270K(9920K), [Metaspace: 4016K->4016K(1056768K)], 0.0497819 secs] [Times: user=0.09 sys=0.00, real=0.05 secs] 
59.991: [GC (CMS Initial Mark) [1 CMS-initial-mark: 6518K(6848K)] 9270K(9920K), 0.0065255 secs] [Times: user=0.01 sys=0.00, real=0.01 secs] 
59.997: [CMS-concurrent-mark-start]
60.003: [GC (Allocation Failure) 60.003: [ParNew (promotion failed): 2751K->3070K(3072K), 0.0182060 secs]60.022: [CMS60.030: [CMS-concurrent-mark: 0.014/0.032 secs] [Times: user=0.08 sys=0.00, real=0.03 secs] 
 (concurrent mode failure): 6520K->6518K(6848K), 0.0385904 secs] 9270K->9270K(9920K), [Metaspace: 4016K->4016K(1056768K)], 0.0569099 secs] [Times: user=0.11 sys=0.00, real=0.06 secs] 
60.060: [GC (Allocation Failure) 60.060: [ParNew (promotion failed): 2751K->3070K(3072K), 0.0174028 secs]60.078: [CMS: 6520K->6518K(6848K), 0.0371664 secs] 9270K->9270K(9920K), [Metaspace: 4016K->4016K(1056768K)], 0.0546575 secs] [Times: user=0.03 sys=0.00, real=0.05 secs] 
60.115: [GC (CMS Initial Mark) [1 CMS-initial-mark: 6518K(6848K)] 9270K(9920K), 0.0080114 secs] [Times: user=0.01 sys=0.00, real=0.01 secs] 
60.123: [CMS-concurrent-mark-start]
60.123: [GC (Allocation Failure) 60.123: [ParNew (promotion failed): 2751K->3070K(3072K), 0.0172721 secs]60.141: [CMS60.152: [CMS-concurrent-mark: 0.011/0.029 secs] [Times: user=0.06 sys=0.00, real=0.03 secs] 
 (concurrent mode failure): 6520K->6518K(6848K), 0.0381673 secs] 9270K->9270K(9920K), [Metaspace: 4016K->4016K(1056768K)], 0.0556515 secs] [Times: user=0.09 sys=0.00, real=0.06 secs] 
60.179: [GC (Allocation Failure) 60.179: [ParNew (promotion failed): 2751K->3070K(3072K), 0.0178743 secs]60.197: [CMS: 6520K->6518K(6848K), 0.0357390 secs] 9270K->9270K(9920K), [Metaspace: 4016K->4016K(1056768K)], 0.0537491 secs] [Times: user=0.11 sys=0.00, real=0.05 secs] 
60.233: [GC (CMS Initial Mark) [1 CMS-initial-mark: 6518K(6848K)] 9270K(9920K), 0.0058942 secs] [Times: user=0.00 sys=0.00, real=0.00 secs] 
60.239: [CMS-concurrent-mark-start]
60.239: [GC (Allocation Failure) 60.239: [ParNew (promotion failed): 2751K->3070K(3072K), 0.0167994 secs]60.256: [CMS60.272: [CMS-concurrent-mark: 0.016/0.033 secs] [Times: user=0.08 sys=0.00, real=0.03 secs] 
 (concurrent mode failure): 6520K->6518K(6848K), 0.0448226 secs] 9270K->9270K(9920K), [Metaspace: 4016K->4016K(1056768K)], 0.0617190 secs] [Times: user=0.11 sys=0.00, real=0.06 secs] 
60.301: [GC (Allocation Failure) 60.301: [ParNew (promotion failed): 2751K->3070K(3072K), 0.0172375 secs]60.318: [CMS: 6520K->6518K(6848K), 0.0288889 secs] 9270K->9270K(9920K), [Metaspace: 4016K->4016K(1056768K)], 0.0462354 secs] [Times: user=0.09 sys=0.00, real=0.05 secs] 
60.347: [GC (CMS Initial Mark) [1 CMS-initial-mark: 6518K(6848K)] 9270K(9920K), 0.0084342 secs] [Times: user=0.00 sys=0.00, real=0.01 secs] 
60.356: [CMS-concurrent-mark-start]
60.356: [GC (Allocation Failure) 60.356: [ParNew (promotion failed): 2751K->3070K(3072K), 0.0180586 secs]60.374: [CMS60.387: [CMS-concurrent-mark: 0.012/0.031 secs] [Times: user=0.08 sys=0.00, real=0.03 secs] 
 (concurrent mode failure): 6520K->6518K(6848K), 0.0428646 secs] 9270K->9270K(9920K), [Metaspace: 4016K->4016K(1056768K)], 0.0610281 secs] [Times: user=0.11 sys=0.00, real=0.06 secs] 
60.417: [GC (Allocation Failure) 60.417: [ParNew (promotion failed): 2751K->3070K(3072K), 0.0180122 secs]60.435: [CMS: 6520K->6518K(6848K), 0.0313975 secs] 9270K->9270K(9920K), [Metaspace: 4016K->4016K(1056768K)], 0.0495254 secs] [Times: user=0.11 sys=0.00, real=0.05 secs] 
60.467: [GC (CMS Initial Mark) [1 CMS-initial-mark: 6518K(6848K)] 9270K(9920K), 0.0074878 secs] [Times: user=0.00 sys=0.00, real=0.01 secs] 
60.474: [CMS-concurrent-mark-start]
60.475: [GC (Allocation Failure) 60.475: [ParNew (promotion failed): 2751K->3070K(3072K), 0.0176800 secs]60.492: [CMS60.505: [CMS-concurrent-mark: 0.013/0.031 secs] [Times: user=0.08 sys=0.00, real=0.03 secs] 
 (concurrent mode failure): 6520K->6518K(6848K), 0.0515337 secs] 9270K->9270K(9920K), [Metaspace: 4016K->4016K(1056768K)], 0.0693181 secs] [Times: user=0.11 sys=0.00, real=0.07 secs] 
60.544: [GC (Allocation Failure) 60.544: [ParNew (promotion failed): 2751K->3070K(3072K), 0.0179654 secs]60.562: [CMS: 6520K->6518K(6848K), 0.0346307 secs] 9270K->9270K(9920K), [Metaspace: 4016K->4016K(1056768K)], 0.0527048 secs] [Times: user=0.08 sys=0.00, real=0.05 secs] 
60.597: [GC (Allocation Failure) 60.597: [ParNew (promotion failed): 2751K->3069K(3072K), 0.0183387 secs]60.615: [CMS (concurrent mode failure): 6520K->6518K(6848K), 0.0362393 secs] 9270K->9270K(9920K), [Metaspace: 4016K->4016K(1056768K)], 0.0546922 secs] [Times: user=0.08 sys=0.02, real=0.05 secs] 
60.653: [GC (Allocation Failure) 60.653: [ParNew (promotion failed): 2751K->3071K(3072K), 0.0180910 secs]60.671: [CMS: 6520K->6518K(6848K), 0.0361801 secs] 9270K->9270K(9920K), [Metaspace: 4016K->4016K(1056768K)], 0.0544028 secs] [Times: user=0.11 sys=0.00, real=0.06 secs] 
60.707: [GC (CMS Initial Mark) [1 CMS-initial-mark: 6518K(6848K)] 9270K(9920K), 0.0080902 secs] [Times: user=0.00 sys=0.00, real=0.01 secs] 
60.715: [CMS-concurrent-mark-start]
60.715: [GC (Allocation Failure) 60.715: [ParNew (promotion failed): 2751K->3071K(3072K), 0.0177961 secs]60.733: [CMS60.749: [CMS-concurrent-mark: 0.016/0.034 secs] [Times: user=0.09 sys=0.00, real=0.03 secs] 
 (concurrent mode failure): 6520K->6518K(6848K), 0.0525428 secs] 9270K->9270K(9920K), [Metaspace: 4016K->4016K(1056768K)], 0.0704310 secs] [Times: user=0.13 sys=0.00, real=0.07 secs] 
60.786: [GC (Allocation Failure) 60.786: [ParNew (promotion failed): 2751K->3071K(3072K), 0.0172906 secs]60.803: [CMS: 6520K->6518K(6848K), 0.0292399 secs] 9270K->9270K(9920K), [Metaspace: 4016K->4016K(1056768K)], 0.0466319 secs] [Times: user=0.09 sys=0.00, real=0.05 secs] 
60.833: [GC (CMS Initial Mark) [1 CMS-initial-mark: 6518K(6848K)] 9270K(9920K), 0.0080204 secs] [Times: user=0.00 sys=0.00, real=0.01 secs] 
60.841: [CMS-concurrent-mark-start]
60.841: [GC (Allocation Failure) 60.841: [ParNew (promotion failed): 2751K->3071K(3072K), 0.0173018 secs]60.858: [CMS60.868: [CMS-concurrent-mark: 0.009/0.027 secs] [Times: user=0.01 sys=0.00, real=0.03 secs] 
 (concurrent mode failure): 6520K->6518K(6848K), 0.0388139 secs] 9270K->9270K(9920K), [Metaspace: 4016K->4016K(1056768K)], 0.0562106 secs] [Times: user=0.05 sys=0.00, real=0.06 secs] 
60.897: [GC (Allocation Failure) 60.897: [ParNew (promotion failed): 2751K->3071K(3072K), 0.0174204 secs]60.915: [CMS: 6520K->6518K(6848K), 0.0280812 secs] 9270K->9270K(9920K), [Metaspace: 4016K->4016K(1056768K)], 0.0455945 secs] [Times: user=0.09 sys=0.00, real=0.04 secs] 
60.943: [GC (CMS Initial Mark) [1 CMS-initial-mark: 6518K(6848K)] 9270K(9920K), 0.0061096 secs] [Times: user=0.00 sys=0.00, real=0.01 secs] 
60.949: [CMS-concurrent-mark-start]
60.949: [GC (Allocation Failure) 60.949: [ParNew (promotion failed): 2751K->3071K(3072K), 0.0176950 secs]60.967: [CMS60.976: [CMS-concurrent-mark: 0.009/0.027 secs] [Times: user=0.06 sys=0.02, real=0.03 secs] 
 (concurrent mode failure): 6520K->6518K(6848K), 0.0365835 secs] 9270K->9270K(9920K), [Metaspace: 4016K->4016K(1056768K)], 0.0543706 secs] [Times: user=0.09 sys=0.02, real=0.05 secs] 
61.004: [GC (Allocation Failure) 61.004: [ParNew (promotion failed): 2751K->3071K(3072K), 0.0179733 secs]61.022: [CMS: 6520K->6518K(6848K), 0.0235938 secs] 9270K->9270K(9920K), [Metaspace: 4016K->4016K(1056768K)], 0.0416645 secs] [Times: user=0.06 sys=0.01, real=0.04 secs] 
61.046: [GC (CMS Initial Mark) [1 CMS-initial-mark: 6518K(6848K)] 9270K(9920K), 0.0055985 secs] [Times: user=0.00 sys=0.00, real=0.01 secs] 
61.051: [CMS-concurrent-mark-start]
61.051: [GC (Allocation Failure) 61.051: [ParNew (promotion failed): 2751K->3070K(3072K), 0.0182883 secs]61.070: [CMS61.079: [CMS-concurrent-mark: 0.009/0.028 secs] [Times: user=0.06 sys=0.02, real=0.03 secs] 
 (concurrent mode failure): 6520K->6518K(6848K), 0.0329115 secs] 9270K->9270K(9920K), [Metaspace: 4016K->4016K(1056768K)], 0.0513021 secs] [Times: user=0.08 sys=0.02, real=0.05 secs] 
61.103: [GC (Allocation Failure) 61.103: [ParNew (promotion failed): 2751K->3070K(3072K), 0.0171191 secs]61.120: [CMS: 6520K->6518K(6848K), 0.0231272 secs] 9270K->9270K(9920K), [Metaspace: 4016K->4016K(1056768K)], 0.0403490 secs] [Times: user=0.09 sys=0.00, real=0.04 secs] 
61.144: [GC (CMS Initial Mark) [1 CMS-initial-mark: 6518K(6848K)] 9270K(9920K), 0.0054619 secs] [Times: user=0.00 sys=0.00, real=0.01 secs] 
61.149: [CMS-concurrent-mark-start]
61.149: [GC (Allocation Failure) 61.149: [ParNew (promotion failed): 2751K->3070K(3072K), 0.0172371 secs]61.166: [CMS61.176: [CMS-concurrent-mark: 0.009/0.027 secs] [Times: user=0.08 sys=0.00, real=0.03 secs] 
 (concurrent mode failure): 6520K->6518K(6848K), 0.0326360 secs] 9270K->9270K(9920K), [Metaspace: 4016K->4016K(1056768K)], 0.0499686 secs] [Times: user=0.09 sys=0.00, real=0.05 secs] 
61.199: [GC (Allocation Failure) 61.199: [ParNew (promotion failed): 2751K->3070K(3072K), 0.0177868 secs]61.217: [CMS: 6520K->6518K(6848K), 0.0243747 secs] 9270K->9270K(9920K), [Metaspace: 4016K->4016K(1056768K)], 0.0422565 secs] [Times: user=0.09 sys=0.00, real=0.04 secs] 
61.242: [GC (Allocation Failure) 61.242: [ParNew (promotion failed): 2751K->3070K(3072K), 0.0176592 secs]61.259: [CMS (concurrent mode failure): 6520K->6518K(6848K), 0.0247063 secs] 9270K->9270K(9920K), [Metaspace: 4016K->4016K(1056768K)], 0.0424579 secs] [Times: user=0.09 sys=0.00, real=0.04 secs] 
61.284: [GC (Allocation Failure) 61.284: [ParNew (promotion failed): 2751K->3070K(3072K), 0.0171536 secs]61.301: [CMS: 6520K->6518K(6848K), 0.0284575 secs] 9270K->9270K(9920K), [Metaspace: 4016K->4016K(1056768K)], 0.0457096 secs] [Times: user=0.09 sys=0.00, real=0.05 secs] 
61.330: [GC (Allocation Failure) 61.330: [ParNew (promotion failed): 2751K->3070K(3072K), 0.0178060 secs]61.348: [CMS (concurrent mode failure): 6520K->6518K(6848K), 0.0234198 secs] 9270K->9270K(9920K), [Metaspace: 4016K->4016K(1056768K)], 0.0413389 secs] [Times: user=0.08 sys=0.00, real=0.04 secs] 
61.372: [GC (Allocation Failure) 61.372: [ParNew (promotion failed): 2751K->3070K(3072K), 0.0175783 secs]61.389: [CMS: 6520K->6518K(6848K), 0.0246608 secs] 9270K->9270K(9920K), [Metaspace: 4016K->4016K(1056768K)], 0.0423431 secs] [Times: user=0.09 sys=0.00, real=0.04 secs] 
61.414: [GC (CMS Initial Mark) [1 CMS-initial-mark: 6518K(6848K)] 9270K(9920K), 0.0057367 secs] [Times: user=0.02 sys=0.00, real=0.01 secs] 
61.420: [CMS-concurrent-mark-start]
61.420: [GC (Allocation Failure) 61.420: [ParNew (promotion failed): 2751K->3070K(3072K), 0.0177150 secs]61.438: [CMS61.448: [CMS-concurrent-mark: 0.010/0.028 secs] [Times: user=0.06 sys=0.00, real=0.03 secs] 
 (concurrent mode failure): 6520K->6518K(6848K), 0.0343971 secs] 9270K->9270K(9920K), [Metaspace: 4016K->4016K(1056768K)], 0.0522089 secs] [Times: user=0.09 sys=0.00, real=0.05 secs] 
61.472: [GC (Allocation Failure) 61.472: [ParNew (promotion failed): 2751K->3070K(3072K), 0.0180767 secs]61.491: [CMS: 6520K->6518K(6848K), 0.0245929 secs] 9270K->9270K(9920K), [Metaspace: 4016K->4016K(1056768K)], 0.0427613 secs] [Times: user=0.09 sys=0.00, real=0.04 secs] 
61.515: [GC (CMS Initial Mark) [1 CMS-initial-mark: 6518K(6848K)] 9270K(9920K), 0.0054296 secs] [Times: user=0.00 sys=0.00, real=0.01 secs] 
61.521: [CMS-concurrent-mark-start]
61.521: [GC (Allocation Failure) 61.521: [ParNew (promotion failed): 2751K->3070K(3072K), 0.0175078 secs]61.538: [CMS61.548: [CMS-concurrent-mark: 0.009/0.027 secs] [Times: user=0.08 sys=0.00, real=0.03 secs] 
 (concurrent mode failure): 6520K->6518K(6848K), 0.0344104 secs] 9270K->9270K(9920K), [Metaspace: 4016K->4016K(1056768K)], 0.0520086 secs] [Times: user=0.09 sys=0.00, real=0.05 secs] 
61.573: [GC (Allocation Failure) 61.573: [ParNew (promotion failed): 2751K->3070K(3072K), 0.0179539 secs]61.591: [CMS: 6520K->6518K(6848K), 0.0240760 secs] 9270K->9270K(9920K), [Metaspace: 4016K->4016K(1056768K)], 0.0421241 secs] [Times: user=0.09 sys=0.00, real=0.04 secs] 
61.615: [GC (CMS Initial Mark) [1 CMS-initial-mark: 6518K(6848K)] 9270K(9920K), 0.0077644 secs] [Times: user=0.02 sys=0.00, real=0.01 secs] 
61.623: [CMS-concurrent-mark-start]
61.623: [GC (Allocation Failure) 61.623: [ParNew (promotion failed): 2751K->3070K(3072K), 0.0187016 secs]61.642: [CMS61.651: [CMS-concurrent-mark: 0.009/0.028 secs] [Times: user=0.05 sys=0.01, real=0.03 secs] 
 (concurrent mode failure): 6520K->6518K(6848K), 0.0424393 secs] 9270K->9270K(9920K), [Metaspace: 4016K->4016K(1056768K)], 0.0612497 secs] [Times: user=0.08 sys=0.01, real=0.06 secs] 
61.685: [GC (Allocation Failure) 61.685: [ParNew (promotion failed): 2751K->3070K(3072K), 0.0177721 secs]61.703: [CMS: 6520K->6518K(6848K), 0.0245284 secs] 9270K->9270K(9920K), [Metaspace: 4016K->4016K(1056768K)], 0.0423998 secs] [Times: user=0.02 sys=0.00, real=0.04 secs] 
61.727: [GC (CMS Initial Mark) [1 CMS-initial-mark: 6518K(6848K)] 9270K(9920K), 0.0057254 secs] [Times: user=0.02 sys=0.00, real=0.01 secs] 
61.733: [CMS-concurrent-mark-start]
61.733: [GC (Allocation Failure) 61.733: [ParNew (promotion failed): 2751K->3070K(3072K), 0.0175264 secs]61.751: [CMS61.761: [CMS-concurrent-mark: 0.010/0.028 secs] [Times: user=0.05 sys=0.00, real=0.03 secs] 
 (concurrent mode failure): 6520K->6518K(6848K), 0.0336127 secs] 9270K->9270K(9920K), [Metaspace: 4016K->4016K(1056768K)], 0.0512291 secs] [Times: user=0.08 sys=0.00, real=0.05 secs] 
61.784: [GC (Allocation Failure) 61.785: [ParNew (promotion failed): 2751K->3070K(3072K), 0.0176777 secs]61.802: [CMS: 6520K->6518K(6848K), 0.0243278 secs] 9270K->9270K(9920K), [Metaspace: 4016K->4016K(1056768K)], 0.0421052 secs] [Times: user=0.09 sys=0.00, real=0.04 secs] 
61.827: [GC (CMS Initial Mark) [1 CMS-initial-mark: 6518K(6848K)] 9270K(9920K), 0.0055955 secs] [Times: user=0.00 sys=0.00, real=0.01 secs] 
61.832: [CMS-concurrent-mark-start]
61.833: [GC (Allocation Failure) 61.833: [ParNew (promotion failed): 2751K->3069K(3072K), 0.0178297 secs]61.850: [CMS61.860: [CMS-concurrent-mark: 0.009/0.027 secs] [Times: user=0.08 sys=0.00, real=0.03 secs] 
 (concurrent mode failure): 6520K->6518K(6848K), 0.0330814 secs] 9270K->9270K(9920K), [Metaspace: 4016K->4016K(1056768K)], 0.0510088 secs] [Times: user=0.09 sys=0.00, real=0.05 secs] 
61.884: [GC (Allocation Failure) 61.884: [ParNew (promotion failed): 2751K->3071K(3072K), 0.0178291 secs]61.902: [CMS: 6520K->6518K(6848K), 0.0240508 secs] 9270K->9270K(9920K), [Metaspace: 4016K->4016K(1056768K)], 0.0419703 secs] [Times: user=0.09 sys=0.00, real=0.04 secs] 
61.926: [GC (Allocation Failure) 61.926: [ParNew (promotion failed): 2751K->3071K(3072K), 0.0172862 secs]61.943: [CMS (concurrent mode failure): 6520K->6518K(6848K), 0.0304316 secs] 9270K->9270K(9920K), [Metaspace: 4016K->4016K(1056768K)], 0.0478096 secs] [Times: user=0.09 sys=0.00, real=0.05 secs] 
61.974: [GC (Allocation Failure) 61.974: [ParNew (promotion failed): 2751K->3071K(3072K), 0.0177909 secs]61.992: [CMS: 6520K->6518K(6848K), 0.0284081 secs] 9270K->9270K(9920K), [Metaspace: 4016K->4016K(1056768K)], 0.0462980 secs] [Times: user=0.09 sys=0.00, real=0.05 secs] 
62.020: [GC (CMS Initial Mark) [1 CMS-initial-mark: 6518K(6848K)] 9270K(9920K), 0.0057552 secs] [Times: user=0.00 sys=0.00, real=0.01 secs] 
62.026: [CMS-concurrent-mark-start]
62.026: [GC (Allocation Failure) 62.026: [ParNew (promotion failed): 2751K->3071K(3072K), 0.0173985 secs]62.044: [CMS62.052: [CMS-concurrent-mark: 0.009/0.026 secs] [Times: user=0.06 sys=0.00, real=0.03 secs] 
 (concurrent mode failure): 6520K->6518K(6848K), 0.0332140 secs] 9270K->9270K(9920K), [Metaspace: 4016K->4016K(1056768K)], 0.0506987 secs] [Times: user=0.09 sys=0.00, real=0.05 secs] 
62.077: [GC (Allocation Failure) 62.077: [ParNew (promotion failed): 2751K->3071K(3072K), 0.0182873 secs]62.095: [CMS: 6520K->6518K(6848K), 0.0258471 secs] 9270K->9270K(9920K), [Metaspace: 4016K->4016K(1056768K)], 0.0442454 secs] [Times: user=0.08 sys=0.00, real=0.04 secs] 
62.121: [GC (CMS Initial Mark) [1 CMS-initial-mark: 6518K(6848K)] 9270K(9920K), 0.0054187 secs] [Times: user=0.02 sys=0.00, real=0.01 secs] 
62.127: [CMS-concurrent-mark-start]
62.127: [GC (Allocation Failure) 62.127: [ParNew (promotion failed): 2751K->3071K(3072K), 0.0177221 secs]62.145: [CMS62.154: [CMS-concurrent-mark: 0.009/0.027 secs] [Times: user=0.08 sys=0.00, real=0.03 secs] 
 (concurrent mode failure): 6520K->6518K(6848K), 0.0335616 secs] 9270K->9270K(9920K), [Metaspace: 4016K->4016K(1056768K)], 0.0513731 secs] [Times: user=0.09 sys=0.00, real=0.05 secs] 
62.178: [GC (Allocation Failure) 62.178: [ParNew (promotion failed): 2751K->3071K(3072K), 0.0174677 secs]62.196: [CMS: 6520K->6518K(6848K), 0.0241293 secs] 9270K->9270K(9920K), [Metaspace: 4016K->4016K(1056768K)], 0.0416997 secs] [Times: user=0.09 sys=0.00, real=0.04 secs] 
62.220: [GC (CMS Initial Mark) [1 CMS-initial-mark: 6518K(6848K)] 9270K(9920K), 0.0057951 secs] [Times: user=0.00 sys=0.00, real=0.01 secs] 
62.226: [CMS-concurrent-mark-start]
62.226: [GC (Allocation Failure) 62.226: [ParNew (promotion failed): 2751K->3070K(3072K), 0.0171003 secs]62.243: [CMS62.253: [CMS-concurrent-mark: 0.009/0.026 secs] [Times: user=0.08 sys=0.00, real=0.03 secs] 
 (concurrent mode failure): 6520K->6518K(6848K), 0.0332873 secs] 9270K->9270K(9920K), [Metaspace: 4016K->4016K(1056768K)], 0.0504980 secs] [Times: user=0.09 sys=0.00, real=0.05 secs] 
62.277: [GC (Allocation Failure) 62.277: [ParNew (promotion failed): 2751K->3070K(3072K), 0.0177796 secs]62.295: [CMS: 6520K->6518K(6848K), 0.0239589 secs] 9270K->9270K(9920K), [Metaspace: 4016K->4016K(1056768K)], 0.0418292 secs] [Times: user=0.09 sys=0.00, real=0.04 secs] 
62.319: [GC (CMS Initial Mark) [1 CMS-initial-mark: 6518K(6848K)] 9270K(9920K), 0.0066163 secs] [Times: user=0.02 sys=0.00, real=0.01 secs] 
62.326: [CMS-concurrent-mark-start]
62.326: [GC (Allocation Failure) 62.326: [ParNew (promotion failed): 2751K->3070K(3072K), 0.0177432 secs]62.343: [CMS62.353: [CMS-concurrent-mark: 0.009/0.027 secs] [Times: user=0.05 sys=0.00, real=0.03 secs] 
 (concurrent mode failure): 6520K->6518K(6848K), 0.0331718 secs] 9270K->9270K(9920K), [Metaspace: 4016K->4016K(1056768K)], 0.0510160 secs] [Times: user=0.06 sys=0.02, real=0.05 secs] 
62.377: [GC (Allocation Failure) 62.377: [ParNew (promotion failed): 2751K->3070K(3072K), 0.0179456 secs]62.395: [CMS: 6520K->6518K(6848K), 0.0239732 secs] 9270K->9270K(9920K), [Metaspace: 4016K->4016K(1056768K)], 0.0420143 secs] [Times: user=0.08 sys=0.00, real=0.04 secs] 
62.419: [GC (CMS Initial Mark) [1 CMS-initial-mark: 6518K(6848K)] 9270K(9920K), 0.0055687 secs] [Times: user=0.02 sys=0.00, real=0.01 secs] 
62.425: [CMS-concurrent-mark-start]
62.425: [GC (Allocation Failure) 62.425: [ParNew (promotion failed): 2751K->3070K(3072K), 0.0176089 secs]62.442: [CMS62.451: [CMS-concurrent-mark: 0.009/0.027 secs] [Times: user=0.08 sys=0.00, real=0.03 secs] 
 (concurrent mode failure): 6520K->6518K(6848K), 0.0330486 secs] 9270K->9270K(9920K), [Metaspace: 4016K->4016K(1056768K)], 0.0507440 secs] [Times: user=0.09 sys=0.00, real=0.05 secs] 
62.476: [GC (Allocation Failure) 62.476: [ParNew (promotion failed): 2751K->3070K(3072K), 0.0186805 secs]62.494: [CMS: 6520K->6518K(6848K), 0.0242182 secs] 9270K->9270K(9920K), [Metaspace: 4016K->4016K(1056768K)], 0.0429839 secs] [Times: user=0.09 sys=0.00, real=0.04 secs] 
62.519: [GC (CMS Initial Mark) [1 CMS-initial-mark: 6518K(6848K)] 9270K(9920K), 0.0054211 secs] [Times: user=0.00 sys=0.00, real=0.00 secs] 
62.524: [CMS-concurrent-mark-start]
62.524: [GC (Allocation Failure) 62.524: [ParNew (promotion failed): 2751K->3070K(3072K), 0.0176160 secs]62.542: [CMS62.550: [CMS-concurrent-mark: 0.008/0.026 secs] [Times: user=0.08 sys=0.00, real=0.03 secs] 
 (concurrent mode failure): 6520K->6518K(6848K), 0.0328769 secs] 9270K->9270K(9920K), [Metaspace: 4016K->4016K(1056768K)], 0.0505838 secs] [Times: user=0.09 sys=0.00, real=0.05 secs] 
62.575: [GC (Allocation Failure) 62.575: [ParNew (promotion failed): 2751K->3070K(3072K), 0.0175075 secs]62.593: [CMS: 6520K->6518K(6848K), 0.0227700 secs] 9270K->9270K(9920K), [Metaspace: 4016K->4016K(1056768K)], 0.0403705 secs] [Times: user=0.08 sys=0.00, real=0.04 secs] 
62.616: [GC (CMS Initial Mark) [1 CMS-initial-mark: 6518K(6848K)] 9270K(9920K), 0.0056841 secs] [Times: user=0.00 sys=0.00, real=0.01 secs] 
62.621: [CMS-concurrent-mark-start]
62.621: [GC (Allocation Failure) 62.621: [ParNew (promotion failed): 2751K->3070K(3072K), 0.0175284 secs]62.639: [CMS62.647: [CMS-concurrent-mark: 0.009/0.026 secs] [Times: user=0.08 sys=0.00, real=0.03 secs] 
 (concurrent mode failure): 6520K->6518K(6848K), 0.0358362 secs] 9270K->9270K(9920K), [Metaspace: 4016K->4016K(1056768K)], 0.0534565 secs] [Times: user=0.11 sys=0.00, real=0.05 secs] 
62.675: [GC (Allocation Failure) 62.675: [ParNew (promotion failed): 2751K->3070K(3072K), 0.0180237 secs]62.693: [CMS: 6520K->6518K(6848K), 0.0318397 secs] 9270K->9270K(9920K), [Metaspace: 4016K->4016K(1056768K)], 0.0499636 secs] [Times: user=0.08 sys=0.00, real=0.05 secs] 
62.725: [GC (CMS Initial Mark) [1 CMS-initial-mark: 6518K(6848K)] 9270K(9920K), 0.0074762 secs] [Times: user=0.01 sys=0.00, real=0.01 secs] 
62.733: [CMS-concurrent-mark-start]
62.733: [GC (Allocation Failure) 62.733: [ParNew (promotion failed): 2751K->3070K(3072K), 0.0177513 secs]62.750: [CMS62.759: [CMS-concurrent-mark: 0.009/0.027 secs] [Times: user=0.05 sys=0.00, real=0.03 secs] 
 (concurrent mode failure): 6520K->6518K(6848K), 0.0344726 secs] 9270K->9270K(9920K), [Metaspace: 4016K->4016K(1056768K)], 0.0523112 secs] [Times: user=0.08 sys=0.00, real=0.05 secs] 
62.785: [GC (Allocation Failure) 62.785: [ParNew (promotion failed): 2751K->3070K(3072K), 0.0173527 secs]62.803: [CMS: 6520K->6518K(6848K), 0.0238695 secs] 9270K->9270K(9920K), [Metaspace: 4016K->4016K(1056768K)], 0.0413161 secs] [Times: user=0.09 sys=0.00, real=0.04 secs] 
62.827: [GC (CMS Initial Mark) [1 CMS-initial-mark: 6518K(6848K)] 9270K(9920K), 0.0057423 secs] [Times: user=0.00 sys=0.00, real=0.01 secs] 
62.832: [CMS-concurrent-mark-start]
62.832: [GC (Allocation Failure) 62.832: [ParNew (promotion failed): 2751K->3070K(3072K), 0.0179860 secs]62.851: [CMS62.860: [CMS-concurrent-mark: 0.009/0.027 secs] [Times: user=0.08 sys=0.00, real=0.03 secs] 
 (concurrent mode failure): 6520K->6518K(6848K), 0.0328644 secs] 9270K->9270K(9920K), [Metaspace: 4016K->4016K(1056768K)], 0.0509326 secs] [Times: user=0.09 sys=0.00, real=0.05 secs] 
62.884: [GC (Allocation Failure) 62.884: [ParNew (promotion failed): 2751K->3070K(3072K), 0.0172826 secs]62.901: [CMS: 6520K->6518K(6848K), 0.0248232 secs] 9270K->9270K(9920K), [Metaspace: 4016K->4016K(1056768K)], 0.0421960 secs] [Times: user=0.09 sys=0.00, real=0.04 secs] 
62.926: [GC (CMS Initial Mark) [1 CMS-initial-mark: 6518K(6848K)] 9270K(9920K), 0.0054976 secs] [Times: user=0.00 sys=0.00, real=0.01 secs] 
62.931: [CMS-concurrent-mark-start]
62.932: [GC (Allocation Failure) 62.932: [ParNew (promotion failed): 2751K->3070K(3072K), 0.0174174 secs]62.949: [CMS62.959: [CMS-concurrent-mark: 0.010/0.027 secs] [Times: user=0.08 sys=0.00, real=0.03 secs] 
 (concurrent mode failure): 6520K->6518K(6848K), 0.0342418 secs] 9270K->9270K(9920K), [Metaspace: 4016K->4016K(1056768K)], 0.0517575 secs] [Times: user=0.11 sys=0.00, real=0.05 secs] 
62.983: [GC (Allocation Failure) 62.983: [ParNew (promotion failed): 2751K->3070K(3072K), 0.0175935 secs]63.001: [CMS: 6520K->6518K(6848K), 0.0305664 secs] 9270K->9270K(9920K), [Metaspace: 4016K->4016K(1056768K)], 0.0482741 secs] [Times: user=0.09 sys=0.00, real=0.05 secs] 
63.032: [GC (CMS Initial Mark) [1 CMS-initial-mark: 6518K(6848K)] 9270K(9920K), 0.0076976 secs] [Times: user=0.00 sys=0.00, real=0.01 secs] 
63.040: [CMS-concurrent-mark-start]
63.040: [GC (Allocation Failure) 63.040: [ParNew (promotion failed): 2751K->3069K(3072K), 0.0180418 secs]63.058: [CMS63.069: [CMS-concurrent-mark: 0.012/0.030 secs] [Times: user=0.06 sys=0.00, real=0.03 secs] 
 (concurrent mode failure): 6520K->6518K(6848K), 0.0386541 secs] 9270K->9270K(9920K), [Metaspace: 4016K->4016K(1056768K)], 0.0567925 secs] [Times: user=0.09 sys=0.00, real=0.06 secs] 
63.097: [GC (Allocation Failure) 63.097: [ParNew (promotion failed): 2751K->3071K(3072K), 0.0182999 secs]63.115: [CMS: 6520K->6518K(6848K), 0.0251539 secs] 9270K->9270K(9920K), [Metaspace: 4016K->4016K(1056768K)], 0.0435608 secs] [Times: user=0.09 sys=0.00, real=0.04 secs] 
63.140: [GC (CMS Initial Mark) [1 CMS-initial-mark: 6518K(6848K)] 9270K(9920K), 0.0055880 secs] [Times: user=0.00 sys=0.00, real=0.00 secs] 
63.146: [CMS-concurrent-mark-start]
63.146: [GC (Allocation Failure) 63.146: [ParNew (promotion failed): 2751K->3071K(3072K), 0.0171915 secs]63.163: [CMS63.175: [CMS-concurrent-mark: 0.012/0.029 secs] [Times: user=0.08 sys=0.00, real=0.03 secs] 
 (concurrent mode failure): 6520K->6518K(6848K), 0.0360542 secs] 9270K->9270K(9920K), [Metaspace: 4016K->4016K(1056768K)], 0.0533450 secs] [Times: user=0.09 sys=0.00, real=0.05 secs] 
63.200: [GC (Allocation Failure) 63.200: [ParNew (promotion failed): 2751K->3071K(3072K), 0.0180926 secs]63.218: [CMS: 6520K->6518K(6848K), 0.0247141 secs] 9270K->9270K(9920K), [Metaspace: 4016K->4016K(1056768K)], 0.0428988 secs] [Times: user=0.09 sys=0.00, real=0.04 secs] 
63.243: [GC (CMS Initial Mark) [1 CMS-initial-mark: 6518K(6848K)] 9270K(9920K), 0.0059388 secs] [Times: user=0.02 sys=0.00, real=0.01 secs] 
63.249: [CMS-concurrent-mark-start]
63.249: [GC (Allocation Failure) 63.249: [ParNew (promotion failed): 2751K->3071K(3072K), 0.0174999 secs]63.266: [CMS63.275: [CMS-concurrent-mark: 0.009/0.027 secs] [Times: user=0.06 sys=0.00, real=0.03 secs] 
 (concurrent mode failure): 6520K->6518K(6848K), 0.0336561 secs] 9270K->9270K(9920K), [Metaspace: 4016K->4016K(1056768K)], 0.0512569 secs] [Times: user=0.08 sys=0.02, real=0.05 secs] 
63.300: [GC (Allocation Failure) 63.300: [ParNew (promotion failed): 2751K->3071K(3072K), 0.0178692 secs]63.318: [CMS: 6520K->6518K(6848K), 0.0241829 secs] 9270K->9270K(9920K), [Metaspace: 4016K->4016K(1056768K)], 0.0421679 secs] [Times: user=0.09 sys=0.00, real=0.04 secs] 
63.342: [GC (Allocation Failure) 63.342: [ParNew (promotion failed): 2751K->3071K(3072K), 0.0179540 secs]63.360: [CMS (concurrent mode failure): 6520K->6518K(6848K), 0.0264668 secs] 9270K->9270K(9920K), [Metaspace: 4016K->4016K(1056768K)], 0.0445708 secs] [Times: user=0.08 sys=0.00, real=0.04 secs] 
63.387: [GC (Allocation Failure) 63.387: [ParNew (promotion failed): 2751K->3071K(3072K), 0.0184462 secs]63.406: [CMS: 6520K->6518K(6848K), 0.0272029 secs] 9270K->9270K(9920K), [Metaspace: 4016K->4016K(1056768K)], 0.0457350 secs] [Times: user=0.09 sys=0.00, real=0.04 secs] 
63.433: [GC (CMS Initial Mark) [1 CMS-initial-mark: 6518K(6848K)] 9270K(9920K), 0.0054404 secs] [Times: user=0.02 sys=0.00, real=0.01 secs] 
63.438: [CMS-concurrent-mark-start]
63.439: [GC (Allocation Failure) 63.439: [ParNew (promotion failed): 2751K->3070K(3072K), 0.0175055 secs]63.456: [CMS63.466: [CMS-concurrent-mark: 0.010/0.028 secs] [Times: user=0.08 sys=0.00, real=0.03 secs] 
 (concurrent mode failure): 6520K->6518K(6848K), 0.0336985 secs] 9270K->9270K(9920K), [Metaspace: 4016K->4016K(1056768K)], 0.0513070 secs] [Times: user=0.09 sys=0.00, real=0.05 secs] 
63.490: [GC (Allocation Failure) 63.490: [ParNew (promotion failed): 2751K->3070K(3072K), 0.0181230 secs]63.508: [CMS: 6520K->6518K(6848K), 0.0266790 secs] 9270K->9270K(9920K), [Metaspace: 4016K->4016K(1056768K)], 0.0449093 secs] [Times: user=0.08 sys=0.02, real=0.04 secs] 
63.535: [GC (CMS Initial Mark) [1 CMS-initial-mark: 6518K(6848K)] 9270K(9920K), 0.0068786 secs] [Times: user=0.00 sys=0.00, real=0.01 secs] 
63.542: [CMS-concurrent-mark-start]
63.542: [GC (Allocation Failure) 63.542: [ParNew (promotion failed): 2751K->3070K(3072K), 0.0175887 secs]63.560: [CMS63.571: [CMS-concurrent-mark: 0.011/0.029 secs] [Times: user=0.08 sys=0.00, real=0.03 secs] 
 (concurrent mode failure): 6520K->6518K(6848K), 0.0351245 secs] 9270K->9270K(9920K), [Metaspace: 4016K->4016K(1056768K)], 0.0528274 secs] [Times: user=0.11 sys=0.00, real=0.05 secs] 
63.595: [GC (Allocation Failure) 63.595: [ParNew (promotion failed): 2751K->3070K(3072K), 0.0176409 secs]63.613: [CMS: 6520K->6518K(6848K), 0.0361244 secs] 9270K->9270K(9920K), [Metaspace: 4016K->4016K(1056768K)], 0.0538664 secs] [Times: user=0.09 sys=0.00, real=0.05 secs] 
63.649: [GC (CMS Initial Mark) [1 CMS-initial-mark: 6518K(6848K)] 9270K(9920K), 0.0084618 secs] [Times: user=0.02 sys=0.00, real=0.01 secs] 
63.658: [CMS-concurrent-mark-start]
63.658: [GC (Allocation Failure) 63.659: [ParNew (promotion failed): 2751K->3070K(3072K), 0.0186632 secs]63.677: [CMS63.695: [CMS-concurrent-mark: 0.018/0.037 secs] [Times: user=0.06 sys=0.00, real=0.04 secs] 
 (concurrent mode failure): 6520K->6518K(6848K), 0.0547904 secs] 9270K->9270K(9920K), [Metaspace: 4016K->4016K(1056768K)], 0.0735742 secs] [Times: user=0.11 sys=0.00, real=0.07 secs] 
63.732: [GC (Allocation Failure) 63.732: [ParNew (promotion failed): 2751K->3070K(3072K), 0.0181071 secs]63.750: [CMS: 6520K->6518K(6848K), 0.0369022 secs] 9270K->9270K(9920K), [Metaspace: 4016K->4016K(1056768K)], 0.0551203 secs] [Times: user=0.08 sys=0.00, real=0.05 secs] 
63.788: [GC (CMS Initial Mark) [1 CMS-initial-mark: 6518K(6848K)] 9270K(9920K), 0.0084088 secs] [Times: user=0.02 sys=0.00, real=0.01 secs] 
63.796: [CMS-concurrent-mark-start]
63.797: [GC (Allocation Failure) 63.797: [ParNew (promotion failed): 2751K->3070K(3072K), 0.0173768 secs]63.814: [CMS63.829: [CMS-concurrent-mark: 0.015/0.033 secs] [Times: user=0.08 sys=0.00, real=0.03 secs] 
 (concurrent mode failure): 6520K->6518K(6848K), 0.0438474 secs] 9270K->9270K(9920K), [Metaspace: 4016K->4016K(1056768K)], 0.0613755 secs] [Times: user=0.11 sys=0.00, real=0.06 secs] 
63.859: [GC (Allocation Failure) 63.859: [ParNew (promotion failed): 2751K->3070K(3072K), 0.0174801 secs]63.876: [CMS: 6520K->6518K(6848K), 0.0337705 secs] 9270K->9270K(9920K), [Metaspace: 4016K->4016K(1056768K)], 0.0513422 secs] [Times: user=0.09 sys=0.00, real=0.05 secs] 
63.910: [GC (CMS Initial Mark) [1 CMS-initial-mark: 6518K(6848K)] 9270K(9920K), 0.0060316 secs] [Times: user=0.00 sys=0.00, real=0.01 secs] 
63.916: [CMS-concurrent-mark-start]
63.917: [GC (Allocation Failure) 63.917: [ParNew (promotion failed): 2751K->3070K(3072K), 0.0180347 secs]63.935: [CMS63.948: [CMS-concurrent-mark: 0.014/0.032 secs] [Times: user=0.08 sys=0.00, real=0.03 secs] 
 (concurrent mode failure): 6520K->6518K(6848K), 0.0412164 secs] 9270K->9270K(9920K), [Metaspace: 4016K->4016K(1056768K)], 0.0593577 secs] [Times: user=0.11 sys=0.00, real=0.06 secs] 
63.976: [GC (Allocation Failure) 63.976: [ParNew (promotion failed): 2751K->3070K(3072K), 0.0179742 secs]63.994: [CMS: 6520K->6518K(6848K), 0.0296253 secs] 9270K->9270K(9920K), [Metaspace: 4016K->4016K(1056768K)], 0.0477036 secs] [Times: user=0.09 sys=0.00, real=0.05 secs] 
64.024: [GC (CMS Initial Mark) [1 CMS-initial-mark: 6518K(6848K)] 9270K(9920K), 0.0062210 secs] [Times: user=0.02 sys=0.00, real=0.01 secs] 
64.030: [CMS-concurrent-mark-start]
64.030: [GC (Allocation Failure) 64.031: [ParNew (promotion failed): 2751K->3070K(3072K), 0.0183570 secs]64.049: [CMS64.062: [CMS-concurrent-mark: 0.013/0.031 secs] [Times: user=0.06 sys=0.00, real=0.03 secs] 
 (concurrent mode failure): 6520K->6518K(6848K), 0.0400760 secs] 9270K->9270K(9920K), [Metaspace: 4016K->4016K(1056768K)], 0.0585309 secs] [Times: user=0.08 sys=0.00, real=0.06 secs] 
64.089: [GC (Allocation Failure) 64.089: [ParNew (promotion failed): 2751K->3070K(3072K), 0.0179528 secs]64.107: [CMS: 6520K->6518K(6848K), 0.0267492 secs] 9270K->9270K(9920K), [Metaspace: 4016K->4016K(1056768K)], 0.0448102 secs] [Times: user=0.06 sys=0.00, real=0.04 secs] 
64.134: [GC (Allocation Failure) 64.134: [ParNew (promotion failed): 2751K->3070K(3072K), 0.0177675 secs]64.152: [CMS (concurrent mode failure): 6520K->6518K(6848K), 0.0323779 secs] 9270K->9270K(9920K), [Metaspace: 4016K->4016K(1056768K)], 0.0502547 secs] [Times: user=0.09 sys=0.00, real=0.05 secs] 
64.185: [GC (Allocation Failure) 64.185: [ParNew (promotion failed): 2751K->3070K(3072K), 0.0246846 secs]64.209: [CMS: 6520K->6518K(6848K), 0.0352613 secs] 9270K->9270K(9920K), [Metaspace: 4016K->4016K(1056768K)], 0.0600550 secs] [Times: user=0.11 sys=0.00, real=0.06 secs] 
64.245: [GC (CMS Initial Mark) [1 CMS-initial-mark: 6518K(6848K)] 9270K(9920K), 0.0072004 secs] [Times: user=0.02 sys=0.00, real=0.01 secs] 
64.252: [CMS-concurrent-mark-start]
64.252: [GC (Allocation Failure) 64.252: [ParNew (promotion failed): 2751K->3070K(3072K), 0.0181271 secs]64.270: [CMS64.291: [CMS-concurrent-mark: 0.020/0.038 secs] [Times: user=0.08 sys=0.00, real=0.04 secs] 
 (concurrent mode failure): 6520K->6518K(6848K), 0.0558637 secs] 9270K->9270K(9920K), [Metaspace: 4016K->4016K(1056768K)], 0.0741067 secs] [Times: user=0.13 sys=0.00, real=0.07 secs] 
64.327: [GC (Allocation Failure) 64.327: [ParNew (promotion failed): 2751K->3070K(3072K), 0.0182849 secs]64.345: [CMS: 6520K->6518K(6848K), 0.0364598 secs] 9270K->9270K(9920K), [Metaspace: 4016K->4016K(1056768K)], 0.0548600 secs] [Times: user=0.09 sys=0.00, real=0.06 secs] 
64.382: [GC (CMS Initial Mark) [1 CMS-initial-mark: 6518K(6848K)] 9270K(9920K), 0.0081500 secs] [Times: user=0.02 sys=0.00, real=0.01 secs] 
64.390: [CMS-concurrent-mark-start]
64.390: [GC (Allocation Failure) 64.390: [ParNew (promotion failed): 2751K->3069K(3072K), 0.0184767 secs]64.409: [CMS64.425: [CMS-concurrent-mark: 0.016/0.035 secs] [Times: user=0.08 sys=0.00, real=0.03 secs] 
 (concurrent mode failure): 6520K->6518K(6848K), 0.0531724 secs] 9270K->9270K(9920K), [Metaspace: 4016K->4016K(1056768K)], 0.0717549 secs] [Times: user=0.11 sys=0.00, real=0.07 secs] 
64.462: [GC (Allocation Failure) 64.462: [ParNew (promotion failed): 2751K->3071K(3072K), 0.0178458 secs]64.480: [CMS: 6520K->6518K(6848K), 0.0375355 secs] 9270K->9270K(9920K), [Metaspace: 4016K->4016K(1056768K)], 0.0554991 secs] [Times: user=0.11 sys=0.00, real=0.06 secs] 
64.518: [GC (CMS Initial Mark) [1 CMS-initial-mark: 6518K(6848K)] 9270K(9920K), 0.0081196 secs] [Times: user=0.00 sys=0.00, real=0.01 secs] 
64.526: [CMS-concurrent-mark-start]
64.526: [GC (Allocation Failure) 64.526: [ParNew (promotion failed): 2751K->3071K(3072K), 0.0177181 secs]64.544: [CMS64.560: [CMS-concurrent-mark: 0.016/0.034 secs] [Times: user=0.05 sys=0.00, real=0.03 secs] 
 (concurrent mode failure): 6520K->6518K(6848K), 0.0535695 secs] 9270K->9270K(9920K), [Metaspace: 4016K->4016K(1056768K)], 0.0714156 secs] [Times: user=0.09 sys=0.00, real=0.07 secs] 
64.598: [GC (Allocation Failure) 64.598: [ParNew (promotion failed): 2751K->3071K(3072K), 0.0171796 secs]64.615: [CMS: 6520K->6518K(6848K), 0.0376640 secs] 9270K->9270K(9920K), [Metaspace: 4016K->4016K(1056768K)], 0.0549511 secs] [Times: user=0.09 sys=0.00, real=0.05 secs] 
64.653: [GC (CMS Initial Mark) [1 CMS-initial-mark: 6518K(6848K)] 9270K(9920K), 0.0080341 secs] [Times: user=0.01 sys=0.00, real=0.01 secs] 
64.661: [CMS-concurrent-mark-start]
64.661: [GC (Allocation Failure) 64.661: [ParNew (promotion failed): 2751K->3071K(3072K), 0.0183210 secs]64.680: [CMS64.695: [CMS-concurrent-mark: 0.016/0.034 secs] [Times: user=0.06 sys=0.00, real=0.03 secs] 
 (concurrent mode failure): 6520K->6518K(6848K), 0.0530622 secs] 9270K->9270K(9920K), [Metaspace: 4016K->4016K(1056768K)], 0.0714914 secs] [Times: user=0.11 sys=0.00, real=0.07 secs] 
64.733: [GC (Allocation Failure) 64.733: [ParNew (promotion failed): 2751K->3071K(3072K), 0.0173355 secs]64.750: [CMS: 6520K->6518K(6848K), 0.0367031 secs] 9270K->9270K(9920K), [Metaspace: 4016K->4016K(1056768K)], 0.0541580 secs] [Times: user=0.08 sys=0.00, real=0.05 secs] 
64.787: [GC (CMS Initial Mark) [1 CMS-initial-mark: 6518K(6848K)] 9270K(9920K), 0.0081670 secs] [Times: user=0.02 sys=0.00, real=0.01 secs] 
64.795: [CMS-concurrent-mark-start]
64.796: [GC (Allocation Failure) 64.796: [ParNew (promotion failed): 2751K->3071K(3072K), 0.0179535 secs]64.814: [CMS64.824: [CMS-concurrent-mark: 0.010/0.028 secs] [Times: user=0.06 sys=0.00, real=0.03 secs] 
 (concurrent mode failure): 6520K->6518K(6848K), 0.0364336 secs] 9270K->9270K(9920K), [Metaspace: 4016K->4016K(1056768K)], 0.0544762 secs] [Times: user=0.08 sys=0.02, real=0.06 secs] 
64.850: [GC (Allocation Failure) 64.850: [ParNew (promotion failed): 2751K->3071K(3072K), 0.0174395 secs]64.868: [CMS: 6520K->6518K(6848K), 0.0242752 secs] 9270K->9270K(9920K), [Metaspace: 4016K->4016K(1056768K)], 0.0418071 secs] [Times: user=0.09 sys=0.00, real=0.04 secs] 
64.892: [GC (CMS Initial Mark) [1 CMS-initial-mark: 6518K(6848K)] 9270K(9920K), 0.0055196 secs] [Times: user=0.00 sys=0.00, real=0.01 secs] 
64.898: [CMS-concurrent-mark-start]
64.898: [GC (Allocation Failure) 64.898: [ParNew (promotion failed): 2751K->3070K(3072K), 0.0172236 secs]64.915: [CMS64.929: [CMS-concurrent-mark: 0.014/0.031 secs] [Times: user=0.08 sys=0.00, real=0.03 secs] 
 (concurrent mode failure): 6520K->6518K(6848K), 0.0405410 secs] 9270K->9270K(9920K), [Metaspace: 4016K->4016K(1056768K)], 0.0578684 secs] [Times: user=0.11 sys=0.00, real=0.06 secs] 
64.956: [GC (Allocation Failure) 64.956: [ParNew (promotion failed): 2751K->3070K(3072K), 0.0176824 secs]64.974: [CMS: 6520K->6518K(6848K), 0.0319115 secs] 9270K->9270K(9920K), [Metaspace: 4016K->4016K(1056768K)], 0.0496945 secs] [Times: user=0.09 sys=0.00, real=0.05 secs] 
65.006: [GC (CMS Initial Mark) [1 CMS-initial-mark: 6518K(6848K)] 9270K(9920K), 0.0055315 secs] [Times: user=0.00 sys=0.00, real=0.00 secs] 
65.011: [CMS-concurrent-mark-start]
65.011: [GC (Allocation Failure) 65.011: [ParNew (promotion failed): 2751K->3070K(3072K), 0.0177443 secs]65.029: [CMS65.042: [CMS-concurrent-mark: 0.013/0.030 secs] [Times: user=0.08 sys=0.00, real=0.03 secs] 
 (concurrent mode failure): 6520K->6518K(6848K), 0.0390249 secs] 9270K->9270K(9920K), [Metaspace: 4016K->4016K(1056768K)], 0.0568791 secs] [Times: user=0.11 sys=0.00, real=0.06 secs] 
65.068: [GC (Allocation Failure) 65.068: [ParNew (promotion failed): 2751K->3070K(3072K), 0.0176680 secs]65.086: [CMS: 6520K->6518K(6848K), 0.0293424 secs] 9270K->9270K(9920K), [Metaspace: 4016K->4016K(1056768K)], 0.0471064 secs] [Times: user=0.08 sys=0.00, real=0.05 secs] 
65.116: [GC (CMS Initial Mark) [1 CMS-initial-mark: 6518K(6848K)] 9270K(9920K), 0.0073650 secs] [Times: user=0.01 sys=0.00, real=0.01 secs] 
65.123: [CMS-concurrent-mark-start]
65.123: [GC (Allocation Failure) 65.123: [ParNew (promotion failed): 2751K->3070K(3072K), 0.0169268 secs]65.140: [CMS65.153: [CMS-concurrent-mark: 0.013/0.030 secs] [Times: user=0.06 sys=0.00, real=0.03 secs] 
 (concurrent mode failure): 6520K->6518K(6848K), 0.0395800 secs] 9270K->9270K(9920K), [Metaspace: 4016K->4016K(1056768K)], 0.0565984 secs] [Times: user=0.09 sys=0.00, real=0.06 secs] 
65.180: [GC (Allocation Failure) 65.180: [ParNew (promotion failed): 2751K->3070K(3072K), 0.0175440 secs]65.198: [CMS: 6520K->6518K(6848K), 0.0257192 secs] 9270K->9270K(9920K), [Metaspace: 4016K->4016K(1056768K)], 0.0433572 secs] [Times: user=0.09 sys=0.00, real=0.04 secs] 
65.223: [GC (CMS Initial Mark) [1 CMS-initial-mark: 6518K(6848K)] 9270K(9920K), 0.0055471 secs] [Times: user=0.00 sys=0.00, real=0.00 secs] 
65.229: [CMS-concurrent-mark-start]
65.229: [GC (Allocation Failure) 65.229: [ParNew (promotion failed): 2751K->3070K(3072K), 0.0181875 secs]65.247: [CMS65.257: [CMS-concurrent-mark: 0.009/0.028 secs] [Times: user=0.08 sys=0.00, real=0.03 secs] 
 (concurrent mode failure): 6520K->6518K(6848K), 0.0332160 secs] 9270K->9270K(9920K), [Metaspace: 4016K->4016K(1056768K)], 0.0515018 secs] [Times: user=0.11 sys=0.00, real=0.05 secs] 
65.281: [GC (Allocation Failure) 65.281: [ParNew (promotion failed): 2751K->3070K(3072K), 0.0179464 secs]65.299: [CMS: 6520K->6518K(6848K), 0.0247310 secs] 9270K->9270K(9920K), [Metaspace: 4016K->4016K(1056768K)], 0.0427712 secs] [Times: user=0.08 sys=0.00, real=0.04 secs] 
65.324: [GC (CMS Initial Mark) [1 CMS-initial-mark: 6518K(6848K)] 9270K(9920K), 0.0056903 secs] [Times: user=0.02 sys=0.00, real=0.01 secs] 
65.330: [CMS-concurrent-mark-start]
65.330: [GC (Allocation Failure) 65.330: [ParNew (promotion failed): 2751K->3070K(3072K), 0.0174625 secs]65.347: [CMS65.356: [CMS-concurrent-mark: 0.009/0.027 secs] [Times: user=0.06 sys=0.00, real=0.03 secs] 
 (concurrent mode failure): 6520K->6518K(6848K), 0.0332299 secs] 9270K->9270K(9920K), [Metaspace: 4016K->4016K(1056768K)], 0.0507805 secs] [Times: user=0.09 sys=0.00, real=0.05 secs] 
65.381: [GC (Allocation Failure) 65.381: [ParNew (promotion failed): 2751K->3070K(3072K), 0.0180596 secs]65.399: [CMS: 6520K->6518K(6848K), 0.0241758 secs] 9270K->9270K(9920K), [Metaspace: 4016K->4016K(1056768K)], 0.0423279 secs] [Times: user=0.08 sys=0.01, real=0.04 secs] 
65.423: [GC (CMS Initial Mark) [1 CMS-initial-mark: 6518K(6848K)] 9270K(9920K), 0.0054563 secs] [Times: user=0.00 sys=0.00, real=0.01 secs] 
65.428: [CMS-concurrent-mark-start]
65.429: [GC (Allocation Failure) 65.429: [ParNew (promotion failed): 2751K->3070K(3072K), 0.0170698 secs]65.446: [CMS65.458: [CMS-concurrent-mark: 0.012/0.029 secs] [Times: user=0.08 sys=0.00, real=0.03 secs] 
 (concurrent mode failure): 6520K->6518K(6848K), 0.0370765 secs] 9270K->9270K(9920K), [Metaspace: 4016K->4016K(1056768K)], 0.0542394 secs] [Times: user=0.09 sys=0.02, real=0.05 secs] 
65.483: [GC (Allocation Failure) 65.483: [ParNew (promotion failed): 2751K->3070K(3072K), 0.0179817 secs]65.501: [CMS: 6520K->6518K(6848K), 0.0262700 secs] 9270K->9270K(9920K), [Metaspace: 4016K->4016K(1056768K)], 0.0443391 secs] [Times: user=0.08 sys=0.00, real=0.04 secs] 
65.527: [GC (CMS Initial Mark) [1 CMS-initial-mark: 6518K(6848K)] 9270K(9920K), 0.0055166 secs] [Times: user=0.01 sys=0.00, real=0.01 secs] 
65.533: [CMS-concurrent-mark-start]
65.533: [GC (Allocation Failure) 65.533: [ParNew (promotion failed): 2751K->3070K(3072K), 0.0176538 secs]65.551: [CMS65.560: [CMS-concurrent-mark: 0.009/0.027 secs] [Times: user=0.06 sys=0.00, real=0.03 secs] 
 (concurrent mode failure): 6520K->6518K(6848K), 0.0336805 secs] 9270K->9270K(9920K), [Metaspace: 4016K->4016K(1056768K)], 0.0514189 secs] [Times: user=0.09 sys=0.00, real=0.05 secs] 
65.585: [GC (Allocation Failure) 65.585: [ParNew (promotion failed): 2751K->3070K(3072K), 0.0173409 secs]65.602: [CMS: 6520K->6518K(6848K), 0.0249778 secs] 9270K->9270K(9920K), [Metaspace: 4016K->4016K(1056768K)], 0.0424070 secs] [Times: user=0.09 sys=0.00, real=0.04 secs] 
65.627: [GC (CMS Initial Mark) [1 CMS-initial-mark: 6518K(6848K)] 9270K(9920K), 0.0065964 secs] [Times: user=0.00 sys=0.00, real=0.01 secs] 
65.634: [CMS-concurrent-mark-start]
65.634: [GC (Allocation Failure) 65.634: [ParNew (promotion failed): 2751K->3070K(3072K), 0.0174363 secs]65.651: [CMS65.665: [CMS-concurrent-mark: 0.014/0.031 secs] [Times: user=0.08 sys=0.00, real=0.03 secs] 
 (concurrent mode failure): 6520K->6518K(6848K), 0.0450053 secs] 9270K->9270K(9920K), [Metaspace: 4016K->4016K(1056768K)], 0.0625327 secs] [Times: user=0.11 sys=0.00, real=0.06 secs] 
65.697: [GC (Allocation Failure) 65.697: [ParNew (promotion failed): 2751K->3070K(3072K), 0.0175787 secs]65.714: [CMS: 6520K->6518K(6848K), 0.0256651 secs] 9270K->9270K(9920K), [Metaspace: 4016K->4016K(1056768K)], 0.0433412 secs] [Times: user=0.08 sys=0.00, real=0.04 secs] 
65.740: [GC (Allocation Failure) 65.740: [ParNew (promotion failed): 2751K->3069K(3072K), 0.0175375 secs]65.758: [CMS (concurrent mode failure): 6520K->6518K(6848K), 0.0308429 secs] 9270K->9270K(9920K), [Metaspace: 4016K->4016K(1056768K)], 0.0484825 secs] [Times: user=0.08 sys=0.00, real=0.05 secs] 
65.789: [GC (Allocation Failure) 65.789: [ParNew (promotion failed): 2751K->3071K(3072K), 0.0178549 secs]65.807: [CMS: 6520K->6518K(6848K), 0.0256919 secs] 9270K->9270K(9920K), [Metaspace: 4016K->4016K(1056768K)], 0.0436405 secs] [Times: user=0.08 sys=0.00, real=0.04 secs] 
65.832: [GC (CMS Initial Mark) [1 CMS-initial-mark: 6518K(6848K)] 9270K(9920K), 0.0054375 secs] [Times: user=0.00 sys=0.00, real=0.01 secs] 
65.838: [CMS-concurrent-mark-start]
65.838: [GC (Allocation Failure) 65.838: [ParNew (promotion failed): 2751K->3071K(3072K), 0.0179799 secs]65.856: [CMS65.866: [CMS-concurrent-mark: 0.010/0.028 secs] [Times: user=0.08 sys=0.00, real=0.03 secs] 
 (concurrent mode failure): 6520K->6518K(6848K), 0.0337521 secs] 9270K->9270K(9920K), [Metaspace: 4016K->4016K(1056768K)], 0.0518281 secs] [Times: user=0.11 sys=0.00, real=0.05 secs] 
65.890: [GC (Allocation Failure) 65.890: [ParNew (promotion failed): 2751K->3071K(3072K), 0.0173600 secs]65.907: [CMS: 6520K->6518K(6848K), 0.0248530 secs] 9270K->9270K(9920K), [Metaspace: 4016K->4016K(1056768K)], 0.0423277 secs] [Times: user=0.08 sys=0.00, real=0.04 secs] 
65.933: [GC (CMS Initial Mark) [1 CMS-initial-mark: 6518K(6848K)] 9270K(9920K), 0.0063064 secs] [Times: user=0.02 sys=0.00, real=0.01 secs] 
65.939: [CMS-concurrent-mark-start]
65.939: [GC (Allocation Failure) 65.939: [ParNew (promotion failed): 2751K->3071K(3072K), 0.0174586 secs]65.956: [CMS65.966: [CMS-concurrent-mark: 0.009/0.027 secs] [Times: user=0.06 sys=0.00, real=0.03 secs] 
 (concurrent mode failure): 6520K->6518K(6848K), 0.0324463 secs] 9270K->9270K(9920K), [Metaspace: 4016K->4016K(1056768K)], 0.0500039 secs] [Times: user=0.09 sys=0.00, real=0.05 secs] 
65.989: [GC (Allocation Failure) 65.989: [ParNew (promotion failed): 2751K->3071K(3072K), 0.0209674 secs]66.010: [CMS: 6520K->6518K(6848K), 0.0256406 secs] 9270K->9270K(9920K), [Metaspace: 4016K->4016K(1056768K)], 0.0467084 secs] [Times: user=0.08 sys=0.00, real=0.05 secs] 
66.036: [GC (CMS Initial Mark) [1 CMS-initial-mark: 6518K(6848K)] 9270K(9920K), 0.0057325 secs] [Times: user=0.00 sys=0.00, real=0.01 secs] 
66.042: [CMS-concurrent-mark-start]
66.042: [GC (Allocation Failure) 66.042: [ParNew (promotion failed): 2751K->3071K(3072K), 0.0173943 secs]66.059: [CMS66.075: [CMS-concurrent-mark: 0.016/0.033 secs] [Times: user=0.06 sys=0.00, real=0.03 secs] 
 (concurrent mode failure): 6520K->6518K(6848K), 0.0430337 secs] 9270K->9270K(9920K), [Metaspace: 4016K->4016K(1056768K)], 0.0605471 secs] [Times: user=0.09 sys=0.00, real=0.06 secs] 
66.103: [GC (Allocation Failure) 66.103: [ParNew (promotion failed): 2751K->3071K(3072K), 0.0173999 secs]66.120: [CMS: 6520K->6518K(6848K), 0.0314924 secs] 9270K->9270K(9920K), [Metaspace: 4016K->4016K(1056768K)], 0.0489959 secs] [Times: user=0.05 sys=0.00, real=0.05 secs] 
66.152: [GC (CMS Initial Mark) [1 CMS-initial-mark: 6518K(6848K)] 9270K(9920K), 0.0054357 secs] [Times: user=0.02 sys=0.00, real=0.01 secs] 
66.157: [CMS-concurrent-mark-start]
66.157: [GC (Allocation Failure) 66.157: [ParNew (promotion failed): 2751K->3070K(3072K), 0.0176619 secs]66.175: [CMS66.188: [CMS-concurrent-mark: 0.013/0.031 secs] [Times: user=0.08 sys=0.00, real=0.03 secs] 
 (concurrent mode failure): 6520K->6518K(6848K), 0.0437661 secs] 9270K->9270K(9920K), [Metaspace: 4016K->4016K(1056768K)], 0.0615375 secs] [Times: user=0.11 sys=0.00, real=0.06 secs] 
66.219: [GC (Allocation Failure) 66.219: [ParNew (promotion failed): 2751K->3070K(3072K), 0.0168648 secs]66.236: [CMS: 6520K->6518K(6848K), 0.0267191 secs] 9270K->9270K(9920K), [Metaspace: 4016K->4016K(1056768K)], 0.0437091 secs] [Times: user=0.08 sys=0.00, real=0.04 secs] 
66.263: [GC (CMS Initial Mark) [1 CMS-initial-mark: 6518K(6848K)] 9270K(9920K), 0.0063023 secs] [Times: user=0.00 sys=0.01, real=0.01 secs] 
66.269: [CMS-concurrent-mark-start]
66.270: [GC (Allocation Failure) 66.270: [ParNew (promotion failed): 2751K->3070K(3072K), 0.0182274 secs]66.288: [CMS66.300: [CMS-concurrent-mark: 0.012/0.030 secs] [Times: user=0.06 sys=0.00, real=0.03 secs] 
 (concurrent mode failure): 6521K->6518K(6848K), 0.0389656 secs] 9270K->9270K(9920K), [Metaspace: 4016K->4016K(1056768K)], 0.0573025 secs] [Times: user=0.08 sys=0.02, real=0.06 secs] 
66.327: [GC (Allocation Failure) 66.327: [ParNew (promotion failed): 2751K->3070K(3072K), 0.0186118 secs]66.346: [CMS: 6520K->6518K(6848K), 0.0315826 secs] 9270K->9270K(9920K), [Metaspace: 4016K->4016K(1056768K)], 0.0502876 secs] [Times: user=0.09 sys=0.00, real=0.05 secs] 
66.377: [GC (CMS Initial Mark) [1 CMS-initial-mark: 6518K(6848K)] 9270K(9920K), 0.0074045 secs] [Times: user=0.00 sys=0.00, real=0.01 secs] 
66.385: [CMS-concurrent-mark-start]
66.385: [GC (Allocation Failure) 66.385: [ParNew (promotion failed): 2751K->3070K(3072K), 0.0173656 secs]66.402: [CMS66.414: [CMS-concurrent-mark: 0.011/0.029 secs] [Times: user=0.08 sys=0.00, real=0.03 secs] 
 (concurrent mode failure): 6520K->6518K(6848K), 0.0385826 secs] 9270K->9270K(9920K), [Metaspace: 4016K->4016K(1056768K)], 0.0560448 secs] [Times: user=0.11 sys=0.00, real=0.06 secs] 
66.441: [GC (Allocation Failure) 66.441: [ParNew (promotion failed): 2751K->3070K(3072K), 0.0175087 secs]66.459: [CMS: 6520K->6518K(6848K), 0.0273936 secs] 9270K->9270K(9920K), [Metaspace: 4016K->4016K(1056768K)], 0.0450030 secs] [Times: user=0.09 sys=0.00, real=0.05 secs] 
66.486: [GC (CMS Initial Mark) [1 CMS-initial-mark: 6518K(6848K)] 9270K(9920K), 0.0065657 secs] [Times: user=0.00 sys=0.00, real=0.01 secs] 
66.493: [CMS-concurrent-mark-start]
66.493: [GC (Allocation Failure) 66.493: [ParNew (promotion failed): 2751K->3070K(3072K), 0.0173782 secs]66.511: [CMS66.521: [CMS-concurrent-mark: 0.010/0.028 secs] [Times: user=0.06 sys=0.00, real=0.03 secs] 
 (concurrent mode failure): 6520K->6518K(6848K), 0.0417781 secs] 9270K->9270K(9920K), [Metaspace: 4016K->4016K(1056768K)], 0.0592606 secs] [Times: user=0.09 sys=0.00, real=0.06 secs] 
66.553: [GC (Allocation Failure) 66.553: [ParNew (promotion failed): 2751K->3070K(3072K), 0.0171379 secs]66.570: [CMS: 6520K->6518K(6848K), 0.0324873 secs] 9270K->9270K(9920K), [Metaspace: 4016K->4016K(1056768K)], 0.0497207 secs] [Times: user=0.08 sys=0.00, real=0.05 secs] 
66.602: [GC (CMS Initial Mark) [1 CMS-initial-mark: 6518K(6848K)] 9270K(9920K), 0.0064783 secs] [Times: user=0.02 sys=0.00, real=0.01 secs] 
66.609: [CMS-concurrent-mark-start]
66.609: [GC (Allocation Failure) 66.609: [ParNew (promotion failed): 2751K->3070K(3072K), 0.0177846 secs]66.627: [CMS66.641: [CMS-concurrent-mark: 0.014/0.032 secs] [Times: user=0.08 sys=0.00, real=0.03 secs] 
 (concurrent mode failure): 6520K->6518K(6848K), 0.0471340 secs] 9270K->9270K(9920K), [Metaspace: 4016K->4016K(1056768K)], 0.0650316 secs] [Times: user=0.11 sys=0.00, real=0.07 secs] 
66.674: [GC (Allocation Failure) 66.674: [ParNew (promotion failed): 2751K->3070K(3072K), 0.0179838 secs]66.692: [CMS: 6521K->6518K(6848K), 0.0392318 secs] 9270K->9270K(9920K), [Metaspace: 4016K->4016K(1056768K)], 0.0573306 secs] [Times: user=0.08 sys=0.00, real=0.06 secs] 
66.732: [GC (CMS Initial Mark) [1 CMS-initial-mark: 6518K(6848K)] 9270K(9920K), 0.0084048 secs] [Times: user=0.02 sys=0.00, real=0.01 secs] 
66.740: [CMS-concurrent-mark-start]
66.740: [GC (Allocation Failure) 66.740: [ParNew (promotion failed): 2751K->3070K(3072K), 0.0184917 secs]66.759: [CMS66.775: [CMS-concurrent-mark: 0.016/0.035 secs] [Times: user=0.06 sys=0.00, real=0.03 secs] 
 (concurrent mode failure): 6521K->6518K(6848K), 0.0538088 secs] 9270K->9270K(9920K), [Metaspace: 4016K->4016K(1056768K)], 0.0724166 secs] [Times: user=0.11 sys=0.00, real=0.07 secs] 
66.813: [GC (Allocation Failure) 66.813: [ParNew (promotion failed): 2751K->3070K(3072K), 0.0184937 secs]66.832: [CMS: 6521K->6518K(6848K), 0.0364395 secs] 9270K->9270K(9920K), [Metaspace: 4016K->4016K(1056768K)], 0.0550556 secs] [Times: user=0.09 sys=0.00, real=0.06 secs] 
66.868: [GC (CMS Initial Mark) [1 CMS-initial-mark: 6518K(6848K)] 9270K(9920K), 0.0058908 secs] [Times: user=0.02 sys=0.00, real=0.01 secs] 
66.874: [CMS-concurrent-mark-start]
66.874: [GC (Allocation Failure) 66.874: [ParNew (promotion failed): 2751K->3070K(3072K), 0.0172334 secs]66.892: [CMS66.906: [CMS-concurrent-mark: 0.014/0.032 secs] [Times: user=0.08 sys=0.00, real=0.03 secs] 
 (concurrent mode failure): 6520K->6518K(6848K), 0.0444381 secs] 9270K->9270K(9920K), [Metaspace: 4016K->4016K(1056768K)], 0.0617959 secs] [Times: user=0.11 sys=0.00, real=0.06 secs] 
66.936: [GC (Allocation Failure) 66.936: [ParNew (promotion failed): 2751K->3070K(3072K), 0.0175007 secs]66.954: [CMS: 6520K->6518K(6848K), 0.0370094 secs] 9270K->9270K(9920K), [Metaspace: 4016K->4016K(1056768K)], 0.0546418 secs] [Times: user=0.09 sys=0.00, real=0.05 secs] 
66.991: [GC (CMS Initial Mark) [1 CMS-initial-mark: 6518K(6848K)] 9270K(9920K), 0.0083190 secs] [Times: user=0.02 sys=0.00, real=0.01 secs] 
67.000: [CMS-concurrent-mark-start]
67.000: [GC (Allocation Failure) 67.000: [ParNew (promotion failed): 2751K->3070K(3072K), 0.0185652 secs]67.018: [CMS67.031: [CMS-concurrent-mark: 0.012/0.031 secs] [Times: user=0.06 sys=0.00, real=0.03 secs] 
 (concurrent mode failure): 6520K->6518K(6848K), 0.0405248 secs] 9270K->9270K(9920K), [Metaspace: 4016K->4016K(1056768K)], 0.0591889 secs] [Times: user=0.08 sys=0.00, real=0.06 secs] 
67.059: [GC (Allocation Failure) 67.059: [ParNew (promotion failed): 2751K->3070K(3072K), 0.0170320 secs]67.076: [CMS: 6521K->6518K(6848K), 0.0311446 secs] 9270K->9270K(9920K), [Metaspace: 4016K->4016K(1056768K)], 0.0482640 secs] [Times: user=0.11 sys=0.00, real=0.05 secs] 
67.107: [GC (CMS Initial Mark) [1 CMS-initial-mark: 6519K(6848K)] 9271K(9920K), 0.0081524 secs] [Times: user=0.00 sys=0.00, real=0.01 secs] 
67.116: [CMS-concurrent-mark-start]
67.116: [GC (Allocation Failure) 67.116: [ParNew (promotion failed): 2751K->3069K(3072K), 0.0179347 secs]67.134: [CMS67.145: [CMS-concurrent-mark: 0.011/0.029 secs] [Times: user=0.08 sys=0.00, real=0.03 secs] 
 (concurrent mode failure): 6521K->6518K(6848K), 0.0432597 secs] 9271K->9270K(9920K), [Metaspace: 4016K->4016K(1056768K)], 0.0613005 secs] [Times: user=0.11 sys=0.00, real=0.06 secs] 
67.177: [GC (Allocation Failure) 67.177: [ParNew (promotion failed): 2751K->3071K(3072K), 0.0174879 secs]67.195: [CMS: 6521K->6518K(6848K), 0.0375283 secs] 9270K->9270K(9920K), [Metaspace: 4016K->4016K(1056768K)], 0.0551398 secs] [Times: user=0.09 sys=0.00, real=0.05 secs] 
67.233: [GC (CMS Initial Mark) [1 CMS-initial-mark: 6518K(6848K)] 9270K(9920K), 0.0056376 secs] [Times: user=0.00 sys=0.00, real=0.01 secs] 
67.238: [CMS-concurrent-mark-start]
67.238: [GC (Allocation Failure) 67.238: [ParNew (promotion failed): 2751K->3071K(3072K), 0.0174538 secs]67.256: [CMS67.267: [CMS-concurrent-mark: 0.011/0.029 secs] [Times: user=0.08 sys=0.00, real=0.03 secs] 
 (concurrent mode failure): 6521K->6518K(6848K), 0.0409352 secs] 9270K->9270K(9920K), [Metaspace: 4016K->4016K(1056768K)], 0.0585136 secs] [Times: user=0.11 sys=0.00, real=0.06 secs] 
67.297: [GC (Allocation Failure) 67.297: [ParNew (promotion failed): 2751K->3071K(3072K), 0.0188025 secs]67.316: [CMS: 6520K->6518K(6848K), 0.0333070 secs] 9270K->9270K(9920K), [Metaspace: 4016K->4016K(1056768K)], 0.0522347 secs] [Times: user=0.09 sys=0.00, real=0.05 secs] 
67.350: [GC (CMS Initial Mark) [1 CMS-initial-mark: 6518K(6848K)] 9270K(9920K), 0.0079155 secs] [Times: user=0.02 sys=0.00, real=0.01 secs] 
67.358: [CMS-concurrent-mark-start]
67.358: [GC (Allocation Failure) 67.358: [ParNew (promotion failed): 2751K->3071K(3072K), 0.0175745 secs]67.375: [CMS67.388: [CMS-concurrent-mark: 0.012/0.030 secs] [Times: user=0.08 sys=0.00, real=0.03 secs] 
 (concurrent mode failure): 6520K->6518K(6848K), 0.0434975 secs] 9270K->9270K(9920K), [Metaspace: 4016K->4016K(1056768K)], 0.0611703 secs] [Times: user=0.09 sys=0.00, real=0.06 secs] 
67.419: [GC (Allocation Failure) 67.419: [ParNew (promotion failed): 2751K->3071K(3072K), 0.0181920 secs]67.437: [CMS: 6521K->6518K(6848K), 0.0324646 secs] 9270K->9270K(9920K), [Metaspace: 4016K->4016K(1056768K)], 0.0507573 secs] [Times: user=0.16 sys=0.00, real=0.05 secs] 
67.470: [GC (CMS Initial Mark) [1 CMS-initial-mark: 6518K(6848K)] 9270K(9920K), 0.0058229 secs] [Times: user=0.00 sys=0.00, real=0.00 secs] 
67.476: [CMS-concurrent-mark-start]
67.476: [GC (Allocation Failure) 67.476: [ParNew (promotion failed): 2751K->3071K(3072K), 0.0172233 secs]67.493: [CMS67.510: [CMS-concurrent-mark: 0.017/0.034 secs] [Times: user=0.08 sys=0.00, real=0.03 secs] 
 (concurrent mode failure): 6521K->6518K(6848K), 0.0476105 secs] 9270K->9270K(9920K), [Metaspace: 4016K->4016K(1056768K)], 0.0649341 secs] [Times: user=0.11 sys=0.00, real=0.07 secs] 
67.541: [GC (Allocation Failure) 67.541: [ParNew (promotion failed): 2751K->3071K(3072K), 0.0177745 secs]67.559: [CMS: 6521K->6518K(6848K), 0.0315877 secs] 9271K->9270K(9920K), [Metaspace: 4016K->4016K(1056768K)], 0.0494546 secs] [Times: user=0.08 sys=0.00, real=0.05 secs] 
67.591: [GC (CMS Initial Mark) [1 CMS-initial-mark: 6519K(6848K)] 9271K(9920K), 0.0062510 secs] [Times: user=0.02 sys=0.00, real=0.01 secs] 
67.597: [CMS-concurrent-mark-start]
67.597: [GC (Allocation Failure) 67.597: [ParNew (promotion failed): 2751K->3070K(3072K), 0.0179150 secs]67.615: [CMS67.632: [CMS-concurrent-mark: 0.016/0.035 secs] [Times: user=0.08 sys=0.00, real=0.04 secs] 
 (concurrent mode failure): 6521K->6518K(6848K), 0.0453722 secs] 9271K->9270K(9920K), [Metaspace: 4016K->4016K(1056768K)], 0.0635244 secs] [Times: user=0.11 sys=0.00, real=0.06 secs] 
67.661: [GC (Allocation Failure) 67.661: [ParNew (promotion failed): 2751K->3070K(3072K), 0.0184799 secs]67.680: [CMS: 6521K->6518K(6848K), 0.0388197 secs] 9271K->9270K(9920K), [Metaspace: 4016K->4016K(1056768K)], 0.0574154 secs] [Times: user=0.09 sys=0.00, real=0.06 secs] 
67.719: [GC (CMS Initial Mark) [1 CMS-initial-mark: 6518K(6848K)] 9270K(9920K), 0.0079064 secs] [Times: user=0.00 sys=0.00, real=0.01 secs] 
67.727: [CMS-concurrent-mark-start]
67.727: [GC (Allocation Failure) 67.727: [ParNew (promotion failed): 2751K->3070K(3072K), 0.0190898 secs]67.746: [CMS67.759: [CMS-concurrent-mark: 0.013/0.033 secs] [Times: user=0.06 sys=0.00, real=0.03 secs] 
 (concurrent mode failure): 6520K->6518K(6848K), 0.0419829 secs] 9270K->9270K(9920K), [Metaspace: 4016K->4016K(1056768K)], 0.0611861 secs] [Times: user=0.09 sys=0.00, real=0.06 secs] 
67.788: [GC (Allocation Failure) 67.788: [ParNew (promotion failed): 2751K->3070K(3072K), 0.0171561 secs]67.806: [CMS: 6520K->6518K(6848K), 0.0323764 secs] 9270K->9270K(9920K), [Metaspace: 4016K->4016K(1056768K)], 0.0496488 secs] [Times: user=0.09 sys=0.00, real=0.05 secs] 
67.838: [GC (CMS Initial Mark) [1 CMS-initial-mark: 6518K(6848K)] 9270K(9920K), 0.0054516 secs] [Times: user=0.02 sys=0.00, real=0.00 secs] 
67.844: [CMS-concurrent-mark-start]
67.844: [GC (Allocation Failure) 67.844: [ParNew (promotion failed): 2751K->3070K(3072K), 0.0181229 secs]67.862: [CMS67.878: [CMS-concurrent-mark: 0.016/0.034 secs] [Times: user=0.08 sys=0.00, real=0.03 secs] 
 (concurrent mode failure): 6521K->6518K(6848K), 0.0425960 secs] 9270K->9270K(9920K), [Metaspace: 4016K->4016K(1056768K)], 0.0608039 secs] [Times: user=0.11 sys=0.00, real=0.06 secs] 
67.905: [GC (Allocation Failure) 67.905: [ParNew (promotion failed): 2751K->3070K(3072K), 0.0168729 secs]67.922: [CMS: 6521K->6519K(6848K), 0.0291539 secs] 9271K->9271K(9920K), [Metaspace: 4016K->4016K(1056768K)], 0.0461447 secs] [Times: user=0.09 sys=0.00, real=0.05 secs] 
67.951: [GC (CMS Initial Mark) [1 CMS-initial-mark: 6519K(6848K)] 9271K(9920K), 0.0064781 secs] [Times: user=0.00 sys=0.00, real=0.01 secs] 
67.958: [CMS-concurrent-mark-start]
67.958: [GC (Allocation Failure) 67.958: [ParNew (promotion failed): 2751K->3070K(3072K), 0.0173599 secs]67.975: [CMS67.986: [CMS-concurrent-mark: 0.011/0.028 secs] [Times: user=0.08 sys=0.00, real=0.03 secs] 
 (concurrent mode failure): 6521K->6518K(6848K), 0.0406718 secs] 9271K->9270K(9920K), [Metaspace: 4016K->4016K(1056768K)], 0.0581395 secs] [Times: user=0.11 sys=0.00, real=0.06 secs] 
68.016: [GC (Allocation Failure) 68.016: [ParNew (promotion failed): 2751K->3070K(3072K), 0.0183967 secs]68.034: [CMS: 6521K->6518K(6848K), 0.0275283 secs] 9271K->9270K(9920K), [Metaspace: 4016K->4016K(1056768K)], 0.0460632 secs] [Times: user=0.09 sys=0.00, real=0.05 secs] 
68.062: [GC (CMS Initial Mark) [1 CMS-initial-mark: 6519K(6848K)] 9271K(9920K), 0.0057431 secs] [Times: user=0.00 sys=0.00, real=0.01 secs] 
68.068: [CMS-concurrent-mark-start]
68.068: [GC (Allocation Failure) 68.068: [ParNew (promotion failed): 2751K->3070K(3072K), 0.0175880 secs]68.086: [CMS68.095: [CMS-concurrent-mark: 0.009/0.027 secs] [Times: user=0.08 sys=0.00, real=0.03 secs] 
 (concurrent mode failure): 6521K->6518K(6848K), 0.0342416 secs] 9271K->9270K(9920K), [Metaspace: 4016K->4016K(1056768K)], 0.0519218 secs] [Times: user=0.09 sys=0.00, real=0.05 secs] 
68.120: [GC (Allocation Failure) 68.120: [ParNew (promotion failed): 2751K->3070K(3072K), 0.0178117 secs]68.138: [CMS: 6520K->6518K(6848K), 0.0243618 secs] 9270K->9270K(9920K), [Metaspace: 4016K->4016K(1056768K)], 0.0423170 secs] [Times: user=0.09 sys=0.00, real=0.04 secs] 
68.163: [GC (CMS Initial Mark) [1 CMS-initial-mark: 6518K(6848K)] 9270K(9920K), 0.0056247 secs] [Times: user=0.00 sys=0.00, real=0.01 secs] 
68.168: [CMS-concurrent-mark-start]
68.169: [GC (Allocation Failure) 68.169: [ParNew (promotion failed): 2751K->3070K(3072K), 0.0172965 secs]68.186: [CMS68.195: [CMS-concurrent-mark: 0.009/0.027 secs] [Times: user=0.08 sys=0.00, real=0.03 secs] 
 (concurrent mode failure): 6521K->6518K(6848K), 0.0343657 secs] 9270K->9270K(9920K), [Metaspace: 4016K->4016K(1056768K)], 0.0517672 secs] [Times: user=0.11 sys=0.00, real=0.05 secs] 
68.220: [GC (Allocation Failure) 68.220: [ParNew (promotion failed): 2751K->3070K(3072K), 0.0169620 secs]68.237: [CMS: 6521K->6519K(6848K), 0.0255406 secs] 9271K->9271K(9920K), [Metaspace: 4016K->4016K(1056768K)], 0.0426718 secs] [Times: user=0.08 sys=0.00, real=0.04 secs] 
68.263: [GC (CMS Initial Mark) [1 CMS-initial-mark: 6519K(6848K)] 9271K(9920K), 0.0055025 secs] [Times: user=0.01 sys=0.00, real=0.01 secs] 
68.269: [CMS-concurrent-mark-start]
68.269: [GC (Allocation Failure) 68.269: [ParNew (promotion failed): 2751K->3070K(3072K), 0.0177416 secs]68.287: [CMS68.296: [CMS-concurrent-mark: 0.009/0.027 secs] [Times: user=0.08 sys=0.00, real=0.03 secs] 
 (concurrent mode failure): 6521K->6519K(6848K), 0.0336262 secs] 9271K->9271K(9920K), [Metaspace: 4016K->4016K(1056768K)], 0.0514695 secs] [Times: user=0.09 sys=0.00, real=0.05 secs] 
68.321: [GC (Allocation Failure) 68.321: [ParNew (promotion failed): 2751K->3070K(3072K), 0.0173937 secs]68.338: [CMS: 6521K->6519K(6848K), 0.0234263 secs] 9271K->9271K(9920K), [Metaspace: 4016K->4016K(1056768K)], 0.0410011 secs] [Times: user=0.08 sys=0.02, real=0.04 secs] 
68.362: [GC (CMS Initial Mark) [1 CMS-initial-mark: 6519K(6848K)] 9271K(9920K), 0.0057667 secs] [Times: user=0.00 sys=0.00, real=0.01 secs] 
68.368: [CMS-concurrent-mark-start]
68.368: [GC (Allocation Failure) 68.368: [ParNew (promotion failed): 2751K->3070K(3072K), 0.0176071 secs]68.385: [CMS68.395: [CMS-concurrent-mark: 0.009/0.027 secs] [Times: user=0.08 sys=0.00, real=0.03 secs] 
 (concurrent mode failure): 6521K->6519K(6848K), 0.0338649 secs] 9271K->9271K(9920K), [Metaspace: 4016K->4016K(1056768K)], 0.0515793 secs] [Times: user=0.09 sys=0.00, real=0.05 secs] 
68.419: [GC (Allocation Failure) 68.419: [ParNew (promotion failed): 2751K->3070K(3072K), 0.0177483 secs]68.437: [CMS: 6521K->6518K(6848K), 0.0250745 secs] 9271K->9270K(9920K), [Metaspace: 4016K->4016K(1056768K)], 0.0429454 secs] [Times: user=0.08 sys=0.02, real=0.04 secs] 
68.463: [GC (CMS Initial Mark) [1 CMS-initial-mark: 6518K(6848K)] 9270K(9920K), 0.0054467 secs] [Times: user=0.02 sys=0.00, real=0.00 secs] 
68.468: [CMS-concurrent-mark-start]
68.468: [GC (Allocation Failure) 68.468: [ParNew (promotion failed): 2751K->3069K(3072K), 0.0173214 secs]68.486: [CMS68.496: [CMS-concurrent-mark: 0.010/0.027 secs] [Times: user=0.06 sys=0.00, real=0.03 secs] 
 (concurrent mode failure): 6521K->6518K(6848K), 0.0351936 secs] 9270K->9270K(9920K), [Metaspace: 4016K->4016K(1056768K)], 0.0526126 secs] [Times: user=0.09 sys=0.00, real=0.05 secs] 
68.521: [GC (Allocation Failure) 68.521: [ParNew (promotion failed): 2751K->3071K(3072K), 0.0180633 secs]68.539: [CMS: 6521K->6518K(6848K), 0.0271592 secs] 9270K->9270K(9920K), [Metaspace: 4016K->4016K(1056768K)], 0.0453280 secs] [Times: user=0.09 sys=0.00, real=0.05 secs] 
68.566: [GC (CMS Initial Mark) [1 CMS-initial-mark: 6519K(6848K)] 9271K(9920K), 0.0082766 secs] [Times: user=0.00 sys=0.00, real=0.01 secs] 
68.575: [CMS-concurrent-mark-start]
68.575: [GC (Allocation Failure) 68.575: [ParNew (promotion failed): 2751K->3071K(3072K), 0.0173064 secs]68.592: [CMS68.602: [CMS-concurrent-mark: 0.010/0.027 secs] [Times: user=0.06 sys=0.00, real=0.03 secs] 
 (concurrent mode failure): 6521K->6519K(6848K), 0.0335371 secs] 9271K->9271K(9920K), [Metaspace: 4016K->4016K(1056768K)], 0.0509384 secs] [Times: user=0.09 sys=0.00, real=0.05 secs] 
68.626: [GC (Allocation Failure) 68.626: [ParNew (promotion failed): 2751K->3071K(3072K), 0.0178094 secs]68.644: [CMS: 6521K->6519K(6848K), 0.0262857 secs] 9271K->9271K(9920K), [Metaspace: 4016K->4016K(1056768K)], 0.0441903 secs] [Times: user=0.09 sys=0.00, real=0.04 secs] 
68.670: [GC (CMS Initial Mark) [1 CMS-initial-mark: 6519K(6848K)] 9271K(9920K), 0.0082210 secs] [Times: user=0.00 sys=0.00, real=0.01 secs] 
68.679: [CMS-concurrent-mark-start]
68.679: [GC (Allocation Failure) 68.679: [ParNew (promotion failed): 2751K->3071K(3072K), 0.0177390 secs]68.697: [CMS68.712: [CMS-concurrent-mark: 0.015/0.033 secs] [Times: user=0.06 sys=0.00, real=0.03 secs] 
 (concurrent mode failure): 6521K->6519K(6848K), 0.0433239 secs] 9271K->9271K(9920K), [Metaspace: 4016K->4016K(1056768K)], 0.0611930 secs] [Times: user=0.09 sys=0.00, real=0.06 secs] 
68.740: [GC (Allocation Failure) 68.740: [ParNew (promotion failed): 2751K->3071K(3072K), 0.0187259 secs]68.759: [CMS: 6521K->6519K(6848K), 0.0254851 secs] 9271K->9271K(9920K), [Metaspace: 4016K->4016K(1056768K)], 0.0443240 secs] [Times: user=0.06 sys=0.00, real=0.04 secs] 
68.785: [GC (CMS Initial Mark) [1 CMS-initial-mark: 6519K(6848K)] 9271K(9920K), 0.0058127 secs] [Times: user=0.00 sys=0.00, real=0.01 secs] 
68.791: [CMS-concurrent-mark-start]
68.791: [GC (Allocation Failure) 68.791: [ParNew (promotion failed): 2751K->3071K(3072K), 0.0174326 secs]68.808: [CMS68.817: [CMS-concurrent-mark: 0.009/0.027 secs] [Times: user=0.08 sys=0.00, real=0.03 secs] 
 (concurrent mode failure): 6521K->6518K(6848K), 0.0336947 secs] 9271K->9270K(9920K), [Metaspace: 4016K->4016K(1056768K)], 0.0512219 secs] [Times: user=0.11 sys=0.00, real=0.05 secs] 
68.842: [GC (Allocation Failure) 68.842: [ParNew (promotion failed): 2751K->3071K(3072K), 0.0184088 secs]68.861: [CMS: 6521K->6518K(6848K), 0.0267051 secs] 9270K->9270K(9920K), [Metaspace: 4016K->4016K(1056768K)], 0.0452943 secs] [Times: user=0.08 sys=0.00, real=0.05 secs] 
68.887: [GC (CMS Initial Mark) [1 CMS-initial-mark: 6519K(6848K)] 9271K(9920K), 0.0056306 secs] [Times: user=0.02 sys=0.00, real=0.00 secs] 
68.893: [CMS-concurrent-mark-start]
68.893: [GC (Allocation Failure) 68.893: [ParNew (promotion failed): 2751K->3070K(3072K), 0.0173115 secs]68.911: [CMS68.927: [CMS-concurrent-mark: 0.016/0.034 secs] [Times: user=0.08 sys=0.00, real=0.03 secs] 
 (concurrent mode failure): 6521K->6519K(6848K), 0.0448522 secs] 9271K->9271K(9920K), [Metaspace: 4016K->4016K(1056768K)], 0.0622805 secs] [Times: user=0.11 sys=0.00, real=0.06 secs] 
68.956: [GC (Allocation Failure) 68.956: [ParNew (promotion failed): 2751K->3070K(3072K), 0.0255934 secs]68.982: [CMS: 6521K->6519K(6848K), 0.0479966 secs] 9271K->9271K(9920K), [Metaspace: 4016K->4016K(1056768K)], 0.0737182 secs] [Times: user=0.05 sys=0.00, real=0.07 secs] 
69.030: [GC (CMS Initial Mark) [1 CMS-initial-mark: 6519K(6848K)] 9271K(9920K), 0.0078346 secs] [Times: user=0.00 sys=0.00, real=0.01 secs] 
69.038: [CMS-concurrent-mark-start]
69.038: [GC (Allocation Failure) 69.038: [ParNew (promotion failed): 2751K->3070K(3072K), 0.0180728 secs]69.057: [CMS69.073: [CMS-concurrent-mark: 0.016/0.034 secs] [Times: user=0.08 sys=0.00, real=0.03 secs] 
 (concurrent mode failure): 6521K->6519K(6848K), 0.0558047 secs] 9271K->9271K(9920K), [Metaspace: 4016K->4016K(1056768K)], 0.0740133 secs] [Times: user=0.13 sys=0.00, real=0.07 secs] 
69.113: [GC (Allocation Failure) 69.113: [ParNew (promotion failed): 2751K->3070K(3072K), 0.0188915 secs]69.132: [CMS: 6521K->6519K(6848K), 0.0398141 secs] 9271K->9271K(9920K), [Metaspace: 4016K->4016K(1056768K)], 0.0589199 secs] [Times: user=0.11 sys=0.00, real=0.06 secs] 
69.172: [GC (CMS Initial Mark) [1 CMS-initial-mark: 6519K(6848K)] 9271K(9920K), 0.0058180 secs] [Times: user=0.00 sys=0.00, real=0.01 secs] 
69.178: [CMS-concurrent-mark-start]
69.178: [GC (Allocation Failure) 69.178: [ParNew (promotion failed): 2751K->3070K(3072K), 0.0189097 secs]69.197: [CMS69.212: [CMS-concurrent-mark: 0.015/0.034 secs] [Times: user=0.08 sys=0.00, real=0.03 secs] 
 (concurrent mode failure): 6521K->6519K(6848K), 0.0530903 secs] 9271K->9271K(9920K), [Metaspace: 4016K->4016K(1056768K)], 0.0723098 secs] [Times: user=0.13 sys=0.00, real=0.07 secs] 
69.251: [GC (Allocation Failure) 69.251: [ParNew (promotion failed): 2751K->3070K(3072K), 0.0177662 secs]69.268: [CMS: 6521K->6518K(6848K), 0.0367797 secs] 9271K->9270K(9920K), [Metaspace: 4016K->4016K(1056768K)], 0.0546869 secs] [Times: user=0.06 sys=0.00, real=0.06 secs] 
69.305: [GC (CMS Initial Mark) [1 CMS-initial-mark: 6519K(6848K)] 9271K(9920K), 0.0061905 secs] [Times: user=0.02 sys=0.00, real=0.01 secs] 
69.312: [CMS-concurrent-mark-start]
69.312: [GC (Allocation Failure) 69.312: [ParNew (promotion failed): 2751K->3070K(3072K), 0.0188408 secs]69.331: [CMS69.346: [CMS-concurrent-mark: 0.015/0.034 secs] [Times: user=0.06 sys=0.00, real=0.03 secs] 
 (concurrent mode failure): 6521K->6519K(6848K), 0.0531196 secs] 9271K->9271K(9920K), [Metaspace: 4016K->4016K(1056768K)], 0.0721114 secs] [Times: user=0.09 sys=0.00, real=0.07 secs] 
69.384: [GC (Allocation Failure) 69.384: [ParNew (promotion failed): 2751K->3070K(3072K), 0.0179898 secs]69.402: [CMS: 6521K->6519K(6848K), 0.0351190 secs] 9271K->9271K(9920K), [Metaspace: 4016K->4016K(1056768K)], 0.0532568 secs] [Times: user=0.11 sys=0.00, real=0.05 secs] 
69.438: [GC (CMS Initial Mark) [1 CMS-initial-mark: 6519K(6848K)] 9271K(9920K), 0.0074638 secs] [Times: user=0.00 sys=0.00, real=0.01 secs] 
69.445: [CMS-concurrent-mark-start]
69.446: [GC (Allocation Failure) 69.446: [ParNew (promotion failed): 2751K->3070K(3072K), 0.0183427 secs]69.464: [CMS69.479: [CMS-concurrent-mark: 0.015/0.034 secs] [Times: user=0.08 sys=0.00, real=0.03 secs] 
 (concurrent mode failure): 6521K->6519K(6848K), 0.0496862 secs] 9271K->9271K(9920K), [Metaspace: 4016K->4016K(1056768K)], 0.0683520 secs] [Times: user=0.13 sys=0.00, real=0.07 secs] 
69.515: [GC (Allocation Failure) 69.515: [ParNew (promotion failed): 2751K->3070K(3072K), 0.0180691 secs]69.533: [CMS: 6521K->6519K(6848K), 0.0347510 secs] 9271K->9271K(9920K), [Metaspace: 4016K->4016K(1056768K)], 0.0529693 secs] [Times: user=0.08 sys=0.00, real=0.05 secs] 
69.568: [GC (CMS Initial Mark) [1 CMS-initial-mark: 6519K(6848K)] 9271K(9920K), 0.0056988 secs] [Times: user=0.00 sys=0.00, real=0.01 secs] 
69.574: [CMS-concurrent-mark-start]
69.574: [GC (Allocation Failure) 69.574: [ParNew (promotion failed): 2751K->3070K(3072K), 0.0175883 secs]69.591: [CMS69.606: [CMS-concurrent-mark: 0.015/0.033 secs] [Times: user=0.05 sys=0.02, real=0.03 secs] 
 (concurrent mode failure): 6521K->6519K(6848K), 0.0508359 secs] 9271K->9271K(9920K), [Metaspace: 4016K->4016K(1056768K)], 0.0685520 secs] [Times: user=0.09 sys=0.02, real=0.07 secs] 
69.643: [GC (Allocation Failure) 69.643: [ParNew (promotion failed): 2751K->3070K(3072K), 0.0181448 secs]69.661: [CMS: 6521K->6519K(6848K), 0.0384657 secs] 9271K->9271K(9920K), [Metaspace: 4016K->4016K(1056768K)], 0.0567528 secs] [Times: user=0.08 sys=0.00, real=0.06 secs] 
69.699: [GC (CMS Initial Mark) [1 CMS-initial-mark: 6519K(6848K)] 9271K(9920K), 0.0080233 secs] [Times: user=0.01 sys=0.00, real=0.01 secs] 
69.708: [CMS-concurrent-mark-start]
69.708: [GC (Allocation Failure) 69.708: [ParNew (promotion failed): 2751K->3070K(3072K), 0.0179076 secs]69.726: [CMS69.742: [CMS-concurrent-mark: 0.016/0.034 secs] [Times: user=0.06 sys=0.00, real=0.03 secs] 
 (concurrent mode failure): 6521K->6519K(6848K), 0.0530855 secs] 9271K->9271K(9920K), [Metaspace: 4016K->4016K(1056768K)], 0.0711476 secs] [Times: user=0.08 sys=0.00, real=0.07 secs] 
69.780: [GC (Allocation Failure) 69.780: [ParNew (promotion failed): 2751K->3070K(3072K), 0.0176546 secs]69.798: [CMS: 6521K->6519K(6848K), 0.0369096 secs] 9271K->9271K(9920K), [Metaspace: 4016K->4016K(1056768K)], 0.0547128 secs] [Times: user=0.08 sys=0.00, real=0.05 secs] 
69.835: [GC (CMS Initial Mark) [1 CMS-initial-mark: 6519K(6848K)] 9271K(9920K), 0.0080908 secs] [Times: user=0.02 sys=0.00, real=0.01 secs] 
69.843: [CMS-concurrent-mark-start]
69.843: [GC (Allocation Failure) 69.843: [ParNew (promotion failed): 2751K->3070K(3072K), 0.0181955 secs]69.861: [CMS69.882: [CMS-concurrent-mark: 0.020/0.038 secs] [Times: user=0.08 sys=0.00, real=0.04 secs] 
 (concurrent mode failure): 6521K->6519K(6848K), 0.0581812 secs] 9271K->9271K(9920K), [Metaspace: 4016K->4016K(1056768K)], 0.0764942 secs] [Times: user=0.11 sys=0.00, real=0.08 secs] 
69.920: [GC (Allocation Failure) 69.920: [ParNew (promotion failed): 2751K->3070K(3072K), 0.0172230 secs]69.937: [CMS: 6521K->6519K(6848K), 0.0380999 secs] 9271K->9271K(9920K), [Metaspace: 4016K->4016K(1056768K)], 0.0554329 secs] [Times: user=0.09 sys=0.00, real=0.05 secs] 
69.976: [GC (CMS Initial Mark) [1 CMS-initial-mark: 6519K(6848K)] 9271K(9920K), 0.0079593 secs] [Times: user=0.02 sys=0.00, real=0.01 secs] 
69.984: [CMS-concurrent-mark-start]
69.984: [GC (Allocation Failure) 69.984: [ParNew (promotion failed): 2751K->3069K(3072K), 0.0178025 secs]70.002: [CMS70.017: [CMS-concurrent-mark: 0.015/0.033 secs] [Times: user=0.08 sys=0.00, real=0.03 secs] 
 (concurrent mode failure): 6521K->6519K(6848K), 0.0529137 secs] 9271K->9271K(9920K), [Metaspace: 4016K->4016K(1056768K)], 0.0708316 secs] [Times: user=0.11 sys=0.00, real=0.07 secs] 
70.055: [GC (Allocation Failure) 70.055: [ParNew (promotion failed): 2751K->3071K(3072K), 0.0185078 secs]70.073: [CMS: 6521K->6519K(6848K), 0.0380708 secs] 9271K->9271K(9920K), [Metaspace: 4016K->4016K(1056768K)], 0.0566990 secs] [Times: user=0.09 sys=0.00, real=0.06 secs] 
70.112: [GC (CMS Initial Mark) [1 CMS-initial-mark: 6519K(6848K)] 9271K(9920K), 0.0081309 secs] [Times: user=0.00 sys=0.00, real=0.01 secs] 
70.120: [CMS-concurrent-mark-start]
70.120: [GC (Allocation Failure) 70.120: [ParNew (promotion failed): 2751K->3071K(3072K), 0.0173101 secs]70.138: [CMS70.154: [CMS-concurrent-mark: 0.016/0.034 secs] [Times: user=0.06 sys=0.00, real=0.03 secs] 
 (concurrent mode failure): 6521K->6519K(6848K), 0.0549627 secs] 9271K->9271K(9920K), [Metaspace: 4016K->4016K(1056768K)], 0.0723980 secs] [Times: user=0.11 sys=0.00, real=0.07 secs] 
70.193: [GC (Allocation Failure) 70.193: [ParNew (promotion failed): 2751K->3071K(3072K), 0.0186410 secs]70.212: [CMS: 6521K->6519K(6848K), 0.0431630 secs] 9271K->9271K(9920K), [Metaspace: 4016K->4016K(1056768K)], 0.0619471 secs] [Times: user=0.11 sys=0.00, real=0.06 secs] 
70.255: [GC (CMS Initial Mark) [1 CMS-initial-mark: 6519K(6848K)] 9271K(9920K), 0.0084184 secs] [Times: user=0.01 sys=0.00, real=0.01 secs] 
70.264: [CMS-concurrent-mark-start]
70.265: [GC (Allocation Failure) 70.265: [ParNew (promotion failed): 2751K->3071K(3072K), 0.0175086 secs]70.283: [CMS70.298: [CMS-concurrent-mark: 0.017/0.035 secs] [Times: user=0.06 sys=0.00, real=0.03 secs] 
 (concurrent mode failure): 6521K->6519K(6848K), 0.0546954 secs] 9271K->9271K(9920K), [Metaspace: 4016K->4016K(1056768K)], 0.0723410 secs] [Times: user=0.09 sys=0.00, real=0.07 secs] 
70.338: [GC (Allocation Failure) 70.338: [ParNew (promotion failed): 2751K->3071K(3072K), 0.0174999 secs]70.355: [CMS: 6521K->6519K(6848K), 0.0538275 secs] 9271K->9271K(9920K), [Metaspace: 4016K->4016K(1056768K)], 0.0714291 secs] [Times: user=0.11 sys=0.00, real=0.07 secs] 
70.413: [GC (CMS Initial Mark) [1 CMS-initial-mark: 6519K(6848K)] 9271K(9920K), 0.0080073 secs] [Times: user=0.02 sys=0.00, real=0.01 secs] 
70.421: [CMS-concurrent-mark-start]
70.433: [GC (Allocation Failure) 70.433: [ParNew (promotion failed): 2751K->3071K(3072K), 0.0187210 secs]70.452: [CMS70.456: [CMS-concurrent-mark: 0.016/0.035 secs] [Times: user=0.05 sys=0.00, real=0.03 secs] 
 (concurrent mode failure): 6521K->6519K(6848K), 0.0418448 secs] 9271K->9271K(9920K), [Metaspace: 4016K->4016K(1056768K)], 0.0607016 secs] [Times: user=0.08 sys=0.00, real=0.06 secs] 
70.494: [GC (Allocation Failure) 70.494: [ParNew (promotion failed): 2751K->3071K(3072K), 0.0195556 secs]70.514: [CMS: 6521K->6519K(6848K), 0.0646081 secs] 9271K->9271K(9920K), [Metaspace: 4016K->4016K(1056768K)], 0.0842902 secs] [Times: user=0.06 sys=0.00, real=0.08 secs] 
70.580: [GC (CMS Initial Mark) [1 CMS-initial-mark: 6519K(6848K)] 9271K(9920K), 0.0078582 secs] [Times: user=0.00 sys=0.00, real=0.01 secs] 
70.588: [CMS-concurrent-mark-start]
70.598: [GC (Allocation Failure) 70.598: [ParNew (promotion failed): 2751K->3070K(3072K), 0.0196226 secs]70.617: [CMS70.625: [CMS-concurrent-mark: 0.017/0.037 secs] [Times: user=0.06 sys=0.00, real=0.04 secs] 
 (concurrent mode failure): 6521K->6519K(6848K), 0.0450503 secs] 9271K->9271K(9920K), [Metaspace: 4016K->4016K(1056768K)], 0.0648102 secs] [Times: user=0.08 sys=0.00, real=0.07 secs] 
70.663: [GC (Allocation Failure) 70.663: [ParNew (promotion failed): 2751K->3070K(3072K), 0.0197841 secs]70.683: [CMS: 6521K->6519K(6848K), 0.0368410 secs] 9271K->9271K(9920K), [Metaspace: 4016K->4016K(1056768K)], 0.0567986 secs] [Times: user=0.08 sys=0.00, real=0.06 secs] 
70.720: [GC (CMS Initial Mark) [1 CMS-initial-mark: 6519K(6848K)] 9271K(9920K), 0.0079332 secs] [Times: user=0.00 sys=0.00, real=0.01 secs] 
70.728: [CMS-concurrent-mark-start]
70.728: [GC (Allocation Failure) 70.728: [ParNew (promotion failed): 2751K->3070K(3072K), 0.0197591 secs]70.748: [CMS70.764: [CMS-concurrent-mark: 0.016/0.036 secs] [Times: user=0.08 sys=0.00, real=0.04 secs] 
 (concurrent mode failure): 6521K->6519K(6848K), 0.0529885 secs] 9271K->9271K(9920K), [Metaspace: 4016K->4016K(1056768K)], 0.0728634 secs] [Times: user=0.11 sys=0.00, real=0.07 secs] 
70.801: [GC (Allocation Failure) 70.801: [ParNew (promotion failed): 2751K->3070K(3072K), 0.0176920 secs]70.819: [CMS: 6521K->6519K(6848K), 0.0359813 secs] 9271K->9271K(9920K), [Metaspace: 4016K->4016K(1056768K)], 0.0537835 secs] [Times: user=0.09 sys=0.00, real=0.05 secs] 
70.855: [GC (CMS Initial Mark) [1 CMS-initial-mark: 6519K(6848K)] 9271K(9920K), 0.0082644 secs] [Times: user=0.01 sys=0.00, real=0.01 secs] 
70.864: [CMS-concurrent-mark-start]
70.864: [GC (Allocation Failure) 70.864: [ParNew (promotion failed): 2751K->3070K(3072K), 0.0176402 secs]70.882: [CMS70.897: [CMS-concurrent-mark: 0.016/0.034 secs] [Times: user=0.08 sys=0.00, real=0.03 secs] 
 (concurrent mode failure): 6521K->6519K(6848K), 0.0564723 secs] 9271K->9271K(9920K), [Metaspace: 4016K->4016K(1056768K)], 0.0742328 secs] [Times: user=0.11 sys=0.01, real=0.07 secs] 
70.938: [GC (Allocation Failure) 70.938: [ParNew (promotion failed): 2751K->3070K(3072K), 0.0196284 secs]70.958: [CMS: 6521K->6519K(6848K), 0.0372382 secs] 9271K->9271K(9920K), [Metaspace: 4016K->4016K(1056768K)], 0.0570642 secs] [Times: user=0.09 sys=0.00, real=0.06 secs] 
70.996: [GC (CMS Initial Mark) [1 CMS-initial-mark: 6519K(6848K)] 9271K(9920K), 0.0082133 secs] [Times: user=0.02 sys=0.00, real=0.01 secs] 
71.004: [CMS-concurrent-mark-start]
71.004: [GC (Allocation Failure) 71.004: [ParNew (promotion failed): 2751K->3070K(3072K), 0.0171074 secs]71.021: [CMS71.037: [CMS-concurrent-mark: 0.016/0.033 secs] [Times: user=0.08 sys=0.00, real=0.03 secs] 
 (concurrent mode failure): 6521K->6519K(6848K), 0.0531571 secs] 9271K->9271K(9920K), [Metaspace: 4016K->4016K(1056768K)], 0.0703685 secs] [Times: user=0.11 sys=0.00, real=0.07 secs] 
71.075: [GC (Allocation Failure) 71.075: [ParNew (promotion failed): 2751K->3070K(3072K), 0.0180521 secs]71.093: [CMS: 6521K->6519K(6848K), 0.0469426 secs] 9271K->9271K(9920K), [Metaspace: 4016K->4016K(1056768K)], 0.0651035 secs] [Times: user=0.13 sys=0.00, real=0.06 secs] 
71.140: [GC (CMS Initial Mark) [1 CMS-initial-mark: 6519K(6848K)] 9271K(9920K), 0.0081214 secs] [Times: user=0.00 sys=0.00, real=0.01 secs] 
71.148: [CMS-concurrent-mark-start]
71.148: [GC (Allocation Failure) 71.148: [ParNew (promotion failed): 2751K->3070K(3072K), 0.0179925 secs]71.166: [CMS71.183: [CMS-concurrent-mark: 0.016/0.034 secs] [Times: user=0.08 sys=0.00, real=0.03 secs] 
 (concurrent mode failure): 6521K->6519K(6848K), 0.0544337 secs] 9271K->9271K(9920K), [Metaspace: 4016K->4016K(1056768K)], 0.0725373 secs] [Times: user=0.13 sys=0.00, real=0.07 secs] 
71.221: [GC (Allocation Failure) 71.221: [ParNew (promotion failed): 2751K->3070K(3072K), 0.0172430 secs]71.238: [CMS: 6521K->6519K(6848K), 0.0365949 secs] 9271K->9271K(9920K), [Metaspace: 4016K->4016K(1056768K)], 0.0539518 secs] [Times: user=0.09 sys=0.00, real=0.05 secs] 
71.275: [GC (CMS Initial Mark) [1 CMS-initial-mark: 6519K(6848K)] 9271K(9920K), 0.0081089 secs] [Times: user=0.00 sys=0.00, real=0.01 secs] 
71.283: [CMS-concurrent-mark-start]
71.284: [GC (Allocation Failure) 71.284: [ParNew (promotion failed): 2751K->3070K(3072K), 0.0182352 secs]71.302: [CMS71.318: [CMS-concurrent-mark: 0.016/0.035 secs] [Times: user=0.08 sys=0.00, real=0.03 secs] 
 (concurrent mode failure): 6521K->6519K(6848K), 0.0537000 secs] 9271K->9271K(9920K), [Metaspace: 4016K->4016K(1056768K)], 0.0720464 secs] [Times: user=0.11 sys=0.00, real=0.07 secs] 
71.356: [GC (Allocation Failure) 71.356: [ParNew (promotion failed): 2751K->3070K(3072K), 0.0176751 secs]71.374: [CMS: 6521K->6519K(6848K), 0.0367473 secs] 9271K->9271K(9920K), [Metaspace: 4016K->4016K(1056768K)], 0.0545302 secs] [Times: user=0.09 sys=0.00, real=0.06 secs] 
71.411: [GC (CMS Initial Mark) [1 CMS-initial-mark: 6519K(6848K)] 9271K(9920K), 0.0082333 secs] [Times: user=0.00 sys=0.00, real=0.01 secs] 
71.419: [CMS-concurrent-mark-start]
71.419: [GC (Allocation Failure) 71.419: [ParNew (promotion failed): 2751K->3070K(3072K), 0.0179370 secs]71.437: [CMS71.453: [CMS-concurrent-mark: 0.016/0.034 secs] [Times: user=0.11 sys=0.00, real=0.03 secs] 
 (concurrent mode failure): 6521K->6519K(6848K), 0.0529072 secs] 9271K->9271K(9920K), [Metaspace: 4016K->4016K(1056768K)], 0.0709592 secs] [Times: user=0.14 sys=0.00, real=0.07 secs] 
71.490: [GC (Allocation Failure) 71.490: [ParNew (promotion failed): 2751K->3070K(3072K), 0.0187992 secs]71.509: [CMS: 6521K->6519K(6848K), 0.0383742 secs] 9271K->9271K(9920K), [Metaspace: 4016K->4016K(1056768K)], 0.0572851 secs] [Times: user=0.11 sys=0.00, real=0.06 secs] 
71.548: [GC (CMS Initial Mark) [1 CMS-initial-mark: 6519K(6848K)] 9271K(9920K), 0.0079807 secs] [Times: user=0.00 sys=0.00, real=0.01 secs] 
71.556: [CMS-concurrent-mark-start]
71.556: [GC (Allocation Failure) 71.556: [ParNew (promotion failed): 2751K->3070K(3072K), 0.0178182 secs]71.574: [CMS71.590: [CMS-concurrent-mark: 0.016/0.034 secs] [Times: user=0.08 sys=0.00, real=0.03 secs] 
 (concurrent mode failure): 6521K->6519K(6848K), 0.0530297 secs] 9271K->9271K(9920K), [Metaspace: 4016K->4016K(1056768K)], 0.0709479 secs] [Times: user=0.13 sys=0.00, real=0.07 secs] 
71.628: [GC (Allocation Failure) 71.628: [ParNew (promotion failed): 2751K->3070K(3072K), 0.0182686 secs]71.646: [CMS: 6521K->6519K(6848K), 0.0379090 secs] 9271K->9271K(9920K), [Metaspace: 4016K->4016K(1056768K)], 0.0562946 secs] [Times: user=0.09 sys=0.00, real=0.06 secs] 
71.684: [GC (CMS Initial Mark) [1 CMS-initial-mark: 6519K(6848K)] 9271K(9920K), 0.0080076 secs] [Times: user=0.02 sys=0.00, real=0.01 secs] 
71.692: [CMS-concurrent-mark-start]
71.693: [GC (Allocation Failure) 71.693: [ParNew (promotion failed): 2751K->3069K(3072K), 0.0182534 secs]71.711: [CMS71.727: [CMS-concurrent-mark: 0.017/0.035 secs] [Times: user=0.06 sys=0.00, real=0.04 secs] 
 (concurrent mode failure): 6521K->6519K(6848K), 0.0567903 secs] 9271K->9271K(9920K), [Metaspace: 4016K->4016K(1056768K)], 0.0751838 secs] [Times: user=0.09 sys=0.00, real=0.08 secs] 
71.768: [GC (Allocation Failure) 71.768: [ParNew (promotion failed): 2751K->3071K(3072K), 0.0183652 secs]71.786: [CMS: 6521K->6519K(6848K), 0.0390865 secs] 9271K->9271K(9920K), [Metaspace: 4016K->4016K(1056768K)], 0.0575672 secs] [Times: user=0.09 sys=0.00, real=0.06 secs] 
71.826: [GC (CMS Initial Mark) [1 CMS-initial-mark: 6519K(6848K)] 9271K(9920K), 0.0078828 secs] [Times: user=0.00 sys=0.00, real=0.01 secs] 
71.834: [CMS-concurrent-mark-start]
71.834: [GC (Allocation Failure) 71.834: [ParNew (promotion failed): 2751K->3071K(3072K), 0.0173993 secs]71.851: [CMS71.868: [CMS-concurrent-mark: 0.017/0.034 secs] [Times: user=0.08 sys=0.00, real=0.03 secs] 
 (concurrent mode failure): 6521K->6519K(6848K), 0.0550670 secs] 9271K->9271K(9920K), [Metaspace: 4016K->4016K(1056768K)], 0.0725978 secs] [Times: user=0.13 sys=0.00, real=0.07 secs] 
71.907: [GC (Allocation Failure) 71.907: [ParNew (promotion failed): 2751K->3071K(3072K), 0.0170805 secs]71.924: [CMS: 6521K->6519K(6848K), 0.0309231 secs] 9271K->9271K(9920K), [Metaspace: 4016K->4016K(1056768K)], 0.0481150 secs] [Times: user=0.09 sys=0.00, real=0.05 secs] 
71.955: [GC (CMS Initial Mark) [1 CMS-initial-mark: 6519K(6848K)] 9271K(9920K), 0.0062844 secs] [Times: user=0.00 sys=0.00, real=0.01 secs] 
71.961: [CMS-concurrent-mark-start]
71.961: [GC (Allocation Failure) 71.961: [ParNew (promotion failed): 2751K->3071K(3072K), 0.0176439 secs]71.979: [CMS71.992: [CMS-concurrent-mark: 0.013/0.031 secs] [Times: user=0.08 sys=0.00, real=0.03 secs] 
 (concurrent mode failure): 6521K->6519K(6848K), 0.0420717 secs] 9271K->9271K(9920K), [Metaspace: 4016K->4016K(1056768K)], 0.0598290 secs] [Times: user=0.11 sys=0.00, real=0.06 secs] 
72.021: [GC (Allocation Failure) 72.021: [ParNew (promotion failed): 2751K->3071K(3072K), 0.0171741 secs]72.039: [CMS: 6521K->6519K(6848K), 0.0360868 secs] 9271K->9271K(9920K), [Metaspace: 4016K->4016K(1056768K)], 0.0533658 secs] [Times: user=0.09 sys=0.00, real=0.05 secs] 
72.075: [GC (CMS Initial Mark) [1 CMS-initial-mark: 6519K(6848K)] 9271K(9920K), 0.0074036 secs] [Times: user=0.02 sys=0.00, real=0.01 secs] 
72.083: [CMS-concurrent-mark-start]
72.083: [GC (Allocation Failure) 72.083: [ParNew (promotion failed): 2751K->3071K(3072K), 0.0182081 secs]72.101: [CMS72.113: [CMS-concurrent-mark: 0.012/0.030 secs] [Times: user=0.08 sys=0.00, real=0.03 secs] 
 (concurrent mode failure): 6521K->6519K(6848K), 0.0410764 secs] 9271K->9271K(9920K), [Metaspace: 4016K->4016K(1056768K)], 0.0594278 secs] [Times: user=0.11 sys=0.00, real=0.06 secs] 
72.143: [GC (Allocation Failure) 72.143: [ParNew (promotion failed): 2751K->3071K(3072K), 0.0175093 secs]72.160: [CMS: 6521K->6519K(6848K), 0.0296842 secs] 9271K->9271K(9920K), [Metaspace: 4016K->4016K(1056768K)], 0.0473330 secs] [Times: user=0.09 sys=0.00, real=0.05 secs] 
72.190: [GC (CMS Initial Mark) [1 CMS-initial-mark: 6519K(6848K)] 9271K(9920K), 0.0065806 secs] [Times: user=0.00 sys=0.00, real=0.01 secs] 
72.197: [CMS-concurrent-mark-start]
72.198: [GC (Allocation Failure) 72.198: [ParNew (promotion failed): 2751K->3070K(3072K), 0.0174639 secs]72.216: [CMS72.226: [CMS-concurrent-mark: 0.012/0.029 secs] [Times: user=0.08 sys=0.00, real=0.03 secs] 
 (concurrent mode failure): 6521K->6519K(6848K), 0.0347345 secs] 9271K->9271K(9920K), [Metaspace: 4016K->4016K(1056768K)], 0.0523374 secs] [Times: user=0.11 sys=0.00, real=0.05 secs] 
72.251: [GC (Allocation Failure) 72.251: [ParNew (promotion failed): 2751K->3070K(3072K), 0.0175984 secs]72.269: [CMS: 6521K->6519K(6848K), 0.0248022 secs] 9271K->9271K(9920K), [Metaspace: 4016K->4016K(1056768K)], 0.0425053 secs] [Times: user=0.03 sys=0.02, real=0.04 secs] 
72.294: [GC (CMS Initial Mark) [1 CMS-initial-mark: 6519K(6848K)] 9271K(9920K), 0.0060851 secs] [Times: user=0.02 sys=0.00, real=0.01 secs] 
72.300: [CMS-concurrent-mark-start]
72.300: [GC (Allocation Failure) 72.300: [ParNew (promotion failed): 2751K->3070K(3072K), 0.0177414 secs]72.318: [CMS72.334: [CMS-concurrent-mark: 0.016/0.034 secs] [Times: user=0.08 sys=0.00, real=0.03 secs] 
 (concurrent mode failure): 6521K->6519K(6848K), 0.0445738 secs] 9271K->9271K(9920K), [Metaspace: 4016K->4016K(1056768K)], 0.0624218 secs] [Times: user=0.11 sys=0.00, real=0.06 secs] 
72.362: [GC (Allocation Failure) 72.362: [ParNew (promotion failed): 2751K->3070K(3072K), 0.0177661 secs]72.380: [CMS: 6521K->6519K(6848K), 0.0256666 secs] 9271K->9271K(9920K), [Metaspace: 4016K->4016K(1056768K)], 0.0435507 secs] [Times: user=0.09 sys=0.00, real=0.04 secs] 
72.406: [GC (CMS Initial Mark) [1 CMS-initial-mark: 6519K(6848K)] 9271K(9920K), 0.0055883 secs] [Times: user=0.00 sys=0.00, real=0.01 secs] 
72.412: [CMS-concurrent-mark-start]
72.412: [GC (Allocation Failure) 72.412: [ParNew (promotion failed): 2751K->3070K(3072K), 0.0170074 secs]72.429: [CMS72.438: [CMS-concurrent-mark: 0.009/0.027 secs] [Times: user=0.08 sys=0.00, real=0.03 secs] 
 (concurrent mode failure): 6521K->6519K(6848K), 0.0328314 secs] 9271K->9271K(9920K), [Metaspace: 4016K->4016K(1056768K)], 0.0499610 secs] [Times: user=0.09 sys=0.00, real=0.05 secs] 
72.462: [GC (Allocation Failure) 72.462: [ParNew (promotion failed): 2751K->3070K(3072K), 0.0169723 secs]72.479: [CMS: 6521K->6519K(6848K), 0.0252987 secs] 9271K->9271K(9920K), [Metaspace: 4016K->4016K(1056768K)], 0.0423790 secs] [Times: user=0.09 sys=0.00, real=0.04 secs] 
72.505: [GC (CMS Initial Mark) [1 CMS-initial-mark: 6519K(6848K)] 9271K(9920K), 0.0054364 secs] [Times: user=0.00 sys=0.00, real=0.01 secs] 
72.510: [CMS-concurrent-mark-start]
72.510: [GC (Allocation Failure) 72.510: [ParNew (promotion failed): 2751K->3070K(3072K), 0.0174405 secs]72.528: [CMS72.537: [CMS-concurrent-mark: 0.010/0.027 secs] [Times: user=0.08 sys=0.00, real=0.03 secs] 
 (concurrent mode failure): 6521K->6519K(6848K), 0.0381475 secs] 9271K->9271K(9920K), [Metaspace: 4016K->4016K(1056768K)], 0.0556989 secs] [Times: user=0.11 sys=0.00, real=0.06 secs] 
72.566: [GC (Allocation Failure) 72.566: [ParNew (promotion failed): 2751K->3070K(3072K), 0.0172242 secs]72.583: [CMS: 6521K->6519K(6848K), 0.0273472 secs] 9271K->9271K(9920K), [Metaspace: 4016K->4016K(1056768K)], 0.0446787 secs] [Times: user=0.09 sys=0.00, real=0.05 secs] 
72.611: [GC (CMS Initial Mark) [1 CMS-initial-mark: 6519K(6848K)] 9271K(9920K), 0.0067331 secs] [Times: user=0.00 sys=0.00, real=0.01 secs] 
72.618: [CMS-concurrent-mark-start]
72.618: [GC (Allocation Failure) 72.618: [ParNew (promotion failed): 2751K->3070K(3072K), 0.0171835 secs]72.635: [CMS72.647: [CMS-concurrent-mark: 0.012/0.029 secs] [Times: user=0.08 sys=0.00, real=0.03 secs] 
 (concurrent mode failure): 6521K->6519K(6848K), 0.0486917 secs] 9271K->9271K(9920K), [Metaspace: 4016K->4016K(1056768K)], 0.0660313 secs] [Times: user=0.09 sys=0.00, real=0.07 secs] 
72.685: [GC (Allocation Failure) 72.685: [ParNew (promotion failed): 2751K->3070K(3072K), 0.0187232 secs]72.704: [CMS: 6521K->6519K(6848K), 0.0394115 secs] 9271K->9271K(9920K), [Metaspace: 4016K->4016K(1056768K)], 0.0582959 secs] [Times: user=0.11 sys=0.00, real=0.06 secs] 
72.743: [GC (Allocation Failure) 72.743: [ParNew (promotion failed): 2751K->3070K(3072K), 0.0186230 secs]72.762: [CMS (concurrent mode failure): 6521K->6519K(6848K), 0.0334542 secs] 9271K->9271K(9920K), [Metaspace: 4016K->4016K(1056768K)], 0.0522086 secs] [Times: user=0.08 sys=0.00, real=0.05 secs] 
72.798: [GC (Allocation Failure) 72.798: [ParNew (promotion failed): 2751K->3070K(3072K), 0.0182651 secs]72.817: [CMS: 6521K->6519K(6848K), 0.0321786 secs] 9271K->9271K(9920K), [Metaspace: 4016K->4016K(1056768K)], 0.0505927 secs] [Times: user=0.09 sys=0.00, real=0.05 secs] 
72.849: [GC (CMS Initial Mark) [1 CMS-initial-mark: 6519K(6848K)] 9271K(9920K), 0.0064739 secs] [Times: user=0.00 sys=0.00, real=0.01 secs] 
72.855: [CMS-concurrent-mark-start]
72.856: [GC (Allocation Failure) 72.856: [ParNew (promotion failed): 2751K->3070K(3072K), 0.0171097 secs]72.873: [CMS72.889: [CMS-concurrent-mark: 0.016/0.034 secs] [Times: user=0.09 sys=0.00, real=0.03 secs] 
 (concurrent mode failure): 6521K->6519K(6848K), 0.0432471 secs] 9271K->9271K(9920K), [Metaspace: 4016K->4016K(1056768K)], 0.0604859 secs] [Times: user=0.11 sys=0.00, real=0.06 secs] 
72.916: [GC (Allocation Failure) 72.916: [ParNew (promotion failed): 2751K->3070K(3072K), 0.0174609 secs]72.934: [CMS: 6521K->6519K(6848K), 0.0258429 secs] 9271K->9271K(9920K), [Metaspace: 4016K->4016K(1056768K)], 0.0433969 secs] [Times: user=0.09 sys=0.00, real=0.04 secs] 
72.960: [GC (CMS Initial Mark) [1 CMS-initial-mark: 6519K(6848K)] 9271K(9920K), 0.0055513 secs] [Times: user=0.00 sys=0.00, real=0.01 secs] 
72.965: [CMS-concurrent-mark-start]
72.965: [GC (Allocation Failure) 72.965: [ParNew (promotion failed): 2751K->3070K(3072K), 0.0180192 secs]72.984: [CMS72.993: [CMS-concurrent-mark: 0.010/0.028 secs] [Times: user=0.13 sys=0.00, real=0.03 secs] 
 (concurrent mode failure): 6521K->6519K(6848K), 0.0338003 secs] 9271K->9271K(9920K), [Metaspace: 4016K->4016K(1056768K)], 0.0519160 secs] [Times: user=0.14 sys=0.01, real=0.05 secs] 
73.018: [GC (Allocation Failure) 73.018: [ParNew (promotion failed): 2751K->3070K(3072K), 0.0174582 secs]73.035: [CMS: 6521K->6519K(6848K), 0.0249195 secs] 9271K->9271K(9920K), [Metaspace: 4016K->4016K(1056768K)], 0.0424794 secs] [Times: user=0.09 sys=0.00, real=0.04 secs] 
73.060: [GC (CMS Initial Mark) [1 CMS-initial-mark: 6519K(6848K)] 9271K(9920K), 0.0090677 secs] [Times: user=0.00 sys=0.00, real=0.01 secs] 
73.069: [CMS-concurrent-mark-start]
73.069: [GC (Allocation Failure) 73.069: [ParNew (promotion failed): 2751K->3069K(3072K), 0.0187354 secs]73.088: [CMS73.104: [CMS-concurrent-mark: 0.016/0.035 secs] [Times: user=0.06 sys=0.00, real=0.04 secs] 
 (concurrent mode failure): 6521K->6519K(6848K), 0.0489037 secs] 9271K->9271K(9920K), [Metaspace: 4016K->4016K(1056768K)], 0.0677501 secs] [Times: user=0.09 sys=0.00, real=0.07 secs] 
73.137: [GC (Allocation Failure) 73.137: [ParNew (promotion failed): 2751K->3071K(3072K), 0.0184250 secs]73.156: [CMS: 6521K->6519K(6848K), 0.0301383 secs] 9271K->9271K(9920K), [Metaspace: 4016K->4016K(1056768K)], 0.0486969 secs] [Times: user=0.11 sys=0.00, real=0.05 secs] 
73.186: [GC (CMS Initial Mark) [1 CMS-initial-mark: 6519K(6848K)] 9271K(9920K), 0.0057236 secs] [Times: user=0.00 sys=0.00, real=0.00 secs] 
73.192: [CMS-concurrent-mark-start]
73.192: [GC (Allocation Failure) 73.192: [ParNew (promotion failed): 2751K->3071K(3072K), 0.0173501 secs]73.209: [CMS73.221: [CMS-concurrent-mark: 0.011/0.029 secs] [Times: user=0.08 sys=0.00, real=0.03 secs] 
 (concurrent mode failure): 6521K->6519K(6848K), 0.0417157 secs] 9271K->9271K(9920K), [Metaspace: 4016K->4016K(1056768K)], 0.0591875 secs] [Times: user=0.11 sys=0.00, real=0.06 secs] 
73.251: [GC (Allocation Failure) 73.251: [ParNew (promotion failed): 2751K->3071K(3072K), 0.0181773 secs]73.270: [CMS: 6521K->6519K(6848K), 0.0313684 secs] 9271K->9271K(9920K), [Metaspace: 4016K->4016K(1056768K)], 0.0496757 secs] [Times: user=0.06 sys=0.02, real=0.05 secs] 
73.301: [GC (CMS Initial Mark) [1 CMS-initial-mark: 6519K(6848K)] 9271K(9920K), 0.0057703 secs] [Times: user=0.00 sys=0.00, real=0.01 secs] 
73.307: [CMS-concurrent-mark-start]
73.307: [GC (Allocation Failure) 73.307: [ParNew (promotion failed): 2751K->3071K(3072K), 0.0178837 secs]73.325: [CMS73.336: [CMS-concurrent-mark: 0.011/0.029 secs] [Times: user=0.08 sys=0.00, real=0.03 secs] 
 (concurrent mode failure): 6521K->6519K(6848K), 0.0388435 secs] 9271K->9271K(9920K), [Metaspace: 4016K->4016K(1056768K)], 0.0568454 secs] [Times: user=0.11 sys=0.00, real=0.06 secs] 
73.364: [GC (Allocation Failure) 73.364: [ParNew (promotion failed): 2751K->3071K(3072K), 0.0181302 secs]73.383: [CMS: 6521K->6519K(6848K), 0.0275185 secs] 9271K->9271K(9920K), [Metaspace: 4016K->4016K(1056768K)], 0.0458136 secs] [Times: user=0.09 sys=0.00, real=0.04 secs] 
73.410: [GC (CMS Initial Mark) [1 CMS-initial-mark: 6519K(6848K)] 9271K(9920K), 0.0067128 secs] [Times: user=0.00 sys=0.00, real=0.01 secs] 
73.417: [CMS-concurrent-mark-start]
73.417: [GC (Allocation Failure) 73.417: [ParNew (promotion failed): 2751K->3071K(3072K), 0.0178782 secs]73.435: [CMS73.446: [CMS-concurrent-mark: 0.011/0.029 secs] [Times: user=0.06 sys=0.02, real=0.03 secs] 
 (concurrent mode failure): 6521K->6519K(6848K), 0.0395495 secs] 9271K->9271K(9920K), [Metaspace: 4016K->4016K(1056768K)], 0.0575409 secs] [Times: user=0.09 sys=0.02, real=0.06 secs] 
73.475: [GC (Allocation Failure) 73.475: [ParNew (promotion failed): 2751K->3071K(3072K), 0.0173640 secs]73.492: [CMS: 6521K->6519K(6848K), 0.0296037 secs] 9271K->9271K(9920K), [Metaspace: 4016K->4016K(1056768K)], 0.0470798 secs] [Times: user=0.08 sys=0.00, real=0.05 secs] 
73.522: [GC (CMS Initial Mark) [1 CMS-initial-mark: 6519K(6848K)] 9271K(9920K), 0.0059090 secs] [Times: user=0.00 sys=0.00, real=0.01 secs] 
73.528: [CMS-concurrent-mark-start]
73.528: [GC (Allocation Failure) 73.528: [ParNew (promotion failed): 2751K->3070K(3072K), 0.0177024 secs]73.546: [CMS73.556: [CMS-concurrent-mark: 0.010/0.028 secs] [Times: user=0.08 sys=0.00, real=0.03 secs] 
 (concurrent mode failure): 6521K->6519K(6848K), 0.0376976 secs] 9271K->9271K(9920K), [Metaspace: 4016K->4016K(1056768K)], 0.0555147 secs] [Times: user=0.11 sys=0.00, real=0.06 secs] 
73.584: [GC (Allocation Failure) 73.584: [ParNew (promotion failed): 2751K->3070K(3072K), 0.0176694 secs]73.602: [CMS: 6521K->6519K(6848K), 0.0317798 secs] 9271K->9271K(9920K), [Metaspace: 4016K->4016K(1056768K)], 0.0495669 secs] [Times: user=0.09 sys=0.00, real=0.05 secs] 
73.634: [GC (CMS Initial Mark) [1 CMS-initial-mark: 6519K(6848K)] 9271K(9920K), 0.0058040 secs] [Times: user=0.02 sys=0.00, real=0.01 secs] 
73.639: [CMS-concurrent-mark-start]
73.639: [GC (Allocation Failure) 73.640: [ParNew (promotion failed): 2751K->3070K(3072K), 0.0175892 secs]73.657: [CMS73.674: [CMS-concurrent-mark: 0.016/0.034 secs] [Times: user=0.08 sys=0.00, real=0.03 secs] 
 (concurrent mode failure): 6521K->6519K(6848K), 0.0466255 secs] 9271K->9271K(9920K), [Metaspace: 4016K->4016K(1056768K)], 0.0643336 secs] [Times: user=0.11 sys=0.00, real=0.07 secs] 
73.704: [GC (Allocation Failure) 73.704: [ParNew (promotion failed): 2751K->3070K(3072K), 0.0193240 secs]73.723: [CMS: 6521K->6519K(6848K), 0.0322840 secs] 9271K->9271K(9920K), [Metaspace: 4016K->4016K(1056768K)], 0.0517177 secs] [Times: user=0.08 sys=0.00, real=0.05 secs] 
73.756: [GC (CMS Initial Mark) [1 CMS-initial-mark: 6519K(6848K)] 9271K(9920K), 0.0087428 secs] [Times: user=0.02 sys=0.00, real=0.01 secs] 
73.765: [CMS-concurrent-mark-start]
73.765: [GC (Allocation Failure) 73.765: [ParNew (promotion failed): 2751K->3070K(3072K), 0.0178755 secs]73.783: [CMS73.794: [CMS-concurrent-mark: 0.011/0.029 secs] [Times: user=0.03 sys=0.00, real=0.03 secs] 
 (concurrent mode failure): 6521K->6519K(6848K), 0.0395777 secs] 9271K->9271K(9920K), [Metaspace: 4016K->4016K(1056768K)], 0.0575706 secs] [Times: user=0.06 sys=0.00, real=0.06 secs] 
73.823: [GC (Allocation Failure) 73.823: [ParNew (promotion failed): 2751K->3070K(3072K), 0.0176801 secs]73.841: [CMS: 6521K->6519K(6848K), 0.0344875 secs] 9271K->9271K(9920K), [Metaspace: 4016K->4016K(1056768K)], 0.0522761 secs] [Times: user=0.11 sys=0.00, real=0.05 secs] 
73.875: [GC (CMS Initial Mark) [1 CMS-initial-mark: 6519K(6848K)] 9271K(9920K), 0.0067914 secs] [Times: user=0.00 sys=0.00, real=0.01 secs] 
73.882: [CMS-concurrent-mark-start]
73.883: [GC (Allocation Failure) 73.883: [ParNew (promotion failed): 2751K->3070K(3072K), 0.0174147 secs]73.900: [CMS73.911: [CMS-concurrent-mark: 0.011/0.029 secs] [Times: user=0.08 sys=0.00, real=0.03 secs] 
 (concurrent mode failure): 6521K->6519K(6848K), 0.0402546 secs] 9271K->9271K(9920K), [Metaspace: 4016K->4016K(1056768K)], 0.0578162 secs] [Times: user=0.11 sys=0.00, real=0.06 secs] 
73.941: [GC (Allocation Failure) 73.941: [ParNew (promotion failed): 2751K->3070K(3072K), 0.0187781 secs]73.959: [CMS: 6521K->6519K(6848K), 0.0301612 secs] 9271K->9271K(9920K), [Metaspace: 4016K->4016K(1056768K)], 0.0490480 secs] [Times: user=0.09 sys=0.00, real=0.05 secs] 
73.990: [GC (CMS Initial Mark) [1 CMS-initial-mark: 6519K(6848K)] 9271K(9920K), 0.0060851 secs] [Times: user=0.00 sys=0.00, real=0.01 secs] 
73.996: [CMS-concurrent-mark-start]
73.997: [GC (Allocation Failure) 73.997: [ParNew (promotion failed): 2751K->3070K(3072K), 0.0171875 secs]74.014: [CMS74.024: [CMS-concurrent-mark: 0.011/0.028 secs] [Times: user=0.08 sys=0.00, real=0.03 secs] 
 (concurrent mode failure): 6521K->6519K(6848K), 0.0395105 secs] 9271K->9271K(9920K), [Metaspace: 4016K->4016K(1056768K)], 0.0569331 secs] [Times: user=0.11 sys=0.00, real=0.06 secs] 
74.054: [GC (Allocation Failure) 74.054: [ParNew (promotion failed): 2751K->3070K(3072K), 0.0178946 secs]74.072: [CMS: 6521K->6519K(6848K), 0.0293185 secs] 9271K->9271K(9920K), [Metaspace: 4016K->4016K(1056768K)], 0.0473335 secs] [Times: user=0.09 sys=0.00, real=0.05 secs] 
74.101: [GC (CMS Initial Mark) [1 CMS-initial-mark: 6519K(6848K)] 9271K(9920K), 0.0059797 secs] [Times: user=0.00 sys=0.00, real=0.01 secs] 
74.108: [CMS-concurrent-mark-start]
74.108: [GC (Allocation Failure) 74.108: [ParNew (promotion failed): 2751K->3070K(3072K), 0.0181262 secs]74.126: [CMS74.138: [CMS-concurrent-mark: 0.012/0.030 secs] [Times: user=0.06 sys=0.00, real=0.03 secs] 
 (concurrent mode failure): 6521K->6519K(6848K), 0.0456265 secs] 9271K->9271K(9920K), [Metaspace: 4016K->4016K(1056768K)], 0.0638680 secs] [Times: user=0.11 sys=0.00, real=0.06 secs] 
74.172: [GC (Allocation Failure) 74.172: [ParNew (promotion failed): 2751K->3070K(3072K), 0.0180178 secs]74.190: [CMS: 6521K->6519K(6848K), 0.0280894 secs] 9271K->9271K(9920K), [Metaspace: 4016K->4016K(1056768K)], 0.0462293 secs] [Times: user=0.09 sys=0.00, real=0.05 secs] 
74.218: [GC (CMS Initial Mark) [1 CMS-initial-mark: 6519K(6848K)] 9271K(9920K), 0.0056837 secs] [Times: user=0.00 sys=0.00, real=0.01 secs] 
74.224: [CMS-concurrent-mark-start]
74.224: [GC (Allocation Failure) 74.224: [ParNew (promotion failed): 2751K->3070K(3072K), 0.0175831 secs]74.241: [CMS74.253: [CMS-concurrent-mark: 0.011/0.029 secs] [Times: user=0.08 sys=0.00, real=0.03 secs] 
 (concurrent mode failure): 6521K->6519K(6848K), 0.0424177 secs] 9271K->9271K(9920K), [Metaspace: 4016K->4016K(1056768K)], 0.0601270 secs] [Times: user=0.11 sys=0.00, real=0.06 secs] 
74.284: [GC (Allocation Failure) 74.284: [ParNew (promotion failed): 2751K->3070K(3072K), 0.0179654 secs]74.302: [CMS: 6521K->6519K(6848K), 0.0273726 secs] 9271K->9271K(9920K), [Metaspace: 4016K->4016K(1056768K)], 0.0457270 secs] [Times: user=0.09 sys=0.00, real=0.05 secs] 
74.330: [GC (CMS Initial Mark) [1 CMS-initial-mark: 6519K(6848K)] 9271K(9920K), 0.0059677 secs] [Times: user=0.00 sys=0.00, real=0.01 secs] 
74.336: [CMS-concurrent-mark-start]
74.337: [GC (Allocation Failure) 74.337: [ParNew (promotion failed): 2751K->3070K(3072K), 0.0180735 secs]74.355: [CMS74.366: [CMS-concurrent-mark: 0.012/0.030 secs] [Times: user=0.08 sys=0.00, real=0.03 secs] 
 (concurrent mode failure): 6521K->6519K(6848K), 0.0376564 secs] 9271K->9271K(9920K), [Metaspace: 4016K->4016K(1056768K)], 0.0558460 secs] [Times: user=0.11 sys=0.00, real=0.06 secs] 
74.393: [GC (Allocation Failure) 74.393: [ParNew (promotion failed): 2751K->3070K(3072K), 0.0185505 secs]74.411: [CMS: 6521K->6519K(6848K), 0.0281668 secs] 9271K->9271K(9920K), [Metaspace: 4016K->4016K(1056768K)], 0.0468320 secs] [Times: user=0.09 sys=0.00, real=0.05 secs] 
74.440: [GC (CMS Initial Mark) [1 CMS-initial-mark: 6519K(6848K)] 9271K(9920K), 0.0059432 secs] [Times: user=0.00 sys=0.00, real=0.01 secs] 
74.446: [CMS-concurrent-mark-start]
74.447: [GC (Allocation Failure) 74.447: [ParNew (promotion failed): 2751K->3069K(3072K), 0.0174335 secs]74.465: [CMS74.475: [CMS-concurrent-mark: 0.011/0.029 secs] [Times: user=0.08 sys=0.00, real=0.03 secs] 
 (concurrent mode failure): 6521K->6519K(6848K), 0.0364691 secs] 9271K->9271K(9920K), [Metaspace: 4016K->4016K(1056768K)], 0.0540969 secs] [Times: user=0.11 sys=0.00, real=0.05 secs] 
74.501: [GC (Allocation Failure) 74.501: [ParNew (promotion failed): 2751K->3071K(3072K), 0.0175550 secs]74.519: [CMS: 6521K->6519K(6848K), 0.0249828 secs] 9271K->9271K(9920K), [Metaspace: 4016K->4016K(1056768K)], 0.0426318 secs] [Times: user=0.08 sys=0.00, real=0.04 secs] 
74.544: [GC (CMS Initial Mark) [1 CMS-initial-mark: 6519K(6848K)] 9271K(9920K), 0.0071788 secs] [Times: user=0.02 sys=0.00, real=0.01 secs] 
74.551: [CMS-concurrent-mark-start]
74.551: [GC (Allocation Failure) 74.551: [ParNew (promotion failed): 2751K->3071K(3072K), 0.0175183 secs]74.569: [CMS74.579: [CMS-concurrent-mark: 0.010/0.028 secs] [Times: user=0.08 sys=0.00, real=0.03 secs] 
 (concurrent mode failure): 6521K->6519K(6848K), 0.0353410 secs] 9271K->9271K(9920K), [Metaspace: 4016K->4016K(1056768K)], 0.0529702 secs] [Times: user=0.09 sys=0.00, real=0.05 secs] 
74.605: [GC (Allocation Failure) 74.605: [ParNew (promotion failed): 2751K->3071K(3072K), 0.0167416 secs]74.621: [CMS: 6521K->6519K(6848K), 0.0272448 secs] 9271K->9271K(9920K), [Metaspace: 4016K->4016K(1056768K)], 0.0440996 secs] [Times: user=0.08 sys=0.00, real=0.04 secs] 
74.649: [GC (CMS Initial Mark) [1 CMS-initial-mark: 6519K(6848K)] 9271K(9920K), 0.0063254 secs] [Times: user=0.01 sys=0.00, real=0.01 secs] 
74.655: [CMS-concurrent-mark-start]
74.655: [GC (Allocation Failure) 74.655: [ParNew (promotion failed): 2751K->3071K(3072K), 0.0180337 secs]74.673: [CMS74.690: [CMS-concurrent-mark: 0.016/0.035 secs] [Times: user=0.06 sys=0.00, real=0.04 secs] 
 (concurrent mode failure): 6521K->6519K(6848K), 0.0441557 secs] 9271K->9271K(9920K), [Metaspace: 4016K->4016K(1056768K)], 0.0622985 secs] [Times: user=0.09 sys=0.00, real=0.06 secs] 
74.718: [GC (Allocation Failure) 74.718: [ParNew (promotion failed): 2751K->3071K(3072K), 0.0183836 secs]74.736: [CMS: 6521K->6519K(6848K), 0.0271586 secs] 9271K->9271K(9920K), [Metaspace: 4016K->4016K(1056768K)], 0.0456677 secs] [Times: user=0.06 sys=0.00, real=0.05 secs] 
74.764: [GC (CMS Initial Mark) [1 CMS-initial-mark: 6519K(6848K)] 9271K(9920K), 0.0058650 secs] [Times: user=0.00 sys=0.00, real=0.01 secs] 
74.769: [CMS-concurrent-mark-start]
74.770: [GC (Allocation Failure) 74.770: [ParNew (promotion failed): 2751K->3071K(3072K), 0.0183315 secs]74.788: [CMS74.797: [CMS-concurrent-mark: 0.009/0.028 secs] [Times: user=0.08 sys=0.00, real=0.03 secs] 
 (concurrent mode failure): 6521K->6519K(6848K), 0.0341753 secs] 9271K->9271K(9920K), [Metaspace: 4016K->4016K(1056768K)], 0.0526152 secs] [Times: user=0.09 sys=0.00, real=0.05 secs] 
74.822: [GC (Allocation Failure) 74.822: [ParNew (promotion failed): 2751K->3071K(3072K), 0.0181519 secs]74.841: [CMS: 6521K->6519K(6848K), 0.0235104 secs] 9271K->9271K(9920K), [Metaspace: 4016K->4016K(1056768K)], 0.0417531 secs] [Times: user=0.09 sys=0.00, real=0.04 secs] 
74.864: [GC (CMS Initial Mark) [1 CMS-initial-mark: 6519K(6848K)] 9271K(9920K), 0.0054214 secs] [Times: user=0.00 sys=0.00, real=0.01 secs] 
74.870: [CMS-concurrent-mark-start]
74.870: [GC (Allocation Failure) 74.870: [ParNew (promotion failed): 2751K->3070K(3072K), 0.0169471 secs]74.887: [CMS74.896: [CMS-concurrent-mark: 0.009/0.026 secs] [Times: user=0.06 sys=0.00, real=0.03 secs] 
 (concurrent mode failure): 6521K->6519K(6848K), 0.0342959 secs] 9271K->9271K(9920K), [Metaspace: 4016K->4016K(1056768K)], 0.0513401 secs] [Times: user=0.09 sys=0.00, real=0.05 secs] 
74.921: [GC (Allocation Failure) 74.921: [ParNew (promotion failed): 2751K->3070K(3072K), 0.0179175 secs]74.939: [CMS: 6521K->6519K(6848K), 0.0238918 secs] 9271K->9271K(9920K), [Metaspace: 4016K->4016K(1056768K)], 0.0418953 secs] [Times: user=0.08 sys=0.00, real=0.04 secs] 
74.963: [GC (CMS Initial Mark) [1 CMS-initial-mark: 6519K(6848K)] 9271K(9920K), 0.0056747 secs] [Times: user=0.02 sys=0.00, real=0.01 secs] 
74.969: [CMS-concurrent-mark-start]
74.969: [GC (Allocation Failure) 74.969: [ParNew (promotion failed): 2751K->3070K(3072K), 0.0181920 secs]74.987: [CMS74.996: [CMS-concurrent-mark: 0.009/0.027 secs] [Times: user=0.06 sys=0.00, real=0.03 secs] 
 (concurrent mode failure): 6521K->6519K(6848K), 0.0329614 secs] 9271K->9271K(9920K), [Metaspace: 4016K->4016K(1056768K)], 0.0512505 secs] [Times: user=0.09 sys=0.00, real=0.05 secs] 
75.021: [GC (Allocation Failure) 75.021: [ParNew (promotion failed): 2751K->3070K(3072K), 0.0177833 secs]75.038: [CMS: 6521K->6519K(6848K), 0.0279742 secs] 9271K->9271K(9920K), [Metaspace: 4016K->4016K(1056768K)], 0.0458591 secs] [Times: user=0.09 sys=0.00, real=0.05 secs] 
75.067: [GC (CMS Initial Mark) [1 CMS-initial-mark: 6519K(6848K)] 9271K(9920K), 0.0055554 secs] [Times: user=0.00 sys=0.00, real=0.01 secs] 
75.072: [CMS-concurrent-mark-start]
75.072: [GC (Allocation Failure) 75.072: [ParNew (promotion failed): 2751K->3070K(3072K), 0.0173578 secs]75.090: [CMS75.099: [CMS-concurrent-mark: 0.009/0.027 secs] [Times: user=0.08 sys=0.00, real=0.03 secs] 
 (concurrent mode failure): 6521K->6519K(6848K), 0.0342285 secs] 9271K->9271K(9920K), [Metaspace: 4016K->4016K(1056768K)], 0.0516769 secs] [Times: user=0.11 sys=0.00, real=0.05 secs] 
75.124: [GC (Allocation Failure) 75.124: [ParNew (promotion failed): 2751K->3070K(3072K), 0.0172906 secs]75.141: [CMS: 6521K->6519K(6848K), 0.0236920 secs] 9271K->9271K(9920K), [Metaspace: 4016K->4016K(1056768K)], 0.0410769 secs] [Times: user=0.08 sys=0.00, real=0.04 secs] 
75.165: [GC (CMS Initial Mark) [1 CMS-initial-mark: 6519K(6848K)] 9271K(9920K), 0.0061600 secs] [Times: user=0.02 sys=0.00, real=0.01 secs] 
75.171: [CMS-concurrent-mark-start]
75.172: [GC (Allocation Failure) 75.172: [ParNew (promotion failed): 2751K->3070K(3072K), 0.0178325 secs]75.189: [CMS75.201: [CMS-concurrent-mark: 0.012/0.030 secs] [Times: user=0.08 sys=0.00, real=0.03 secs] 
 (concurrent mode failure): 6521K->6519K(6848K), 0.0434749 secs] 9271K->9271K(9920K), [Metaspace: 4016K->4016K(1056768K)], 0.0614161 secs] [Times: user=0.11 sys=0.00, real=0.06 secs] 
75.233: [GC (Allocation Failure) 75.233: [ParNew (promotion failed): 2751K->3070K(3072K), 0.0171491 secs]75.250: [CMS: 6521K->6519K(6848K), 0.0303653 secs] 9271K->9271K(9920K), [Metaspace: 4016K->4016K(1056768K)], 0.0476418 secs] [Times: user=0.09 sys=0.00, real=0.05 secs] 
75.281: [GC (CMS Initial Mark) [1 CMS-initial-mark: 6519K(6848K)] 9271K(9920K), 0.0056565 secs] [Times: user=0.00 sys=0.00, real=0.01 secs] 
75.287: [CMS-concurrent-mark-start]
75.287: [GC (Allocation Failure) 75.287: [ParNew (promotion failed): 2751K->3070K(3072K), 0.0178846 secs]75.305: [CMS75.315: [CMS-concurrent-mark: 0.010/0.028 secs] [Times: user=0.08 sys=0.00, real=0.03 secs] 
 (concurrent mode failure): 6521K->6519K(6848K), 0.0351447 secs] 9271K->9271K(9920K), [Metaspace: 4016K->4016K(1056768K)], 0.0531355 secs] [Times: user=0.09 sys=0.00, real=0.05 secs] 
75.340: [GC (Allocation Failure) 75.340: [ParNew (promotion failed): 2751K->3070K(3072K), 0.0180701 secs]75.358: [CMS: 6521K->6519K(6848K), 0.0302849 secs] 9271K->9271K(9920K), [Metaspace: 4016K->4016K(1056768K)], 0.0484792 secs] [Times: user=0.11 sys=0.00, real=0.05 secs] 
75.389: [GC (CMS Initial Mark) [1 CMS-initial-mark: 6519K(6848K)] 9271K(9920K), 0.0056295 secs] [Times: user=0.00 sys=0.00, real=0.01 secs] 
75.394: [CMS-concurrent-mark-start]
75.394: [GC (Allocation Failure) 75.395: [ParNew (promotion failed): 2751K->3070K(3072K), 0.0179956 secs]75.413: [CMS75.423: [CMS-concurrent-mark: 0.011/0.029 secs] [Times: user=0.08 sys=0.00, real=0.03 secs] 
 (concurrent mode failure): 6521K->6519K(6848K), 0.0379066 secs] 9271K->9271K(9920K), [Metaspace: 4016K->4016K(1056768K)], 0.0560086 secs] [Times: user=0.09 sys=0.00, real=0.06 secs] 
75.451: [GC (Allocation Failure) 75.451: [ParNew (promotion failed): 2751K->3070K(3072K), 0.0178272 secs]75.469: [CMS: 6521K->6519K(6848K), 0.0247959 secs] 9271K->9271K(9920K), [Metaspace: 4016K->4016K(1056768K)], 0.0427285 secs] [Times: user=0.14 sys=0.00, real=0.04 secs] 
75.493: [GC (CMS Initial Mark) [1 CMS-initial-mark: 6519K(6848K)] 9271K(9920K), 0.0063344 secs] [Times: user=0.02 sys=0.00, real=0.01 secs] 
75.500: [CMS-concurrent-mark-start]
75.500: [GC (Allocation Failure) 75.500: [ParNew (promotion failed): 2751K->3070K(3072K), 0.0178119 secs]75.518: [CMS75.528: [CMS-concurrent-mark: 0.010/0.028 secs] [Times: user=0.06 sys=0.00, real=0.03 secs] 
 (concurrent mode failure): 6521K->6519K(6848K), 0.0369010 secs] 9271K->9271K(9920K), [Metaspace: 4016K->4016K(1056768K)], 0.0548158 secs] [Times: user=0.09 sys=0.00, real=0.05 secs] 
75.555: [GC (Allocation Failure) 75.555: [ParNew (promotion failed): 2751K->3070K(3072K), 0.0171194 secs]75.572: [CMS: 6521K->6519K(6848K), 0.0272662 secs] 9271K->9271K(9920K), [Metaspace: 4016K->4016K(1056768K)], 0.0444962 secs] [Times: user=0.09 sys=0.00, real=0.05 secs] 
75.600: [GC (CMS Initial Mark) [1 CMS-initial-mark: 6519K(6848K)] 9271K(9920K), 0.0058821 secs] [Times: user=0.00 sys=0.00, real=0.01 secs] 
75.606: [CMS-concurrent-mark-start]
75.606: [GC (Allocation Failure) 75.606: [ParNew (promotion failed): 2751K->3070K(3072K), 0.0173662 secs]75.623: [CMS75.635: [CMS-concurrent-mark: 0.012/0.030 secs] [Times: user=0.08 sys=0.00, real=0.03 secs] 
 (concurrent mode failure): 6521K->6519K(6848K), 0.0408817 secs] 9271K->9271K(9920K), [Metaspace: 4016K->4016K(1056768K)], 0.0583531 secs] [Times: user=0.11 sys=0.00, real=0.06 secs] 
75.664: [GC (Allocation Failure) 75.664: [ParNew (promotion failed): 2751K->3070K(3072K), 0.0171855 secs]75.681: [CMS: 6521K->6519K(6848K), 0.0293424 secs] 9271K->9271K(9920K), [Metaspace: 4016K->4016K(1056768K)], 0.0466309 secs] [Times: user=0.08 sys=0.00, real=0.05 secs] 
75.711: [GC (CMS Initial Mark) [1 CMS-initial-mark: 6519K(6848K)] 9271K(9920K), 0.0086073 secs] [Times: user=0.02 sys=0.00, real=0.01 secs] 
75.720: [CMS-concurrent-mark-start]
75.720: [GC (Allocation Failure) 75.720: [ParNew (promotion failed): 2751K->3069K(3072K), 0.0176907 secs]75.738: [CMS75.750: [CMS-concurrent-mark: 0.012/0.030 secs] [Times: user=0.06 sys=0.00, real=0.03 secs] 
 (concurrent mode failure): 6521K->6519K(6848K), 0.0423826 secs] 9271K->9271K(9920K), [Metaspace: 4016K->4016K(1056768K)], 0.0602034 secs] [Times: user=0.09 sys=0.00, real=0.06 secs] 
75.780: [GC (Allocation Failure) 75.780: [ParNew (promotion failed): 2751K->3071K(3072K), 0.0172925 secs]75.798: [CMS: 6521K->6519K(6848K), 0.0239876 secs] 9271K->9271K(9920K), [Metaspace: 4016K->4016K(1056768K)], 0.0413937 secs] [Times: user=0.08 sys=0.00, real=0.04 secs] 
75.822: [GC (CMS Initial Mark) [1 CMS-initial-mark: 6519K(6848K)] 9271K(9920K), 0.0057346 secs] [Times: user=0.02 sys=0.00, real=0.01 secs] 
75.828: [CMS-concurrent-mark-start]
75.828: [GC (Allocation Failure) 75.828: [ParNew (promotion failed): 2751K->3071K(3072K), 0.0179796 secs]75.846: [CMS75.856: [CMS-concurrent-mark: 0.011/0.029 secs] [Times: user=0.06 sys=0.00, real=0.03 secs] 
 (concurrent mode failure): 6521K->6519K(6848K), 0.0346032 secs] 9271K->9271K(9920K), [Metaspace: 4016K->4016K(1056768K)], 0.0526796 secs] [Times: user=0.09 sys=0.00, real=0.05 secs] 
75.881: [GC (Allocation Failure) 75.881: [ParNew (promotion failed): 2751K->3071K(3072K), 0.0175776 secs]75.898: [CMS: 6521K->6519K(6848K), 0.0247680 secs] 9271K->9271K(9920K), [Metaspace: 4016K->4016K(1056768K)], 0.0424468 secs] [Times: user=0.09 sys=0.00, real=0.04 secs] 
75.923: [GC (CMS Initial Mark) [1 CMS-initial-mark: 6519K(6848K)] 9271K(9920K), 0.0055886 secs] [Times: user=0.00 sys=0.00, real=0.00 secs] 
75.929: [CMS-concurrent-mark-start]
75.929: [GC (Allocation Failure) 75.929: [ParNew (promotion failed): 2751K->3071K(3072K), 0.0176195 secs]75.947: [CMS75.957: [CMS-concurrent-mark: 0.010/0.028 secs] [Times: user=0.08 sys=0.00, real=0.03 secs] 
 (concurrent mode failure): 6521K->6519K(6848K), 0.0350952 secs] 9271K->9271K(9920K), [Metaspace: 4016K->4016K(1056768K)], 0.0528055 secs] [Times: user=0.09 sys=0.00, real=0.05 secs] 
75.982: [GC (Allocation Failure) 75.982: [ParNew (promotion failed): 2751K->3071K(3072K), 0.0173598 secs]75.999: [CMS: 6521K->6519K(6848K), 0.0239034 secs] 9271K->9271K(9920K), [Metaspace: 4016K->4016K(1056768K)], 0.0413521 secs] [Times: user=0.09 sys=0.00, real=0.04 secs] 
76.023: [GC (CMS Initial Mark) [1 CMS-initial-mark: 6519K(6848K)] 9271K(9920K), 0.0060388 secs] [Times: user=0.02 sys=0.00, real=0.01 secs] 
76.029: [CMS-concurrent-mark-start]
76.030: [GC (Allocation Failure) 76.030: [ParNew (promotion failed): 2751K->3071K(3072K), 0.0171541 secs]76.047: [CMS76.056: [CMS-concurrent-mark: 0.009/0.026 secs] [Times: user=0.06 sys=0.00, real=0.03 secs] 
 (concurrent mode failure): 6521K->6519K(6848K), 0.0335819 secs] 9271K->9271K(9920K), [Metaspace: 4016K->4016K(1056768K)], 0.0508303 secs] [Times: user=0.09 sys=0.00, real=0.05 secs] 
76.080: [GC (Allocation Failure) 76.081: [ParNew (promotion failed): 2751K->3071K(3072K), 0.0172665 secs]76.098: [CMS: 6521K->6519K(6848K), 0.0233640 secs] 9271K->9271K(9920K), [Metaspace: 4016K->4016K(1056768K)], 0.0407413 secs] [Times: user=0.08 sys=0.00, real=0.04 secs] 
76.121: [GC (CMS Initial Mark) [1 CMS-initial-mark: 6519K(6848K)] 9271K(9920K), 0.0055239 secs] [Times: user=0.01 sys=0.00, real=0.01 secs] 
76.127: [CMS-concurrent-mark-start]
76.127: [GC (Allocation Failure) 76.127: [ParNew (promotion failed): 2751K->3070K(3072K), 0.0175126 secs]76.145: [CMS76.158: [CMS-concurrent-mark: 0.013/0.031 secs] [Times: user=0.08 sys=0.00, real=0.03 secs] 
 (concurrent mode failure): 6521K->6519K(6848K), 0.0372890 secs] 9271K->9271K(9920K), [Metaspace: 4016K->4016K(1056768K)], 0.0549231 secs] [Times: user=0.09 sys=0.00, real=0.05 secs] 
76.182: [GC (Allocation Failure) 76.182: [ParNew (promotion failed): 2751K->3070K(3072K), 0.0178181 secs]76.200: [CMS: 6521K->6519K(6848K), 0.0232637 secs] 9271K->9271K(9920K), [Metaspace: 4016K->4016K(1056768K)], 0.0411844 secs] [Times: user=0.08 sys=0.00, real=0.04 secs] 
76.223: [GC (CMS Initial Mark) [1 CMS-initial-mark: 6519K(6848K)] 9271K(9920K), 0.0054709 secs] [Times: user=0.00 sys=0.00, real=0.01 secs] 
76.229: [CMS-concurrent-mark-start]
76.229: [GC (Allocation Failure) 76.229: [ParNew (promotion failed): 2751K->3070K(3072K), 0.0177677 secs]76.247: [CMS76.256: [CMS-concurrent-mark: 0.009/0.027 secs] [Times: user=0.08 sys=0.00, real=0.03 secs] 
 (concurrent mode failure): 6521K->6519K(6848K), 0.0326856 secs] 9271K->9271K(9920K), [Metaspace: 4016K->4016K(1056768K)], 0.0505414 secs] [Times: user=0.11 sys=0.00, real=0.05 secs] 
76.280: [GC (Allocation Failure) 76.280: [ParNew (promotion failed): 2751K->3070K(3072K), 0.0172210 secs]76.297: [CMS: 6521K->6519K(6848K), 0.0232431 secs] 9271K->9271K(9920K), [Metaspace: 4016K->4016K(1056768K)], 0.0405607 secs] [Times: user=0.08 sys=0.00, real=0.04 secs] 
76.320: [GC (CMS Initial Mark) [1 CMS-initial-mark: 6519K(6848K)] 9271K(9920K), 0.0053655 secs] [Times: user=0.00 sys=0.00, real=0.01 secs] 
76.326: [CMS-concurrent-mark-start]
76.326: [GC (Allocation Failure) 76.326: [ParNew (promotion failed): 2751K->3070K(3072K), 0.0172438 secs]76.343: [CMS76.352: [CMS-concurrent-mark: 0.009/0.026 secs] [Times: user=0.06 sys=0.00, real=0.03 secs] 
 (concurrent mode failure): 6521K->6519K(6848K), 0.0319247 secs] 9271K->9271K(9920K), [Metaspace: 4016K->4016K(1056768K)], 0.0492532 secs] [Times: user=0.09 sys=0.00, real=0.05 secs] 
76.375: [GC (Allocation Failure) 76.375: [ParNew (promotion failed): 2751K->3070K(3072K), 0.0178810 secs]76.393: [CMS: 6521K->6519K(6848K), 0.0271024 secs] 9271K->9271K(9920K), [Metaspace: 4016K->4016K(1056768K)], 0.0451075 secs] [Times: user=0.09 sys=0.00, real=0.05 secs] 
76.421: [GC (CMS Initial Mark) [1 CMS-initial-mark: 6519K(6848K)] 9271K(9920K), 0.0062839 secs] [Times: user=0.00 sys=0.00, real=0.01 secs] 
76.427: [CMS-concurrent-mark-start]
76.427: [GC (Allocation Failure) 76.427: [ParNew (promotion failed): 2751K->3070K(3072K), 0.0179850 secs]76.445: [CMS76.454: [CMS-concurrent-mark: 0.009/0.027 secs] [Times: user=0.08 sys=0.00, real=0.03 secs] 
 (concurrent mode failure): 6521K->6519K(6848K), 0.0331334 secs] 9271K->9271K(9920K), [Metaspace: 4016K->4016K(1056768K)], 0.0512372 secs] [Times: user=0.09 sys=0.00, real=0.05 secs] 
76.479: [GC (Allocation Failure) 76.479: [ParNew (promotion failed): 2751K->3070K(3072K), 0.0180219 secs]76.497: [CMS: 6521K->6519K(6848K), 0.0272825 secs] 9271K->9271K(9920K), [Metaspace: 4016K->4016K(1056768K)], 0.0454035 secs] [Times: user=0.09 sys=0.00, real=0.05 secs] 
76.524: [GC (CMS Initial Mark) [1 CMS-initial-mark: 6519K(6848K)] 9271K(9920K), 0.0059101 secs] [Times: user=0.01 sys=0.00, real=0.01 secs] 
76.530: [CMS-concurrent-mark-start]
76.530: [GC (Allocation Failure) 76.530: [ParNew (promotion failed): 2751K->3070K(3072K), 0.0172779 secs]76.547: [CMS76.558: [CMS-concurrent-mark: 0.011/0.028 secs] [Times: user=0.03 sys=0.00, real=0.03 secs] 
 (concurrent mode failure): 6521K->6519K(6848K), 0.0350365 secs] 9271K->9271K(9920K), [Metaspace: 4016K->4016K(1056768K)], 0.0524109 secs] [Times: user=0.06 sys=0.00, real=0.05 secs] 
76.583: [GC (Allocation Failure) 76.583: [ParNew (promotion failed): 2751K->3070K(3072K), 0.0167786 secs]76.600: [CMS: 6521K->6519K(6848K), 0.0238980 secs] 9271K->9271K(9920K), [Metaspace: 4016K->4016K(1056768K)], 0.0407686 secs] [Times: user=0.08 sys=0.02, real=0.04 secs] 
76.624: [GC (CMS Initial Mark) [1 CMS-initial-mark: 6519K(6848K)] 9271K(9920K), 0.0068650 secs] [Times: user=0.00 sys=0.00, real=0.01 secs] 
76.631: [CMS-concurrent-mark-start]
76.631: [GC (Allocation Failure) 76.631: [ParNew (promotion failed): 2751K->3070K(3072K), 0.0174942 secs]76.648: [CMS76.662: [CMS-concurrent-mark: 0.013/0.031 secs] [Times: user=0.08 sys=0.00, real=0.03 secs] 
 (concurrent mode failure): 6521K->6519K(6848K), 0.0457458 secs] 9271K->9271K(9920K), [Metaspace: 4016K->4016K(1056768K)], 0.0633528 secs] [Times: user=0.11 sys=0.00, real=0.06 secs] 
76.694: [GC (Allocation Failure) 76.694: [ParNew (promotion failed): 2751K->3070K(3072K), 0.0179197 secs]76.712: [CMS: 6521K->6519K(6848K), 0.0293940 secs] 9271K->9271K(9920K), [Metaspace: 4016K->4016K(1056768K)], 0.0474287 secs] [Times: user=0.08 sys=0.00, real=0.05 secs] 
76.742: [GC (CMS Initial Mark) [1 CMS-initial-mark: 6519K(6848K)] 9271K(9920K), 0.0058567 secs] [Times: user=0.00 sys=0.00, real=0.01 secs] 
76.748: [CMS-concurrent-mark-start]
76.748: [GC (Allocation Failure) 76.748: [ParNew (promotion failed): 2751K->3070K(3072K), 0.0177614 secs]76.766: [CMS76.779: [CMS-concurrent-mark: 0.013/0.031 secs] [Times: user=0.06 sys=0.00, real=0.03 secs] 
 (concurrent mode failure): 6521K->6519K(6848K), 0.0378830 secs] 9271K->9271K(9920K), [Metaspace: 4016K->4016K(1056768K)], 0.0557460 secs] [Times: user=0.08 sys=0.00, real=0.06 secs] 
76.804: [GC (Allocation Failure) 76.804: [ParNew (promotion failed): 2751K->3070K(3072K), 0.0198248 secs]76.824: [CMS: 6521K->6519K(6848K), 0.0434906 secs] 9271K->9271K(9920K), [Metaspace: 4016K->4016K(1056768K)], 0.0634376 secs] [Times: user=0.11 sys=0.00, real=0.06 secs] 
76.867: [GC (CMS Initial Mark) [1 CMS-initial-mark: 6519K(6848K)] 9271K(9920K), 0.0079420 secs] [Times: user=0.01 sys=0.00, real=0.01 secs] 
76.876: [CMS-concurrent-mark-start]
76.876: [GC (Allocation Failure) 76.876: [ParNew (promotion failed): 2751K->3070K(3072K), 0.0174467 secs]76.893: [CMS76.913: [CMS-concurrent-mark: 0.020/0.037 secs] [Times: user=0.08 sys=0.00, real=0.04 secs] 
 (concurrent mode failure): 6521K->6519K(6848K), 0.0572451 secs] 9271K->9271K(9920K), [Metaspace: 4016K->4016K(1056768K)], 0.0748268 secs] [Times: user=0.11 sys=0.00, real=0.07 secs] 
76.951: [GC (Allocation Failure) 76.951: [ParNew (promotion failed): 2751K->3070K(3072K), 0.0177375 secs]76.969: [CMS: 6521K->6519K(6848K), 0.0357249 secs] 9271K->9271K(9920K), [Metaspace: 4016K->4016K(1056768K)], 0.0535774 secs] [Times: user=0.09 sys=0.00, real=0.05 secs] 
77.005: [GC (CMS Initial Mark) [1 CMS-initial-mark: 6519K(6848K)] 9271K(9920K), 0.0073224 secs] [Times: user=0.00 sys=0.00, real=0.01 secs] 
77.012: [CMS-concurrent-mark-start]
77.012: [GC (Allocation Failure) 77.012: [ParNew (promotion failed): 2751K->3069K(3072K), 0.0174590 secs]77.030: [CMS77.046: [CMS-concurrent-mark: 0.016/0.034 secs] [Times: user=0.09 sys=0.00, real=0.03 secs] 
 (concurrent mode failure): 6521K->6519K(6848K), 0.0539640 secs] 9271K->9271K(9920K), [Metaspace: 4016K->4016K(1056768K)], 0.0715419 secs] [Times: user=0.13 sys=0.00, real=0.07 secs] 
77.084: [GC (Allocation Failure) 77.084: [ParNew (promotion failed): 2751K->3071K(3072K), 0.0172677 secs]77.101: [CMS: 6521K->6519K(6848K), 0.0367909 secs] 9271K->9271K(9920K), [Metaspace: 4016K->4016K(1056768K)], 0.0541958 secs] [Times: user=0.08 sys=0.00, real=0.05 secs] 
77.138: [GC (CMS Initial Mark) [1 CMS-initial-mark: 6519K(6848K)] 9271K(9920K), 0.0081531 secs] [Times: user=0.02 sys=0.00, real=0.01 secs] 
77.147: [CMS-concurrent-mark-start]
77.147: [GC (Allocation Failure) 77.147: [ParNew (promotion failed): 2751K->3071K(3072K), 0.0175043 secs]77.164: [CMS77.178: [CMS-concurrent-mark: 0.014/0.032 secs] [Times: user=0.08 sys=0.00, real=0.03 secs] 
 (concurrent mode failure): 6521K->6519K(6848K), 0.0562228 secs] 9271K->9271K(9920K), [Metaspace: 4016K->4016K(1056768K)], 0.0738519 secs] [Times: user=0.11 sys=0.02, real=0.07 secs] 
77.221: [GC (Allocation Failure) 77.221: [ParNew (promotion failed): 2751K->3071K(3072K), 0.0172464 secs]77.238: [CMS: 6521K->6519K(6848K), 0.0378882 secs] 9271K->9271K(9920K), [Metaspace: 4016K->4016K(1056768K)], 0.0552462 secs] [Times: user=0.09 sys=0.00, real=0.06 secs] 
77.276: [GC (CMS Initial Mark) [1 CMS-initial-mark: 6519K(6848K)] 9271K(9920K), 0.0081056 secs] [Times: user=0.02 sys=0.00, real=0.01 secs] 
77.284: [CMS-concurrent-mark-start]
77.285: [GC (Allocation Failure) 77.285: [ParNew (promotion failed): 2751K->3071K(3072K), 0.0179555 secs]77.303: [CMS77.319: [CMS-concurrent-mark: 0.016/0.034 secs] [Times: user=0.08 sys=0.00, real=0.04 secs] 
 (concurrent mode failure): 6521K->6519K(6848K), 0.0543648 secs] 9271K->9271K(9920K), [Metaspace: 4016K->4016K(1056768K)], 0.0724219 secs] [Times: user=0.13 sys=0.00, real=0.07 secs] 
77.357: [GC (Allocation Failure) 77.357: [ParNew (promotion failed): 2751K->3071K(3072K), 0.0176657 secs]77.375: [CMS: 6521K->6519K(6848K), 0.0351576 secs] 9271K->9271K(9920K), [Metaspace: 4016K->4016K(1056768K)], 0.0529424 secs] [Times: user=0.09 sys=0.00, real=0.05 secs] 
77.410: [GC (CMS Initial Mark) [1 CMS-initial-mark: 6519K(6848K)] 9271K(9920K), 0.0081736 secs] [Times: user=0.00 sys=0.00, real=0.01 secs] 
77.419: [CMS-concurrent-mark-start]
77.419: [GC (Allocation Failure) 77.419: [ParNew (promotion failed): 2751K->3071K(3072K), 0.0175444 secs]77.436: [CMS77.452: [CMS-concurrent-mark: 0.016/0.033 secs] [Times: user=0.09 sys=0.00, real=0.03 secs] 
 (concurrent mode failure): 6521K->6519K(6848K), 0.0529548 secs] 9271K->9271K(9920K), [Metaspace: 4016K->4016K(1056768K)], 0.0705944 secs] [Times: user=0.13 sys=0.00, real=0.07 secs] 
77.490: [GC (Allocation Failure) 77.490: [ParNew (promotion failed): 2751K->3071K(3072K), 0.0174839 secs]77.507: [CMS: 6521K->6519K(6848K), 0.0377842 secs] 9271K->9271K(9920K), [Metaspace: 4016K->4016K(1056768K)], 0.0553983 secs] [Times: user=0.11 sys=0.00, real=0.05 secs] 
77.545: [GC (CMS Initial Mark) [1 CMS-initial-mark: 6519K(6848K)] 9271K(9920K), 0.0080060 secs] [Times: user=0.00 sys=0.00, real=0.01 secs] 
77.553: [CMS-concurrent-mark-start]
77.554: [GC (Allocation Failure) 77.554: [ParNew (promotion failed): 2751K->3070K(3072K), 0.0173317 secs]77.571: [CMS77.585: [CMS-concurrent-mark: 0.014/0.032 secs] [Times: user=0.08 sys=0.00, real=0.03 secs] 
 (concurrent mode failure): 6521K->6519K(6848K), 0.0502092 secs] 9271K->9271K(9920K), [Metaspace: 4016K->4016K(1056768K)], 0.0676533 secs] [Times: user=0.11 sys=0.00, real=0.07 secs] 
77.621: [GC (Allocation Failure) 77.621: [ParNew (promotion failed): 2751K->3070K(3072K), 0.0175842 secs]77.639: [CMS: 6521K->6519K(6848K), 0.0369436 secs] 9271K->9271K(9920K), [Metaspace: 4016K->4016K(1056768K)], 0.0546566 secs] [Times: user=0.09 sys=0.00, real=0.05 secs] 
77.676: [GC (CMS Initial Mark) [1 CMS-initial-mark: 6519K(6848K)] 9271K(9920K), 0.0085904 secs] [Times: user=0.00 sys=0.00, real=0.01 secs] 
77.685: [CMS-concurrent-mark-start]
77.685: [GC (Allocation Failure) 77.685: [ParNew (promotion failed): 2751K->3070K(3072K), 0.0176525 secs]77.703: [CMS77.719: [CMS-concurrent-mark: 0.016/0.034 secs] [Times: user=0.11 sys=0.00, real=0.03 secs] 
 (concurrent mode failure): 6521K->6519K(6848K), 0.0533394 secs] 9271K->9271K(9920K), [Metaspace: 4016K->4016K(1056768K)], 0.0711022 secs] [Times: user=0.14 sys=0.00, real=0.07 secs] 
77.756: [GC (Allocation Failure) 77.757: [ParNew (promotion failed): 2751K->3070K(3072K), 0.0179156 secs]77.774: [CMS: 6521K->6519K(6848K), 0.0379034 secs] 9271K->9271K(9920K), [Metaspace: 4016K->4016K(1056768K)], 0.0559613 secs] [Times: user=0.09 sys=0.00, real=0.06 secs] 
77.813: [GC (CMS Initial Mark) [1 CMS-initial-mark: 6519K(6848K)] 9271K(9920K), 0.0079884 secs] [Times: user=0.00 sys=0.00, real=0.01 secs] 
77.821: [CMS-concurrent-mark-start]
77.821: [GC (Allocation Failure) 77.821: [ParNew (promotion failed): 2751K->3070K(3072K), 0.0174464 secs]77.838: [CMS77.854: [CMS-concurrent-mark: 0.016/0.034 secs] [Times: user=0.08 sys=0.00, real=0.03 secs] 
 (concurrent mode failure): 6521K->6519K(6848K), 0.0533199 secs] 9271K->9271K(9920K), [Metaspace: 4016K->4016K(1056768K)], 0.0708730 secs] [Times: user=0.11 sys=0.01, real=0.07 secs] 
77.892: [GC (Allocation Failure) 77.892: [ParNew (promotion failed): 2751K->3070K(3072K), 0.0175494 secs]77.910: [CMS: 6521K->6519K(6848K), 0.0362516 secs] 9271K->9271K(9920K), [Metaspace: 4016K->4016K(1056768K)], 0.0539236 secs] [Times: user=0.09 sys=0.00, real=0.05 secs] 
77.946: [GC (CMS Initial Mark) [1 CMS-initial-mark: 6519K(6848K)] 9271K(9920K), 0.0081502 secs] [Times: user=0.02 sys=0.00, real=0.01 secs] 
77.954: [CMS-concurrent-mark-start]
77.955: [GC (Allocation Failure) 77.955: [ParNew (promotion failed): 2751K->3070K(3072K), 0.0175014 secs]77.972: [CMS77.988: [CMS-concurrent-mark: 0.016/0.033 secs] [Times: user=0.08 sys=0.00, real=0.03 secs] 
 (concurrent mode failure): 6521K->6519K(6848K), 0.0525170 secs] 9271K->9271K(9920K), [Metaspace: 4016K->4016K(1056768K)], 0.0701287 secs] [Times: user=0.11 sys=0.00, real=0.07 secs] 
78.025: [GC (Allocation Failure) 78.025: [ParNew (promotion failed): 2751K->3070K(3072K), 0.0176610 secs]78.043: [CMS: 6521K->6519K(6848K), 0.0362583 secs] 9271K->9271K(9920K), [Metaspace: 4016K->4016K(1056768K)], 0.0540447 secs] [Times: user=0.11 sys=0.00, real=0.05 secs] 
78.079: [GC (CMS Initial Mark) [1 CMS-initial-mark: 6519K(6848K)] 9271K(9920K), 0.0081273 secs] [Times: user=0.00 sys=0.00, real=0.01 secs] 
78.088: [CMS-concurrent-mark-start]
78.088: [GC (Allocation Failure) 78.088: [ParNew (promotion failed): 2751K->3070K(3072K), 0.0171488 secs]78.105: [CMS78.121: [CMS-concurrent-mark: 0.016/0.033 secs] [Times: user=0.08 sys=0.00, real=0.03 secs] 
 (concurrent mode failure): 6521K->6519K(6848K), 0.0502683 secs] 9271K->9271K(9920K), [Metaspace: 4016K->4016K(1056768K)], 0.0675419 secs] [Times: user=0.13 sys=0.00, real=0.07 secs] 
78.156: [GC (Allocation Failure) 78.156: [ParNew (promotion failed): 2751K->3070K(3072K), 0.0175545 secs]78.174: [CMS: 6521K->6519K(6848K), 0.0349279 secs] 9271K->9271K(9920K), [Metaspace: 4016K->4016K(1056768K)], 0.0526078 secs] [Times: user=0.09 sys=0.00, real=0.05 secs] 
78.209: [GC (CMS Initial Mark) [1 CMS-initial-mark: 6519K(6848K)] 9271K(9920K), 0.0080635 secs] [Times: user=0.01 sys=0.00, real=0.01 secs] 
78.217: [CMS-concurrent-mark-start]
78.217: [GC (Allocation Failure) 78.217: [ParNew (promotion failed): 2751K->3070K(3072K), 0.0179692 secs]78.235: [CMS78.251: [CMS-concurrent-mark: 0.016/0.034 secs] [Times: user=0.08 sys=0.00, real=0.03 secs] 
 (concurrent mode failure): 6521K->6519K(6848K), 0.0542005 secs] 9271K->9271K(9920K), [Metaspace: 4016K->4016K(1056768K)], 0.0722838 secs] [Times: user=0.11 sys=0.00, real=0.07 secs] 
78.290: [GC (Allocation Failure) 78.290: [ParNew (promotion failed): 2751K->3070K(3072K), 0.0176225 secs]78.307: [CMS: 6521K->6519K(6848K), 0.0365333 secs] 9271K->9271K(9920K), [Metaspace: 4016K->4016K(1056768K)], 0.0542671 secs] [Times: user=0.11 sys=0.00, real=0.05 secs] 
78.344: [GC (CMS Initial Mark) [1 CMS-initial-mark: 6519K(6848K)] 9271K(9920K), 0.0082036 secs] [Times: user=0.00 sys=0.00, real=0.01 secs] 
78.352: [CMS-concurrent-mark-start]
78.353: [GC (Allocation Failure) 78.353: [ParNew (promotion failed): 2751K->3070K(3072K), 0.0173405 secs]78.370: [CMS78.385: [CMS-concurrent-mark: 0.015/0.032 secs] [Times: user=0.08 sys=0.00, real=0.03 secs] 
 (concurrent mode failure): 6521K->6519K(6848K), 0.0474714 secs] 9271K->9271K(9920K), [Metaspace: 4016K->4016K(1056768K)], 0.0649380 secs] [Times: user=0.11 sys=0.00, real=0.07 secs] 
78.418: [GC (Allocation Failure) 78.418: [ParNew (promotion failed): 2751K->3070K(3072K), 0.0170342 secs]78.435: [CMS: 6521K->6519K(6848K), 0.0362012 secs] 9271K->9271K(9920K), [Metaspace: 4016K->4016K(1056768K)], 0.0533587 secs] [Times: user=0.11 sys=0.00, real=0.05 secs] 
78.471: [GC (CMS Initial Mark) [1 CMS-initial-mark: 6519K(6848K)] 9271K(9920K), 0.0057353 secs] [Times: user=0.00 sys=0.00, real=0.01 secs] 
78.477: [CMS-concurrent-mark-start]
78.477: [GC (Allocation Failure) 78.477: [ParNew (promotion failed): 2751K->3070K(3072K), 0.0179747 secs]78.495: [CMS78.509: [CMS-concurrent-mark: 0.014/0.032 secs] [Times: user=0.08 sys=0.00, real=0.03 secs] 
 (concurrent mode failure): 6521K->6519K(6848K), 0.0480861 secs] 9271K->9271K(9920K), [Metaspace: 4016K->4016K(1056768K)], 0.0661790 secs] [Times: user=0.09 sys=0.02, real=0.07 secs] 
78.544: [GC (Allocation Failure) 78.544: [ParNew (promotion failed): 2751K->3070K(3072K), 0.0177516 secs]78.561: [CMS: 6521K->6519K(6848K), 0.0324882 secs] 9271K->9271K(9920K), [Metaspace: 4016K->4016K(1056768K)], 0.0503556 secs] [Times: user=0.11 sys=0.00, real=0.05 secs] 
78.594: [GC (CMS Initial Mark) [1 CMS-initial-mark: 6519K(6848K)] 9271K(9920K), 0.0060336 secs] [Times: user=0.00 sys=0.00, real=0.01 secs] 
78.600: [CMS-concurrent-mark-start]
78.600: [GC (Allocation Failure) 78.600: [ParNew (promotion failed): 2751K->3069K(3072K), 0.0172797 secs]78.618: [CMS78.628: [CMS-concurrent-mark: 0.011/0.028 secs] [Times: user=0.08 sys=0.00, real=0.03 secs] 
 (concurrent mode failure): 6521K->6519K(6848K), 0.0394595 secs] 9271K->9271K(9920K), [Metaspace: 4016K->4016K(1056768K)], 0.0568626 secs] [Times: user=0.11 sys=0.00, real=0.06 secs] 
78.657: [GC (Allocation Failure) 78.657: [ParNew (promotion failed): 2751K->3071K(3072K), 0.0181204 secs]78.675: [CMS: 6521K->6519K(6848K), 0.0365567 secs] 9271K->9271K(9920K), [Metaspace: 4016K->4016K(1056768K)], 0.0547945 secs] [Times: user=0.08 sys=0.00, real=0.05 secs] 
78.712: [GC (CMS Initial Mark) [1 CMS-initial-mark: 6519K(6848K)] 9271K(9920K), 0.0067208 secs] [Times: user=0.02 sys=0.00, real=0.01 secs] 
78.719: [CMS-concurrent-mark-start]
78.719: [GC (Allocation Failure) 78.719: [ParNew (promotion failed): 2751K->3071K(3072K), 0.0175492 secs]78.737: [CMS78.752: [CMS-concurrent-mark: 0.015/0.033 secs] [Times: user=0.06 sys=0.00, real=0.03 secs] 
 (concurrent mode failure): 6521K->6519K(6848K), 0.0489525 secs] 9271K->9271K(9920K), [Metaspace: 4016K->4016K(1056768K)], 0.0666165 secs] [Times: user=0.09 sys=0.00, real=0.07 secs] 
78.786: [GC (Allocation Failure) 78.786: [ParNew (promotion failed): 2751K->3071K(3072K), 0.0172948 secs]78.803: [CMS: 6521K->6519K(6848K), 0.0253571 secs] 9271K->9271K(9920K), [Metaspace: 4016K->4016K(1056768K)], 0.0427527 secs] [Times: user=0.09 sys=0.00, real=0.04 secs] 
78.829: [GC (CMS Initial Mark) [1 CMS-initial-mark: 6519K(6848K)] 9271K(9920K), 0.0054294 secs] [Times: user=0.00 sys=0.00, real=0.01 secs] 
78.834: [CMS-concurrent-mark-start]
78.834: [GC (Allocation Failure) 78.834: [ParNew (promotion failed): 2751K->3071K(3072K), 0.0177382 secs]78.852: [CMS78.862: [CMS-concurrent-mark: 0.009/0.027 secs] [Times: user=0.08 sys=0.00, real=0.03 secs] 
 (concurrent mode failure): 6521K->6519K(6848K), 0.0326972 secs] 9271K->9271K(9920K), [Metaspace: 4016K->4016K(1056768K)], 0.0505406 secs] [Times: user=0.09 sys=0.00, real=0.05 secs] 
78.885: [GC (Allocation Failure) 78.885: [ParNew (promotion failed): 2751K->3071K(3072K), 0.0174332 secs]78.902: [CMS: 6521K->6519K(6848K), 0.0247894 secs] 9271K->9271K(9920K), [Metaspace: 4016K->4016K(1056768K)], 0.0423165 secs] [Times: user=0.09 sys=0.00, real=0.04 secs] 
78.927: [GC (CMS Initial Mark) [1 CMS-initial-mark: 6519K(6848K)] 9271K(9920K), 0.0058385 secs] [Times: user=0.00 sys=0.00, real=0.01 secs] 
78.933: [CMS-concurrent-mark-start]
78.934: [GC (Allocation Failure) 78.934: [ParNew (promotion failed): 2751K->3071K(3072K), 0.0170104 secs]78.951: [CMS78.960: [CMS-concurrent-mark: 0.009/0.026 secs] [Times: user=0.08 sys=0.00, real=0.03 secs] 
 (concurrent mode failure): 6521K->6519K(6848K), 0.0339758 secs] 9271K->9271K(9920K), [Metaspace: 4016K->4016K(1056768K)], 0.0511028 secs] [Times: user=0.11 sys=0.00, real=0.05 secs] 
78.985: [GC (Allocation Failure) 78.985: [ParNew (promotion failed): 2751K->3071K(3072K), 0.0174578 secs]79.002: [CMS: 6521K->6519K(6848K), 0.0275264 secs] 9271K->9271K(9920K), [Metaspace: 4016K->4016K(1056768K)], 0.0451036 secs] [Times: user=0.09 sys=0.00, real=0.05 secs] 
79.030: [GC (CMS Initial Mark) [1 CMS-initial-mark: 6519K(6848K)] 9271K(9920K), 0.0061783 secs] [Times: user=0.00 sys=0.00, real=0.01 secs] 
79.036: [CMS-concurrent-mark-start]
79.036: [GC (Allocation Failure) 79.037: [ParNew (promotion failed): 2751K->3070K(3072K), 0.0170717 secs]79.054: [CMS79.065: [CMS-concurrent-mark: 0.011/0.029 secs] [Times: user=0.08 sys=0.00, real=0.03 secs] 
 (concurrent mode failure): 6521K->6519K(6848K), 0.0420212 secs] 9271K->9271K(9920K), [Metaspace: 4016K->4016K(1056768K)], 0.0592177 secs] [Times: user=0.11 sys=0.00, real=0.06 secs] 
79.096: [GC (Allocation Failure) 79.096: [ParNew (promotion failed): 2751K->3070K(3072K), 0.0170256 secs]79.113: [CMS: 6521K->6519K(6848K), 0.0306382 secs] 9271K->9271K(9920K), [Metaspace: 4016K->4016K(1056768K)], 0.0477803 secs] [Times: user=0.09 sys=0.00, real=0.05 secs] 
79.144: [GC (CMS Initial Mark) [1 CMS-initial-mark: 6519K(6848K)] 9271K(9920K), 0.0058630 secs] [Times: user=0.00 sys=0.00, real=0.01 secs] 
79.150: [CMS-concurrent-mark-start]
79.150: [GC (Allocation Failure) 79.150: [ParNew (promotion failed): 2751K->3070K(3072K), 0.0173281 secs]79.167: [CMS79.178: [CMS-concurrent-mark: 0.011/0.028 secs] [Times: user=0.08 sys=0.00, real=0.03 secs] 
 (concurrent mode failure): 6521K->6519K(6848K), 0.0370499 secs] 9271K->9271K(9920K), [Metaspace: 4016K->4016K(1056768K)], 0.0544735 secs] [Times: user=0.11 sys=0.00, real=0.06 secs] 
79.205: [GC (Allocation Failure) 79.205: [ParNew (promotion failed): 2751K->3070K(3072K), 0.0182803 secs]79.223: [CMS: 6521K->6519K(6848K), 0.0263132 secs] 9271K->9271K(9920K), [Metaspace: 4016K->4016K(1056768K)], 0.0447075 secs] [Times: user=0.08 sys=0.01, real=0.05 secs] 
79.249: [GC (CMS Initial Mark) [1 CMS-initial-mark: 6519K(6848K)] 9271K(9920K), 0.0068123 secs] [Times: user=0.00 sys=0.00, real=0.01 secs] 
79.256: [CMS-concurrent-mark-start]
79.256: [GC (Allocation Failure) 79.257: [ParNew (promotion failed): 2751K->3070K(3072K), 0.0181653 secs]79.275: [CMS79.287: [CMS-concurrent-mark: 0.012/0.030 secs] [Times: user=0.08 sys=0.00, real=0.03 secs] 
 (concurrent mode failure): 6521K->6519K(6848K), 0.0418841 secs] 9271K->9271K(9920K), [Metaspace: 4016K->4016K(1056768K)], 0.0601699 secs] [Times: user=0.11 sys=0.00, real=0.06 secs] 
79.317: [GC (Allocation Failure) 79.317: [ParNew (promotion failed): 2751K->3070K(3072K), 0.0172594 secs]79.334: [CMS: 6521K->6519K(6848K), 0.0284492 secs] 9271K->9271K(9920K), [Metaspace: 4016K->4016K(1056768K)], 0.0458315 secs] [Times: user=0.09 sys=0.00, real=0.05 secs] 
79.363: [GC (CMS Initial Mark) [1 CMS-initial-mark: 6519K(6848K)] 9271K(9920K), 0.0064355 secs] [Times: user=0.00 sys=0.00, real=0.01 secs] 
79.369: [CMS-concurrent-mark-start]
79.369: [GC (Allocation Failure) 79.369: [ParNew (promotion failed): 2751K->3070K(3072K), 0.0178346 secs]79.387: [CMS79.400: [CMS-concurrent-mark: 0.012/0.030 secs] [Times: user=0.06 sys=0.00, real=0.03 secs] 
 (concurrent mode failure): 6521K->6519K(6848K), 0.0405651 secs] 9271K->9271K(9920K), [Metaspace: 4016K->4016K(1056768K)], 0.0585006 secs] [Times: user=0.08 sys=0.02, real=0.06 secs] 
79.428: [GC (Allocation Failure) 79.428: [ParNew (promotion failed): 2751K->3070K(3072K), 0.0173402 secs]79.446: [CMS: 6521K->6519K(6848K), 0.0265657 secs] 9271K->9271K(9920K), [Metaspace: 4016K->4016K(1056768K)], 0.0440293 secs] [Times: user=0.09 sys=0.00, real=0.04 secs] 
79.472: [GC (CMS Initial Mark) [1 CMS-initial-mark: 6519K(6848K)] 9271K(9920K), 0.0058361 secs] [Times: user=0.00 sys=0.00, real=0.01 secs] 
79.478: [CMS-concurrent-mark-start]
79.478: [GC (Allocation Failure) 79.478: [ParNew (promotion failed): 2751K->3070K(3072K), 0.0179887 secs]79.497: [CMS79.506: [CMS-concurrent-mark: 0.010/0.028 secs] [Times: user=0.06 sys=0.00, real=0.03 secs] 
 (concurrent mode failure): 6521K->6519K(6848K), 0.0355753 secs] 9271K->9271K(9920K), [Metaspace: 4016K->4016K(1056768K)], 0.0536818 secs] [Times: user=0.09 sys=0.00, real=0.05 secs] 
79.532: [GC (Allocation Failure) 79.532: [ParNew (promotion failed): 2751K->3070K(3072K), 0.0167570 secs]79.549: [CMS: 6521K->6519K(6848K), 0.0242497 secs] 9271K->9271K(9920K), [Metaspace: 4016K->4016K(1056768K)], 0.0411018 secs] [Times: user=0.06 sys=0.00, real=0.04 secs] 
79.574: [GC (CMS Initial Mark) [1 CMS-initial-mark: 6519K(6848K)] 9271K(9920K), 0.0060989 secs] [Times: user=0.02 sys=0.00, real=0.01 secs] 
79.580: [CMS-concurrent-mark-start]
79.580: [GC (Allocation Failure) 79.580: [ParNew (promotion failed): 2751K->3070K(3072K), 0.0173629 secs]79.597: [CMS79.607: [CMS-concurrent-mark: 0.010/0.027 secs] [Times: user=0.08 sys=0.00, real=0.03 secs] 
 (concurrent mode failure): 6521K->6519K(6848K), 0.0344319 secs] 9271K->9271K(9920K), [Metaspace: 4016K->4016K(1056768K)], 0.0518890 secs] [Times: user=0.09 sys=0.00, real=0.05 secs] 
79.632: [GC (Allocation Failure) 79.632: [ParNew (promotion failed): 2751K->3070K(3072K), 0.0173023 secs]79.649: [CMS: 6521K->6519K(6848K), 0.0267470 secs] 9271K->9271K(9920K), [Metaspace: 4016K->4016K(1056768K)], 0.0441559 secs] [Times: user=0.09 sys=0.00, real=0.04 secs] 
79.676: [GC (CMS Initial Mark) [1 CMS-initial-mark: 6519K(6848K)] 9271K(9920K), 0.0068260 secs] [Times: user=0.00 sys=0.00, real=0.01 secs] 
79.683: [CMS-concurrent-mark-start]
79.683: [GC (Allocation Failure) 79.683: [ParNew (promotion failed): 2751K->3070K(3072K), 0.0181241 secs]79.701: [CMS79.710: [CMS-concurrent-mark: 0.009/0.027 secs] [Times: user=0.05 sys=0.02, real=0.03 secs] 
 (concurrent mode failure): 6521K->6519K(6848K), 0.0337561 secs] 9271K->9271K(9920K), [Metaspace: 4016K->4016K(1056768K)], 0.0519745 secs] [Times: user=0.08 sys=0.02, real=0.05 secs] 
79.735: [GC (Allocation Failure) 79.735: [ParNew (promotion failed): 2751K->3070K(3072K), 0.0175229 secs]79.753: [CMS: 6521K->6519K(6848K), 0.0239067 secs] 9271K->9271K(9920K), [Metaspace: 4016K->4016K(1056768K)], 0.0415270 secs] [Times: user=0.06 sys=0.00, real=0.04 secs] 
79.777: [GC (CMS Initial Mark) [1 CMS-initial-mark: 6519K(6848K)] 9271K(9920K), 0.0055193 secs] [Times: user=0.02 sys=0.00, real=0.00 secs] 
79.782: [CMS-concurrent-mark-start]
79.783: [GC (Allocation Failure) 79.783: [ParNew (promotion failed): 2751K->3070K(3072K), 0.0177582 secs]79.800: [CMS79.809: [CMS-concurrent-mark: 0.009/0.027 secs] [Times: user=0.06 sys=0.00, real=0.03 secs] 
 (concurrent mode failure): 6521K->6519K(6848K), 0.0322179 secs] 9271K->9271K(9920K), [Metaspace: 4016K->4016K(1056768K)], 0.0500685 secs] [Times: user=0.09 sys=0.00, real=0.05 secs] 
79.833: [GC (Allocation Failure) 79.833: [ParNew (promotion failed): 2751K->3070K(3072K), 0.0180554 secs]79.851: [CMS: 6521K->6519K(6848K), 0.0250249 secs] 9271K->9271K(9920K), [Metaspace: 4016K->4016K(1056768K)], 0.0431783 secs] [Times: user=0.09 sys=0.00, real=0.04 secs] 
79.876: [GC (CMS Initial Mark) [1 CMS-initial-mark: 6519K(6848K)] 9271K(9920K), 0.0056395 secs] [Times: user=0.00 sys=0.00, real=0.01 secs] 
79.882: [CMS-concurrent-mark-start]
79.882: [GC (Allocation Failure) 79.882: [ParNew (promotion failed): 2751K->3069K(3072K), 0.0173918 secs]79.899: [CMS79.908: [CMS-concurrent-mark: 0.009/0.027 secs] [Times: user=0.08 sys=0.00, real=0.03 secs] 
 (concurrent mode failure): 6521K->6519K(6848K), 0.0342517 secs] 9271K->9271K(9920K), [Metaspace: 4016K->4016K(1056768K)], 0.0517360 secs] [Times: user=0.09 sys=0.00, real=0.05 secs] 
79.934: [GC (Allocation Failure) 79.934: [ParNew (promotion failed): 2751K->3071K(3072K), 0.0168847 secs]79.951: [CMS: 6521K->6519K(6848K), 0.0232635 secs] 9271K->9271K(9920K), [Metaspace: 4016K->4016K(1056768K)], 0.0402354 secs] [Times: user=0.08 sys=0.00, real=0.04 secs] 
79.974: [GC (CMS Initial Mark) [1 CMS-initial-mark: 6519K(6848K)] 9271K(9920K), 0.0058729 secs] [Times: user=0.00 sys=0.00, real=0.01 secs] 
79.980: [CMS-concurrent-mark-start]
79.980: [GC (Allocation Failure) 79.980: [ParNew (promotion failed): 2751K->3071K(3072K), 0.0177163 secs]79.998: [CMS80.007: [CMS-concurrent-mark: 0.009/0.027 secs] [Times: user=0.08 sys=0.00, real=0.03 secs] 
 (concurrent mode failure): 6521K->6519K(6848K), 0.0346205 secs] 9271K->9271K(9920K), [Metaspace: 4016K->4016K(1056768K)], 0.0524348 secs] [Times: user=0.11 sys=0.00, real=0.05 secs] 
80.033: [GC (Allocation Failure) 80.033: [ParNew (promotion failed): 2751K->3071K(3072K), 0.0173551 secs]80.050: [CMS: 6521K->6519K(6848K), 0.0254298 secs] 9271K->9271K(9920K), [Metaspace: 4016K->4016K(1056768K)], 0.0428796 secs] [Times: user=0.06 sys=0.00, real=0.04 secs] 
80.076: [GC (CMS Initial Mark) [1 CMS-initial-mark: 6519K(6848K)] 9271K(9920K), 0.0055632 secs] [Times: user=0.00 sys=0.00, real=0.00 secs] 
80.081: [CMS-concurrent-mark-start]
80.081: [GC (Allocation Failure) 80.082: [ParNew (promotion failed): 2751K->3071K(3072K), 0.0174344 secs]80.099: [CMS80.109: [CMS-concurrent-mark: 0.010/0.028 secs] [Times: user=0.08 sys=0.00, real=0.03 secs] 
 (concurrent mode failure): 6521K->6519K(6848K), 0.0338444 secs] 9271K->9271K(9920K), [Metaspace: 4016K->4016K(1056768K)], 0.0513695 secs] [Times: user=0.09 sys=0.00, real=0.05 secs] 
80.133: [GC (Allocation Failure) 80.133: [ParNew (promotion failed): 2751K->3071K(3072K), 0.0172038 secs]80.150: [CMS: 6521K->6519K(6848K), 0.0233781 secs] 9271K->9271K(9920K), [Metaspace: 4016K->4016K(1056768K)], 0.0406920 secs] [Times: user=0.09 sys=0.00, real=0.04 secs] 
80.174: [GC (CMS Initial Mark) [1 CMS-initial-mark: 6519K(6848K)] 9271K(9920K), 0.0054236 secs] [Times: user=0.00 sys=0.00, real=0.00 secs] 
80.179: [CMS-concurrent-mark-start]
80.179: [GC (Allocation Failure) 80.179: [ParNew (promotion failed): 2751K->3071K(3072K), 0.0170852 secs]80.197: [CMS80.207: [CMS-concurrent-mark: 0.010/0.027 secs] [Times: user=0.08 sys=0.00, real=0.03 secs] 
 (concurrent mode failure): 6521K->6519K(6848K), 0.0383189 secs] 9271K->9271K(9920K), [Metaspace: 4016K->4016K(1056768K)], 0.0555072 secs] [Times: user=0.11 sys=0.00, real=0.06 secs] 
80.235: [GC (Allocation Failure) 80.235: [ParNew (promotion failed): 2751K->3071K(3072K), 0.0170697 secs]80.252: [CMS: 6521K->6519K(6848K), 0.0315412 secs] 9271K->9271K(9920K), [Metaspace: 4016K->4016K(1056768K)], 0.0487225 secs] [Times: user=0.09 sys=0.00, real=0.05 secs] 
80.284: [GC (CMS Initial Mark) [1 CMS-initial-mark: 6519K(6848K)] 9271K(9920K), 0.0055536 secs] [Times: user=0.00 sys=0.00, real=0.01 secs] 
80.289: [CMS-concurrent-mark-start]
80.290: [GC (Allocation Failure) 80.290: [ParNew (promotion failed): 2751K->3070K(3072K), 0.0173529 secs]80.307: [CMS80.316: [CMS-concurrent-mark: 0.009/0.027 secs] [Times: user=0.06 sys=0.00, real=0.03 secs] 
 (concurrent mode failure): 6521K->6519K(6848K), 0.0332473 secs] 9271K->9271K(9920K), [Metaspace: 4016K->4016K(1056768K)], 0.0507222 secs] [Times: user=0.08 sys=0.00, real=0.05 secs] 
80.340: [GC (Allocation Failure) 80.340: [ParNew (promotion failed): 2751K->3070K(3072K), 0.0178622 secs]80.358: [CMS: 6521K->6519K(6848K), 0.0240653 secs] 9271K->9271K(9920K), [Metaspace: 4016K->4016K(1056768K)], 0.0420179 secs] [Times: user=0.14 sys=0.00, real=0.04 secs] 
80.383: [GC (CMS Initial Mark) [1 CMS-initial-mark: 6519K(6848K)] 9271K(9920K), 0.0057214 secs] [Times: user=0.00 sys=0.00, real=0.01 secs] 
80.388: [CMS-concurrent-mark-start]
80.388: [GC (Allocation Failure) 80.389: [ParNew (promotion failed): 2751K->3070K(3072K), 0.0176837 secs]80.406: [CMS80.415: [CMS-concurrent-mark: 0.009/0.027 secs] [Times: user=0.13 sys=0.00, real=0.03 secs] 
 (concurrent mode failure): 6521K->6519K(6848K), 0.0340184 secs] 9271K->9271K(9920K), [Metaspace: 4016K->4016K(1056768K)], 0.0517970 secs] [Times: user=0.16 sys=0.00, real=0.05 secs] 
80.440: [GC (Allocation Failure) 80.440: [ParNew (promotion failed): 2751K->3070K(3072K), 0.0174200 secs]80.458: [CMS: 6521K->6519K(6848K), 0.0241318 secs] 9271K->9271K(9920K), [Metaspace: 4016K->4016K(1056768K)], 0.0416600 secs] [Times: user=0.09 sys=0.00, real=0.04 secs] 
80.482: [GC (CMS Initial Mark) [1 CMS-initial-mark: 6519K(6848K)] 9271K(9920K), 0.0056848 secs] [Times: user=0.00 sys=0.00, real=0.01 secs] 
80.488: [CMS-concurrent-mark-start]
80.488: [GC (Allocation Failure) 80.488: [ParNew (promotion failed): 2751K->3070K(3072K), 0.0174449 secs]80.506: [CMS80.515: [CMS-concurrent-mark: 0.009/0.027 secs] [Times: user=0.08 sys=0.00, real=0.03 secs] 
 (concurrent mode failure): 6521K->6519K(6848K), 0.0331626 secs] 9271K->9271K(9920K), [Metaspace: 4016K->4016K(1056768K)], 0.0507104 secs] [Times: user=0.09 sys=0.00, real=0.05 secs] 
80.539: [GC (Allocation Failure) 80.539: [ParNew (promotion failed): 2751K->3070K(3072K), 0.0174187 secs]80.556: [CMS: 6521K->6519K(6848K), 0.0331777 secs] 9271K->9271K(9920K), [Metaspace: 4016K->4016K(1056768K)], 0.0506986 secs] [Times: user=0.06 sys=0.00, real=0.05 secs] 
80.590: [GC (CMS Initial Mark) [1 CMS-initial-mark: 6519K(6848K)] 9271K(9920K), 0.0061550 secs] [Times: user=0.01 sys=0.00, real=0.01 secs] 
80.596: [CMS-concurrent-mark-start]
80.596: [GC (Allocation Failure) 80.596: [ParNew (promotion failed): 2751K->3070K(3072K), 0.0175891 secs]80.614: [CMS80.623: [CMS-concurrent-mark: 0.010/0.027 secs] [Times: user=0.08 sys=0.00, real=0.03 secs] 
 (concurrent mode failure): 6521K->6519K(6848K), 0.0349328 secs] 9271K->9271K(9920K), [Metaspace: 4016K->4016K(1056768K)], 0.0526420 secs] [Times: user=0.09 sys=0.00, real=0.05 secs] 
80.649: [GC (Allocation Failure) 80.649: [ParNew (promotion failed): 2751K->3070K(3072K), 0.0173582 secs]80.666: [CMS: 6521K->6519K(6848K), 0.0315506 secs] 9271K->9271K(9920K), [Metaspace: 4016K->4016K(1056768K)], 0.0490144 secs] [Times: user=0.09 sys=0.00, real=0.05 secs] 
80.698: [GC (CMS Initial Mark) [1 CMS-initial-mark: 6519K(6848K)] 9271K(9920K), 0.0083187 secs] [Times: user=0.02 sys=0.00, real=0.01 secs] 
80.706: [CMS-concurrent-mark-start]
80.707: [GC (Allocation Failure) 80.707: [ParNew (promotion failed): 2751K->3070K(3072K), 0.0175878 secs]80.724: [CMS80.737: [CMS-concurrent-mark: 0.012/0.030 secs] [Times: user=0.06 sys=0.00, real=0.03 secs] 
 (concurrent mode failure): 6521K->6519K(6848K), 0.0387349 secs] 9271K->9271K(9920K), [Metaspace: 4016K->4016K(1056768K)], 0.0564228 secs] [Times: user=0.08 sys=0.00, real=0.06 secs] 
80.763: [GC (Allocation Failure) 80.763: [ParNew (promotion failed): 2751K->3070K(3072K), 0.0182156 secs]80.781: [CMS: 6521K->6519K(6848K), 0.0239562 secs] 9271K->9271K(9920K), [Metaspace: 4016K->4016K(1056768K)], 0.0422682 secs] [Times: user=0.11 sys=0.00, real=0.04 secs] 
80.806: [GC (CMS Initial Mark) [1 CMS-initial-mark: 6519K(6848K)] 9271K(9920K), 0.0060714 secs] [Times: user=0.02 sys=0.00, real=0.01 secs] 
80.812: [CMS-concurrent-mark-start]
80.812: [GC (Allocation Failure) 80.812: [ParNew (promotion failed): 2751K->3070K(3072K), 0.0169117 secs]80.829: [CMS80.839: [CMS-concurrent-mark: 0.010/0.027 secs] [Times: user=0.06 sys=0.00, real=0.03 secs] 
 (concurrent mode failure): 6521K->6519K(6848K), 0.0345266 secs] 9271K->9271K(9920K), [Metaspace: 4016K->4016K(1056768K)], 0.0515465 secs] [Times: user=0.09 sys=0.00, real=0.05 secs] 
80.864: [GC (Allocation Failure) 80.864: [ParNew (promotion failed): 2751K->3070K(3072K), 0.0174451 secs]80.881: [CMS: 6521K->6519K(6848K), 0.0265502 secs] 9271K->9271K(9920K), [Metaspace: 4016K->4016K(1056768K)], 0.0441094 secs] [Times: user=0.09 sys=0.00, real=0.04 secs] 
80.908: [GC (CMS Initial Mark) [1 CMS-initial-mark: 6519K(6848K)] 9271K(9920K), 0.0059788 secs] [Times: user=0.00 sys=0.00, real=0.01 secs] 
80.914: [CMS-concurrent-mark-start]
80.914: [GC (Allocation Failure) 80.914: [ParNew (promotion failed): 2751K->3070K(3072K), 0.0177978 secs]80.932: [CMS80.943: [CMS-concurrent-mark: 0.011/0.029 secs] [Times: user=0.06 sys=0.00, real=0.03 secs] 
 (concurrent mode failure): 6521K->6519K(6848K), 0.0363772 secs] 9271K->9271K(9920K), [Metaspace: 4016K->4016K(1056768K)], 0.0542727 secs] [Times: user=0.09 sys=0.00, real=0.05 secs] 
80.968: [GC (Allocation Failure) 80.968: [ParNew (promotion failed): 2751K->3070K(3072K), 0.0173644 secs]80.986: [CMS: 6521K->6519K(6848K), 0.0237120 secs] 9271K->9271K(9920K), [Metaspace: 4016K->4016K(1056768K)], 0.0411927 secs] [Times: user=0.08 sys=0.00, real=0.04 secs] 
81.010: [GC (CMS Initial Mark) [1 CMS-initial-mark: 6519K(6848K)] 9271K(9920K), 0.0055884 secs] [Times: user=0.02 sys=0.00, real=0.00 secs] 
81.015: [CMS-concurrent-mark-start]
81.015: [GC (Allocation Failure) 81.015: [ParNew (promotion failed): 2751K->3070K(3072K), 0.0182617 secs]81.034: [CMS81.043: [CMS-concurrent-mark: 0.010/0.028 secs] [Times: user=0.06 sys=0.00, real=0.03 secs] 
 (concurrent mode failure): 6521K->6519K(6848K), 0.0334869 secs] 9271K->9271K(9920K), [Metaspace: 4016K->4016K(1056768K)], 0.0518432 secs] [Times: user=0.09 sys=0.00, real=0.05 secs] 
81.067: [GC (Allocation Failure) 81.068: [ParNew (promotion failed): 2751K->3070K(3072K), 0.0178426 secs]81.085: [CMS: 6521K->6519K(6848K), 0.0248642 secs] 9271K->9271K(9920K), [Metaspace: 4016K->4016K(1056768K)], 0.0428156 secs] [Times: user=0.09 sys=0.00, real=0.04 secs] 
81.110: [GC (CMS Initial Mark) [1 CMS-initial-mark: 6519K(6848K)] 9271K(9920K), 0.0054825 secs] [Times: user=0.00 sys=0.00, real=0.00 secs] 
81.116: [CMS-concurrent-mark-start]
81.116: [GC (Allocation Failure) 81.116: [ParNew (promotion failed): 2751K->3069K(3072K), 0.0175294 secs]81.134: [CMS81.143: [CMS-concurrent-mark: 0.009/0.027 secs] [Times: user=0.08 sys=0.00, real=0.03 secs] 
 (concurrent mode failure): 6521K->6519K(6848K), 0.0664876 secs] 9271K->9271K(9920K), [Metaspace: 4016K->4016K(1056768K)], 0.0841190 secs] [Times: user=0.09 sys=0.00, real=0.08 secs] 
81.201: [GC (Allocation Failure) 81.201: [ParNew (promotion failed): 2751K->3071K(3072K), 0.0180474 secs]81.219: [CMS: 6521K->6519K(6848K), 0.0311764 secs] 9271K->9271K(9920K), [Metaspace: 4016K->4016K(1056768K)], 0.0493719 secs] [Times: user=0.09 sys=0.00, real=0.05 secs] 
81.250: [GC (Allocation Failure) 81.250: [ParNew (promotion failed): 2751K->3071K(3072K), 0.0233506 secs]81.274: [CMS (concurrent mode failure): 6521K->6519K(6848K), 0.0539682 secs] 9271K->9271K(9920K), [Metaspace: 4016K->4016K(1056768K)], 0.0774426 secs] [Times: user=0.08 sys=0.02, real=0.08 secs] 
81.328: [GC (Allocation Failure) 81.328: [ParNew (promotion failed): 2751K->3071K(3072K), 0.0228501 secs]81.351: [CMS: 6521K->6519K(6848K), 0.0471253 secs] 9271K->9271K(9920K), [Metaspace: 4016K->4016K(1056768K)], 0.0701269 secs] [Times: user=0.09 sys=0.00, real=0.07 secs] 
81.399: [GC (CMS Initial Mark) [1 CMS-initial-mark: 6519K(6848K)] 9271K(9920K), 0.0084662 secs] [Times: user=0.02 sys=0.00, real=0.01 secs] 
81.407: [CMS-concurrent-mark-start]
81.407: [GC (Allocation Failure) 81.407: [ParNew (promotion failed): 2751K->3071K(3072K), 0.0191208 secs]81.427: [CMS81.443: [CMS-concurrent-mark: 0.017/0.036 secs] [Times: user=0.03 sys=0.00, real=0.04 secs] 
 (concurrent mode failure): 6521K->6519K(6848K), 0.0549826 secs] 9271K->9271K(9920K), [Metaspace: 4016K->4016K(1056768K)], 0.0742365 secs] [Times: user=0.06 sys=0.00, real=0.07 secs] 
81.483: [GC (Allocation Failure) 81.483: [ParNew (promotion failed): 2751K->3071K(3072K), 0.0182772 secs]81.501: [CMS: 6521K->6519K(6848K), 0.0309274 secs] 9271K->9271K(9920K), [Metaspace: 4016K->4016K(1056768K)], 0.0493397 secs] [Times: user=0.08 sys=0.00, real=0.05 secs] 
81.532: [GC (CMS Initial Mark) [1 CMS-initial-mark: 6519K(6848K)] 9271K(9920K), 0.0055638 secs] [Times: user=0.00 sys=0.00, real=0.01 secs] 
81.538: [CMS-concurrent-mark-start]
81.538: [GC (Allocation Failure) 81.538: [ParNew (promotion failed): 2751K->3071K(3072K), 0.0201859 secs]81.558: [CMS81.571: [CMS-concurrent-mark: 0.013/0.033 secs] [Times: user=0.06 sys=0.00, real=0.03 secs] 
 (concurrent mode failure): 6521K->6519K(6848K), 0.0474319 secs] 9271K->9271K(9920K), [Metaspace: 4016K->4016K(1056768K)], 0.0677416 secs] [Times: user=0.09 sys=0.00, real=0.07 secs] 
81.606: [GC (Allocation Failure) 81.606: [ParNew (promotion failed): 2751K->3071K(3072K), 0.0174454 secs]81.623: [CMS: 6521K->6519K(6848K), 0.0363963 secs] 9271K->9271K(9920K), [Metaspace: 4016K->4016K(1056768K)], 0.0539576 secs] [Times: user=0.11 sys=0.00, real=0.05 secs] 
81.660: [GC (CMS Initial Mark) [1 CMS-initial-mark: 6519K(6848K)] 9271K(9920K), 0.0084535 secs] [Times: user=0.00 sys=0.00, real=0.01 secs] 
81.668: [CMS-concurrent-mark-start]
81.669: [GC (Allocation Failure) 81.669: [ParNew (promotion failed): 2751K->3070K(3072K), 0.0195856 secs]81.688: [CMS81.704: [CMS-concurrent-mark: 0.016/0.036 secs] [Times: user=0.09 sys=0.00, real=0.04 secs] 
 (concurrent mode failure): 6521K->6519K(6848K), 0.0549073 secs] 9271K->9271K(9920K), [Metaspace: 4016K->4016K(1056768K)], 0.0753599 secs] [Times: user=0.13 sys=0.00, real=0.08 secs] 
81.767: [GC (Allocation Failure) 81.767: [ParNew (promotion failed): 2751K->3070K(3072K), 0.0213401 secs]81.789: [CMS: 6521K->6519K(6848K), 0.0393246 secs] 9271K->9271K(9920K), [Metaspace: 4016K->4016K(1056768K)], 0.0608130 secs] [Times: user=0.08 sys=0.00, real=0.06 secs] 
81.831: [GC (CMS Initial Mark) [1 CMS-initial-mark: 6519K(6848K)] 9271K(9920K), 0.0085019 secs] [Times: user=0.00 sys=0.00, real=0.01 secs] 
81.840: [CMS-concurrent-mark-start]
81.840: [GC (Allocation Failure) 81.840: [ParNew (promotion failed): 2751K->3070K(3072K), 0.0177743 secs]81.857: [CMS81.874: [CMS-concurrent-mark: 0.016/0.034 secs] [Times: user=0.09 sys=0.00, real=0.03 secs] 
 (concurrent mode failure): 6521K->6519K(6848K), 0.0521035 secs] 9271K->9271K(9920K), [Metaspace: 4016K->4016K(1056768K)], 0.0699959 secs] [Times: user=0.13 sys=0.00, real=0.07 secs] 
81.910: [GC (Allocation Failure) 81.910: [ParNew (promotion failed): 2751K->3070K(3072K), 0.0175352 secs]81.927: [CMS: 6521K->6519K(6848K), 0.0324163 secs] 9271K->9271K(9920K), [Metaspace: 4016K->4016K(1056768K)], 0.0500533 secs] [Times: user=0.09 sys=0.00, real=0.05 secs] 
81.960: [GC (Allocation Failure) 81.960: [ParNew (promotion failed): 2751K->3070K(3072K), 0.0169589 secs]81.977: [CMS: 6521K->6519K(6848K), 0.0273138 secs] 9271K->9271K(9920K), [Metaspace: 4016K->4016K(1056768K)], 0.0443950 secs] [Times: user=0.09 sys=0.00, real=0.04 secs] 
82.005: [GC (CMS Initial Mark) [1 CMS-initial-mark: 6519K(6848K)] 9271K(9920K), 0.0069322 secs] [Times: user=0.00 sys=0.00, real=0.01 secs] 
82.012: [CMS-concurrent-mark-start]
82.012: [GC (Allocation Failure) 82.012: [ParNew (promotion failed): 2751K->3070K(3072K), 0.0176032 secs]82.029: [CMS82.042: [CMS-concurrent-mark: 0.012/0.030 secs] [Times: user=0.06 sys=0.00, real=0.03 secs] 
 (concurrent mode failure): 6521K->6519K(6848K), 0.0470786 secs] 9271K->9271K(9920K), [Metaspace: 4016K->4016K(1056768K)], 0.0648025 secs] [Times: user=0.11 sys=0.00, real=0.07 secs] 
82.077: [GC (Allocation Failure) 82.077: [ParNew (promotion failed): 2751K->3070K(3072K), 0.0187165 secs]82.096: [CMS: 6521K->6519K(6848K), 0.0379200 secs] 9271K->9271K(9920K), [Metaspace: 4016K->4016K(1056768K)], 0.0567887 secs] [Times: user=0.09 sys=0.00, real=0.06 secs] 
82.134: [GC (CMS Initial Mark) [1 CMS-initial-mark: 6519K(6848K)] 9271K(9920K), 0.0065168 secs] [Times: user=0.02 sys=0.00, real=0.01 secs] 
82.140: [CMS-concurrent-mark-start]
82.140: [GC (Allocation Failure) 82.140: [ParNew (promotion failed): 2751K->3070K(3072K), 0.0174135 secs]82.158: [CMS82.173: [CMS-concurrent-mark: 0.015/0.032 secs] [Times: user=0.08 sys=0.00, real=0.03 secs] 
 (concurrent mode failure): 6521K->6519K(6848K), 0.0508923 secs] 9271K->9271K(9920K), [Metaspace: 4016K->4016K(1056768K)], 0.0684258 secs] [Times: user=0.11 sys=0.00, real=0.07 secs] 
82.209: [GC (Allocation Failure) 82.209: [ParNew (promotion failed): 2751K->3070K(3072K), 0.0177303 secs]82.227: [CMS: 6521K->6519K(6848K), 0.0361312 secs] 9271K->9271K(9920K), [Metaspace: 4016K->4016K(1056768K)], 0.0540225 secs] [Times: user=0.11 sys=0.00, real=0.06 secs] 
82.263: [GC (CMS Initial Mark) [1 CMS-initial-mark: 6519K(6848K)] 9271K(9920K), 0.0079080 secs] [Times: user=0.00 sys=0.00, real=0.01 secs] 
82.271: [CMS-concurrent-mark-start]
82.271: [GC (Allocation Failure) 82.271: [ParNew (promotion failed): 2751K->3070K(3072K), 0.0210414 secs]82.292: [CMS82.309: [CMS-concurrent-mark: 0.017/0.038 secs] [Times: user=0.05 sys=0.00, real=0.04 secs] 
 (concurrent mode failure): 6521K->6519K(6848K), 0.0532468 secs] 9271K->9271K(9920K), [Metaspace: 4016K->4016K(1056768K)], 0.0744257 secs] [Times: user=0.09 sys=0.00, real=0.07 secs] 
82.346: [GC (Allocation Failure) 82.346: [ParNew (promotion failed): 2751K->3070K(3072K), 0.0190359 secs]82.365: [CMS: 6521K->6519K(6848K), 0.0371897 secs] 9271K->9271K(9920K), [Metaspace: 4016K->4016K(1056768K)], 0.0563683 secs] [Times: user=0.05 sys=0.00, real=0.06 secs] 
82.402: [GC (CMS Initial Mark) [1 CMS-initial-mark: 6519K(6848K)] 9271K(9920K), 0.0077125 secs] [Times: user=0.02 sys=0.00, real=0.01 secs] 
82.410: [CMS-concurrent-mark-start]
82.410: [GC (Allocation Failure) 82.410: [ParNew (promotion failed): 2751K->3070K(3072K), 0.0183579 secs]82.429: [CMS82.444: [CMS-concurrent-mark: 0.015/0.034 secs] [Times: user=0.06 sys=0.00, real=0.03 secs] 
 (concurrent mode failure): 6521K->6519K(6848K), 0.0546780 secs] 9271K->9271K(9920K), [Metaspace: 4016K->4016K(1056768K)], 0.0731454 secs] [Times: user=0.09 sys=0.00, real=0.07 secs] 
82.484: [GC (Allocation Failure) 82.484: [ParNew (promotion failed): 2751K->3070K(3072K), 0.0171970 secs]82.501: [CMS: 6521K->6519K(6848K), 0.0406621 secs] 9271K->9271K(9920K), [Metaspace: 4016K->4016K(1056768K)], 0.0580090 secs] [Times: user=0.09 sys=0.00, real=0.06 secs] 
82.542: [GC (CMS Initial Mark) [1 CMS-initial-mark: 6519K(6848K)] 9271K(9920K), 0.0073176 secs] [Times: user=0.02 sys=0.00, real=0.01 secs] 
82.549: [CMS-concurrent-mark-start]
82.550: [GC (Allocation Failure) 82.550: [ParNew (promotion failed): 2751K->3070K(3072K), 0.0187717 secs]82.568: [CMS82.584: [CMS-concurrent-mark: 0.016/0.035 secs] [Times: user=0.06 sys=0.00, real=0.04 secs] 
 (concurrent mode failure): 6521K->6519K(6848K), 0.0450650 secs] 9271K->9271K(9920K), [Metaspace: 4016K->4016K(1056768K)], 0.0639372 secs] [Times: user=0.09 sys=0.00, real=0.06 secs] 
82.614: [GC (Allocation Failure) 82.614: [ParNew (promotion failed): 2751K->3070K(3072K), 0.0169821 secs]82.631: [CMS: 6521K->6519K(6848K), 0.0243418 secs] 9271K->9271K(9920K), [Metaspace: 4016K->4016K(1056768K)], 0.0414435 secs] [Times: user=0.09 sys=0.00, real=0.04 secs] 
82.655: [GC (CMS Initial Mark) [1 CMS-initial-mark: 6519K(6848K)] 9271K(9920K), 0.0081978 secs] [Times: user=0.00 sys=0.00, real=0.01 secs] 
82.663: [CMS-concurrent-mark-start]
82.664: [GC (Allocation Failure) 82.664: [ParNew (promotion failed): 2751K->3070K(3072K), 0.0193432 secs]82.684: [CMS82.693: [CMS-concurrent-mark: 0.010/0.030 secs] [Times: user=0.06 sys=0.00, real=0.03 secs] 
 (concurrent mode failure): 6521K->6519K(6848K), 0.0434592 secs] 9271K->9271K(9920K), [Metaspace: 4016K->4016K(1056768K)], 0.0629488 secs] [Times: user=0.09 sys=0.00, real=0.06 secs] 
82.728: [GC (Allocation Failure) 82.728: [ParNew (promotion failed): 2751K->3069K(3072K), 0.0189838 secs]82.747: [CMS: 6521K->6519K(6848K), 0.0277967 secs] 9271K->9271K(9920K), [Metaspace: 4016K->4016K(1056768K)], 0.0470165 secs] [Times: user=0.08 sys=0.00, real=0.05 secs] 
82.775: [GC (Allocation Failure) 82.775: [ParNew (promotion failed): 2751K->3071K(3072K), 0.0171189 secs]82.792: [CMS (concurrent mode failure): 6521K->6519K(6848K), 0.0239812 secs] 9271K->9271K(9920K), [Metaspace: 4016K->4016K(1056768K)], 0.0411949 secs] [Times: user=0.09 sys=0.00, real=0.04 secs] 
82.817: [GC (Allocation Failure) 82.817: [ParNew (promotion failed): 2751K->3071K(3072K), 0.0181747 secs]82.835: [CMS: 6521K->6519K(6848K), 0.0238714 secs] 9271K->9271K(9920K), [Metaspace: 4016K->4016K(1056768K)], 0.0421362 secs] [Times: user=0.09 sys=0.00, real=0.04 secs] 
82.859: [GC (CMS Initial Mark) [1 CMS-initial-mark: 6519K(6848K)] 9271K(9920K), 0.0055052 secs] [Times: user=0.00 sys=0.00, real=0.00 secs] 
82.864: [CMS-concurrent-mark-start]
82.864: [GC (Allocation Failure) 82.864: [ParNew (promotion failed): 2751K->3071K(3072K), 0.0169776 secs]82.881: [CMS82.891: [CMS-concurrent-mark: 0.009/0.026 secs] [Times: user=0.08 sys=0.00, real=0.03 secs] 
 (concurrent mode failure): 6521K->6519K(6848K), 0.0331925 secs] 9271K->9271K(9920K), [Metaspace: 4016K->4016K(1056768K)], 0.0502647 secs] [Times: user=0.09 sys=0.00, real=0.05 secs] 
82.915: [GC (Allocation Failure) 82.915: [ParNew (promotion failed): 2751K->3071K(3072K), 0.0175837 secs]82.933: [CMS: 6521K->6519K(6848K), 0.0246340 secs] 9271K->9271K(9920K), [Metaspace: 4016K->4016K(1056768K)], 0.0423292 secs] [Times: user=0.09 sys=0.00, real=0.04 secs] 
82.958: [GC (CMS Initial Mark) [1 CMS-initial-mark: 6519K(6848K)] 9271K(9920K), 0.0063008 secs] [Times: user=0.00 sys=0.00, real=0.01 secs] 
82.964: [CMS-concurrent-mark-start]
82.964: [GC (Allocation Failure) 82.964: [ParNew (promotion failed): 2751K->3071K(3072K), 0.0177980 secs]82.982: [CMS82.992: [CMS-concurrent-mark: 0.010/0.028 secs] [Times: user=0.08 sys=0.00, real=0.03 secs] 
 (concurrent mode failure): 6521K->6519K(6848K), 0.0370746 secs] 9271K->9271K(9920K), [Metaspace: 4016K->4016K(1056768K)], 0.0549657 secs] [Times: user=0.11 sys=0.00, real=0.06 secs] 
83.019: [GC (Allocation Failure) 83.019: [ParNew (promotion failed): 2751K->3071K(3072K), 0.0167468 secs]83.036: [CMS: 6521K->6519K(6848K), 0.0252101 secs] 9271K->9271K(9920K), [Metaspace: 4016K->4016K(1056768K)], 0.0420686 secs] [Times: user=0.09 sys=0.00, real=0.04 secs] 
83.061: [GC (CMS Initial Mark) [1 CMS-initial-mark: 6519K(6848K)] 9271K(9920K), 0.0055887 secs] [Times: user=0.00 sys=0.00, real=0.01 secs] 
83.067: [CMS-concurrent-mark-start]
83.067: [GC (Allocation Failure) 83.067: [ParNew (promotion failed): 2751K->3071K(3072K), 0.0178204 secs]83.085: [CMS83.099: [CMS-concurrent-mark: 0.014/0.032 secs] [Times: user=0.06 sys=0.00, real=0.03 secs] 
 (concurrent mode failure): 6521K->6519K(6848K), 0.0392848 secs] 9271K->9271K(9920K), [Metaspace: 4016K->4016K(1056768K)], 0.0572001 secs] [Times: user=0.09 sys=0.00, real=0.06 secs] 
83.124: [GC (Allocation Failure) 83.124: [ParNew (promotion failed): 2751K->3070K(3072K), 0.0176078 secs]83.142: [CMS: 6521K->6519K(6848K), 0.0416502 secs] 9271K->9271K(9920K), [Metaspace: 4016K->4016K(1056768K)], 0.0594336 secs] [Times: user=0.09 sys=0.00, real=0.06 secs] 
83.185: [GC (CMS Initial Mark) [1 CMS-initial-mark: 6519K(6848K)] 9271K(9920K), 0.0081235 secs] [Times: user=0.02 sys=0.00, real=0.01 secs] 
83.193: [CMS-concurrent-mark-start]
83.193: [GC (Allocation Failure) 83.193: [ParNew (promotion failed): 2751K->3070K(3072K), 0.0172972 secs]83.210: [CMS83.227: [CMS-concurrent-mark: 0.017/0.034 secs] [Times: user=0.08 sys=0.00, real=0.03 secs] 
 (concurrent mode failure): 6521K->6519K(6848K), 0.0482589 secs] 9271K->9271K(9920K), [Metaspace: 4016K->4016K(1056768K)], 0.0656578 secs] [Times: user=0.11 sys=0.00, real=0.07 secs] 
83.259: [GC (Allocation Failure) 83.259: [ParNew (promotion failed): 2751K->3070K(3072K), 0.0171140 secs]83.276: [CMS: 6521K->6519K(6848K), 0.0420744 secs] 9271K->9271K(9920K), [Metaspace: 4016K->4016K(1056768K)], 0.0592959 secs] [Times: user=0.11 sys=0.00, real=0.06 secs] 
83.318: [GC (CMS Initial Mark) [1 CMS-initial-mark: 6519K(6848K)] 9271K(9920K), 0.0066167 secs] [Times: user=0.00 sys=0.00, real=0.01 secs] 
83.325: [CMS-concurrent-mark-start]
83.325: [GC (Allocation Failure) 83.325: [ParNew (promotion failed): 2751K->3070K(3072K), 0.0170512 secs]83.342: [CMS83.355: [CMS-concurrent-mark: 0.013/0.030 secs] [Times: user=0.08 sys=0.00, real=0.03 secs] 
 (concurrent mode failure): 6521K->6519K(6848K), 0.0446262 secs] 9271K->9271K(9920K), [Metaspace: 4016K->4016K(1056768K)], 0.0618212 secs] [Times: user=0.11 sys=0.00, real=0.06 secs] 
83.387: [GC (Allocation Failure) 83.387: [ParNew (promotion failed): 2751K->3070K(3072K), 0.0170846 secs]83.404: [CMS: 6521K->6519K(6848K), 0.0307126 secs] 9271K->9271K(9920K), [Metaspace: 4016K->4016K(1056768K)], 0.0479276 secs] [Times: user=0.11 sys=0.00, real=0.05 secs] 
83.435: [GC (CMS Initial Mark) [1 CMS-initial-mark: 6519K(6848K)] 9271K(9920K), 0.0081559 secs] [Times: user=0.00 sys=0.00, real=0.01 secs] 
83.444: [CMS-concurrent-mark-start]
83.445: [GC (Allocation Failure) 83.445: [ParNew (promotion failed): 2751K->3070K(3072K), 0.0175989 secs]83.463: [CMS83.478: [CMS-concurrent-mark: 0.017/0.035 secs] [Times: user=0.06 sys=0.00, real=0.04 secs] 
 (concurrent mode failure): 6521K->6519K(6848K), 0.0568344 secs] 9271K->9271K(9920K), [Metaspace: 4016K->4016K(1056768K)], 0.0745681 secs] [Times: user=0.11 sys=0.00, real=0.08 secs] 
83.520: [GC (Allocation Failure) 83.520: [ParNew (promotion failed): 2751K->3070K(3072K), 0.0181759 secs]83.538: [CMS: 6521K->6519K(6848K), 0.0419243 secs] 9271K->9271K(9920K), [Metaspace: 4016K->4016K(1056768K)], 0.0602320 secs] [Times: user=0.11 sys=0.00, real=0.06 secs] 
83.580: [GC (CMS Initial Mark) [1 CMS-initial-mark: 6519K(6848K)] 9271K(9920K), 0.0080331 secs] [Times: user=0.00 sys=0.00, real=0.01 secs] 
83.588: [CMS-concurrent-mark-start]
83.589: [GC (Allocation Failure) 83.589: [ParNew (promotion failed): 2751K->3070K(3072K), 0.0174017 secs]83.607: [CMS83.623: [CMS-concurrent-mark: 0.016/0.034 secs] [Times: user=0.08 sys=0.00, real=0.03 secs] 
 (concurrent mode failure): 6521K->6519K(6848K), 0.0527020 secs] 9271K->9271K(9920K), [Metaspace: 4016K->4016K(1056768K)], 0.0702365 secs] [Times: user=0.11 sys=0.00, real=0.07 secs] 
83.660: [GC (Allocation Failure) 83.660: [ParNew (promotion failed): 2751K->3070K(3072K), 0.0179509 secs]83.678: [CMS: 6522K->6519K(6848K), 0.0371084 secs] 9271K->9271K(9920K), [Metaspace: 4016K->4016K(1056768K)], 0.0551619 secs] [Times: user=0.08 sys=0.00, real=0.06 secs] 
83.715: [GC (CMS Initial Mark) [1 CMS-initial-mark: 6519K(6848K)] 9271K(9920K), 0.0079406 secs] [Times: user=0.02 sys=0.00, real=0.01 secs] 
83.723: [CMS-concurrent-mark-start]
83.723: [GC (Allocation Failure) 83.723: [ParNew (promotion failed): 2751K->3070K(3072K), 0.0181091 secs]83.741: [CMS83.757: [CMS-concurrent-mark: 0.016/0.034 secs] [Times: user=0.06 sys=0.00, real=0.03 secs] 
 (concurrent mode failure): 6521K->6519K(6848K), 0.0528199 secs] 9271K->9271K(9920K), [Metaspace: 4016K->4016K(1056768K)], 0.0710582 secs] [Times: user=0.08 sys=0.02, real=0.07 secs] 
83.795: [GC (Allocation Failure) 83.795: [ParNew (promotion failed): 2751K->3070K(3072K), 0.0207893 secs]83.815: [CMS: 6521K->6519K(6848K), 0.0385385 secs] 9271K->9271K(9920K), [Metaspace: 4016K->4016K(1056768K)], 0.0594519 secs] [Times: user=0.08 sys=0.00, real=0.06 secs] 
83.854: [GC (CMS Initial Mark) [1 CMS-initial-mark: 6519K(6848K)] 9271K(9920K), 0.0081556 secs] [Times: user=0.02 sys=0.00, real=0.01 secs] 
83.863: [CMS-concurrent-mark-start]
83.863: [GC (Allocation Failure) 83.863: [ParNew (promotion failed): 2751K->3070K(3072K), 0.0171085 secs]83.880: [CMS83.896: [CMS-concurrent-mark: 0.016/0.033 secs] [Times: user=0.08 sys=0.00, real=0.03 secs] 
 (concurrent mode failure): 6521K->6519K(6848K), 0.0538001 secs] 9271K->9271K(9920K), [Metaspace: 4016K->4016K(1056768K)], 0.0710301 secs] [Times: user=0.11 sys=0.00, real=0.07 secs] 
83.934: [GC (Allocation Failure) 83.934: [ParNew (promotion failed): 2751K->3070K(3072K), 0.0217981 secs]83.956: [CMS: 6521K->6519K(6848K), 0.0533809 secs] 9271K->9271K(9920K), [Metaspace: 4016K->4016K(1056768K)], 0.0752859 secs] [Times: user=0.09 sys=0.00, real=0.07 secs] 
84.009: [GC (CMS Initial Mark) [1 CMS-initial-mark: 6519K(6848K)] 9271K(9920K), 0.0080706 secs] [Times: user=0.02 sys=0.00, real=0.01 secs] 
84.017: [CMS-concurrent-mark-start]
84.018: [GC (Allocation Failure) 84.018: [ParNew (promotion failed): 2751K->3070K(3072K), 0.0228936 secs]84.041: [CMS84.058: [CMS-concurrent-mark: 0.017/0.040 secs] [Times: user=0.02 sys=0.00, real=0.04 secs] 
 (concurrent mode failure): 6521K->6519K(6848K), 0.0563831 secs] 9271K->9271K(9920K), [Metaspace: 4016K->4016K(1056768K)], 0.0794276 secs] [Times: user=0.06 sys=0.00, real=0.08 secs] 
84.097: [GC (Allocation Failure) 84.097: [ParNew (promotion failed): 2751K->3070K(3072K), 0.0173213 secs]84.115: [CMS: 6521K->6519K(6848K), 0.0369055 secs] 9271K->9271K(9920K), [Metaspace: 4016K->4016K(1056768K)], 0.0543553 secs] [Times: user=0.09 sys=0.00, real=0.05 secs] 
84.152: [GC (CMS Initial Mark) [1 CMS-initial-mark: 6519K(6848K)] 9271K(9920K), 0.0080532 secs] [Times: user=0.01 sys=0.00, real=0.01 secs] 
84.160: [CMS-concurrent-mark-start]
84.161: [GC (Allocation Failure) 84.161: [ParNew (promotion failed): 2751K->3070K(3072K), 0.0176248 secs]84.178: [CMS84.194: [CMS-concurrent-mark: 0.016/0.034 secs] [Times: user=0.08 sys=0.00, real=0.03 secs] 
 (concurrent mode failure): 6522K->6519K(6848K), 0.0527700 secs] 9271K->9271K(9920K), [Metaspace: 4016K->4016K(1056768K)], 0.0705142 secs] [Times: user=0.11 sys=0.00, real=0.07 secs] 
84.232: [GC (Allocation Failure) 84.232: [ParNew (promotion failed): 2751K->3069K(3072K), 0.0174083 secs]84.249: [CMS: 6522K->6519K(6848K), 0.0368772 secs] 9271K->9271K(9920K), [Metaspace: 4016K->4016K(1056768K)], 0.0544145 secs] [Times: user=0.16 sys=0.00, real=0.05 secs] 
84.286: [GC (CMS Initial Mark) [1 CMS-initial-mark: 6519K(6848K)] 9271K(9920K), 0.0059094 secs] [Times: user=0.00 sys=0.00, real=0.01 secs] 
84.292: [CMS-concurrent-mark-start]
84.292: [GC (Allocation Failure) 84.292: [ParNew (promotion failed): 2751K->3071K(3072K), 0.0169465 secs]84.309: [CMS84.324: [CMS-concurrent-mark: 0.015/0.032 secs] [Times: user=0.08 sys=0.00, real=0.03 secs] 
 (concurrent mode failure): 6522K->6519K(6848K), 0.0515390 secs] 9271K->9271K(9920K), [Metaspace: 4016K->4016K(1056768K)], 0.0685867 secs] [Times: user=0.13 sys=0.00, real=0.07 secs] 
84.361: [GC (Allocation Failure) 84.361: [ParNew (promotion failed): 2751K->3071K(3072K), 0.0172802 secs]84.378: [CMS: 6521K->6519K(6848K), 0.0369204 secs] 9271K->9271K(9920K), [Metaspace: 4016K->4016K(1056768K)], 0.0543152 secs] [Times: user=0.09 sys=0.00, real=0.05 secs] 
84.416: [GC (CMS Initial Mark) [1 CMS-initial-mark: 6519K(6848K)] 9271K(9920K), 0.0080595 secs] [Times: user=0.01 sys=0.00, real=0.01 secs] 
84.424: [CMS-concurrent-mark-start]
84.424: [GC (Allocation Failure) 84.424: [ParNew (promotion failed): 2751K->3071K(3072K), 0.0178652 secs]84.442: [CMS84.458: [CMS-concurrent-mark: 0.016/0.034 secs] [Times: user=0.08 sys=0.00, real=0.03 secs] 
 (concurrent mode failure): 6521K->6519K(6848K), 0.0546034 secs] 9271K->9271K(9920K), [Metaspace: 4016K->4016K(1056768K)], 0.0725832 secs] [Times: user=0.11 sys=0.00, real=0.07 secs] 
84.497: [GC (Allocation Failure) 84.497: [ParNew (promotion failed): 2751K->3071K(3072K), 0.0172413 secs]84.514: [CMS: 6521K->6519K(6848K), 0.0358804 secs] 9271K->9271K(9920K), [Metaspace: 4016K->4016K(1056768K)], 0.0532437 secs] [Times: user=0.11 sys=0.00, real=0.05 secs] 
84.550: [GC (CMS Initial Mark) [1 CMS-initial-mark: 6519K(6848K)] 9271K(9920K), 0.0082241 secs] [Times: user=0.00 sys=0.00, real=0.01 secs] 
84.559: [CMS-concurrent-mark-start]
84.559: [GC (Allocation Failure) 84.559: [ParNew (promotion failed): 2751K->3071K(3072K), 0.0183159 secs]84.577: [CMS84.593: [CMS-concurrent-mark: 0.016/0.034 secs] [Times: user=0.14 sys=0.00, real=0.03 secs] 
 (concurrent mode failure): 6522K->6519K(6848K), 0.0519822 secs] 9271K->9271K(9920K), [Metaspace: 4016K->4016K(1056768K)], 0.0704098 secs] [Times: user=0.17 sys=0.00, real=0.07 secs] 
84.630: [GC (Allocation Failure) 84.630: [ParNew (promotion failed): 2751K->3071K(3072K), 0.0174657 secs]84.647: [CMS: 6522K->6519K(6848K), 0.0314308 secs] 9271K->9271K(9920K), [Metaspace: 4016K->4016K(1056768K)], 0.0490230 secs] [Times: user=0.09 sys=0.00, real=0.05 secs] 
84.679: [GC (CMS Initial Mark) [1 CMS-initial-mark: 6519K(6848K)] 9271K(9920K), 0.0066289 secs] [Times: user=0.01 sys=0.00, real=0.01 secs] 
84.686: [CMS-concurrent-mark-start]
84.686: [GC (Allocation Failure) 84.686: [ParNew (promotion failed): 2751K->3071K(3072K), 0.0172931 secs]84.703: [CMS84.719: [CMS-concurrent-mark: 0.016/0.033 secs] [Times: user=0.06 sys=0.00, real=0.03 secs] 
 (concurrent mode failure): 6522K->6519K(6848K), 0.0518252 secs] 9271K->9271K(9920K), [Metaspace: 4016K->4016K(1056768K)], 0.0692229 secs] [Times: user=0.09 sys=0.00, real=0.07 secs] 
84.755: [GC (Allocation Failure) 84.755: [ParNew (promotion failed): 2751K->3070K(3072K), 0.0197676 secs]84.775: [CMS: 6522K->6519K(6848K), 0.0320272 secs] 9271K->9271K(9920K), [Metaspace: 4016K->4016K(1056768K)], 0.0519698 secs] [Times: user=0.08 sys=0.00, real=0.05 secs] 
84.808: [GC (CMS Initial Mark) [1 CMS-initial-mark: 6519K(6848K)] 9271K(9920K), 0.0064629 secs] [Times: user=0.02 sys=0.00, real=0.01 secs] 
84.814: [CMS-concurrent-mark-start]
84.814: [GC (Allocation Failure) 84.814: [ParNew (promotion failed): 2751K->3070K(3072K), 0.0176984 secs]84.832: [CMS84.844: [CMS-concurrent-mark: 0.012/0.030 secs] [Times: user=0.08 sys=0.00, real=0.03 secs] 
 (concurrent mode failure): 6521K->6519K(6848K), 0.0440450 secs] 9271K->9271K(9920K), [Metaspace: 4016K->4016K(1056768K)], 0.0618623 secs] [Times: user=0.11 sys=0.00, real=0.06 secs] 
84.876: [GC (Allocation Failure) 84.876: [ParNew (promotion failed): 2751K->3070K(3072K), 0.0178176 secs]84.894: [CMS: 6521K->6519K(6848K), 0.0340560 secs] 9271K->9271K(9920K), [Metaspace: 4016K->4016K(1056768K)], 0.0520040 secs] [Times: user=0.08 sys=0.00, real=0.05 secs] 
84.929: [GC (CMS Initial Mark) [1 CMS-initial-mark: 6519K(6848K)] 9271K(9920K), 0.0060355 secs] [Times: user=0.00 sys=0.00, real=0.01 secs] 
84.935: [CMS-concurrent-mark-start]
84.935: [GC (Allocation Failure) 84.935: [ParNew (promotion failed): 2751K->3070K(3072K), 0.0166466 secs]84.952: [CMS84.965: [CMS-concurrent-mark: 0.013/0.030 secs] [Times: user=0.02 sys=0.00, real=0.03 secs] 
 (concurrent mode failure): 6522K->6519K(6848K), 0.0377225 secs] 9271K->9271K(9920K), [Metaspace: 4016K->4016K(1056768K)], 0.0544596 secs] [Times: user=0.05 sys=0.00, real=0.06 secs] 
84.990: [GC (Allocation Failure) 84.990: [ParNew (promotion failed): 2751K->3070K(3072K), 0.0170402 secs]85.007: [CMS: 6522K->6519K(6848K), 0.0245918 secs] 9271K->9271K(9920K), [Metaspace: 4016K->4016K(1056768K)], 0.0417289 secs] [Times: user=0.09 sys=0.00, real=0.04 secs] 
85.032: [GC (CMS Initial Mark) [1 CMS-initial-mark: 6520K(6848K)] 9272K(9920K), 0.0056955 secs] [Times: user=0.00 sys=0.00, real=0.01 secs] 
85.037: [CMS-concurrent-mark-start]
85.037: [GC (Allocation Failure) 85.037: [ParNew (promotion failed): 2751K->3070K(3072K), 0.0167783 secs]85.054: [CMS85.064: [CMS-concurrent-mark: 0.010/0.027 secs] [Times: user=0.06 sys=0.00, real=0.03 secs] 
 (concurrent mode failure): 6522K->6519K(6848K), 0.0339581 secs] 9272K->9271K(9920K), [Metaspace: 4016K->4016K(1056768K)], 0.0508303 secs] [Times: user=0.08 sys=0.00, real=0.05 secs] 
85.088: [GC (Allocation Failure) 85.088: [ParNew (promotion failed): 2751K->3070K(3072K), 0.0173522 secs]85.106: [CMS: 6522K->6519K(6848K), 0.0239833 secs] 9271K->9271K(9920K), [Metaspace: 4016K->4016K(1056768K)], 0.0414243 secs] [Times: user=0.09 sys=0.00, real=0.04 secs] 
85.130: [GC (CMS Initial Mark) [1 CMS-initial-mark: 6520K(6848K)] 9271K(9920K), 0.0054679 secs] [Times: user=0.00 sys=0.00, real=0.01 secs] 
85.135: [CMS-concurrent-mark-start]
85.136: [GC (Allocation Failure) 85.136: [ParNew (promotion failed): 2751K->3070K(3072K), 0.0177249 secs]85.153: [CMS85.163: [CMS-concurrent-mark: 0.009/0.027 secs] [Times: user=0.08 sys=0.00, real=0.03 secs] 
 (concurrent mode failure): 6522K->6519K(6848K), 0.0325549 secs] 9271K->9271K(9920K), [Metaspace: 4016K->4016K(1056768K)], 0.0504018 secs] [Times: user=0.11 sys=0.00, real=0.05 secs] 
85.186: [GC (Allocation Failure) 85.186: [ParNew (promotion failed): 2751K->3070K(3072K), 0.0172538 secs]85.203: [CMS: 6521K->6519K(6848K), 0.0232315 secs] 9271K->9271K(9920K), [Metaspace: 4016K->4016K(1056768K)], 0.0405885 secs] [Times: user=0.08 sys=0.00, real=0.04 secs] 
85.227: [GC (CMS Initial Mark) [1 CMS-initial-mark: 6519K(6848K)] 9271K(9920K), 0.0055652 secs] [Times: user=0.02 sys=0.00, real=0.01 secs] 
85.232: [CMS-concurrent-mark-start]
85.233: [GC (Allocation Failure) 85.233: [ParNew (promotion failed): 2751K->3070K(3072K), 0.0177122 secs]85.251: [CMS85.259: [CMS-concurrent-mark: 0.009/0.027 secs] [Times: user=0.06 sys=0.00, real=0.03 secs] 
 (concurrent mode failure): 6521K->6519K(6848K), 0.0326680 secs] 9271K->9271K(9920K), [Metaspace: 4016K->4016K(1056768K)], 0.0504981 secs] [Times: user=0.09 sys=0.00, real=0.05 secs] 
85.283: [GC (Allocation Failure) 85.284: [ParNew (promotion failed): 2751K->3070K(3072K), 0.0170996 secs]85.301: [CMS: 6522K->6519K(6848K), 0.0255693 secs] 9271K->9271K(9920K), [Metaspace: 4016K->4016K(1056768K)], 0.0427680 secs] [Times: user=0.09 sys=0.00, real=0.04 secs] 
85.326: [GC (CMS Initial Mark) [1 CMS-initial-mark: 6520K(6848K)] 9271K(9920K), 0.0060087 secs] [Times: user=0.00 sys=0.00, real=0.01 secs] 
85.332: [CMS-concurrent-mark-start]
85.333: [GC (Allocation Failure) 85.333: [ParNew (promotion failed): 2751K->3070K(3072K), 0.0180193 secs]85.351: [CMS85.360: [CMS-concurrent-mark: 0.009/0.027 secs] [Times: user=0.08 sys=0.00, real=0.03 secs] 
 (concurrent mode failure): 6522K->6520K(6848K), 0.0334263 secs] 9271K->9271K(9920K), [Metaspace: 4016K->4016K(1056768K)], 0.0515416 secs] [Times: user=0.09 sys=0.00, real=0.05 secs] 
85.384: [GC (Allocation Failure) 85.384: [ParNew (promotion failed): 2751K->3070K(3072K), 0.0181117 secs]85.402: [CMS: 6522K->6519K(6848K), 0.0242402 secs] 9272K->9271K(9920K), [Metaspace: 4016K->4016K(1056768K)], 0.0424615 secs] [Times: user=0.09 sys=0.00, real=0.04 secs] 
85.427: [GC (CMS Initial Mark) [1 CMS-initial-mark: 6520K(6848K)] 9272K(9920K), 0.0054753 secs] [Times: user=0.00 sys=0.00, real=0.01 secs] 
85.432: [CMS-concurrent-mark-start]
85.432: [GC (Allocation Failure) 85.432: [ParNew (promotion failed): 2751K->3070K(3072K), 0.0174201 secs]85.450: [CMS85.459: [CMS-concurrent-mark: 0.009/0.027 secs] [Times: user=0.08 sys=0.00, real=0.03 secs] 
 (concurrent mode failure): 6522K->6519K(6848K), 0.0333086 secs] 9272K->9271K(9920K), [Metaspace: 4016K->4016K(1056768K)], 0.0508277 secs] [Times: user=0.11 sys=0.00, real=0.05 secs] 
85.483: [GC (Allocation Failure) 85.483: [ParNew (promotion failed): 2751K->3070K(3072K), 0.0169480 secs]85.500: [CMS: 6522K->6519K(6848K), 0.0237611 secs] 9272K->9271K(9920K), [Metaspace: 4016K->4016K(1056768K)], 0.0407961 secs] [Times: user=0.06 sys=0.02, real=0.04 secs] 
85.524: [GC (CMS Initial Mark) [1 CMS-initial-mark: 6519K(6848K)] 9271K(9920K), 0.0055517 secs] [Times: user=0.02 sys=0.00, real=0.01 secs] 
85.530: [CMS-concurrent-mark-start]
85.530: [GC (Allocation Failure) 85.530: [ParNew (promotion failed): 2751K->3070K(3072K), 0.0167514 secs]85.547: [CMS85.557: [CMS-concurrent-mark: 0.010/0.027 secs] [Times: user=0.06 sys=0.00, real=0.03 secs] 
 (concurrent mode failure): 6521K->6519K(6848K), 0.0465249 secs] 9271K->9271K(9920K), [Metaspace: 4016K->4016K(1056768K)], 0.0633780 secs] [Times: user=0.11 sys=0.00, real=0.06 secs] 
85.594: [GC (Allocation Failure) 85.594: [ParNew (promotion failed): 2751K->3069K(3072K), 0.0172058 secs]85.611: [CMS: 6522K->6519K(6848K), 0.0391979 secs] 9271K->9271K(9920K), [Metaspace: 4016K->4016K(1056768K)], 0.0565161 secs] [Times: user=0.09 sys=0.00, real=0.06 secs] 
85.650: [GC (CMS Initial Mark) [1 CMS-initial-mark: 6520K(6848K)] 9271K(9920K), 0.0085195 secs] [Times: user=0.02 sys=0.00, real=0.01 secs] 
85.659: [CMS-concurrent-mark-start]
85.659: [GC (Allocation Failure) 85.659: [ParNew (promotion failed): 2751K->3071K(3072K), 0.0176701 secs]85.677: [CMS85.693: [CMS-concurrent-mark: 0.016/0.034 secs] [Times: user=0.06 sys=0.00, real=0.03 secs] 
 (concurrent mode failure): 6522K->6520K(6848K), 0.0494730 secs] 9271K->9271K(9920K), [Metaspace: 4016K->4016K(1056768K)], 0.0672759 secs] [Times: user=0.09 sys=0.00, real=0.07 secs] 
85.726: [GC (Allocation Failure) 85.726: [ParNew (promotion failed): 2751K->3071K(3072K), 0.0189512 secs]85.745: [CMS: 6522K->6520K(6848K), 0.0274271 secs] 9272K->9272K(9920K), [Metaspace: 4016K->4016K(1056768K)], 0.0464895 secs] [Times: user=0.08 sys=0.00, real=0.05 secs] 
85.773: [GC (CMS Initial Mark) [1 CMS-initial-mark: 6520K(6848K)] 9272K(9920K), 0.0061021 secs] [Times: user=0.02 sys=0.00, real=0.01 secs] 
85.779: [CMS-concurrent-mark-start]
85.779: [GC (Allocation Failure) 85.779: [ParNew (promotion failed): 2751K->3071K(3072K), 0.0169037 secs]85.796: [CMS85.807: [CMS-concurrent-mark: 0.011/0.028 secs] [Times: user=0.00 sys=0.00, real=0.03 secs] 
 (concurrent mode failure): 6522K->6520K(6848K), 0.0365965 secs] 9272K->9271K(9920K), [Metaspace: 4016K->4016K(1056768K)], 0.0536081 secs] [Times: user=0.03 sys=0.00, real=0.05 secs] 
85.833: [GC (Allocation Failure) 85.833: [ParNew (promotion failed): 2751K->3071K(3072K), 0.0167406 secs]85.850: [CMS: 6522K->6520K(6848K), 0.0254244 secs] 9272K->9271K(9920K), [Metaspace: 4016K->4016K(1056768K)], 0.0422796 secs] [Times: user=0.09 sys=0.00, real=0.04 secs] 
85.876: [GC (CMS Initial Mark) [1 CMS-initial-mark: 6520K(6848K)] 9272K(9920K), 0.0057713 secs] [Times: user=0.00 sys=0.00, real=0.01 secs] 
85.881: [CMS-concurrent-mark-start]
85.881: [GC (Allocation Failure) 85.881: [ParNew (promotion failed): 2751K->3071K(3072K), 0.0181450 secs]85.900: [CMS85.909: [CMS-concurrent-mark: 0.009/0.027 secs] [Times: user=0.08 sys=0.00, real=0.03 secs] 
 (concurrent mode failure): 6522K->6519K(6848K), 0.0344351 secs] 9272K->9271K(9920K), [Metaspace: 4016K->4016K(1056768K)], 0.0526716 secs] [Times: user=0.09 sys=0.00, real=0.05 secs] 
85.934: [GC (Allocation Failure) 85.934: [ParNew (promotion failed): 2751K->3071K(3072K), 0.0175855 secs]85.952: [CMS: 6522K->6519K(6848K), 0.0244756 secs] 9271K->9271K(9920K), [Metaspace: 4016K->4016K(1056768K)], 0.0421632 secs] [Times: user=0.09 sys=0.00, real=0.04 secs] 
85.977: [GC (CMS Initial Mark) [1 CMS-initial-mark: 6519K(6848K)] 9271K(9920K), 0.0060770 secs] [Times: user=0.02 sys=0.00, real=0.01 secs] 
85.983: [CMS-concurrent-mark-start]
85.983: [GC (Allocation Failure) 85.983: [ParNew (promotion failed): 2751K->3071K(3072K), 0.0168979 secs]86.000: [CMS86.009: [CMS-concurrent-mark: 0.009/0.026 secs] [Times: user=0.05 sys=0.00, real=0.03 secs] 
 (concurrent mode failure): 6522K->6519K(6848K), 0.0331103 secs] 9271K->9271K(9920K), [Metaspace: 4016K->4016K(1056768K)], 0.0500990 secs] [Times: user=0.08 sys=0.00, real=0.05 secs] 
86.033: [GC (Allocation Failure) 86.033: [ParNew (promotion failed): 2751K->3070K(3072K), 0.0169539 secs]86.050: [CMS: 6522K->6520K(6848K), 0.0268308 secs] 9272K->9272K(9920K), [Metaspace: 4016K->4016K(1056768K)], 0.0438807 secs] [Times: user=0.09 sys=0.00, real=0.04 secs] 
86.077: [GC (CMS Initial Mark) [1 CMS-initial-mark: 6520K(6848K)] 9272K(9920K), 0.0060779 secs] [Times: user=0.00 sys=0.00, real=0.01 secs] 
86.083: [CMS-concurrent-mark-start]
86.083: [GC (Allocation Failure) 86.083: [ParNew (promotion failed): 2751K->3070K(3072K), 0.0174381 secs]86.101: [CMS86.110: [CMS-concurrent-mark: 0.009/0.027 secs] [Times: user=0.06 sys=0.00, real=0.03 secs] 
 (concurrent mode failure): 6522K->6520K(6848K), 0.0332218 secs] 9272K->9272K(9920K), [Metaspace: 4016K->4016K(1056768K)], 0.0507703 secs] [Times: user=0.08 sys=0.00, real=0.05 secs] 
86.134: [GC (Allocation Failure) 86.134: [ParNew (promotion failed): 2751K->3070K(3072K), 0.0168628 secs]86.151: [CMS: 6522K->6520K(6848K), 0.0240205 secs] 9272K->9272K(9920K), [Metaspace: 4016K->4016K(1056768K)], 0.0409800 secs] [Times: user=0.08 sys=0.00, real=0.04 secs] 
86.175: [GC (CMS Initial Mark) [1 CMS-initial-mark: 6520K(6848K)] 9272K(9920K), 0.0057333 secs] [Times: user=0.00 sys=0.00, real=0.01 secs] 
86.181: [CMS-concurrent-mark-start]
86.181: [GC (Allocation Failure) 86.181: [ParNew (promotion failed): 2751K->3070K(3072K), 0.0170999 secs]86.198: [CMS86.209: [CMS-concurrent-mark: 0.011/0.028 secs] [Times: user=0.08 sys=0.00, real=0.03 secs] 
 (concurrent mode failure): 6522K->6520K(6848K), 0.0350351 secs] 9272K->9272K(9920K), [Metaspace: 4016K->4016K(1056768K)], 0.0522341 secs] [Times: user=0.11 sys=0.00, real=0.05 secs] 
86.234: [GC (Allocation Failure) 86.234: [ParNew (promotion failed): 2751K->3070K(3072K), 0.0170148 secs]86.251: [CMS: 6522K->6519K(6848K), 0.0243178 secs] 9272K->9271K(9920K), [Metaspace: 4016K->4016K(1056768K)], 0.0414174 secs] [Times: user=0.08 sys=0.00, real=0.04 secs] 
86.275: [GC (CMS Initial Mark) [1 CMS-initial-mark: 6519K(6848K)] 9271K(9920K), 0.0057912 secs] [Times: user=0.02 sys=0.00, real=0.01 secs] 
86.281: [CMS-concurrent-mark-start]
86.281: [GC (Allocation Failure) 86.281: [ParNew (promotion failed): 2751K->3070K(3072K), 0.0171389 secs]86.298: [CMS86.307: [CMS-concurrent-mark: 0.009/0.026 secs] [Times: user=0.06 sys=0.00, real=0.03 secs] 
 (concurrent mode failure): 6522K->6519K(6848K), 0.0355315 secs] 9271K->9271K(9920K), [Metaspace: 4016K->4016K(1056768K)], 0.0527602 secs] [Times: user=0.09 sys=0.00, real=0.05 secs] 
86.334: [GC (Allocation Failure) 86.334: [ParNew (promotion failed): 2751K->3070K(3072K), 0.0192987 secs]86.353: [CMS: 6522K->6520K(6848K), 0.0232345 secs] 9271K->9271K(9920K), [Metaspace: 4016K->4016K(1056768K)], 0.0426304 secs] [Times: user=0.09 sys=0.00, real=0.04 secs] 
86.377: [GC (CMS Initial Mark) [1 CMS-initial-mark: 6520K(6848K)] 9272K(9920K), 0.0058917 secs] [Times: user=0.00 sys=0.00, real=0.01 secs] 
86.383: [CMS-concurrent-mark-start]
86.383: [GC (Allocation Failure) 86.383: [ParNew (promotion failed): 2751K->3070K(3072K), 0.0177087 secs]86.400: [CMS86.410: [CMS-concurrent-mark: 0.010/0.028 secs] [Times: user=0.06 sys=0.00, real=0.03 secs] 
 (concurrent mode failure): 6522K->6520K(6848K), 0.0346676 secs] 9272K->9272K(9920K), [Metaspace: 4016K->4016K(1056768K)], 0.0524793 secs] [Times: user=0.09 sys=0.00, real=0.05 secs] 
86.435: [GC (Allocation Failure) 86.435: [ParNew (promotion failed): 2751K->3070K(3072K), 0.0178770 secs]86.453: [CMS: 6522K->6520K(6848K), 0.0248872 secs] 9272K->9272K(9920K), [Metaspace: 4016K->4016K(1056768K)], 0.0428635 secs] [Times: user=0.08 sys=0.00, real=0.04 secs] 
86.478: [GC (CMS Initial Mark) [1 CMS-initial-mark: 6520K(6848K)] 9272K(9920K), 0.0056405 secs] [Times: user=0.02 sys=0.00, real=0.01 secs] 
86.484: [CMS-concurrent-mark-start]
86.484: [GC (Allocation Failure) 86.484: [ParNew (promotion failed): 2751K->3070K(3072K), 0.0164533 secs]86.501: [CMS86.510: [CMS-concurrent-mark: 0.009/0.026 secs] [Times: user=0.06 sys=0.00, real=0.03 secs] 
 (concurrent mode failure): 6522K->6520K(6848K), 0.0337425 secs] 9272K->9272K(9920K), [Metaspace: 4016K->4016K(1056768K)], 0.0503105 secs] [Times: user=0.09 sys=0.00, real=0.05 secs] 
86.535: [GC (Allocation Failure) 86.535: [ParNew (promotion failed): 2751K->3070K(3072K), 0.0174912 secs]86.552: [CMS: 6522K->6520K(6848K), 0.0268617 secs] 9272K->9272K(9920K), [Metaspace: 4016K->4016K(1056768K)], 0.0444634 secs] [Times: user=0.09 sys=0.00, real=0.04 secs] 
86.579: [GC (CMS Initial Mark) [1 CMS-initial-mark: 6520K(6848K)] 9272K(9920K), 0.0058259 secs] [Times: user=0.00 sys=0.00, real=0.01 secs] 
86.585: [CMS-concurrent-mark-start]
86.585: [GC (Allocation Failure) 86.585: [ParNew (promotion failed): 2751K->3070K(3072K), 0.0177795 secs]86.603: [CMS86.613: [CMS-concurrent-mark: 0.010/0.028 secs] [Times: user=0.08 sys=0.00, real=0.03 secs] 
 (concurrent mode failure): 6522K->6519K(6848K), 0.0332999 secs] 9272K->9271K(9920K), [Metaspace: 4016K->4016K(1056768K)], 0.0511823 secs] [Times: user=0.09 sys=0.00, real=0.05 secs] 
86.637: [GC (Allocation Failure) 86.637: [ParNew (promotion failed): 2751K->3070K(3072K), 0.0172125 secs]86.654: [CMS: 6522K->6520K(6848K), 0.0261641 secs] 9271K->9271K(9920K), [Metaspace: 4016K->4016K(1056768K)], 0.0434851 secs] [Times: user=0.09 sys=0.00, real=0.04 secs] 
86.680: [GC (CMS Initial Mark) [1 CMS-initial-mark: 6520K(6848K)] 9272K(9920K), 0.0082743 secs] [Times: user=0.02 sys=0.00, real=0.01 secs] 
86.689: [CMS-concurrent-mark-start]
86.689: [GC (Allocation Failure) 86.689: [ParNew (promotion failed): 2751K->3070K(3072K), 0.0181595 secs]86.707: [CMS86.716: [CMS-concurrent-mark: 0.009/0.027 secs] [Times: user=0.05 sys=0.00, real=0.03 secs] 
 (concurrent mode failure): 6522K->6520K(6848K), 0.0362148 secs] 9272K->9272K(9920K), [Metaspace: 4016K->4016K(1056768K)], 0.0544709 secs] [Times: user=0.08 sys=0.00, real=0.05 secs] 
86.743: [GC (Allocation Failure) 86.743: [ParNew (promotion failed): 2751K->3070K(3072K), 0.0228729 secs]86.766: [CMS: 6522K->6520K(6848K), 0.0289578 secs] 9272K->9272K(9920K), [Metaspace: 4016K->4016K(1056768K)], 0.0519353 secs] [Times: user=0.08 sys=0.00, real=0.05 secs] 
86.795: [GC (CMS Initial Mark) [1 CMS-initial-mark: 6520K(6848K)] 9272K(9920K), 0.0087002 secs] [Times: user=0.00 sys=0.00, real=0.01 secs] 
86.804: [CMS-concurrent-mark-start]
86.810: [GC (Allocation Failure) 86.810: [ParNew (promotion failed): 2751K->3070K(3072K), 0.0199612 secs]86.830: [CMS86.837: [CMS-concurrent-mark: 0.012/0.032 secs] [Times: user=0.09 sys=0.00, real=0.03 secs] 
 (concurrent mode failure): 6522K->6520K(6848K), 0.0322655 secs] 9272K->9272K(9920K), [Metaspace: 4016K->4016K(1056768K)], 0.0523738 secs] [Times: user=0.13 sys=0.00, real=0.05 secs] 
86.863: [GC (Allocation Failure) 86.863: [ParNew (promotion failed): 2751K->3069K(3072K), 0.0180162 secs]86.881: [CMS: 6522K->6520K(6848K), 0.0239145 secs] 9272K->9272K(9920K), [Metaspace: 4016K->4016K(1056768K)], 0.0420244 secs] [Times: user=0.09 sys=0.00, real=0.04 secs] 
86.905: [GC (CMS Initial Mark) [1 CMS-initial-mark: 6520K(6848K)] 9272K(9920K), 0.0059664 secs] [Times: user=0.00 sys=0.00, real=0.01 secs] 
86.911: [CMS-concurrent-mark-start]
86.911: [GC (Allocation Failure) 86.911: [ParNew (promotion failed): 2751K->3071K(3072K), 0.0181151 secs]86.929: [CMS86.938: [CMS-concurrent-mark: 0.009/0.028 secs] [Times: user=0.08 sys=0.00, real=0.03 secs] 
 (concurrent mode failure): 6522K->6520K(6848K), 0.0332504 secs] 9272K->9272K(9920K), [Metaspace: 4016K->4016K(1056768K)], 0.0514617 secs] [Times: user=0.09 sys=0.00, real=0.05 secs] 
86.962: [GC (Allocation Failure) 86.963: [ParNew (promotion failed): 2751K->3071K(3072K), 0.0167781 secs]86.979: [CMS: 6522K->6520K(6848K), 0.0233883 secs] 9272K->9271K(9920K), [Metaspace: 4016K->4016K(1056768K)], 0.0402563 secs] [Times: user=0.09 sys=0.00, real=0.04 secs] 
87.003: [GC (CMS Initial Mark) [1 CMS-initial-mark: 6520K(6848K)] 9272K(9920K), 0.0056848 secs] [Times: user=0.00 sys=0.00, real=0.01 secs] 
87.009: [CMS-concurrent-mark-start]
87.009: [GC (Allocation Failure) 87.009: [ParNew (promotion failed): 2751K->3071K(3072K), 0.0176148 secs]87.026: [CMS87.036: [CMS-concurrent-mark: 0.009/0.027 secs] [Times: user=0.08 sys=0.00, real=0.03 secs] 
 (concurrent mode failure): 6522K->6520K(6848K), 0.0372902 secs] 9272K->9272K(9920K), [Metaspace: 4016K->4016K(1056768K)], 0.0550201 secs] [Times: user=0.11 sys=0.00, real=0.06 secs] 
87.064: [GC (Allocation Failure) 87.064: [ParNew (promotion failed): 2751K->3071K(3072K), 0.0196050 secs]87.084: [CMS: 6522K->6520K(6848K), 0.0243210 secs] 9272K->9272K(9920K), [Metaspace: 4016K->4016K(1056768K)], 0.0440597 secs] [Times: user=0.09 sys=0.00, real=0.04 secs] 
87.108: [GC (CMS Initial Mark) [1 CMS-initial-mark: 6520K(6848K)] 9272K(9920K), 0.0059338 secs] [Times: user=0.00 sys=0.00, real=0.01 secs] 
87.114: [CMS-concurrent-mark-start]
87.115: [GC (Allocation Failure) 87.115: [ParNew (promotion failed): 2751K->3071K(3072K), 0.0177520 secs]87.132: [CMS87.142: [CMS-concurrent-mark: 0.009/0.027 secs] [Times: user=0.06 sys=0.00, real=0.03 secs] 
 (concurrent mode failure): 6522K->6520K(6848K), 0.0332629 secs] 9272K->9272K(9920K), [Metaspace: 4016K->4016K(1056768K)], 0.0511156 secs] [Times: user=0.08 sys=0.00, real=0.05 secs] 
87.166: [GC (Allocation Failure) 87.166: [ParNew (promotion failed): 2751K->3071K(3072K), 0.0178158 secs]87.184: [CMS: 6522K->6520K(6848K), 0.0236614 secs] 9272K->9272K(9920K), [Metaspace: 4016K->4016K(1056768K)], 0.0415794 secs] [Times: user=0.09 sys=0.00, real=0.04 secs] 
87.208: [GC (CMS Initial Mark) [1 CMS-initial-mark: 6520K(6848K)] 9272K(9920K), 0.0055031 secs] [Times: user=0.00 sys=0.00, real=0.01 secs] 
87.213: [CMS-concurrent-mark-start]
87.213: [GC (Allocation Failure) 87.213: [ParNew (promotion failed): 2751K->3071K(3072K), 0.0173206 secs]87.231: [CMS87.240: [CMS-concurrent-mark: 0.010/0.027 secs] [Times: user=0.06 sys=0.00, real=0.03 secs] 
 (concurrent mode failure): 6522K->6520K(6848K), 0.0337608 secs] 9272K->9272K(9920K), [Metaspace: 4016K->4016K(1056768K)], 0.0511755 secs] [Times: user=0.09 sys=0.00, real=0.05 secs] 
87.265: [GC (Allocation Failure) 87.265: [ParNew (promotion failed): 2751K->3070K(3072K), 0.0172104 secs]87.282: [CMS: 6522K->6520K(6848K), 0.0241613 secs] 9272K->9272K(9920K), [Metaspace: 4016K->4016K(1056768K)], 0.0414677 secs] [Times: user=0.08 sys=0.00, real=0.04 secs] 
87.306: [GC (CMS Initial Mark) [1 CMS-initial-mark: 6520K(6848K)] 9272K(9920K), 0.0061189 secs] [Times: user=0.02 sys=0.00, real=0.01 secs] 
87.312: [CMS-concurrent-mark-start]
87.312: [GC (Allocation Failure) 87.312: [ParNew (promotion failed): 2751K->3070K(3072K), 0.0174664 secs]87.330: [CMS87.339: [CMS-concurrent-mark: 0.009/0.027 secs] [Times: user=0.06 sys=0.00, real=0.03 secs] 
 (concurrent mode failure): 6522K->6520K(6848K), 0.0340757 secs] 9272K->9272K(9920K), [Metaspace: 4016K->4016K(1056768K)], 0.0516409 secs] [Times: user=0.09 sys=0.00, real=0.05 secs] 
87.364: [GC (Allocation Failure) 87.364: [ParNew (promotion failed): 2751K->3070K(3072K), 0.0173279 secs]87.382: [CMS: 6522K->6520K(6848K), 0.0286744 secs] 9272K->9272K(9920K), [Metaspace: 4016K->4016K(1056768K)], 0.0461233 secs] [Times: user=0.09 sys=0.00, real=0.05 secs] 
87.410: [GC (CMS Initial Mark) [1 CMS-initial-mark: 6520K(6848K)] 9272K(9920K), 0.0067213 secs] [Times: user=0.00 sys=0.00, real=0.01 secs] 
87.417: [CMS-concurrent-mark-start]
87.417: [GC (Allocation Failure) 87.417: [ParNew (promotion failed): 2751K->3070K(3072K), 0.0172032 secs]87.435: [CMS87.446: [CMS-concurrent-mark: 0.012/0.029 secs] [Times: user=0.08 sys=0.00, real=0.03 secs] 
 (concurrent mode failure): 6522K->6520K(6848K), 0.0368671 secs] 9272K->9272K(9920K), [Metaspace: 4016K->4016K(1056768K)], 0.0541838 secs] [Times: user=0.11 sys=0.00, real=0.05 secs] 
87.472: [GC (Allocation Failure) 87.472: [ParNew (promotion failed): 2751K->3070K(3072K), 0.0186041 secs]87.490: [CMS: 6522K->6520K(6848K), 0.0269578 secs] 9272K->9272K(9920K), [Metaspace: 4016K->4016K(1056768K)], 0.0456661 secs] [Times: user=0.09 sys=0.00, real=0.05 secs] 
87.517: [GC (CMS Initial Mark) [1 CMS-initial-mark: 6520K(6848K)] 9272K(9920K), 0.0056107 secs] [Times: user=0.00 sys=0.00, real=0.01 secs] 
87.523: [CMS-concurrent-mark-start]
87.523: [GC (Allocation Failure) 87.523: [ParNew (promotion failed): 2751K->3070K(3072K), 0.0177822 secs]87.541: [CMS87.555: [CMS-concurrent-mark: 0.014/0.032 secs] [Times: user=0.08 sys=0.00, real=0.03 secs] 
 (concurrent mode failure): 6522K->6520K(6848K), 0.0519561 secs] 9272K->9272K(9920K), [Metaspace: 4016K->4016K(1056768K)], 0.0698552 secs] [Times: user=0.13 sys=0.00, real=0.07 secs] 
87.593: [GC (Allocation Failure) 87.593: [ParNew (promotion failed): 2751K->3070K(3072K), 0.0223329 secs]87.616: [CMS: 6522K->6520K(6848K), 0.0357460 secs] 9272K->9272K(9920K), [Metaspace: 4016K->4016K(1056768K)], 0.0582135 secs] [Times: user=0.06 sys=0.00, real=0.06 secs] 
87.652: [GC (CMS Initial Mark) [1 CMS-initial-mark: 6520K(6848K)] 9272K(9920K), 0.0071788 secs] [Times: user=0.02 sys=0.00, real=0.01 secs] 
87.659: [CMS-concurrent-mark-start]
87.660: [GC (Allocation Failure) 87.660: [ParNew (promotion failed): 2751K->3070K(3072K), 0.0258877 secs]87.686: [CMS87.701: [CMS-concurrent-mark: 0.016/0.042 secs] [Times: user=0.06 sys=0.00, real=0.04 secs] 
 (concurrent mode failure): 6522K->6520K(6848K), 0.0521059 secs] 9272K->9272K(9920K), [Metaspace: 4016K->4016K(1056768K)], 0.0781486 secs] [Times: user=0.09 sys=0.00, real=0.08 secs] 
87.738: [GC (Allocation Failure) 87.738: [ParNew (promotion failed): 2751K->3070K(3072K), 0.0196056 secs]87.758: [CMS: 6522K->6520K(6848K), 0.0284803 secs] 9272K->9272K(9920K), [Metaspace: 4016K->4016K(1056768K)], 0.0481970 secs] [Times: user=0.08 sys=0.00, real=0.05 secs] 
87.786: [GC (CMS Initial Mark) [1 CMS-initial-mark: 6520K(6848K)] 9272K(9920K), 0.0058363 secs] [Times: user=0.00 sys=0.00, real=0.01 secs] 
87.792: [CMS-concurrent-mark-start]
87.793: [GC (Allocation Failure) 87.793: [ParNew (promotion failed): 2751K->3070K(3072K), 0.0198964 secs]87.813: [CMS87.825: [CMS-concurrent-mark: 0.012/0.032 secs] [Times: user=0.06 sys=0.00, real=0.03 secs] 
 (concurrent mode failure): 6522K->6520K(6848K), 0.0418136 secs] 9272K->9272K(9920K), [Metaspace: 4016K->4016K(1056768K)], 0.0618321 secs] [Times: user=0.09 sys=0.00, real=0.06 secs] 
87.855: [GC (Allocation Failure) 87.855: [ParNew (promotion failed): 2751K->3070K(3072K), 0.0169935 secs]87.872: [CMS: 6522K->6520K(6848K), 0.0393006 secs] 9272K->9272K(9920K), [Metaspace: 4016K->4016K(1056768K)], 0.0564053 secs] [Times: user=0.11 sys=0.00, real=0.06 secs] 
87.973: [GC (CMS Initial Mark) [1 CMS-initial-mark: 6520K(6848K)] 9272K(9920K), 0.0076995 secs] [Times: user=0.00 sys=0.00, real=0.01 secs] 
87.980: [CMS-concurrent-mark-start]
87.981: [GC (Allocation Failure) 87.981: [ParNew (promotion failed): 2751K->3070K(3072K), 0.0172446 secs]87.998: [CMS88.010: [CMS-concurrent-mark: 0.012/0.029 secs] [Times: user=0.08 sys=0.00, real=0.03 secs] 
 (concurrent mode failure): 6522K->6520K(6848K), 0.0378257 secs] 9272K->9272K(9920K), [Metaspace: 4016K->4016K(1056768K)], 0.0551836 secs] [Times: user=0.11 sys=0.00, real=0.06 secs] 
88.036: [GC (Allocation Failure) 88.036: [ParNew (promotion failed): 2751K->3070K(3072K), 0.0180891 secs]88.054: [CMS: 6522K->6520K(6848K), 0.0238039 secs] 9272K->9272K(9920K), [Metaspace: 4016K->4016K(1056768K)], 0.0419946 secs] [Times: user=0.09 sys=0.00, real=0.04 secs] 
88.078: [GC (CMS Initial Mark) [1 CMS-initial-mark: 6520K(6848K)] 9272K(9920K), 0.0056583 secs] [Times: user=0.00 sys=0.00, real=0.01 secs] 
88.084: [CMS-concurrent-mark-start]
88.084: [GC (Allocation Failure) 88.084: [ParNew (promotion failed): 2751K->3070K(3072K), 0.0173066 secs]88.101: [CMS88.111: [CMS-concurrent-mark: 0.009/0.027 secs] [Times: user=0.08 sys=0.00, real=0.03 secs] 
 (concurrent mode failure): 6522K->6520K(6848K), 0.0327027 secs] 9272K->9272K(9920K), [Metaspace: 4016K->4016K(1056768K)], 0.0501097 secs] [Times: user=0.09 sys=0.00, real=0.05 secs] 
88.134: [GC (Allocation Failure) 88.134: [ParNew (promotion failed): 2751K->3070K(3072K), 0.0168164 secs]88.151: [CMS: 6522K->6520K(6848K), 0.0240495 secs] 9272K->9272K(9920K), [Metaspace: 4016K->4016K(1056768K)], 0.0409545 secs] [Times: user=0.09 sys=0.00, real=0.04 secs] 
88.175: [GC (CMS Initial Mark) [1 CMS-initial-mark: 6520K(6848K)] 9272K(9920K), 0.0054962 secs] [Times: user=0.00 sys=0.00, real=0.01 secs] 
88.181: [CMS-concurrent-mark-start]
88.181: [GC (Allocation Failure) 88.181: [ParNew (promotion failed): 2751K->3070K(3072K), 0.0177514 secs]88.199: [CMS88.208: [CMS-concurrent-mark: 0.009/0.027 secs] [Times: user=0.08 sys=0.00, real=0.03 secs] 
 (concurrent mode failure): 6522K->6520K(6848K), 0.0339879 secs] 9272K->9272K(9920K), [Metaspace: 4016K->4016K(1056768K)], 0.0518409 secs] [Times: user=0.11 sys=0.00, real=0.05 secs] 
88.233: [GC (Allocation Failure) 88.233: [ParNew (promotion failed): 2751K->3069K(3072K), 0.0171564 secs]88.250: [CMS: 6522K->6520K(6848K), 0.0233477 secs] 9272K->9272K(9920K), [Metaspace: 4016K->4016K(1056768K)], 0.0405975 secs] [Times: user=0.08 sys=0.00, real=0.04 secs] 
88.273: [GC (CMS Initial Mark) [1 CMS-initial-mark: 6520K(6848K)] 9272K(9920K), 0.0056013 secs] [Times: user=0.02 sys=0.00, real=0.01 secs] 
88.279: [CMS-concurrent-mark-start]
88.279: [GC (Allocation Failure) 88.279: [ParNew (promotion failed): 2751K->3071K(3072K), 0.0180492 secs]88.297: [CMS88.311: [CMS-concurrent-mark: 0.014/0.032 secs] [Times: user=0.08 sys=0.00, real=0.03 secs] 
 (concurrent mode failure): 6522K->6520K(6848K), 0.0384781 secs] 9272K->9272K(9920K), [Metaspace: 4016K->4016K(1056768K)], 0.0566266 secs] [Times: user=0.09 sys=0.00, real=0.06 secs] 
88.336: [GC (Allocation Failure) 88.336: [ParNew (promotion failed): 2751K->3071K(3072K), 0.0181727 secs]88.354: [CMS: 6522K->6520K(6848K), 0.0266881 secs] 9272K->9272K(9920K), [Metaspace: 4016K->4016K(1056768K)], 0.0449680 secs] [Times: user=0.09 sys=0.00, real=0.05 secs] 
88.381: [GC (CMS Initial Mark) [1 CMS-initial-mark: 6520K(6848K)] 9272K(9920K), 0.0055231 secs] [Times: user=0.00 sys=0.00, real=0.00 secs] 
88.387: [CMS-concurrent-mark-start]
88.387: [GC (Allocation Failure) 88.387: [ParNew (promotion failed): 2751K->3071K(3072K), 0.0176298 secs]88.404: [CMS88.414: [CMS-concurrent-mark: 0.009/0.027 secs] [Times: user=0.08 sys=0.00, real=0.03 secs] 
 (concurrent mode failure): 6522K->6520K(6848K), 0.0332250 secs] 9272K->9272K(9920K), [Metaspace: 4016K->4016K(1056768K)], 0.0509452 secs] [Times: user=0.11 sys=0.00, real=0.05 secs] 
88.438: [GC (Allocation Failure) 88.438: [ParNew (promotion failed): 2751K->3071K(3072K), 0.0175874 secs]88.456: [CMS: 6522K->6520K(6848K), 0.0235572 secs] 9272K->9272K(9920K), [Metaspace: 4016K->4016K(1056768K)], 0.0412412 secs] [Times: user=0.08 sys=0.00, real=0.04 secs] 
88.479: [GC (CMS Initial Mark) [1 CMS-initial-mark: 6520K(6848K)] 9272K(9920K), 0.0054129 secs] [Times: user=0.02 sys=0.00, real=0.00 secs] 
88.485: [CMS-concurrent-mark-start]
88.485: [GC (Allocation Failure) 88.485: [ParNew (promotion failed): 2751K->3071K(3072K), 0.0173266 secs]88.502: [CMS88.511: [CMS-concurrent-mark: 0.009/0.027 secs] [Times: user=0.06 sys=0.00, real=0.03 secs] 
 (concurrent mode failure): 6522K->6520K(6848K), 0.0325234 secs] 9272K->9272K(9920K), [Metaspace: 4016K->4016K(1056768K)], 0.0499434 secs] [Times: user=0.09 sys=0.00, real=0.05 secs] 
88.535: [GC (Allocation Failure) 88.535: [ParNew (promotion failed): 2751K->3071K(3072K), 0.0178761 secs]88.553: [CMS: 6522K->6520K(6848K), 0.0241234 secs] 9272K->9272K(9920K), [Metaspace: 4016K->4016K(1056768K)], 0.0421200 secs] [Times: user=0.09 sys=0.00, real=0.04 secs] 
88.577: [GC (CMS Initial Mark) [1 CMS-initial-mark: 6520K(6848K)] 9272K(9920K), 0.0057831 secs] [Times: user=0.00 sys=0.00, real=0.01 secs] 
88.583: [CMS-concurrent-mark-start]
88.583: [GC (Allocation Failure) 88.583: [ParNew (promotion failed): 2751K->3071K(3072K), 0.0174823 secs]88.601: [CMS88.611: [CMS-concurrent-mark: 0.011/0.028 secs] [Times: user=0.08 sys=0.00, real=0.03 secs] 
 (concurrent mode failure): 6522K->6520K(6848K), 0.0378823 secs] 9272K->9272K(9920K), [Metaspace: 4016K->4016K(1056768K)], 0.0554465 secs] [Times: user=0.11 sys=0.00, real=0.06 secs] 
88.639: [GC (Allocation Failure) 88.639: [ParNew (promotion failed): 2751K->3070K(3072K), 0.0176299 secs]88.656: [CMS: 6522K->6520K(6848K), 0.0277047 secs] 9272K->9272K(9920K), [Metaspace: 4016K->4016K(1056768K)], 0.0454401 secs] [Times: user=0.08 sys=0.00, real=0.05 secs] 
88.684: [GC (CMS Initial Mark) [1 CMS-initial-mark: 6520K(6848K)] 9272K(9920K), 0.0062007 secs] [Times: user=0.02 sys=0.00, real=0.01 secs] 
88.690: [CMS-concurrent-mark-start]
88.691: [GC (Allocation Failure) 88.691: [ParNew (promotion failed): 2751K->3070K(3072K), 0.0206373 secs]88.711: [CMS88.723: [CMS-concurrent-mark: 0.011/0.032 secs] [Times: user=0.05 sys=0.00, real=0.03 secs] 
 (concurrent mode failure): 6522K->6520K(6848K), 0.0379212 secs] 9272K->9272K(9920K), [Metaspace: 4016K->4016K(1056768K)], 0.0586508 secs] [Times: user=0.08 sys=0.00, real=0.06 secs] 
88.749: [GC (Allocation Failure) 88.749: [ParNew (promotion failed): 2751K->3070K(3072K), 0.0177160 secs]88.767: [CMS: 6522K->6520K(6848K), 0.0235444 secs] 9272K->9272K(9920K), [Metaspace: 4016K->4016K(1056768K)], 0.0413487 secs] [Times: user=0.06 sys=0.00, real=0.04 secs] 
88.791: [GC (CMS Initial Mark) [1 CMS-initial-mark: 6520K(6848K)] 9272K(9920K), 0.0056693 secs] [Times: user=0.02 sys=0.00, real=0.01 secs] 
88.797: [CMS-concurrent-mark-start]
88.797: [GC (Allocation Failure) 88.797: [ParNew (promotion failed): 2751K->3070K(3072K), 0.0180332 secs]88.815: [CMS88.829: [CMS-concurrent-mark: 0.014/0.032 secs] [Times: user=0.08 sys=0.00, real=0.03 secs] 
 (concurrent mode failure): 6522K->6520K(6848K), 0.0383928 secs] 9272K->9272K(9920K), [Metaspace: 4016K->4016K(1056768K)], 0.0565173 secs] [Times: user=0.09 sys=0.00, real=0.06 secs] 
88.853: [GC (Allocation Failure) 88.853: [ParNew (promotion failed): 2751K->3070K(3072K), 0.0175734 secs]88.871: [CMS: 6522K->6520K(6848K), 0.0239180 secs] 9272K->9272K(9920K), [Metaspace: 4016K->4016K(1056768K)], 0.0415862 secs] [Times: user=0.09 sys=0.00, real=0.04 secs] 
88.895: [GC (CMS Initial Mark) [1 CMS-initial-mark: 6520K(6848K)] 9272K(9920K), 0.0054193 secs] [Times: user=0.00 sys=0.00, real=0.01 secs] 
88.901: [CMS-concurrent-mark-start]
88.901: [GC (Allocation Failure) 88.901: [ParNew (promotion failed): 2751K->3070K(3072K), 0.0177601 secs]88.918: [CMS88.928: [CMS-concurrent-mark: 0.009/0.027 secs] [Times: user=0.08 sys=0.00, real=0.03 secs] 
 (concurrent mode failure): 6522K->6520K(6848K), 0.0360667 secs] 9272K->9272K(9920K), [Metaspace: 4016K->4016K(1056768K)], 0.0539463 secs] [Times: user=0.11 sys=0.00, real=0.05 secs] 
88.955: [GC (Allocation Failure) 88.955: [ParNew (promotion failed): 2751K->3070K(3072K), 0.0173501 secs]88.972: [CMS: 6522K->6520K(6848K), 0.0248587 secs] 9272K->9272K(9920K), [Metaspace: 4016K->4016K(1056768K)], 0.0423140 secs] [Times: user=0.08 sys=0.00, real=0.04 secs] 
88.997: [GC (CMS Initial Mark) [1 CMS-initial-mark: 6520K(6848K)] 9272K(9920K), 0.0065338 secs] [Times: user=0.01 sys=0.00, real=0.01 secs] 
89.004: [CMS-concurrent-mark-start]
89.004: [GC (Allocation Failure) 89.004: [ParNew (promotion failed): 2751K->3070K(3072K), 0.0180489 secs]89.022: [CMS89.031: [CMS-concurrent-mark: 0.009/0.027 secs] [Times: user=0.08 sys=0.00, real=0.03 secs] 
 (concurrent mode failure): 6522K->6520K(6848K), 0.0332093 secs] 9272K->9272K(9920K), [Metaspace: 4016K->4016K(1056768K)], 0.0513514 secs] [Times: user=0.09 sys=0.00, real=0.05 secs] 
89.055: [GC (Allocation Failure) 89.055: [ParNew (promotion failed): 2751K->3070K(3072K), 0.0173117 secs]89.073: [CMS: 6522K->6520K(6848K), 0.0260744 secs] 9272K->9272K(9920K), [Metaspace: 4016K->4016K(1056768K)], 0.0434893 secs] [Times: user=0.09 sys=0.00, real=0.04 secs] 
89.099: [GC (CMS Initial Mark) [1 CMS-initial-mark: 6520K(6848K)] 9272K(9920K), 0.0054233 secs] [Times: user=0.00 sys=0.00, real=0.00 secs] 
89.104: [CMS-concurrent-mark-start]
89.105: [GC (Allocation Failure) 89.105: [ParNew (promotion failed): 2751K->3070K(3072K), 0.0178567 secs]89.122: [CMS89.133: [CMS-concurrent-mark: 0.010/0.028 secs] [Times: user=0.08 sys=0.00, real=0.03 secs] 
 (concurrent mode failure): 6522K->6520K(6848K), 0.0337906 secs] 9272K->9272K(9920K), [Metaspace: 4016K->4016K(1056768K)], 0.0517390 secs] [Times: user=0.11 sys=0.00, real=0.05 secs] 
89.156: [GC (Allocation Failure) 89.156: [ParNew (promotion failed): 2751K->3070K(3072K), 0.0174975 secs]89.174: [CMS: 6522K->6520K(6848K), 0.0234799 secs] 9272K->9272K(9920K), [Metaspace: 4016K->4016K(1056768K)], 0.0410721 secs] [Times: user=0.08 sys=0.00, real=0.04 secs] 
89.198: [GC (CMS Initial Mark) [1 CMS-initial-mark: 6520K(6848K)] 9272K(9920K), 0.0054366 secs] [Times: user=0.02 sys=0.00, real=0.01 secs] 
89.203: [CMS-concurrent-mark-start]
89.203: [GC (Allocation Failure) 89.203: [ParNew (promotion failed): 2751K->3070K(3072K), 0.0174216 secs]89.221: [CMS89.230: [CMS-concurrent-mark: 0.009/0.027 secs] [Times: user=0.06 sys=0.00, real=0.03 secs] 
 (concurrent mode failure): 6522K->6520K(6848K), 0.0327068 secs] 9272K->9272K(9920K), [Metaspace: 4016K->4016K(1056768K)], 0.0502124 secs] [Times: user=0.09 sys=0.00, real=0.05 secs] 
89.254: [GC (Allocation Failure) 89.254: [ParNew (promotion failed): 2751K->3070K(3072K), 0.0176597 secs]89.271: [CMS: 6522K->6520K(6848K), 0.0235961 secs] 9272K->9272K(9920K), [Metaspace: 4016K->4016K(1056768K)], 0.0413535 secs] [Times: user=0.09 sys=0.00, real=0.04 secs] 
89.295: [GC (Allocation Failure) 89.295: [ParNew (promotion failed): 2751K->3070K(3072K), 0.0178994 secs]89.313: [CMS (concurrent mode failure): 6522K->6520K(6848K), 0.0237438 secs] 9272K->9272K(9920K), [Metaspace: 4016K->4016K(1056768K)], 0.0417474 secs] [Times: user=0.08 sys=0.00, real=0.04 secs] 
89.337: [GC (Allocation Failure) 89.337: [ParNew (promotion failed): 2751K->3070K(3072K), 0.0173479 secs]89.354: [CMS: 6522K->6520K(6848K), 0.0300090 secs] 9272K->9272K(9920K), [Metaspace: 4016K->4016K(1056768K)], 0.0474498 secs] [Times: user=0.08 sys=0.00, real=0.05 secs] 
89.385: [GC (CMS Initial Mark) [1 CMS-initial-mark: 6520K(6848K)] 9272K(9920K), 0.0059111 secs] [Times: user=0.01 sys=0.00, real=0.01 secs] 
89.391: [CMS-concurrent-mark-start]
89.391: [GC (Allocation Failure) 89.391: [ParNew (promotion failed): 2751K->3070K(3072K), 0.0174093 secs]89.408: [CMS89.420: [CMS-concurrent-mark: 0.012/0.029 secs] [Times: user=0.08 sys=0.00, real=0.03 secs] 
 (concurrent mode failure): 6522K->6520K(6848K), 0.0396943 secs] 9272K->9272K(9920K), [Metaspace: 4016K->4016K(1056768K)], 0.0572003 secs] [Times: user=0.09 sys=0.00, real=0.06 secs] 
89.448: [GC (Allocation Failure) 89.448: [ParNew (promotion failed): 2751K->3069K(3072K), 0.0171628 secs]89.465: [CMS: 6522K->6520K(6848K), 0.0281819 secs] 9272K->9272K(9920K), [Metaspace: 4016K->4016K(1056768K)], 0.0454356 secs] [Times: user=0.08 sys=0.00, real=0.05 secs] 
89.494: [GC (CMS Initial Mark) [1 CMS-initial-mark: 6520K(6848K)] 9272K(9920K), 0.0061119 secs] [Times: user=0.02 sys=0.00, real=0.01 secs] 
89.500: [CMS-concurrent-mark-start]
89.500: [GC (Allocation Failure) 89.500: [ParNew (promotion failed): 2751K->3071K(3072K), 0.0175673 secs]89.518: [CMS89.528: [CMS-concurrent-mark: 0.010/0.028 secs] [Times: user=0.05 sys=0.00, real=0.03 secs] 
 (concurrent mode failure): 6522K->6520K(6848K), 0.0382342 secs] 9272K->9272K(9920K), [Metaspace: 4016K->4016K(1056768K)], 0.0558976 secs] [Times: user=0.08 sys=0.00, real=0.06 secs] 
89.556: [GC (Allocation Failure) 89.556: [ParNew (promotion failed): 2751K->3071K(3072K), 0.0173530 secs]89.573: [CMS: 6522K->6520K(6848K), 0.0271226 secs] 9272K->9272K(9920K), [Metaspace: 4016K->4016K(1056768K)], 0.0445849 secs] [Times: user=0.08 sys=0.00, real=0.04 secs] 
89.601: [GC (CMS Initial Mark) [1 CMS-initial-mark: 6520K(6848K)] 9272K(9920K), 0.0057305 secs] [Times: user=0.00 sys=0.00, real=0.01 secs] 
89.607: [CMS-concurrent-mark-start]
89.607: [GC (Allocation Failure) 89.607: [ParNew (promotion failed): 2751K->3071K(3072K), 0.0190775 secs]89.626: [CMS89.638: [CMS-concurrent-mark: 0.012/0.031 secs] [Times: user=0.05 sys=0.01, real=0.03 secs] 
 (concurrent mode failure): 6522K->6520K(6848K), 0.0420642 secs] 9272K->9272K(9920K), [Metaspace: 4016K->4016K(1056768K)], 0.0612642 secs] [Times: user=0.06 sys=0.00, real=0.06 secs] 
89.668: [GC (Allocation Failure) 89.668: [ParNew (promotion failed): 2751K->3071K(3072K), 0.0186297 secs]89.687: [CMS: 6522K->6520K(6848K), 0.0418770 secs] 9272K->9272K(9920K), [Metaspace: 4016K->4016K(1056768K)], 0.0606347 secs] [Times: user=0.13 sys=0.00, real=0.06 secs] 
89.729: [GC (CMS Initial Mark) [1 CMS-initial-mark: 6520K(6848K)] 9272K(9920K), 0.0084276 secs] [Times: user=0.02 sys=0.00, real=0.01 secs] 
89.738: [CMS-concurrent-mark-start]
89.738: [GC (Allocation Failure) 89.738: [ParNew (promotion failed): 2751K->3071K(3072K), 0.0181087 secs]89.756: [CMS89.772: [CMS-concurrent-mark: 0.016/0.034 secs] [Times: user=0.06 sys=0.00, real=0.03 secs] 
 (concurrent mode failure): 6522K->6520K(6848K), 0.0590527 secs] 9272K->9272K(9920K), [Metaspace: 4016K->4016K(1056768K)], 0.0772801 secs] [Times: user=0.11 sys=0.00, real=0.08 secs] 
89.815: [GC (Allocation Failure) 89.815: [ParNew (promotion failed): 2751K->3071K(3072K), 0.0185790 secs]89.834: [CMS: 6522K->6520K(6848K), 0.0325098 secs] 9272K->9272K(9920K), [Metaspace: 4016K->4016K(1056768K)], 0.0512202 secs] [Times: user=0.08 sys=0.00, real=0.05 secs] 
89.867: [GC (Allocation Failure) 89.867: [ParNew (promotion failed): 2751K->3071K(3072K), 0.0175009 secs]89.884: [CMS (concurrent mode failure): 6522K->6520K(6848K), 0.0295576 secs] 9272K->9272K(9920K), [Metaspace: 4016K->4016K(1056768K)], 0.0471567 secs] [Times: user=0.09 sys=0.00, real=0.05 secs] 
89.914: [GC (Allocation Failure) 89.914: [ParNew (promotion failed): 2751K->3070K(3072K), 0.0176637 secs]89.932: [CMS: 6522K->6520K(6848K), 0.0338223 secs] 9272K->9272K(9920K), [Metaspace: 4016K->4016K(1056768K)], 0.0515956 secs] [Times: user=0.09 sys=0.00, real=0.05 secs] 
89.966: [GC (CMS Initial Mark) [1 CMS-initial-mark: 6520K(6848K)] 9272K(9920K), 0.0062934 secs] [Times: user=0.02 sys=0.00, real=0.01 secs] 
89.972: [CMS-concurrent-mark-start]
89.972: [GC (Allocation Failure) 89.972: [ParNew (promotion failed): 2751K->3070K(3072K), 0.0174016 secs]89.990: [CMS90.009: [CMS-concurrent-mark: 0.019/0.037 secs] [Times: user=0.08 sys=0.00, real=0.04 secs] 
 (concurrent mode failure): 6522K->6520K(6848K), 0.0555190 secs] 9272K->9272K(9920K), [Metaspace: 4016K->4016K(1056768K)], 0.0730405 secs] [Times: user=0.13 sys=0.00, real=0.07 secs] 
90.046: [GC (Allocation Failure) 90.046: [ParNew (promotion failed): 2751K->3070K(3072K), 0.0178615 secs]90.064: [CMS: 6522K->6520K(6848K), 0.0367972 secs] 9272K->9272K(9920K), [Metaspace: 4016K->4016K(1056768K)], 0.0547754 secs] [Times: user=0.06 sys=0.00, real=0.05 secs] 
90.101: [GC (CMS Initial Mark) [1 CMS-initial-mark: 6520K(6848K)] 9272K(9920K), 0.0080388 secs] [Times: user=0.01 sys=0.00, real=0.01 secs] 
90.109: [CMS-concurrent-mark-start]
90.109: [GC (Allocation Failure) 90.109: [ParNew (promotion failed): 2751K->3070K(3072K), 0.0178084 secs]90.127: [CMS90.143: [CMS-concurrent-mark: 0.016/0.034 secs] [Times: user=0.08 sys=0.00, real=0.03 secs] 
 (concurrent mode failure): 6522K->6520K(6848K), 0.0530070 secs] 9272K->9272K(9920K), [Metaspace: 4016K->4016K(1056768K)], 0.0709232 secs] [Times: user=0.11 sys=0.00, real=0.07 secs] 
90.180: [GC (Allocation Failure) 90.180: [ParNew (promotion failed): 2751K->3070K(3072K), 0.0182748 secs]90.199: [CMS: 6522K->6520K(6848K), 0.0375195 secs] 9272K->9272K(9920K), [Metaspace: 4016K->4016K(1056768K)], 0.0559418 secs] [Times: user=0.06 sys=0.00, real=0.06 secs] 
90.238: [GC (CMS Initial Mark) [1 CMS-initial-mark: 6520K(6848K)] 9272K(9920K), 0.0081950 secs] [Times: user=0.00 sys=0.00, real=0.01 secs] 
90.246: [CMS-concurrent-mark-start]
90.250: [GC (Allocation Failure) 90.250: [ParNew (promotion failed): 2751K->3070K(3072K), 0.0176876 secs]90.268: [CMS90.280: [CMS-concurrent-mark: 0.016/0.034 secs] [Times: user=0.09 sys=0.00, real=0.03 secs] 
 (concurrent mode failure): 6522K->6519K(6848K), 0.0548036 secs] 9272K->9271K(9920K), [Metaspace: 4016K->4016K(1056768K)], 0.0726750 secs] [Times: user=0.11 sys=0.00, real=0.07 secs] 
90.323: [GC (Allocation Failure) 90.323: [ParNew (promotion failed): 2751K->3070K(3072K), 0.0179844 secs]90.341: [CMS: 6521K->6519K(6848K), 0.0371191 secs] 9271K->9271K(9920K), [Metaspace: 4016K->4016K(1056768K)], 0.0552200 secs] [Times: user=0.09 sys=0.00, real=0.06 secs] 
90.378: [GC (CMS Initial Mark) [1 CMS-initial-mark: 6519K(6848K)] 9271K(9920K), 0.0079750 secs] [Times: user=0.00 sys=0.00, real=0.01 secs] 
90.387: [CMS-concurrent-mark-start]
90.387: [GC (Allocation Failure) 90.387: [ParNew (promotion failed): 2751K->3070K(3072K), 0.0170785 secs]90.404: [CMS90.420: [CMS-concurrent-mark: 0.016/0.033 secs] [Times: user=0.09 sys=0.00, real=0.03 secs] 
 (concurrent mode failure): 6521K->6519K(6848K), 0.0527040 secs] 9271K->9271K(9920K), [Metaspace: 4016K->4016K(1056768K)], 0.0698999 secs] [Times: user=0.13 sys=0.00, real=0.07 secs] 
90.457: [GC (Allocation Failure) 90.457: [ParNew (promotion failed): 2751K->3070K(3072K), 0.0173819 secs]90.474: [CMS: 6521K->6519K(6848K), 0.0372936 secs] 9271K->9271K(9920K), [Metaspace: 4016K->4016K(1056768K)], 0.0547927 secs] [Times: user=0.09 sys=0.00, real=0.05 secs] 
90.513: [GC (Allocation Failure) 90.513: [ParNew (promotion failed): 2751K->3070K(3072K), 0.0174264 secs]90.531: [CMS: 6521K->6519K(6848K), 0.0363131 secs] 9271K->9271K(9920K), [Metaspace: 4016K->4016K(1056768K)], 0.0538678 secs] [Times: user=0.09 sys=0.00, real=0.05 secs] 
90.567: [GC (Allocation Failure) 90.567: [ParNew (promotion failed): 2751K->3070K(3072K), 0.0180334 secs]90.586: [CMS: 6521K->6519K(6848K), 0.0360975 secs] 9271K->9271K(9920K), [Metaspace: 4016K->4016K(1056768K)], 0.0542611 secs] [Times: user=0.09 sys=0.00, real=0.05 secs] 
90.622: [GC (Allocation Failure) 90.622: [ParNew (promotion failed): 2751K->3070K(3072K), 0.0173469 secs]90.639: [CMS: 6521K->6519K(6848K), 0.0365527 secs] 9271K->9271K(9920K), [Metaspace: 4016K->4016K(1056768K)], 0.0540226 secs] [Times: user=0.11 sys=0.00, real=0.05 secs] 
90.676: [GC (CMS Initial Mark) [1 CMS-initial-mark: 6519K(6848K)] 9271K(9920K), 0.0078945 secs] [Times: user=0.00 sys=0.00, real=0.01 secs] 
90.684: [CMS-concurrent-mark-start]
90.684: [GC (Allocation Failure) 90.684: [ParNew (promotion failed): 2751K->3070K(3072K), 0.0183044 secs]90.703: [CMS90.718: [CMS-concurrent-mark: 0.016/0.034 secs] [Times: user=0.11 sys=0.00, real=0.03 secs] 
 (concurrent mode failure): 6521K->6519K(6848K), 0.0526725 secs] 9271K->9271K(9920K), [Metaspace: 4016K->4016K(1056768K)], 0.0710859 secs] [Times: user=0.14 sys=0.00, real=0.07 secs] 
90.756: [GC (Allocation Failure) 90.756: [ParNew (promotion failed): 2751K->3070K(3072K), 0.0174749 secs]90.773: [CMS: 6522K->6519K(6848K), 0.0364562 secs] 9271K->9271K(9920K), [Metaspace: 4016K->4016K(1056768K)], 0.0540492 secs] [Times: user=0.08 sys=0.00, real=0.05 secs] 
90.810: [GC (Allocation Failure) 90.810: [ParNew (promotion failed): 2751K->3070K(3072K), 0.0182599 secs]90.828: [CMS: 6521K->6519K(6848K), 0.0370028 secs] 9271K->9271K(9920K), [Metaspace: 4016K->4016K(1056768K)], 0.0553829 secs] [Times: user=0.16 sys=0.00, real=0.06 secs] 
90.866: [GC (Allocation Failure) 90.866: [ParNew (promotion failed): 2751K->3070K(3072K), 0.0175773 secs]90.883: [CMS: 6521K->6519K(6848K), 0.0360982 secs] 9271K->9271K(9920K), [Metaspace: 4016K->4016K(1056768K)], 0.0537832 secs] [Times: user=0.11 sys=0.00, real=0.05 secs] 
90.920: [GC (CMS Initial Mark) [1 CMS-initial-mark: 6519K(6848K)] 9271K(9920K), 0.0079458 secs] [Times: user=0.00 sys=0.00, real=0.01 secs] 
90.928: [CMS-concurrent-mark-start]
90.928: [GC (Allocation Failure) 90.928: [ParNew (promotion failed): 2751K->3069K(3072K), 0.0175593 secs]90.946: [CMS90.961: [CMS-concurrent-mark: 0.016/0.033 secs] [Times: user=0.08 sys=0.00, real=0.03 secs] 
 (concurrent mode failure): 6521K->6519K(6848K), 0.0529419 secs] 9271K->9271K(9920K), [Metaspace: 4016K->4016K(1056768K)], 0.0706281 secs] [Times: user=0.13 sys=0.00, real=0.07 secs] 
90.999: [GC (Allocation Failure) 90.999: [ParNew (promotion failed): 2751K->3071K(3072K), 0.0167663 secs]91.016: [CMS: 6522K->6519K(6848K), 0.0368964 secs] 9271K->9271K(9920K), [Metaspace: 4016K->4016K(1056768K)], 0.0537901 secs] [Times: user=0.09 sys=0.00, real=0.05 secs] 
91.053: [GC (CMS Initial Mark) [1 CMS-initial-mark: 6519K(6848K)] 9271K(9920K), 0.0082006 secs] [Times: user=0.02 sys=0.00, real=0.01 secs] 
91.061: [CMS-concurrent-mark-start]
91.062: [GC (Allocation Failure) 91.062: [ParNew (promotion failed): 2751K->3071K(3072K), 0.0177749 secs]91.080: [CMS91.095: [CMS-concurrent-mark: 0.016/0.034 secs] [Times: user=0.08 sys=0.00, real=0.03 secs] 
 (concurrent mode failure): 6522K->6519K(6848K), 0.0588391 secs] 9271K->9271K(9920K), [Metaspace: 4016K->4016K(1056768K)], 0.0767340 secs] [Times: user=0.13 sys=0.00, real=0.08 secs] 
91.139: [GC (Allocation Failure) 91.139: [ParNew (promotion failed): 2751K->3071K(3072K), 0.0172376 secs]91.156: [CMS: 6521K->6519K(6848K), 0.0368225 secs] 9271K->9271K(9920K), [Metaspace: 4016K->4016K(1056768K)], 0.0541839 secs] [Times: user=0.09 sys=0.00, real=0.06 secs] 
91.193: [GC (CMS Initial Mark) [1 CMS-initial-mark: 6519K(6848K)] 9271K(9920K), 0.0079886 secs] [Times: user=0.01 sys=0.00, real=0.01 secs] 
91.202: [CMS-concurrent-mark-start]
91.202: [GC (Allocation Failure) 91.202: [ParNew (promotion failed): 2751K->3071K(3072K), 0.0173476 secs]91.219: [CMS91.235: [CMS-concurrent-mark: 0.015/0.033 secs] [Times: user=0.08 sys=0.00, real=0.03 secs] 
 (concurrent mode failure): 6521K->6519K(6848K), 0.0523114 secs] 9271K->9271K(9920K), [Metaspace: 4016K->4016K(1056768K)], 0.0697880 secs] [Times: user=0.11 sys=0.00, real=0.07 secs] 
91.272: [GC (Allocation Failure) 91.272: [ParNew (promotion failed): 2751K->3071K(3072K), 0.0178243 secs]91.290: [CMS: 6521K->6519K(6848K), 0.0346538 secs] 9271K->9271K(9920K), [Metaspace: 4016K->4016K(1056768K)], 0.0525804 secs] [Times: user=0.09 sys=0.00, real=0.05 secs] 
91.325: [GC (CMS Initial Mark) [1 CMS-initial-mark: 6519K(6848K)] 9271K(9920K), 0.0078054 secs] [Times: user=0.01 sys=0.00, real=0.01 secs] 
91.333: [CMS-concurrent-mark-start]
91.333: [GC (Allocation Failure) 91.333: [ParNew (promotion failed): 2751K->3071K(3072K), 0.0175267 secs]91.350: [CMS91.365: [CMS-concurrent-mark: 0.015/0.032 secs] [Times: user=0.08 sys=0.00, real=0.03 secs] 
 (concurrent mode failure): 6521K->6519K(6848K), 0.0502057 secs] 9271K->9271K(9920K), [Metaspace: 4016K->4016K(1056768K)], 0.0678376 secs] [Times: user=0.11 sys=0.00, real=0.07 secs] 
91.401: [GC (Allocation Failure) 91.401: [ParNew (promotion failed): 2751K->3071K(3072K), 0.0174820 secs]91.418: [CMS: 6521K->6519K(6848K), 0.0324976 secs] 9271K->9271K(9920K), [Metaspace: 4016K->4016K(1056768K)], 0.0500770 secs] [Times: user=0.09 sys=0.00, real=0.05 secs] 
91.451: [GC (CMS Initial Mark) [1 CMS-initial-mark: 6519K(6848K)] 9271K(9920K), 0.0059390 secs] [Times: user=0.02 sys=0.00, real=0.01 secs] 
91.457: [CMS-concurrent-mark-start]
91.457: [GC (Allocation Failure) 91.457: [ParNew (promotion failed): 2751K->3070K(3072K), 0.0169934 secs]91.474: [CMS91.484: [CMS-concurrent-mark: 0.010/0.027 secs] [Times: user=0.08 sys=0.00, real=0.03 secs] 
 (concurrent mode failure): 6521K->6519K(6848K), 0.0360909 secs] 9271K->9271K(9920K), [Metaspace: 4016K->4016K(1056768K)], 0.0532033 secs] [Times: user=0.09 sys=0.00, real=0.05 secs] 
91.510: [GC (Allocation Failure) 91.510: [ParNew (promotion failed): 2751K->3070K(3072K), 0.0173931 secs]91.528: [CMS: 6521K->6519K(6848K), 0.0335958 secs] 9271K->9271K(9920K), [Metaspace: 4016K->4016K(1056768K)], 0.0510950 secs] [Times: user=0.09 sys=0.00, real=0.05 secs] 
91.562: [GC (CMS Initial Mark) [1 CMS-initial-mark: 6519K(6848K)] 9271K(9920K), 0.0059742 secs] [Times: user=0.00 sys=0.00, real=0.01 secs] 
91.568: [CMS-concurrent-mark-start]
91.568: [GC (Allocation Failure) 91.568: [ParNew (promotion failed): 2751K->3070K(3072K), 0.0169687 secs]91.585: [CMS91.599: [CMS-concurrent-mark: 0.014/0.031 secs] [Times: user=0.08 sys=0.00, real=0.03 secs] 
 (concurrent mode failure): 6521K->6519K(6848K), 0.0423193 secs] 9271K->9271K(9920K), [Metaspace: 4016K->4016K(1056768K)], 0.0593851 secs] [Times: user=0.11 sys=0.00, real=0.06 secs] 
91.627: [GC (Allocation Failure) 91.627: [ParNew (promotion failed): 2751K->3070K(3072K), 0.0174049 secs]91.645: [CMS: 6521K->6519K(6848K), 0.0287245 secs] 9271K->9271K(9920K), [Metaspace: 4016K->4016K(1056768K)], 0.0462449 secs] [Times: user=0.09 sys=0.00, real=0.05 secs] 
91.674: [GC (CMS Initial Mark) [1 CMS-initial-mark: 6519K(6848K)] 9271K(9920K), 0.0060536 secs] [Times: user=0.00 sys=0.00, real=0.01 secs] 
91.680: [CMS-concurrent-mark-start]
91.680: [GC (Allocation Failure) 91.680: [ParNew (promotion failed): 2751K->3070K(3072K), 0.0173807 secs]91.697: [CMS91.708: [CMS-concurrent-mark: 0.010/0.028 secs] [Times: user=0.06 sys=0.00, real=0.03 secs] 
 (concurrent mode failure): 6521K->6519K(6848K), 0.0397302 secs] 9271K->9271K(9920K), [Metaspace: 4016K->4016K(1056768K)], 0.0572228 secs] [Times: user=0.09 sys=0.00, real=0.06 secs] 
91.737: [GC (Allocation Failure) 91.737: [ParNew (promotion failed): 2751K->3070K(3072K), 0.0178179 secs]91.755: [CMS: 6521K->6519K(6848K), 0.0329263 secs] 9271K->9271K(9920K), [Metaspace: 4016K->4016K(1056768K)], 0.0508606 secs] [Times: user=0.08 sys=0.00, real=0.05 secs] 
91.789: [GC (CMS Initial Mark) [1 CMS-initial-mark: 6519K(6848K)] 9271K(9920K), 0.0067046 secs] [Times: user=0.02 sys=0.00, real=0.01 secs] 
91.796: [CMS-concurrent-mark-start]
91.797: [GC (Allocation Failure) 91.797: [ParNew (promotion failed): 2751K->3070K(3072K), 0.0178535 secs]91.814: [CMS91.834: [CMS-concurrent-mark: 0.020/0.038 secs] [Times: user=0.05 sys=0.02, real=0.04 secs] 
 (concurrent mode failure): 6521K->6519K(6848K), 0.0857218 secs] 9271K->9271K(9920K), [Metaspace: 4016K->4016K(1056768K)], 0.1036898 secs] [Times: user=0.11 sys=0.02, real=0.10 secs] 
91.901: [GC (Allocation Failure) 91.901: [ParNew (promotion failed): 2751K->3070K(3072K), 0.0174370 secs]91.919: [CMS: 6521K->6519K(6848K), 0.0372146 secs] 9271K->9271K(9920K), [Metaspace: 4016K->4016K(1056768K)], 0.0547885 secs] [Times: user=0.09 sys=0.00, real=0.05 secs] 
91.957: [GC (CMS Initial Mark) [1 CMS-initial-mark: 6519K(6848K)] 9271K(9920K), 0.0077603 secs] [Times: user=0.00 sys=0.00, real=0.01 secs] 
91.964: [CMS-concurrent-mark-start]
91.979: [CMS-concurrent-mark: 0.015/0.015 secs] [Times: user=0.02 sys=0.00, real=0.02 secs] 
91.979: [CMS-concurrent-preclean-start]
91.986: [GC (Allocation Failure) 91.986: [ParNew (promotion failed): 2751K->3070K(3072K), 0.0178434 secs]92.004: [CMS92.007: [CMS-concurrent-preclean: 0.010/0.028 secs] [Times: user=0.06 sys=0.00, real=0.03 secs] 
